ERROR: The remote port number must be between 1 and 65535 (inclusive).
   at: connect_to_host (core/io/stream_peer_tcp.cpp:67)
ERROR: Remote Debugger: Unable to connect to host '127.0.0.1:0'.
   at: create_tcp (core/debugger/remote_debugger_peer.cpp:232)
Godot Engine v4.6.2.stable.official.71f334935 - https://godotengine.org

[2J[H[38;2;233;150;122m
--------------------------------------------------------------------------------------------------
GdUnit4 Comandline Tool
--------------------------------------------------------------------------------------------------[0m
[38;2;218;165;32m
Headless mode is ignored by option '--ignoreHeadlessMode'"

Please note that tests that use UI interaction do not work correctly in headless mode.
Godot 'InputEvents' are not transported by the Godot engine in headless mode and therefore
have no effect in the test!
[0m
Scanning for test suites in: tests/
[38;2;100;149;237mInstalling GdUnit4 session system hooks.[0m
[38;2;100;149;237mSession hook 'GdUnitHtmlTestReporter' installed.[0m
[38;2;100;149;237mSession hook 'GdUnitXMLTestReporter' installed.[0m
[38;2;0;206;209mRun Test Suite: [0m[38;2;250;235;215mres://tests/integration/event_bus/event_bus_wiring_test.gd[0m
  [38;2;250;235;215mres://tests/integration/event_bus/event_bus_wiring_test.gd[0m[38;2;250;235;215m > [0m[38;2;250;235;215mtest_event_bus_wiring_eventbus_appears_after_gamestore[0m[38;2;34;139;34m STARTED[0m[38;2;250;235;215m[0m
  [38;2;250;235;215mres://tests/integration/event_bus/event_bus_wiring_test.gd[0m[38;2;250;235;215m > [0m[38;2;250;235;215mtest_event_bus_wiring_eventbus_appears_after_gamestore[0m[38;2;34;139;34m PASSED[0m[38;2;100;149;237m 37ms[0m
[38;2;250;235;215m[0m
  [38;2;250;235;215mres://tests/integration/event_bus/event_bus_wiring_test.gd[0m[38;2;250;235;215m > [0m[38;2;250;235;215mtest_event_bus_wiring_eventbus_appears_after_settingsstore[0m[38;2;34;139;34m STARTED[0m[38;2;250;235;215m[0m
  [38;2;250;235;215mres://tests/integration/event_bus/event_bus_wiring_test.gd[0m[38;2;250;235;215m > [0m[38;2;250;235;215mtest_event_bus_wiring_eventbus_appears_after_settingsstore[0m[38;2;34;139;34m PASSED[0m[38;2;100;149;237m 233ms[0m
[38;2;250;235;215m[0m
  [38;2;250;235;215mres://tests/integration/event_bus/event_bus_wiring_test.gd[0m[38;2;250;235;215m > [0m[38;2;250;235;215mtest_event_bus_wiring_eventbus_appears_before_scenemanager[0m[38;2;34;139;34m STARTED[0m[38;2;250;235;215m[0m
  [38;2;250;235;215mres://tests/integration/event_bus/event_bus_wiring_test.gd[0m[38;2;250;235;215m > [0m[38;2;250;235;215mtest_event_bus_wiring_eventbus_appears_before_scenemanager[0m[38;2;34;139;34m PASSED[0m[38;2;100;149;237m 53ms[0m
[38;2;250;235;215m[0m
  [38;2;250;235;215mres://tests/integration/event_bus/event_bus_wiring_test.gd[0m[38;2;250;235;215m > [0m[38;2;250;235;215mtest_event_bus_wiring_eventbus_present_in_autoload_section[0m[38;2;34;139;34m STARTED[0m[38;2;250;235;215m[0m
  [38;2;250;235;215mres://tests/integration/event_bus/event_bus_wiring_test.gd[0m[38;2;250;235;215m > [0m[38;2;250;235;215mtest_event_bus_wiring_eventbus_present_in_autoload_section[0m[38;2;34;139;34m PASSED[0m[38;2;100;149;237m 94ms[0m
[38;2;250;235;215m[0m
  [38;2;250;235;215mres://tests/integration/event_bus/event_bus_wiring_test.gd[0m[38;2;250;235;215m > [0m[38;2;250;235;215mtest_event_bus_wiring_gamestore_is_first_autoload[0m[38;2;34;139;34m STARTED[0m[38;2;250;235;215m[0m
  [38;2;250;235;215mres://tests/integration/event_bus/event_bus_wiring_test.gd[0m[38;2;250;235;215m > [0m[38;2;250;235;215mtest_event_bus_wiring_gamestore_is_first_autoload[0m[38;2;34;139;34m PASSED[0m[38;2;100;149;237m 2ms[0m
[38;2;250;235;215m[0m
  [38;2;250;235;215mres://tests/integration/event_bus/event_bus_wiring_test.gd[0m[38;2;250;235;215m > [0m[38;2;250;235;215mtest_event_bus_wiring_settingsstore_is_second_autoload[0m[38;2;34;139;34m STARTED[0m[38;2;250;235;215m[0m
  [38;2;250;235;215mres://tests/integration/event_bus/event_bus_wiring_test.gd[0m[38;2;250;235;215m > [0m[38;2;250;235;215mtest_event_bus_wiring_settingsstore_is_second_autoload[0m[38;2;34;139;34m PASSED[0m[38;2;100;149;237m 4ms[0m
[38;2;250;235;215m[0m
  [38;2;250;235;215mres://tests/integration/event_bus/event_bus_wiring_test.gd[0m[38;2;250;235;215m > [0m[38;2;250;235;215mtest_event_bus_wiring_eventbus_is_third_autoload[0m[38;2;34;139;34m STARTED[0m[38;2;250;235;215m[0m
  [38;2;250;235;215mres://tests/integration/event_bus/event_bus_wiring_test.gd[0m[38;2;250;235;215m > [0m[38;2;250;235;215mtest_event_bus_wiring_eventbus_is_third_autoload[0m[38;2;34;139;34m PASSED[0m[38;2;100;149;237m 2ms[0m
[38;2;250;235;215m[0m
  [38;2;250;235;215mres://tests/integration/event_bus/event_bus_wiring_test.gd[0m[38;2;250;235;215m > [0m[38;2;250;235;215mtest_event_bus_wiring_eventbus_has_no_ready_method[0m[38;2;34;139;34m STARTED[0m[38;2;250;235;215m[0m
  [38;2;250;235;215mres://tests/integration/event_bus/event_bus_wiring_test.gd[0m[38;2;250;235;215m > [0m[38;2;250;235;215mtest_event_bus_wiring_eventbus_has_no_ready_method[0m[38;2;34;139;34m PASSED[0m[38;2;100;149;237m 2ms[0m
[38;2;250;235;215m[0m
  [38;2;250;235;215mres://tests/integration/event_bus/event_bus_wiring_test.gd[0m[38;2;250;235;215m > [0m[38;2;250;235;215mtest_event_bus_wiring_eventbus_source_contains_no_autoload_references[0m[38;2;34;139;34m STARTED[0m[38;2;250;235;215m[0m
  [38;2;250;235;215mres://tests/integration/event_bus/event_bus_wiring_test.gd[0m[38;2;250;235;215m > [0m[38;2;250;235;215mtest_event_bus_wiring_eventbus_source_contains_no_autoload_references[0m[38;2;34;139;34m PASSED[0m[38;2;100;149;237m 3ms[0m
[38;2;250;235;215m[0m
  [38;2;250;235;215mres://tests/integration/event_bus/event_bus_wiring_test.gd[0m[38;2;250;235;215m > [0m[38;2;250;235;215mtest_event_bus_wiring_no_change_scene_to_file_outside_scene_manager[0m[38;2;34;139;34m STARTED[0m[38;2;250;235;215m[0m
  [38;2;250;235;215mres://tests/integration/event_bus/event_bus_wiring_test.gd[0m[38;2;250;235;215m > [0m[38;2;250;235;215mtest_event_bus_wiring_no_change_scene_to_file_outside_scene_manager[0m[38;2;34;139;34m PASSED[0m[38;2;100;149;237m 4ms[0m
[38;2;250;235;215m[0m
  [38;2;250;235;215mres://tests/integration/event_bus/event_bus_wiring_test.gd[0m[38;2;250;235;215m > [0m[38;2;250;235;215mtest_event_bus_wiring_no_core_layer_imports_feature_layer[0m[38;2;34;139;34m STARTED[0m[38;2;250;235;215m[0m
  [38;2;250;235;215mres://tests/integration/event_bus/event_bus_wiring_test.gd[0m[38;2;250;235;215m > [0m[38;2;250;235;215mtest_event_bus_wiring_no_core_layer_imports_feature_layer[0m[38;2;34;139;34m PASSED[0m[38;2;100;149;237m 4ms[0m
[38;2;250;235;215m[0m
  [38;2;250;235;215mres://tests/integration/event_bus/event_bus_wiring_test.gd[0m[38;2;250;235;215m > [0m[38;2;250;235;215mtest_event_bus_wiring_dialogue_runner_signal_reaches_romance_social[0m[38;2;34;139;34m STARTED[0m[38;2;250;235;215m[0m
  [38;2;250;235;215mres://tests/integration/event_bus/event_bus_wiring_test.gd[0m[38;2;250;235;215m > [0m[38;2;250;235;215mtest_event_bus_wiring_dialogue_runner_signal_reaches_romance_social[0m[38;2;34;139;34m PASSED[0m[38;2;100;149;237m 2ms[0m
[38;2;250;235;215m[0m
  [38;2;250;235;215mres://tests/integration/event_bus/event_bus_wiring_test.gd[0m[38;2;250;235;215m > [0m[38;2;250;235;215mtest_event_bus_wiring_relay_delivers_negative_delta_correctly[0m[38;2;34;139;34m STARTED[0m[38;2;250;235;215m[0m
  [38;2;250;235;215mres://tests/integration/event_bus/event_bus_wiring_test.gd[0m[38;2;250;235;215m > [0m[38;2;250;235;215mtest_event_bus_wiring_relay_delivers_negative_delta_correctly[0m[38;2;34;139;34m PASSED[0m[38;2;100;149;237m 2ms[0m
[38;2;250;235;215m[0m
  [38;2;250;235;215mres://tests/integration/event_bus/event_bus_wiring_test.gd[0m[38;2;250;235;215m > [0m[38;2;250;235;215mtest_event_bus_wiring_multiple_emissions_each_delivered[0m[38;2;34;139;34m STARTED[0m[38;2;250;235;215m[0m
  [38;2;250;235;215mres://tests/integration/event_bus/event_bus_wiring_test.gd[0m[38;2;250;235;215m > [0m[38;2;250;235;215mtest_event_bus_wiring_multiple_emissions_each_delivered[0m[38;2;34;139;34m PASSED[0m[38;2;100;149;237m 3ms[0m
[38;2;250;235;215m[0m
  [38;2;250;235;215mres://tests/integration/event_bus/event_bus_wiring_test.gd[0m[38;2;250;235;215m > [0m[38;2;250;235;215mtest_event_bus_wiring_relay_no_listener_no_error[0m[38;2;34;139;34m STARTED[0m[38;2;250;235;215m[0m
  [38;2;250;235;215mres://tests/integration/event_bus/event_bus_wiring_test.gd[0m[38;2;250;235;215m > [0m[38;2;250;235;215mtest_event_bus_wiring_relay_no_listener_no_error[0m[38;2;34;139;34m PASSED[0m[38;2;100;149;237m 4ms[0m
[38;2;250;235;215m[0m
  [38;2;250;235;215mres://tests/integration/event_bus/event_bus_wiring_test.gd[0m[38;2;250;235;215m > [0m[38;2;250;235;215mtest_event_bus_wiring_runner_and_social_share_no_direct_reference[0m[38;2;34;139;34m STARTED[0m[38;2;250;235;215m[0m
  [38;2;250;235;215mres://tests/integration/event_bus/event_bus_wiring_test.gd[0m[38;2;250;235;215m > [0m[38;2;250;235;215mtest_event_bus_wiring_runner_and_social_share_no_direct_reference[0m[38;2;34;139;34m PASSED[0m[38;2;100;149;237m 4ms[0m
[38;2;250;235;215m[0m
[38;2;30;144;255mStatistics:[0m[38;2;250;235;215m 16 test cases | 0 errors | 0 failures | 0 flaky | 0 skipped | 0 orphans |[0m[38;2;34;139;34m PASSED[0m[38;2;100;149;237m 1s 108ms[0m
[38;2;250;235;215m[0m
[38;2;250;235;215m[0m
[38;2;0;206;209mRun Test Suite: [0m[38;2;250;235;215mres://tests/integration/game_store/boot_order_test.gd[0m
  [38;2;250;235;215mres://tests/integration/game_store/boot_order_test.gd[0m[38;2;250;235;215m > [0m[38;2;250;235;215mtest_boot_order_game_store_appears_before_settings_store[0m[38;2;34;139;34m STARTED[0m[38;2;250;235;215m[0m
  [38;2;250;235;215mres://tests/integration/game_store/boot_order_test.gd[0m[38;2;250;235;215m > [0m[38;2;250;235;215mtest_boot_order_game_store_appears_before_settings_store[0m[38;2;34;139;34m PASSED[0m[38;2;100;149;237m 3ms[0m
[38;2;250;235;215m[0m
  [38;2;250;235;215mres://tests/integration/game_store/boot_order_test.gd[0m[38;2;250;235;215m > [0m[38;2;250;235;215mtest_boot_order_settings_store_appears_before_event_bus[0m[38;2;34;139;34m STARTED[0m[38;2;250;235;215m[0m
  [38;2;250;235;215mres://tests/integration/game_store/boot_order_test.gd[0m[38;2;250;235;215m > [0m[38;2;250;235;215mtest_boot_order_settings_store_appears_before_event_bus[0m[38;2;34;139;34m PASSED[0m[38;2;100;149;237m 2ms[0m
[38;2;250;235;215m[0m
  [38;2;250;235;215mres://tests/integration/game_store/boot_order_test.gd[0m[38;2;250;235;215m > [0m[38;2;250;235;215mtest_boot_order_game_store_appears_before_event_bus[0m[38;2;34;139;34m STARTED[0m[38;2;250;235;215m[0m
  [38;2;250;235;215mres://tests/integration/game_store/boot_order_test.gd[0m[38;2;250;235;215m > [0m[38;2;250;235;215mtest_boot_order_game_store_appears_before_event_bus[0m[38;2;34;139;34m PASSED[0m[38;2;100;149;237m 3ms[0m
[38;2;250;235;215m[0m
  [38;2;250;235;215mres://tests/integration/game_store/boot_order_test.gd[0m[38;2;250;235;215m > [0m[38;2;250;235;215mtest_boot_order_game_store_ready_does_not_reference_settings_store[0m[38;2;34;139;34m STARTED[0m[38;2;250;235;215m[0m
  [38;2;250;235;215mres://tests/integration/game_store/boot_order_test.gd[0m[38;2;250;235;215m > [0m[38;2;250;235;215mtest_boot_order_game_store_ready_does_not_reference_settings_store[0m[38;2;34;139;34m PASSED[0m[38;2;100;149;237m 3ms[0m
[38;2;250;235;215m[0m
  [38;2;250;235;215mres://tests/integration/game_store/boot_order_test.gd[0m[38;2;250;235;215m > [0m[38;2;250;235;215mtest_boot_order_game_store_ready_does_not_reference_event_bus[0m[38;2;34;139;34m STARTED[0m[38;2;250;235;215m[0m
  [38;2;250;235;215mres://tests/integration/game_store/boot_order_test.gd[0m[38;2;250;235;215m > [0m[38;2;250;235;215mtest_boot_order_game_store_ready_does_not_reference_event_bus[0m[38;2;34;139;34m PASSED[0m[38;2;100;149;237m 4ms[0m
[38;2;250;235;215m[0m
  [38;2;250;235;215mres://tests/integration/game_store/boot_order_test.gd[0m[38;2;250;235;215m > [0m[38;2;250;235;215mtest_boot_order_game_store_ready_does_not_reference_save_manager[0m[38;2;34;139;34m STARTED[0m[38;2;250;235;215m[0m
  [38;2;250;235;215mres://tests/integration/game_store/boot_order_test.gd[0m[38;2;250;235;215m > [0m[38;2;250;235;215mtest_boot_order_game_store_ready_does_not_reference_save_manager[0m[38;2;34;139;34m PASSED[0m[38;2;100;149;237m 5ms[0m
[38;2;250;235;215m[0m
  [38;2;250;235;215mres://tests/integration/game_store/boot_order_test.gd[0m[38;2;250;235;215m > [0m[38;2;250;235;215mtest_boot_order_game_store_ready_does_not_reference_scene_manager[0m[38;2;34;139;34m STARTED[0m[38;2;250;235;215m[0m
  [38;2;250;235;215mres://tests/integration/game_store/boot_order_test.gd[0m[38;2;250;235;215m > [0m[38;2;250;235;215mtest_boot_order_game_store_ready_does_not_reference_scene_manager[0m[38;2;34;139;34m PASSED[0m[38;2;100;149;237m 4ms[0m
[38;2;250;235;215m[0m
  [38;2;250;235;215mres://tests/integration/game_store/boot_order_test.gd[0m[38;2;250;235;215m > [0m[38;2;250;235;215mtest_boot_order_game_store_ready_does_not_reference_localization[0m[38;2;34;139;34m STARTED[0m[38;2;250;235;215m[0m
  [38;2;250;235;215mres://tests/integration/game_store/boot_order_test.gd[0m[38;2;250;235;215m > [0m[38;2;250;235;215mtest_boot_order_game_store_ready_does_not_reference_localization[0m[38;2;34;139;34m PASSED[0m[38;2;100;149;237m 4ms[0m
[38;2;250;235;215m[0m
  [38;2;250;235;215mres://tests/integration/game_store/boot_order_test.gd[0m[38;2;250;235;215m > [0m[38;2;250;235;215mtest_boot_order_settings_store_ready_does_not_reference_game_store[0m[38;2;34;139;34m STARTED[0m[38;2;250;235;215m[0m
  [38;2;250;235;215mres://tests/integration/game_store/boot_order_test.gd[0m[38;2;250;235;215m > [0m[38;2;250;235;215mtest_boot_order_settings_store_ready_does_not_reference_game_store[0m[38;2;34;139;34m PASSED[0m[38;2;100;149;237m 5ms[0m
[38;2;250;235;215m[0m
  [38;2;250;235;215mres://tests/integration/game_store/boot_order_test.gd[0m[38;2;250;235;215m > [0m[38;2;250;235;215mtest_boot_order_settings_store_ready_does_not_reference_event_bus[0m[38;2;34;139;34m STARTED[0m[38;2;250;235;215m[0m
  [38;2;250;235;215mres://tests/integration/game_store/boot_order_test.gd[0m[38;2;250;235;215m > [0m[38;2;250;235;215mtest_boot_order_settings_store_ready_does_not_reference_event_bus[0m[38;2;34;139;34m PASSED[0m[38;2;100;149;237m 5ms[0m
[38;2;250;235;215m[0m
  [38;2;250;235;215mres://tests/integration/game_store/boot_order_test.gd[0m[38;2;250;235;215m > [0m[38;2;250;235;215mtest_boot_order_settings_store_ready_does_not_reference_save_manager[0m[38;2;34;139;34m STARTED[0m[38;2;250;235;215m[0m
  [38;2;250;235;215mres://tests/integration/game_store/boot_order_test.gd[0m[38;2;250;235;215m > [0m[38;2;250;235;215mtest_boot_order_settings_store_ready_does_not_reference_save_manager[0m[38;2;34;139;34m PASSED[0m[38;2;100;149;237m 5ms[0m
[38;2;250;235;215m[0m
  [38;2;250;235;215mres://tests/integration/game_store/boot_order_test.gd[0m[38;2;250;235;215m > [0m[38;2;250;235;215mtest_boot_order_settings_store_ready_does_not_reference_scene_manager[0m[38;2;34;139;34m STARTED[0m[38;2;250;235;215m[0m
  [38;2;250;235;215mres://tests/integration/game_store/boot_order_test.gd[0m[38;2;250;235;215m > [0m[38;2;250;235;215mtest_boot_order_settings_store_ready_does_not_reference_scene_manager[0m[38;2;34;139;34m PASSED[0m[38;2;100;149;237m 4ms[0m
[38;2;250;235;215m[0m
  [38;2;250;235;215mres://tests/integration/game_store/boot_order_test.gd[0m[38;2;250;235;215m > [0m[38;2;250;235;215mtest_boot_order_settings_store_ready_does_not_reference_localization[0m[38;2;34;139;34m STARTED[0m[38;2;250;235;215m[0m
  [38;2;250;235;215mres://tests/integration/game_store/boot_order_test.gd[0m[38;2;250;235;215m > [0m[38;2;250;235;215mtest_boot_order_settings_store_ready_does_not_reference_localization[0m[38;2;34;139;34m PASSED[0m[38;2;100;149;237m 5ms[0m
[38;2;250;235;215m[0m
  [38;2;250;235;215mres://tests/integration/game_store/boot_order_test.gd[0m[38;2;250;235;215m > [0m[38;2;250;235;215mtest_boot_order_game_store_state_changed_signal_exists[0m[38;2;34;139;34m STARTED[0m[38;2;250;235;215m[0m
  [38;2;250;235;215mres://tests/integration/game_store/boot_order_test.gd[0m[38;2;250;235;215m > [0m[38;2;250;235;215mtest_boot_order_game_store_state_changed_signal_exists[0m[38;2;34;139;34m PASSED[0m[38;2;100;149;237m 4ms[0m
[38;2;250;235;215m[0m
  [38;2;250;235;215mres://tests/integration/game_store/boot_order_test.gd[0m[38;2;250;235;215m > [0m[38;2;250;235;215mtest_boot_order_game_store_state_changed_is_connectable[0m[38;2;34;139;34m STARTED[0m[38;2;250;235;215m[0m
  [38;2;250;235;215mres://tests/integration/game_store/boot_order_test.gd[0m[38;2;250;235;215m > [0m[38;2;250;235;215mtest_boot_order_game_store_state_changed_is_connectable[0m[38;2;34;139;34m PASSED[0m[38;2;100;149;237m 4ms[0m
[38;2;250;235;215m[0m
  [38;2;250;235;215mres://tests/integration/game_store/boot_order_test.gd[0m[38;2;250;235;215m > [0m[38;2;250;235;215mtest_boot_order_game_store_state_changed_signal_has_key_parameter[0m[38;2;34;139;34m STARTED[0m[38;2;250;235;215m[0m
  [38;2;250;235;215mres://tests/integration/game_store/boot_order_test.gd[0m[38;2;250;235;215m > [0m[38;2;250;235;215mtest_boot_order_game_store_state_changed_signal_has_key_parameter[0m[38;2;34;139;34m PASSED[0m[38;2;100;149;237m 4ms[0m
[38;2;250;235;215m[0m
[38;2;30;144;255mStatistics:[0m[38;2;250;235;215m 16 test cases | 0 errors | 0 failures | 0 flaky | 0 skipped | 0 orphans |[0m[38;2;34;139;34m PASSED[0m[38;2;100;149;237m 114ms[0m
[38;2;250;235;215m[0m
[38;2;250;235;215m[0m
[38;2;0;206;209mRun Test Suite: [0m[38;2;250;235;215mres://tests/integration/localization/boot_wiring_test.gd[0m
  [38;2;250;235;215mres://tests/integration/localization/boot_wiring_test.gd[0m[38;2;250;235;215m > [0m[38;2;250;235;215mtest_boot_wiring_localization_appears_after_event_bus[0m[38;2;34;139;34m STARTED[0m[38;2;250;235;215m[0m
  [38;2;250;235;215mres://tests/integration/localization/boot_wiring_test.gd[0m[38;2;250;235;215m > [0m[38;2;250;235;215mtest_boot_wiring_localization_appears_after_event_bus[0m[38;2;34;139;34m PASSED[0m[38;2;100;149;237m 3ms[0m
[38;2;250;235;215m[0m
  [38;2;250;235;215mres://tests/integration/localization/boot_wiring_test.gd[0m[38;2;250;235;215m > [0m[38;2;250;235;215mtest_boot_wiring_localization_appears_before_save_manager[0m[38;2;34;139;34m STARTED[0m[38;2;250;235;215m[0m
  [38;2;250;235;215mres://tests/integration/localization/boot_wiring_test.gd[0m[38;2;250;235;215m > [0m[38;2;250;235;215mtest_boot_wiring_localization_appears_before_save_manager[0m[38;2;34;139;34m PASSED[0m[38;2;100;149;237m 2ms[0m
[38;2;250;235;215m[0m
  [38;2;250;235;215mres://tests/integration/localization/boot_wiring_test.gd[0m[38;2;250;235;215m > [0m[38;2;250;235;215mtest_boot_wiring_localization_is_registered_as_autoload[0m[38;2;34;139;34m STARTED[0m[38;2;250;235;215m[0m
  [38;2;250;235;215mres://tests/integration/localization/boot_wiring_test.gd[0m[38;2;250;235;215m > [0m[38;2;250;235;215mtest_boot_wiring_localization_is_registered_as_autoload[0m[38;2;34;139;34m PASSED[0m[38;2;100;149;237m 2ms[0m
[38;2;250;235;215m[0m
  [38;2;250;235;215mres://tests/integration/localization/boot_wiring_test.gd[0m[38;2;250;235;215m > [0m[38;2;250;235;215mtest_boot_wiring_ready_body_references_settings_store[0m[38;2;34;139;34m STARTED[0m[38;2;250;235;215m[0m
  [38;2;250;235;215mres://tests/integration/localization/boot_wiring_test.gd[0m[38;2;250;235;215m > [0m[38;2;250;235;215mtest_boot_wiring_ready_body_references_settings_store[0m[38;2;34;139;34m PASSED[0m[38;2;100;149;237m 3ms[0m
[38;2;250;235;215m[0m
  [38;2;250;235;215mres://tests/integration/localization/boot_wiring_test.gd[0m[38;2;250;235;215m > [0m[38;2;250;235;215mtest_boot_wiring_ready_body_calls_get_locale[0m[38;2;34;139;34m STARTED[0m[38;2;250;235;215m[0m
  [38;2;250;235;215mres://tests/integration/localization/boot_wiring_test.gd[0m[38;2;250;235;215m > [0m[38;2;250;235;215mtest_boot_wiring_ready_body_calls_get_locale[0m[38;2;34;139;34m PASSED[0m[38;2;100;149;237m 5ms[0m
[38;2;250;235;215m[0m
  [38;2;250;235;215mres://tests/integration/localization/boot_wiring_test.gd[0m[38;2;250;235;215m > [0m[38;2;250;235;215mtest_boot_wiring_ready_body_calls_switch_locale[0m[38;2;34;139;34m STARTED[0m[38;2;250;235;215m[0m
  [38;2;250;235;215mres://tests/integration/localization/boot_wiring_test.gd[0m[38;2;250;235;215m > [0m[38;2;250;235;215mtest_boot_wiring_ready_body_calls_switch_locale[0m[38;2;34;139;34m PASSED[0m[38;2;100;149;237m 5ms[0m
[38;2;250;235;215m[0m
  [38;2;250;235;215mres://tests/integration/localization/boot_wiring_test.gd[0m[38;2;250;235;215m > [0m[38;2;250;235;215mtest_boot_wiring_dialogue_runner_has_no_translations_dict[0m[38;2;34;139;34m STARTED[0m[38;2;250;235;215m[0m
  [38;2;250;235;215mres://tests/integration/localization/boot_wiring_test.gd[0m[38;2;250;235;215m > [0m[38;2;250;235;215mtest_boot_wiring_dialogue_runner_has_no_translations_dict[0m[38;2;34;139;34m PASSED[0m[38;2;100;149;237m 6ms[0m
[38;2;250;235;215m[0m
  [38;2;250;235;215mres://tests/integration/localization/boot_wiring_test.gd[0m[38;2;250;235;215m > [0m[38;2;250;235;215mtest_boot_wiring_dialogue_runner_does_not_read_i18n_directly[0m[38;2;34;139;34m STARTED[0m[38;2;250;235;215m[0m
  [38;2;250;235;215mres://tests/integration/localization/boot_wiring_test.gd[0m[38;2;250;235;215m > [0m[38;2;250;235;215mtest_boot_wiring_dialogue_runner_does_not_read_i18n_directly[0m[38;2;34;139;34m PASSED[0m[38;2;100;149;237m 4ms[0m
[38;2;250;235;215m[0m
  [38;2;250;235;215mres://tests/integration/localization/boot_wiring_test.gd[0m[38;2;250;235;215m > [0m[38;2;250;235;215mtest_boot_wiring_dialogue_runner_has_no_ensure_translations[0m[38;2;34;139;34m STARTED[0m[38;2;250;235;215m[0m
  [38;2;250;235;215mres://tests/integration/localization/boot_wiring_test.gd[0m[38;2;250;235;215m > [0m[38;2;250;235;215mtest_boot_wiring_dialogue_runner_has_no_ensure_translations[0m[38;2;34;139;34m PASSED[0m[38;2;100;149;237m 3ms[0m
[38;2;250;235;215m[0m
  [38;2;250;235;215mres://tests/integration/localization/boot_wiring_test.gd[0m[38;2;250;235;215m > [0m[38;2;250;235;215mtest_boot_wiring_dialogue_runner_calls_localization_get_text[0m[38;2;34;139;34m STARTED[0m[38;2;250;235;215m[0m
  [38;2;250;235;215mres://tests/integration/localization/boot_wiring_test.gd[0m[38;2;250;235;215m > [0m[38;2;250;235;215mtest_boot_wiring_dialogue_runner_calls_localization_get_text[0m[38;2;34;139;34m PASSED[0m[38;2;100;149;237m 5ms[0m
[38;2;250;235;215m[0m
  [38;2;250;235;215mres://tests/integration/localization/boot_wiring_test.gd[0m[38;2;250;235;215m > [0m[38;2;250;235;215mtest_boot_wiring_localization_get_text_resolves_ui_new_game[0m[38;2;34;139;34m STARTED[0m[38;2;250;235;215m[0m
  [38;2;250;235;215mres://tests/integration/localization/boot_wiring_test.gd[0m[38;2;250;235;215m > [0m[38;2;250;235;215mtest_boot_wiring_localization_get_text_resolves_ui_new_game[0m[38;2;34;139;34m PASSED[0m[38;2;100;149;237m 6ms[0m
[38;2;250;235;215m[0m
  [38;2;250;235;215mres://tests/integration/localization/boot_wiring_test.gd[0m[38;2;250;235;215m > [0m[38;2;250;235;215mtest_boot_wiring_localization_get_text_returns_string_type[0m[38;2;34;139;34m STARTED[0m[38;2;250;235;215m[0m
  [38;2;250;235;215mres://tests/integration/localization/boot_wiring_test.gd[0m[38;2;250;235;215m > [0m[38;2;250;235;215mtest_boot_wiring_localization_get_text_returns_string_type[0m[38;2;34;139;34m PASSED[0m[38;2;100;149;237m 4ms[0m
[38;2;250;235;215m[0m
[38;2;30;144;255mStatistics:[0m[38;2;250;235;215m 12 test cases | 0 errors | 0 failures | 0 flaky | 0 skipped | 0 orphans |[0m[38;2;34;139;34m PASSED[0m[38;2;100;149;237m 86ms[0m
[38;2;250;235;215m[0m
[38;2;250;235;215m[0m
[38;2;0;206;209mRun Test Suite: [0m[38;2;250;235;215mres://tests/integration/save_system/continuous_persistence_test.gd[0m
  [38;2;250;235;215mres://tests/integration/save_system/continuous_persistence_test.gd[0m[38;2;250;235;215m > [0m[38;2;250;235;215mtest_continuous_persistence_add_gold_creates_save_file_by_next_frame[0m[38;2;34;139;34m STARTED[0m[38;2;250;235;215m[0m
  [38;2;250;235;215mres://tests/integration/save_system/continuous_persistence_test.gd[0m[38;2;250;235;215m > [0m[38;2;250;235;215mtest_continuous_persistence_add_gold_creates_save_file_by_next_frame[0m[38;2;34;139;34m PASSED[0m[38;2;100;149;237m 6ms[0m
[38;2;250;235;215m[0m
  [38;2;250;235;215mres://tests/integration/save_system/continuous_persistence_test.gd[0m[38;2;250;235;215m > [0m[38;2;250;235;215mtest_continuous_persistence_add_gold_save_reflects_new_gold_value[0m[38;2;34;139;34m STARTED[0m[38;2;250;235;215m[0m
  [38;2;250;235;215mres://tests/integration/save_system/continuous_persistence_test.gd[0m[38;2;250;235;215m > [0m[38;2;250;235;215mtest_continuous_persistence_add_gold_save_reflects_new_gold_value[0m[38;2;34;139;34m PASSED[0m[38;2;100;149;237m 10ms[0m
[38;2;250;235;215m[0m
  [38;2;250;235;215mres://tests/integration/save_system/continuous_persistence_test.gd[0m[38;2;250;235;215m > [0m[38;2;250;235;215mtest_continuous_persistence_add_gold_flags_cleared_after_flush[0m[38;2;34;139;34m STARTED[0m[38;2;250;235;215m[0m
  [38;2;250;235;215mres://tests/integration/save_system/continuous_persistence_test.gd[0m[38;2;250;235;215m > [0m[38;2;250;235;215mtest_continuous_persistence_add_gold_flags_cleared_after_flush[0m[38;2;34;139;34m PASSED[0m[38;2;100;149;237m 11ms[0m
[38;2;250;235;215m[0m
  [38;2;250;235;215mres://tests/integration/save_system/continuous_persistence_test.gd[0m[38;2;250;235;215m > [0m[38;2;250;235;215mtest_continuous_persistence_add_gold_save_contains_version_key[0m[38;2;34;139;34m STARTED[0m[38;2;250;235;215m[0m
  [38;2;250;235;215mres://tests/integration/save_system/continuous_persistence_test.gd[0m[38;2;250;235;215m > [0m[38;2;250;235;215mtest_continuous_persistence_add_gold_save_contains_version_key[0m[38;2;34;139;34m PASSED[0m[38;2;100;149;237m 11ms[0m
[38;2;250;235;215m[0m
  [38;2;250;235;215mres://tests/integration/save_system/continuous_persistence_test.gd[0m[38;2;250;235;215m > [0m[38;2;250;235;215mtest_continuous_persistence_add_gold_save_version_equals_constant[0m[38;2;34;139;34m STARTED[0m[38;2;250;235;215m[0m
  [38;2;250;235;215mres://tests/integration/save_system/continuous_persistence_test.gd[0m[38;2;250;235;215m > [0m[38;2;250;235;215mtest_continuous_persistence_add_gold_save_version_equals_constant[0m[38;2;34;139;34m PASSED[0m[38;2;100;149;237m 7ms[0m
[38;2;250;235;215m[0m
  [38;2;250;235;215mres://tests/integration/save_system/continuous_persistence_test.gd[0m[38;2;250;235;215m > [0m[38;2;250;235;215mtest_continuous_persistence_three_setters_guard_raised_after_first[0m[38;2;34;139;34m STARTED[0m[38;2;250;235;215m[0m
  [38;2;250;235;215mres://tests/integration/save_system/continuous_persistence_test.gd[0m[38;2;250;235;215m > [0m[38;2;250;235;215mtest_continuous_persistence_three_setters_guard_raised_after_first[0m[38;2;34;139;34m PASSED[0m[38;2;100;149;237m 3ms[0m
[38;2;250;235;215m[0m
  [38;2;250;235;215mres://tests/integration/save_system/continuous_persistence_test.gd[0m[38;2;250;235;215m > [0m[38;2;250;235;215mtest_continuous_persistence_three_setters_guard_not_re_raised_on_second[0m[38;2;34;139;34m STARTED[0m[38;2;250;235;215m[0m
  [38;2;250;235;215mres://tests/integration/save_system/continuous_persistence_test.gd[0m[38;2;250;235;215m > [0m[38;2;250;235;215mtest_continuous_persistence_three_setters_guard_not_re_raised_on_second[0m[38;2;34;139;34m PASSED[0m[38;2;100;149;237m 4ms[0m
[38;2;250;235;215m[0m
  [38;2;250;235;215mres://tests/integration/save_system/continuous_persistence_test.gd[0m[38;2;250;235;215m > [0m[38;2;250;235;215mtest_continuous_persistence_three_setters_guard_not_re_raised_on_third[0m[38;2;34;139;34m STARTED[0m[38;2;250;235;215m[0m
  [38;2;250;235;215mres://tests/integration/save_system/continuous_persistence_test.gd[0m[38;2;250;235;215m > [0m[38;2;250;235;215mtest_continuous_persistence_three_setters_guard_not_re_raised_on_third[0m[38;2;34;139;34m PASSED[0m[38;2;100;149;237m 4ms[0m
[38;2;250;235;215m[0m
  [38;2;250;235;215mres://tests/integration/save_system/continuous_persistence_test.gd[0m[38;2;250;235;215m > [0m[38;2;250;235;215mtest_continuous_persistence_three_setters_single_flush_clears_flags[0m[38;2;34;139;34m STARTED[0m[38;2;250;235;215m[0m
  [38;2;250;235;215mres://tests/integration/save_system/continuous_persistence_test.gd[0m[38;2;250;235;215m > [0m[38;2;250;235;215mtest_continuous_persistence_three_setters_single_flush_clears_flags[0m[38;2;34;139;34m PASSED[0m[38;2;100;149;237m 11ms[0m
[38;2;250;235;215m[0m
  [38;2;250;235;215mres://tests/integration/save_system/continuous_persistence_test.gd[0m[38;2;250;235;215m > [0m[38;2;250;235;215mtest_continuous_persistence_three_setters_all_values_in_single_save[0m[38;2;34;139;34m STARTED[0m[38;2;250;235;215m[0m
  [38;2;250;235;215mres://tests/integration/save_system/continuous_persistence_test.gd[0m[38;2;250;235;215m > [0m[38;2;250;235;215mtest_continuous_persistence_three_setters_all_values_in_single_save[0m[38;2;34;139;34m PASSED[0m[38;2;100;149;237m 11ms[0m
[38;2;250;235;215m[0m
  [38;2;250;235;215mres://tests/integration/save_system/continuous_persistence_test.gd[0m[38;2;250;235;215m > [0m[38;2;250;235;215mtest_continuous_persistence_three_setters_save_file_exists_after_flush[0m[38;2;34;139;34m STARTED[0m[38;2;250;235;215m[0m
  [38;2;250;235;215mres://tests/integration/save_system/continuous_persistence_test.gd[0m[38;2;250;235;215m > [0m[38;2;250;235;215mtest_continuous_persistence_three_setters_save_file_exists_after_flush[0m[38;2;34;139;34m PASSED[0m[38;2;100;149;237m 12ms[0m
[38;2;250;235;215m[0m
  [38;2;250;235;215mres://tests/integration/save_system/continuous_persistence_test.gd[0m[38;2;250;235;215m > [0m[38;2;250;235;215mtest_continuous_persistence_saved_game_dict_has_no_hand_key[0m[38;2;34;139;34m STARTED[0m[38;2;250;235;215m[0m
  [38;2;250;235;215mres://tests/integration/save_system/continuous_persistence_test.gd[0m[38;2;250;235;215m > [0m[38;2;250;235;215mtest_continuous_persistence_saved_game_dict_has_no_hand_key[0m[38;2;34;139;34m PASSED[0m[38;2;100;149;237m 8ms[0m
[38;2;250;235;215m[0m
  [38;2;250;235;215mres://tests/integration/save_system/continuous_persistence_test.gd[0m[38;2;250;235;215m > [0m[38;2;250;235;215mtest_continuous_persistence_saved_game_dict_has_no_deck_order_key[0m[38;2;34;139;34m STARTED[0m[38;2;250;235;215m[0m
  [38;2;250;235;215mres://tests/integration/save_system/continuous_persistence_test.gd[0m[38;2;250;235;215m > [0m[38;2;250;235;215mtest_continuous_persistence_saved_game_dict_has_no_deck_order_key[0m[38;2;34;139;34m PASSED[0m[38;2;100;149;237m 4ms[0m
[38;2;250;235;215m[0m
  [38;2;250;235;215mres://tests/integration/save_system/continuous_persistence_test.gd[0m[38;2;250;235;215m > [0m[38;2;250;235;215mtest_continuous_persistence_saved_game_dict_has_no_score_key[0m[38;2;34;139;34m STARTED[0m[38;2;250;235;215m[0m
  [38;2;250;235;215mres://tests/integration/save_system/continuous_persistence_test.gd[0m[38;2;250;235;215m > [0m[38;2;250;235;215mtest_continuous_persistence_saved_game_dict_has_no_score_key[0m[38;2;34;139;34m PASSED[0m[38;2;100;149;237m 5ms[0m
[38;2;250;235;215m[0m
  [38;2;250;235;215mres://tests/integration/save_system/continuous_persistence_test.gd[0m[38;2;250;235;215m > [0m[38;2;250;235;215mtest_continuous_persistence_saved_game_dict_has_expected_persistent_keys[0m[38;2;34;139;34m STARTED[0m[38;2;250;235;215m[0m
  [38;2;250;235;215mres://tests/integration/save_system/continuous_persistence_test.gd[0m[38;2;250;235;215m > [0m[38;2;250;235;215mtest_continuous_persistence_saved_game_dict_has_expected_persistent_keys[0m[38;2;34;139;34m PASSED[0m[38;2;100;149;237m 4ms[0m
[38;2;250;235;215m[0m
  [38;2;250;235;215mres://tests/integration/save_system/continuous_persistence_test.gd[0m[38;2;250;235;215m > [0m[38;2;250;235;215mtest_continuous_persistence_from_dict_leaves_dirty_false[0m[38;2;34;139;34m STARTED[0m[38;2;250;235;215m[0m
  [38;2;250;235;215mres://tests/integration/save_system/continuous_persistence_test.gd[0m[38;2;250;235;215m > [0m[38;2;250;235;215mtest_continuous_persistence_from_dict_leaves_dirty_false[0m[38;2;34;139;34m PASSED[0m[38;2;100;149;237m 2ms[0m
[38;2;250;235;215m[0m
  [38;2;250;235;215mres://tests/integration/save_system/continuous_persistence_test.gd[0m[38;2;250;235;215m > [0m[38;2;250;235;215mtest_continuous_persistence_from_dict_leaves_save_pending_false[0m[38;2;34;139;34m STARTED[0m[38;2;250;235;215m[0m
  [38;2;250;235;215mres://tests/integration/save_system/continuous_persistence_test.gd[0m[38;2;250;235;215m > [0m[38;2;250;235;215mtest_continuous_persistence_from_dict_leaves_save_pending_false[0m[38;2;34;139;34m PASSED[0m[38;2;100;149;237m 3ms[0m
[38;2;250;235;215m[0m
  [38;2;250;235;215mres://tests/integration/save_system/continuous_persistence_test.gd[0m[38;2;250;235;215m > [0m[38;2;250;235;215mtest_continuous_persistence_from_dict_does_not_write_save_file[0m[38;2;34;139;34m STARTED[0m[38;2;250;235;215m[0m
  [38;2;250;235;215mres://tests/integration/save_system/continuous_persistence_test.gd[0m[38;2;250;235;215m > [0m[38;2;250;235;215mtest_continuous_persistence_from_dict_does_not_write_save_file[0m[38;2;34;139;34m PASSED[0m[38;2;100;149;237m 11ms[0m
[38;2;250;235;215m[0m
  [38;2;250;235;215mres://tests/integration/save_system/continuous_persistence_test.gd[0m[38;2;250;235;215m > [0m[38;2;250;235;215mtest_continuous_persistence_from_dict_still_loads_correct_gold_value[0m[38;2;34;139;34m STARTED[0m[38;2;250;235;215m[0m
  [38;2;250;235;215mres://tests/integration/save_system/continuous_persistence_test.gd[0m[38;2;250;235;215m > [0m[38;2;250;235;215mtest_continuous_persistence_from_dict_still_loads_correct_gold_value[0m[38;2;34;139;34m PASSED[0m[38;2;100;149;237m 4ms[0m
[38;2;250;235;215m[0m
  [38;2;250;235;215mres://tests/integration/save_system/continuous_persistence_test.gd[0m[38;2;250;235;215m > [0m[38;2;250;235;215mtest_continuous_persistence_from_dict_clears_preexisting_dirty_flag[0m[38;2;34;139;34m STARTED[0m[38;2;250;235;215m[0m
  [38;2;250;235;215mres://tests/integration/save_system/continuous_persistence_test.gd[0m[38;2;250;235;215m > [0m[38;2;250;235;215mtest_continuous_persistence_from_dict_clears_preexisting_dirty_flag[0m[38;2;34;139;34m PASSED[0m[38;2;100;149;237m 5ms[0m
[38;2;250;235;215m[0m
[38;2;30;144;255mStatistics:[0m[38;2;250;235;215m 20 test cases | 0 errors | 0 failures | 0 flaky | 0 skipped | 0 orphans |[0m[38;2;34;139;34m PASSED[0m[38;2;100;149;237m 203ms[0m
[38;2;250;235;215m[0m
[38;2;250;235;215m[0m
[38;2;0;206;209mRun Test Suite: [0m[38;2;250;235;215mres://tests/integration/scene_navigation/hub_tab_test.gd[0m
  [38;2;250;235;215mres://tests/integration/scene_navigation/hub_tab_test.gd[0m[38;2;250;235;215m > [0m[38;2;250;235;215mtest_hub_tab_switch_does_not_call_scene_manager_change_scene[0m[38;2;34;139;34m STARTED[0m[38;2;250;235;215m[0m
  [38;2;250;235;215mres://tests/integration/scene_navigation/hub_tab_test.gd[0m[38;2;250;235;215m > [0m[38;2;250;235;215mtest_hub_tab_switch_does_not_call_scene_manager_change_scene[0m[38;2;34;139;34m PASSED[0m[38;2;100;149;237m 2ms[0m
[38;2;250;235;215m[0m
  [38;2;250;235;215mres://tests/integration/scene_navigation/hub_tab_test.gd[0m[38;2;250;235;215m > [0m[38;2;250;235;215mtest_hub_tab_switch_hides_old_tab_and_shows_new_tab[0m[38;2;34;139;34m STARTED[0m[38;2;250;235;215m[0m
  [38;2;250;235;215mres://tests/integration/scene_navigation/hub_tab_test.gd[0m[38;2;250;235;215m > [0m[38;2;250;235;215mtest_hub_tab_switch_hides_old_tab_and_shows_new_tab[0m[38;2;34;139;34m PASSED[0m[38;2;100;149;237m 4ms[0m
[38;2;250;235;215m[0m
  [38;2;250;235;215mres://tests/integration/scene_navigation/hub_tab_test.gd[0m[38;2;250;235;215m > [0m[38;2;250;235;215mtest_hub_tab_switch_only_one_tab_visible_at_a_time[0m[38;2;34;139;34m STARTED[0m[38;2;250;235;215m[0m
  [38;2;250;235;215mres://tests/integration/scene_navigation/hub_tab_test.gd[0m[38;2;250;235;215m > [0m[38;2;250;235;215mtest_hub_tab_switch_only_one_tab_visible_at_a_time[0m[38;2;34;139;34m PASSED[0m[38;2;100;149;237m 2ms[0m
[38;2;250;235;215m[0m
  [38;2;250;235;215mres://tests/integration/scene_navigation/hub_tab_test.gd[0m[38;2;250;235;215m > [0m[38;2;250;235;215mtest_hub_settings_tab_opens_settings_overlay[0m[38;2;34;139;34m STARTED[0m[38;2;250;235;215m[0m
WARNING: SceneManager.open_settings_overlay: settings.tscn not found at res://scenes/settings/settings.tscn
   at: push_warning (core/variant/variant_utility.cpp:1034)
   GDScript backtrace (most recent call first):
       [0] open_settings_overlay (res://autoloads/scene_manager.gd:208)
       [1] test_hub_settings_tab_opens_settings_overlay (res://tests/integration/scene_navigation/hub_tab_test.gd:146)
       [2] _execute_test_case (res://addons/gdUnit4/src/core/_TestCase.gd:94)
       [3] execute (res://addons/gdUnit4/src/core/_TestCase.gd:39)
       [4] _execute (res://addons/gdUnit4/src/core/execution/stages/single/GdUnitTestCaseSingleTestStage.gd:10)
       [5] execute (res://addons/gdUnit4/src/core/execution/stages/IGdUnitExecutionStage.gd:19)
       [6] _execute (res://addons/gdUnit4/src/core/execution/stages/single/GdUnitTestCaseSingleExecutionStage.gd:17)
       [7] execute (res://addons/gdUnit4/src/core/execution/stages/IGdUnitExecutionStage.gd:19)
       [8] _execute (res://addons/gdUnit4/src/core/execution/stages/GdUnitTestCaseExecutionStage.gd:24)
       [9] execute (res://addons/gdUnit4/src/core/execution/stages/IGdUnitExecutionStage.gd:19)
       [10] _execute (res://addons/gdUnit4/src/core/execution/stages/GdUnitTestSuiteExecutionStage.gd:32)
       [11] execute (res://addons/gdUnit4/src/core/execution/stages/IGdUnitExecutionStage.gd:19)
       [12] _execute (res://addons/gdUnit4/src/core/execution/stages/GdUnitTestCaseExecutionStage.gd:31)
       [13] execute (res://addons/gdUnit4/src/core/execution/stages/IGdUnitExecutionStage.gd:19)
       [14] _execute (res://addons/gdUnit4/src/core/execution/stages/single/GdUnitTestCaseSingleExecutionStage.gd:28)
       [15] execute (res://addons/gdUnit4/src/core/execution/stages/IGdUnitExecutionStage.gd:19)
       [16] _execute (res://addons/gdUnit4/src/core/execution/stages/single/GdUnitTestCaseSingleTestStage.gd:11)
       [17] execute (res://addons/gdUnit4/src/core/_TestCase.gd:40)
       [18] _execute_test_case (res://addons/gdUnit4/src/core/_TestCase.gd:98)
  [38;2;250;235;215mres://tests/integration/scene_navigation/hub_tab_test.gd[0m[38;2;250;235;215m > [0m[38;2;250;235;215mtest_hub_settings_tab_opens_settings_overlay[0m[38;2;34;139;34m PASSED[0m[38;2;100;149;237m 4ms[0m
[38;2;250;235;215m[0m
  [38;2;250;235;215mres://tests/integration/scene_navigation/hub_tab_test.gd[0m[38;2;250;235;215m > [0m[38;2;250;235;215mtest_back_button_during_overlay_open_closes_overlay_and_returns_idle[0m[38;2;34;139;34m STARTED[0m[38;2;250;235;215m[0m
  [38;2;250;235;215mres://tests/integration/scene_navigation/hub_tab_test.gd[0m[38;2;250;235;215m > [0m[38;2;250;235;215mtest_back_button_during_overlay_open_closes_overlay_and_returns_idle[0m[38;2;34;139;34m PASSED[0m[38;2;100;149;237m 3ms[0m
[38;2;250;235;215m[0m
  [38;2;250;235;215mres://tests/integration/scene_navigation/hub_tab_test.gd[0m[38;2;250;235;215m > [0m[38;2;250;235;215mtest_back_button_during_idle_does_not_change_state[0m[38;2;34;139;34m STARTED[0m[38;2;250;235;215m[0m
  [38;2;250;235;215mres://tests/integration/scene_navigation/hub_tab_test.gd[0m[38;2;250;235;215m > [0m[38;2;250;235;215mtest_back_button_during_idle_does_not_change_state[0m[38;2;34;139;34m PASSED[0m[38;2;100;149;237m 4ms[0m
[38;2;250;235;215m[0m
  [38;2;250;235;215mres://tests/integration/scene_navigation/hub_tab_test.gd[0m[38;2;250;235;215m > [0m[38;2;250;235;215mtest_back_button_during_fading_out_does_not_close_overlay[0m[38;2;34;139;34m STARTED[0m[38;2;250;235;215m[0m
  [38;2;250;235;215mres://tests/integration/scene_navigation/hub_tab_test.gd[0m[38;2;250;235;215m > [0m[38;2;250;235;215mtest_back_button_during_fading_out_does_not_close_overlay[0m[38;2;34;139;34m PASSED[0m[38;2;100;149;237m 5ms[0m
[38;2;250;235;215m[0m
  [38;2;250;235;215mres://tests/integration/scene_navigation/hub_tab_test.gd[0m[38;2;250;235;215m > [0m[38;2;250;235;215mtest_navigation_error_signal_exists_on_scene_manager[0m[38;2;34;139;34m STARTED[0m[38;2;250;235;215m[0m
  [38;2;250;235;215mres://tests/integration/scene_navigation/hub_tab_test.gd[0m[38;2;250;235;215m > [0m[38;2;250;235;215mtest_navigation_error_signal_exists_on_scene_manager[0m[38;2;34;139;34m PASSED[0m[38;2;100;149;237m 3ms[0m
[38;2;250;235;215m[0m
  [38;2;250;235;215mres://tests/integration/scene_navigation/hub_tab_test.gd[0m[38;2;250;235;215m > [0m[38;2;250;235;215mtest_navigation_error_emitted_and_state_returns_idle_after_error_path[0m[38;2;34;139;34m STARTED[0m[38;2;250;235;215m[0m
  [38;2;250;235;215mres://tests/integration/scene_navigation/hub_tab_test.gd[0m[38;2;250;235;215m > [0m[38;2;250;235;215mtest_navigation_error_emitted_and_state_returns_idle_after_error_path[0m[38;2;34;139;34m PASSED[0m[38;2;100;149;237m 4ms[0m
[38;2;250;235;215m[0m
  [38;2;250;235;215mres://tests/integration/scene_navigation/hub_tab_test.gd[0m[38;2;250;235;215m > [0m[38;2;250;235;215mtest_navigation_error_scene_changed_not_emitted_on_error_path[0m[38;2;34;139;34m STARTED[0m[38;2;250;235;215m[0m
  [38;2;250;235;215mres://tests/integration/scene_navigation/hub_tab_test.gd[0m[38;2;250;235;215m > [0m[38;2;250;235;215mtest_navigation_error_scene_changed_not_emitted_on_error_path[0m[38;2;34;139;34m PASSED[0m[38;2;100;149;237m 5ms[0m
[38;2;250;235;215m[0m
[38;2;30;144;255mStatistics:[0m[38;2;250;235;215m 10 test cases | 0 errors | 0 failures | 0 flaky | 0 skipped | 0 orphans |[0m[38;2;34;139;34m PASSED[0m[38;2;100;149;237m 71ms[0m
[38;2;250;235;215m[0m
[38;2;250;235;215m[0m
[38;2;0;206;209mRun Test Suite: [0m[38;2;250;235;215mres://tests/integration/scene_navigation/settings_overlay_test.gd[0m
  [38;2;250;235;215mres://tests/integration/scene_navigation/settings_overlay_test.gd[0m[38;2;250;235;215m > [0m[38;2;250;235;215mtest_settings_overlay_open_sets_state_to_overlay_open[0m[38;2;34;139;34m STARTED[0m[38;2;250;235;215m[0m
WARNING: SceneManager.open_settings_overlay: settings.tscn not found at res://scenes/settings/settings.tscn
   at: push_warning (core/variant/variant_utility.cpp:1034)
   GDScript backtrace (most recent call first):
       [0] open_settings_overlay (res://autoloads/scene_manager.gd:208)
       [1] test_settings_overlay_open_sets_state_to_overlay_open (res://tests/integration/scene_navigation/settings_overlay_test.gd:57)
       [2] _execute_test_case (res://addons/gdUnit4/src/core/_TestCase.gd:94)
       [3] execute (res://addons/gdUnit4/src/core/_TestCase.gd:39)
       [4] _execute (res://addons/gdUnit4/src/core/execution/stages/single/GdUnitTestCaseSingleTestStage.gd:10)
       [5] execute (res://addons/gdUnit4/src/core/execution/stages/IGdUnitExecutionStage.gd:19)
       [6] _execute (res://addons/gdUnit4/src/core/execution/stages/single/GdUnitTestCaseSingleExecutionStage.gd:17)
       [7] execute (res://addons/gdUnit4/src/core/execution/stages/IGdUnitExecutionStage.gd:19)
       [8] _execute (res://addons/gdUnit4/src/core/execution/stages/GdUnitTestCaseExecutionStage.gd:24)
       [9] execute (res://addons/gdUnit4/src/core/execution/stages/IGdUnitExecutionStage.gd:19)
       [10] _execute (res://addons/gdUnit4/src/core/execution/stages/GdUnitTestSuiteExecutionStage.gd:32)
       [11] execute (res://addons/gdUnit4/src/core/execution/stages/IGdUnitExecutionStage.gd:19)
       [12] run_and_wait (res://addons/gdUnit4/src/core/execution/GdUnitTestSuiteExecutor.gd:47)
       [13] execute (res://addons/gdUnit4/src/core/execution/stages/IGdUnitExecutionStage.gd:19)
       [14] _execute (res://addons/gdUnit4/src/core/execution/stages/GdUnitTestSuiteExecutionStage.gd:44)
  [38;2;250;235;215mres://tests/integration/scene_navigation/settings_overlay_test.gd[0m[38;2;250;235;215m > [0m[38;2;250;235;215mtest_settings_overlay_open_sets_state_to_overlay_open[0m[38;2;34;139;34m PASSED[0m[38;2;100;149;237m 4ms[0m
[38;2;250;235;215m[0m
  [38;2;250;235;215mres://tests/integration/scene_navigation/settings_overlay_test.gd[0m[38;2;250;235;215m > [0m[38;2;250;235;215mtest_settings_overlay_open_adds_canvas_layer_at_layer_50[0m[38;2;34;139;34m STARTED[0m[38;2;250;235;215m[0m
WARNING: SceneManager.open_settings_overlay: settings.tscn not found at res://scenes/settings/settings.tscn
   at: push_warning (core/variant/variant_utility.cpp:1034)
   GDScript backtrace (most recent call first):
       [0] open_settings_overlay (res://autoloads/scene_manager.gd:208)
       [1] test_settings_overlay_open_adds_canvas_layer_at_layer_50 (res://tests/integration/scene_navigation/settings_overlay_test.gd:71)
       [2] _execute_test_case (res://addons/gdUnit4/src/core/_TestCase.gd:94)
       [3] execute (res://addons/gdUnit4/src/core/_TestCase.gd:39)
       [4] _execute (res://addons/gdUnit4/src/core/execution/stages/single/GdUnitTestCaseSingleTestStage.gd:10)
       [5] execute (res://addons/gdUnit4/src/core/execution/stages/IGdUnitExecutionStage.gd:19)
       [6] _execute (res://addons/gdUnit4/src/core/execution/stages/single/GdUnitTestCaseSingleExecutionStage.gd:17)
       [7] execute (res://addons/gdUnit4/src/core/execution/stages/IGdUnitExecutionStage.gd:19)
       [8] _execute (res://addons/gdUnit4/src/core/execution/stages/GdUnitTestCaseExecutionStage.gd:24)
       [9] execute (res://addons/gdUnit4/src/core/execution/stages/IGdUnitExecutionStage.gd:19)
       [10] _execute (res://addons/gdUnit4/src/core/execution/stages/GdUnitTestSuiteExecutionStage.gd:32)
       [11] execute (res://addons/gdUnit4/src/core/execution/stages/IGdUnitExecutionStage.gd:19)
       [12] _execute (res://addons/gdUnit4/src/core/execution/stages/GdUnitTestCaseExecutionStage.gd:31)
       [13] execute (res://addons/gdUnit4/src/core/execution/stages/IGdUnitExecutionStage.gd:19)
       [14] _execute (res://addons/gdUnit4/src/core/execution/stages/single/GdUnitTestCaseSingleExecutionStage.gd:28)
       [15] execute (res://addons/gdUnit4/src/core/execution/stages/IGdUnitExecutionStage.gd:19)
       [16] _execute (res://addons/gdUnit4/src/core/execution/stages/single/GdUnitTestCaseSingleTestStage.gd:11)
       [17] execute (res://addons/gdUnit4/src/core/_TestCase.gd:40)
       [18] _execute_test_case (res://addons/gdUnit4/src/core/_TestCase.gd:98)
  [38;2;250;235;215mres://tests/integration/scene_navigation/settings_overlay_test.gd[0m[38;2;250;235;215m > [0m[38;2;250;235;215mtest_settings_overlay_open_adds_canvas_layer_at_layer_50[0m[38;2;34;139;34m PASSED[0m[38;2;100;149;237m 3ms[0m
[38;2;250;235;215m[0m
  [38;2;250;235;215mres://tests/integration/scene_navigation/settings_overlay_test.gd[0m[38;2;250;235;215m > [0m[38;2;250;235;215mtest_settings_overlay_does_not_free_underlying_scene_node[0m[38;2;34;139;34m STARTED[0m[38;2;250;235;215m[0m
WARNING: SceneManager.open_settings_overlay: settings.tscn not found at res://scenes/settings/settings.tscn
   at: push_warning (core/variant/variant_utility.cpp:1034)
   GDScript backtrace (most recent call first):
       [0] open_settings_overlay (res://autoloads/scene_manager.gd:208)
       [1] test_settings_overlay_does_not_free_underlying_scene_node (res://tests/integration/scene_navigation/settings_overlay_test.gd:98)
       [2] _execute_test_case (res://addons/gdUnit4/src/core/_TestCase.gd:94)
       [3] execute (res://addons/gdUnit4/src/core/_TestCase.gd:39)
       [4] _execute (res://addons/gdUnit4/src/core/execution/stages/single/GdUnitTestCaseSingleTestStage.gd:10)
       [5] execute (res://addons/gdUnit4/src/core/execution/stages/IGdUnitExecutionStage.gd:19)
       [6] _execute (res://addons/gdUnit4/src/core/execution/stages/single/GdUnitTestCaseSingleExecutionStage.gd:17)
       [7] execute (res://addons/gdUnit4/src/core/execution/stages/IGdUnitExecutionStage.gd:19)
       [8] _execute (res://addons/gdUnit4/src/core/execution/stages/GdUnitTestCaseExecutionStage.gd:24)
       [9] execute (res://addons/gdUnit4/src/core/execution/stages/IGdUnitExecutionStage.gd:19)
       [10] _execute (res://addons/gdUnit4/src/core/execution/stages/GdUnitTestSuiteExecutionStage.gd:32)
       [11] execute (res://addons/gdUnit4/src/core/execution/stages/IGdUnitExecutionStage.gd:19)
       [12] _execute (res://addons/gdUnit4/src/core/execution/stages/GdUnitTestCaseExecutionStage.gd:31)
       [13] execute (res://addons/gdUnit4/src/core/execution/stages/IGdUnitExecutionStage.gd:19)
       [14] _execute (res://addons/gdUnit4/src/core/execution/stages/single/GdUnitTestCaseSingleExecutionStage.gd:28)
       [15] execute (res://addons/gdUnit4/src/core/execution/stages/IGdUnitExecutionStage.gd:19)
       [16] _execute (res://addons/gdUnit4/src/core/execution/stages/single/GdUnitTestCaseSingleTestStage.gd:11)
       [17] execute (res://addons/gdUnit4/src/core/_TestCase.gd:40)
       [18] _execute_test_case (res://addons/gdUnit4/src/core/_TestCase.gd:98)
  [38;2;250;235;215mres://tests/integration/scene_navigation/settings_overlay_test.gd[0m[38;2;250;235;215m > [0m[38;2;250;235;215mtest_settings_overlay_does_not_free_underlying_scene_node[0m[38;2;34;139;34m PASSED[0m[38;2;100;149;237m 3ms[0m
[38;2;250;235;215m[0m
  [38;2;250;235;215mres://tests/integration/scene_navigation/settings_overlay_test.gd[0m[38;2;250;235;215m > [0m[38;2;250;235;215mtest_settings_overlay_change_scene_dropped_during_overlay_open[0m[38;2;34;139;34m STARTED[0m[38;2;250;235;215m[0m
  [38;2;250;235;215mres://tests/integration/scene_navigation/settings_overlay_test.gd[0m[38;2;250;235;215m > [0m[38;2;250;235;215mtest_settings_overlay_change_scene_dropped_during_overlay_open[0m[38;2;34;139;34m PASSED[0m[38;2;100;149;237m 3ms[0m
[38;2;250;235;215m[0m
  [38;2;250;235;215mres://tests/integration/scene_navigation/settings_overlay_test.gd[0m[38;2;250;235;215m > [0m[38;2;250;235;215mtest_settings_overlay_second_open_call_dropped_during_overlay_open[0m[38;2;34;139;34m STARTED[0m[38;2;250;235;215m[0m
  [38;2;250;235;215mres://tests/integration/scene_navigation/settings_overlay_test.gd[0m[38;2;250;235;215m > [0m[38;2;250;235;215mtest_settings_overlay_second_open_call_dropped_during_overlay_open[0m[38;2;34;139;34m PASSED[0m[38;2;100;149;237m 3ms[0m
[38;2;250;235;215m[0m
  [38;2;250;235;215mres://tests/integration/scene_navigation/settings_overlay_test.gd[0m[38;2;250;235;215m > [0m[38;2;250;235;215mtest_settings_overlay_close_removes_settings_layer[0m[38;2;34;139;34m STARTED[0m[38;2;250;235;215m[0m
  [38;2;250;235;215mres://tests/integration/scene_navigation/settings_overlay_test.gd[0m[38;2;250;235;215m > [0m[38;2;250;235;215mtest_settings_overlay_close_removes_settings_layer[0m[38;2;34;139;34m PASSED[0m[38;2;100;149;237m 2ms[0m
[38;2;250;235;215m[0m
  [38;2;250;235;215mres://tests/integration/scene_navigation/settings_overlay_test.gd[0m[38;2;250;235;215m > [0m[38;2;250;235;215mtest_settings_overlay_close_returns_state_to_idle[0m[38;2;34;139;34m STARTED[0m[38;2;250;235;215m[0m
  [38;2;250;235;215mres://tests/integration/scene_navigation/settings_overlay_test.gd[0m[38;2;250;235;215m > [0m[38;2;250;235;215mtest_settings_overlay_close_returns_state_to_idle[0m[38;2;34;139;34m PASSED[0m[38;2;100;149;237m 3ms[0m
[38;2;250;235;215m[0m
  [38;2;250;235;215mres://tests/integration/scene_navigation/settings_overlay_test.gd[0m[38;2;250;235;215m > [0m[38;2;250;235;215mtest_settings_overlay_open_does_not_emit_scene_changed[0m[38;2;34;139;34m STARTED[0m[38;2;250;235;215m[0m
WARNING: SceneManager.open_settings_overlay: settings.tscn not found at res://scenes/settings/settings.tscn
   at: push_warning (core/variant/variant_utility.cpp:1034)
   GDScript backtrace (most recent call first):
       [0] open_settings_overlay (res://autoloads/scene_manager.gd:208)
       [1] test_settings_overlay_open_does_not_emit_scene_changed (res://tests/integration/scene_navigation/settings_overlay_test.gd:209)
       [2] _execute_test_case (res://addons/gdUnit4/src/core/_TestCase.gd:94)
       [3] execute (res://addons/gdUnit4/src/core/_TestCase.gd:39)
       [4] _execute (res://addons/gdUnit4/src/core/execution/stages/single/GdUnitTestCaseSingleTestStage.gd:10)
       [5] execute (res://addons/gdUnit4/src/core/execution/stages/IGdUnitExecutionStage.gd:19)
       [6] _execute (res://addons/gdUnit4/src/core/execution/stages/single/GdUnitTestCaseSingleExecutionStage.gd:17)
       [7] execute (res://addons/gdUnit4/src/core/execution/stages/IGdUnitExecutionStage.gd:19)
       [8] _execute (res://addons/gdUnit4/src/core/execution/stages/GdUnitTestCaseExecutionStage.gd:24)
       [9] execute (res://addons/gdUnit4/src/core/execution/stages/IGdUnitExecutionStage.gd:19)
       [10] _execute (res://addons/gdUnit4/src/core/execution/stages/GdUnitTestSuiteExecutionStage.gd:32)
       [11] execute (res://addons/gdUnit4/src/core/execution/stages/IGdUnitExecutionStage.gd:19)
       [12] _execute (res://addons/gdUnit4/src/core/execution/stages/GdUnitTestCaseExecutionStage.gd:31)
       [13] execute (res://addons/gdUnit4/src/core/execution/stages/IGdUnitExecutionStage.gd:19)
       [14] _execute (res://addons/gdUnit4/src/core/execution/stages/single/GdUnitTestCaseSingleExecutionStage.gd:28)
       [15] execute (res://addons/gdUnit4/src/core/execution/stages/IGdUnitExecutionStage.gd:19)
       [16] _execute (res://addons/gdUnit4/src/core/execution/stages/single/GdUnitTestCaseSingleTestStage.gd:11)
       [17] execute (res://addons/gdUnit4/src/core/_TestCase.gd:40)
       [18] _execute_test_case (res://addons/gdUnit4/src/core/_TestCase.gd:98)
  [38;2;250;235;215mres://tests/integration/scene_navigation/settings_overlay_test.gd[0m[38;2;250;235;215m > [0m[38;2;250;235;215mtest_settings_overlay_open_does_not_emit_scene_changed[0m[38;2;34;139;34m PASSED[0m[38;2;100;149;237m 5ms[0m
[38;2;250;235;215m[0m
  [38;2;250;235;215mres://tests/integration/scene_navigation/settings_overlay_test.gd[0m[38;2;250;235;215m > [0m[38;2;250;235;215mtest_settings_overlay_close_does_not_emit_scene_changed[0m[38;2;34;139;34m STARTED[0m[38;2;250;235;215m[0m
  [38;2;250;235;215mres://tests/integration/scene_navigation/settings_overlay_test.gd[0m[38;2;250;235;215m > [0m[38;2;250;235;215mtest_settings_overlay_close_does_not_emit_scene_changed[0m[38;2;34;139;34m PASSED[0m[38;2;100;149;237m 3ms[0m
[38;2;250;235;215m[0m
[38;2;30;144;255mStatistics:[0m[38;2;250;235;215m 9 test cases | 0 errors | 0 failures | 0 flaky | 0 skipped | 0 orphans |[0m[38;2;34;139;34m PASSED[0m[38;2;100;149;237m 68ms[0m
[38;2;250;235;215m[0m
[38;2;250;235;215m[0m
[38;2;0;206;209mRun Test Suite: [0m[38;2;250;235;215mres://tests/integration/ui_theme/ui_theme_integration_test.gd[0m
  [38;2;250;235;215mres://tests/integration/ui_theme/ui_theme_integration_test.gd[0m[38;2;250;235;215m > [0m[38;2;250;235;215mtest_no_theme_new_calls_in_src_scripts[0m[38;2;34;139;34m STARTED[0m[38;2;250;235;215m[0m
  [38;2;250;235;215mres://tests/integration/ui_theme/ui_theme_integration_test.gd[0m[38;2;250;235;215m > [0m[38;2;250;235;215mtest_no_theme_new_calls_in_src_scripts[0m[38;2;34;139;34m PASSED[0m[38;2;100;149;237m 2ms[0m
[38;2;250;235;215m[0m
  [38;2;250;235;215mres://tests/integration/ui_theme/ui_theme_integration_test.gd[0m[38;2;250;235;215m > [0m[38;2;250;235;215mtest_no_inline_theme_property_assignments_in_src_scripts[0m[38;2;34;139;34m STARTED[0m[38;2;250;235;215m[0m
  [38;2;250;235;215mres://tests/integration/ui_theme/ui_theme_integration_test.gd[0m[38;2;250;235;215m > [0m[38;2;250;235;215mtest_no_inline_theme_property_assignments_in_src_scripts[0m[38;2;34;139;34m PASSED[0m[38;2;100;149;237m 2ms[0m
[38;2;250;235;215m[0m
  [38;2;250;235;215mres://tests/integration/ui_theme/ui_theme_integration_test.gd[0m[38;2;250;235;215m > [0m[38;2;250;235;215mtest_dark_olympus_theme_tres_exists_at_canonical_path[0m[38;2;34;139;34m STARTED[0m[38;2;250;235;215m[0m
  [38;2;250;235;215mres://tests/integration/ui_theme/ui_theme_integration_test.gd[0m[38;2;250;235;215m > [0m[38;2;250;235;215mtest_dark_olympus_theme_tres_exists_at_canonical_path[0m[38;2;34;139;34m PASSED[0m[38;2;100;149;237m 4ms[0m
[38;2;250;235;215m[0m
  [38;2;250;235;215mres://tests/integration/ui_theme/ui_theme_integration_test.gd[0m[38;2;250;235;215m > [0m[38;2;250;235;215mtest_dark_olympus_theme_tres_loads_as_theme_resource[0m[38;2;34;139;34m STARTED[0m[38;2;250;235;215m[0m
  [38;2;250;235;215mres://tests/integration/ui_theme/ui_theme_integration_test.gd[0m[38;2;250;235;215m > [0m[38;2;250;235;215mtest_dark_olympus_theme_tres_loads_as_theme_resource[0m[38;2;34;139;34m PASSED[0m[38;2;100;149;237m 3ms[0m
[38;2;250;235;215m[0m
  [38;2;250;235;215mres://tests/integration/ui_theme/ui_theme_integration_test.gd[0m[38;2;250;235;215m > [0m[38;2;250;235;215mtest_ui_constants_class_exists[0m[38;2;34;139;34m STARTED[0m[38;2;250;235;215m[0m
  [38;2;250;235;215mres://tests/integration/ui_theme/ui_theme_integration_test.gd[0m[38;2;250;235;215m > [0m[38;2;250;235;215mtest_ui_constants_class_exists[0m[38;2;34;139;34m PASSED[0m[38;2;100;149;237m 4ms[0m
[38;2;250;235;215m[0m
  [38;2;250;235;215mres://tests/integration/ui_theme/ui_theme_integration_test.gd[0m[38;2;250;235;215m > [0m[38;2;250;235;215mtest_ui_typography_class_exists[0m[38;2;34;139;34m STARTED[0m[38;2;250;235;215m[0m
  [38;2;250;235;215mres://tests/integration/ui_theme/ui_theme_integration_test.gd[0m[38;2;250;235;215m > [0m[38;2;250;235;215mtest_ui_typography_class_exists[0m[38;2;34;139;34m PASSED[0m[38;2;100;149;237m 4ms[0m
[38;2;250;235;215m[0m
  [38;2;250;235;215mres://tests/integration/ui_theme/ui_theme_integration_test.gd[0m[38;2;250;235;215m > [0m[38;2;250;235;215mtest_ui_styles_class_exists[0m[38;2;34;139;34m STARTED[0m[38;2;250;235;215m[0m
  [38;2;250;235;215mres://tests/integration/ui_theme/ui_theme_integration_test.gd[0m[38;2;250;235;215m > [0m[38;2;250;235;215mtest_ui_styles_class_exists[0m[38;2;34;139;34m PASSED[0m[38;2;100;149;237m 4ms[0m
[38;2;250;235;215m[0m
  [38;2;250;235;215mres://tests/integration/ui_theme/ui_theme_integration_test.gd[0m[38;2;250;235;215m > [0m[38;2;250;235;215mtest_ui_layout_class_exists[0m[38;2;34;139;34m STARTED[0m[38;2;250;235;215m[0m
  [38;2;250;235;215mres://tests/integration/ui_theme/ui_theme_integration_test.gd[0m[38;2;250;235;215m > [0m[38;2;250;235;215mtest_ui_layout_class_exists[0m[38;2;34;139;34m PASSED[0m[38;2;100;149;237m 4ms[0m
[38;2;250;235;215m[0m
  [38;2;250;235;215mres://tests/integration/ui_theme/ui_theme_integration_test.gd[0m[38;2;250;235;215m > [0m[38;2;250;235;215mtest_fade_duration_conflict_is_flagged_as_open[0m[38;2;34;139;34m STARTED[0m[38;2;250;235;215m[0m
WARNING: OPEN CONFLICT — ADR-0013 fade: 200ms  SceneManager.FADE_DURATION: 300ms. Resolve before ship. See STORY-UT-007 AC5.
   at: push_warning (core/variant/variant_utility.cpp:1034)
   GDScript backtrace (most recent call first):
       [0] test_fade_duration_conflict_is_flagged_as_open (res://tests/integration/ui_theme/ui_theme_integration_test.gd:120)
       [1] _execute_test_case (res://addons/gdUnit4/src/core/_TestCase.gd:94)
       [2] execute (res://addons/gdUnit4/src/core/_TestCase.gd:39)
       [3] _execute (res://addons/gdUnit4/src/core/execution/stages/single/GdUnitTestCaseSingleTestStage.gd:10)
       [4] execute (res://addons/gdUnit4/src/core/execution/stages/IGdUnitExecutionStage.gd:19)
       [5] _execute (res://addons/gdUnit4/src/core/execution/stages/single/GdUnitTestCaseSingleExecutionStage.gd:17)
       [6] execute (res://addons/gdUnit4/src/core/execution/stages/IGdUnitExecutionStage.gd:19)
       [7] _execute (res://addons/gdUnit4/src/core/execution/stages/GdUnitTestCaseExecutionStage.gd:24)
       [8] execute (res://addons/gdUnit4/src/core/execution/stages/IGdUnitExecutionStage.gd:19)
       [9] _execute (res://addons/gdUnit4/src/core/execution/stages/GdUnitTestSuiteExecutionStage.gd:32)
       [10] execute (res://addons/gdUnit4/src/core/execution/stages/IGdUnitExecutionStage.gd:19)
       [11] _execute (res://addons/gdUnit4/src/core/execution/stages/GdUnitTestCaseExecutionStage.gd:31)
       [12] execute (res://addons/gdUnit4/src/core/execution/stages/IGdUnitExecutionStage.gd:19)
       [13] _execute (res://addons/gdUnit4/src/core/execution/stages/single/GdUnitTestCaseSingleExecutionStage.gd:28)
       [14] execute (res://addons/gdUnit4/src/core/execution/stages/IGdUnitExecutionStage.gd:19)
       [15] _execute (res://addons/gdUnit4/src/core/execution/stages/single/GdUnitTestCaseSingleTestStage.gd:11)
       [16] execute (res://addons/gdUnit4/src/core/_TestCase.gd:40)
       [17] _execute_test_case (res://addons/gdUnit4/src/core/_TestCase.gd:98)
  [38;2;250;235;215mres://tests/integration/ui_theme/ui_theme_integration_test.gd[0m[38;2;250;235;215m > [0m[38;2;250;235;215mtest_fade_duration_conflict_is_flagged_as_open[0m[38;2;34;139;34m PASSED[0m[38;2;100;149;237m 4ms[0m
[38;2;250;235;215m[0m
[38;2;30;144;255mStatistics:[0m[38;2;250;235;215m 9 test cases | 0 errors | 0 failures | 0 flaky | 0 skipped | 0 orphans |[0m[38;2;34;139;34m PASSED[0m[38;2;100;149;237m 63ms[0m
[38;2;250;235;215m[0m
[38;2;250;235;215m[0m
[38;2;0;206;209mRun Test Suite: [0m[38;2;250;235;215mres://tests/unit/companion_data/companion_registry_test.gd[0m
  [38;2;250;235;215mres://tests/unit/companion_data/companion_registry_test.gd[0m[38;2;250;235;215m > [0m[38;2;250;235;215mtest_companion_registry_ready_loads_all_four_companions[0m[38;2;34;139;34m STARTED[0m[38;2;250;235;215m[0m
  [38;2;250;235;215mres://tests/unit/companion_data/companion_registry_test.gd[0m[38;2;250;235;215m > [0m[38;2;250;235;215mtest_companion_registry_ready_loads_all_four_companions[0m[38;2;34;139;34m PASSED[0m[38;2;100;149;237m 4ms[0m
  [38;2;0;206;209m[1m[4mReport:[0m
    [38;2;0;206;209m[38;2;0;255;0mline [0m[38;2;0;255;255m35:[0m [38;2;239;248;131mWARNING:[0m: Found [38;2;205;92;92m1[0m possible orphan nodes.[0m
    [38;2;0;206;209m	Add '[38;2;30;144;255mcollect_orphan_node_details()[0m' to the end of the test to collect details.[0m
[38;2;250;235;215m[0m
[38;2;250;235;215m[0m
  [38;2;250;235;215mres://tests/unit/companion_data/companion_registry_test.gd[0m[38;2;250;235;215m > [0m[38;2;250;235;215mtest_companion_registry_ready_loads_priestess_npc[0m[38;2;34;139;34m STARTED[0m[38;2;250;235;215m[0m
  [38;2;250;235;215mres://tests/unit/companion_data/companion_registry_test.gd[0m[38;2;250;235;215m > [0m[38;2;250;235;215mtest_companion_registry_ready_loads_priestess_npc[0m[38;2;34;139;34m PASSED[0m[38;2;100;149;237m 4ms[0m
  [38;2;0;206;209m[1m[4mReport:[0m
    [38;2;0;206;209m[38;2;0;255;0mline [0m[38;2;0;255;255m44:[0m [38;2;239;248;131mWARNING:[0m: Found [38;2;205;92;92m1[0m possible orphan nodes.[0m
    [38;2;0;206;209m	Add '[38;2;30;144;255mcollect_orphan_node_details()[0m' to the end of the test to collect details.[0m
[38;2;250;235;215m[0m
[38;2;250;235;215m[0m
  [38;2;250;235;215mres://tests/unit/companion_data/companion_registry_test.gd[0m[38;2;250;235;215m > [0m[38;2;250;235;215mtest_companion_registry_ready_total_profile_count_is_five[0m[38;2;34;139;34m STARTED[0m[38;2;250;235;215m[0m
  [38;2;250;235;215mres://tests/unit/companion_data/companion_registry_test.gd[0m[38;2;250;235;215m > [0m[38;2;250;235;215mtest_companion_registry_ready_total_profile_count_is_five[0m[38;2;34;139;34m PASSED[0m[38;2;100;149;237m 6ms[0m
  [38;2;0;206;209m[1m[4mReport:[0m
    [38;2;0;206;209m[38;2;0;255;0mline [0m[38;2;0;255;255m52:[0m [38;2;239;248;131mWARNING:[0m: Found [38;2;205;92;92m1[0m possible orphan nodes.[0m
    [38;2;0;206;209m	Add '[38;2;30;144;255mcollect_orphan_node_details()[0m' to the end of the test to collect details.[0m
[38;2;250;235;215m[0m
[38;2;250;235;215m[0m
  [38;2;250;235;215mres://tests/unit/companion_data/companion_registry_test.gd[0m[38;2;250;235;215m > [0m[38;2;250;235;215mtest_companion_registry_get_profile_artemis_has_id_key[0m[38;2;34;139;34m STARTED[0m[38;2;250;235;215m[0m
  [38;2;250;235;215mres://tests/unit/companion_data/companion_registry_test.gd[0m[38;2;250;235;215m > [0m[38;2;250;235;215mtest_companion_registry_get_profile_artemis_has_id_key[0m[38;2;34;139;34m PASSED[0m[38;2;100;149;237m 7ms[0m
  [38;2;0;206;209m[1m[4mReport:[0m
    [38;2;0;206;209m[38;2;0;255;0mline [0m[38;2;0;255;255m62:[0m [38;2;239;248;131mWARNING:[0m: Found [38;2;205;92;92m1[0m possible orphan nodes.[0m
    [38;2;0;206;209m	Add '[38;2;30;144;255mcollect_orphan_node_details()[0m' to the end of the test to collect details.[0m
[38;2;250;235;215m[0m
[38;2;250;235;215m[0m
  [38;2;250;235;215mres://tests/unit/companion_data/companion_registry_test.gd[0m[38;2;250;235;215m > [0m[38;2;250;235;215mtest_companion_registry_get_profile_artemis_has_display_name_key[0m[38;2;34;139;34m STARTED[0m[38;2;250;235;215m[0m
  [38;2;250;235;215mres://tests/unit/companion_data/companion_registry_test.gd[0m[38;2;250;235;215m > [0m[38;2;250;235;215mtest_companion_registry_get_profile_artemis_has_display_name_key[0m[38;2;34;139;34m PASSED[0m[38;2;100;149;237m 8ms[0m
  [38;2;0;206;209m[1m[4mReport:[0m
    [38;2;0;206;209m[38;2;0;255;0mline [0m[38;2;0;255;255m72:[0m [38;2;239;248;131mWARNING:[0m: Found [38;2;205;92;92m1[0m possible orphan nodes.[0m
    [38;2;0;206;209m	Add '[38;2;30;144;255mcollect_orphan_node_details()[0m' to the end of the test to collect details.[0m
[38;2;250;235;215m[0m
[38;2;250;235;215m[0m
  [38;2;250;235;215mres://tests/unit/companion_data/companion_registry_test.gd[0m[38;2;250;235;215m > [0m[38;2;250;235;215mtest_companion_registry_get_profile_artemis_has_role_key[0m[38;2;34;139;34m STARTED[0m[38;2;250;235;215m[0m
  [38;2;250;235;215mres://tests/unit/companion_data/companion_registry_test.gd[0m[38;2;250;235;215m > [0m[38;2;250;235;215mtest_companion_registry_get_profile_artemis_has_role_key[0m[38;2;34;139;34m PASSED[0m[38;2;100;149;237m 8ms[0m
  [38;2;0;206;209m[1m[4mReport:[0m
    [38;2;0;206;209m[38;2;0;255;0mline [0m[38;2;0;255;255m77:[0m [38;2;239;248;131mWARNING:[0m: Found [38;2;205;92;92m1[0m possible orphan nodes.[0m
    [38;2;0;206;209m	Add '[38;2;30;144;255mcollect_orphan_node_details()[0m' to the end of the test to collect details.[0m
[38;2;250;235;215m[0m
[38;2;250;235;215m[0m
  [38;2;250;235;215mres://tests/unit/companion_data/companion_registry_test.gd[0m[38;2;250;235;215m > [0m[38;2;250;235;215mtest_companion_registry_get_profile_artemis_has_element_key[0m[38;2;34;139;34m STARTED[0m[38;2;250;235;215m[0m
  [38;2;250;235;215mres://tests/unit/companion_data/companion_registry_test.gd[0m[38;2;250;235;215m > [0m[38;2;250;235;215mtest_companion_registry_get_profile_artemis_has_element_key[0m[38;2;34;139;34m PASSED[0m[38;2;100;149;237m 9ms[0m
  [38;2;0;206;209m[1m[4mReport:[0m
    [38;2;0;206;209m[38;2;0;255;0mline [0m[38;2;0;255;255m82:[0m [38;2;239;248;131mWARNING:[0m: Found [38;2;205;92;92m1[0m possible orphan nodes.[0m
    [38;2;0;206;209m	Add '[38;2;30;144;255mcollect_orphan_node_details()[0m' to the end of the test to collect details.[0m
[38;2;250;235;215m[0m
[38;2;250;235;215m[0m
  [38;2;250;235;215mres://tests/unit/companion_data/companion_registry_test.gd[0m[38;2;250;235;215m > [0m[38;2;250;235;215mtest_companion_registry_get_profile_artemis_has_str_key[0m[38;2;34;139;34m STARTED[0m[38;2;250;235;215m[0m
  [38;2;250;235;215mres://tests/unit/companion_data/companion_registry_test.gd[0m[38;2;250;235;215m > [0m[38;2;250;235;215mtest_companion_registry_get_profile_artemis_has_str_key[0m[38;2;34;139;34m PASSED[0m[38;2;100;149;237m 12ms[0m
  [38;2;0;206;209m[1m[4mReport:[0m
    [38;2;0;206;209m[38;2;0;255;0mline [0m[38;2;0;255;255m87:[0m [38;2;239;248;131mWARNING:[0m: Found [38;2;205;92;92m1[0m possible orphan nodes.[0m
    [38;2;0;206;209m	Add '[38;2;30;144;255mcollect_orphan_node_details()[0m' to the end of the test to collect details.[0m
[38;2;250;235;215m[0m
[38;2;250;235;215m[0m
  [38;2;250;235;215mres://tests/unit/companion_data/companion_registry_test.gd[0m[38;2;250;235;215m > [0m[38;2;250;235;215mtest_companion_registry_get_profile_artemis_has_int_key[0m[38;2;34;139;34m STARTED[0m[38;2;250;235;215m[0m
  [38;2;250;235;215mres://tests/unit/companion_data/companion_registry_test.gd[0m[38;2;250;235;215m > [0m[38;2;250;235;215mtest_companion_registry_get_profile_artemis_has_int_key[0m[38;2;34;139;34m PASSED[0m[38;2;100;149;237m 10ms[0m
  [38;2;0;206;209m[1m[4mReport:[0m
    [38;2;0;206;209m[38;2;0;255;0mline [0m[38;2;0;255;255m92:[0m [38;2;239;248;131mWARNING:[0m: Found [38;2;205;92;92m1[0m possible orphan nodes.[0m
    [38;2;0;206;209m	Add '[38;2;30;144;255mcollect_orphan_node_details()[0m' to the end of the test to collect details.[0m
[38;2;250;235;215m[0m
[38;2;250;235;215m[0m
  [38;2;250;235;215mres://tests/unit/companion_data/companion_registry_test.gd[0m[38;2;250;235;215m > [0m[38;2;250;235;215mtest_companion_registry_get_profile_artemis_has_agi_key[0m[38;2;34;139;34m STARTED[0m[38;2;250;235;215m[0m
  [38;2;250;235;215mres://tests/unit/companion_data/companion_registry_test.gd[0m[38;2;250;235;215m > [0m[38;2;250;235;215mtest_companion_registry_get_profile_artemis_has_agi_key[0m[38;2;34;139;34m PASSED[0m[38;2;100;149;237m 12ms[0m
  [38;2;0;206;209m[1m[4mReport:[0m
    [38;2;0;206;209m[38;2;0;255;0mline [0m[38;2;0;255;255m97:[0m [38;2;239;248;131mWARNING:[0m: Found [38;2;205;92;92m1[0m possible orphan nodes.[0m
    [38;2;0;206;209m	Add '[38;2;30;144;255mcollect_orphan_node_details()[0m' to the end of the test to collect details.[0m
[38;2;250;235;215m[0m
[38;2;250;235;215m[0m
  [38;2;250;235;215mres://tests/unit/companion_data/companion_registry_test.gd[0m[38;2;250;235;215m > [0m[38;2;250;235;215mtest_companion_registry_get_profile_artemis_has_card_value_key[0m[38;2;34;139;34m STARTED[0m[38;2;250;235;215m[0m
  [38;2;250;235;215mres://tests/unit/companion_data/companion_registry_test.gd[0m[38;2;250;235;215m > [0m[38;2;250;235;215mtest_companion_registry_get_profile_artemis_has_card_value_key[0m[38;2;34;139;34m PASSED[0m[38;2;100;149;237m 12ms[0m
  [38;2;0;206;209m[1m[4mReport:[0m
    [38;2;0;206;209m[38;2;0;255;0mline [0m[38;2;0;255;255m102:[0m [38;2;239;248;131mWARNING:[0m: Found [38;2;205;92;92m1[0m possible orphan nodes.[0m
    [38;2;0;206;209m	Add '[38;2;30;144;255mcollect_orphan_node_details()[0m' to the end of the test to collect details.[0m
[38;2;250;235;215m[0m
[38;2;250;235;215m[0m
  [38;2;250;235;215mres://tests/unit/companion_data/companion_registry_test.gd[0m[38;2;250;235;215m > [0m[38;2;250;235;215mtest_companion_registry_get_profile_artemis_has_starting_location_key[0m[38;2;34;139;34m STARTED[0m[38;2;250;235;215m[0m
  [38;2;250;235;215mres://tests/unit/companion_data/companion_registry_test.gd[0m[38;2;250;235;215m > [0m[38;2;250;235;215mtest_companion_registry_get_profile_artemis_has_starting_location_key[0m[38;2;34;139;34m PASSED[0m[38;2;100;149;237m 15ms[0m
  [38;2;0;206;209m[1m[4mReport:[0m
    [38;2;0;206;209m[38;2;0;255;0mline [0m[38;2;0;255;255m107:[0m [38;2;239;248;131mWARNING:[0m: Found [38;2;205;92;92m1[0m possible orphan nodes.[0m
    [38;2;0;206;209m	Add '[38;2;30;144;255mcollect_orphan_node_details()[0m' to the end of the test to collect details.[0m
[38;2;250;235;215m[0m
[38;2;250;235;215m[0m
  [38;2;250;235;215mres://tests/unit/companion_data/companion_registry_test.gd[0m[38;2;250;235;215m > [0m[38;2;250;235;215mtest_companion_registry_get_profile_artemis_has_portrait_path_base_key[0m[38;2;34;139;34m STARTED[0m[38;2;250;235;215m[0m
  [38;2;250;235;215mres://tests/unit/companion_data/companion_registry_test.gd[0m[38;2;250;235;215m > [0m[38;2;250;235;215mtest_companion_registry_get_profile_artemis_has_portrait_path_base_key[0m[38;2;34;139;34m PASSED[0m[38;2;100;149;237m 15ms[0m
  [38;2;0;206;209m[1m[4mReport:[0m
    [38;2;0;206;209m[38;2;0;255;0mline [0m[38;2;0;255;255m112:[0m [38;2;239;248;131mWARNING:[0m: Found [38;2;205;92;92m1[0m possible orphan nodes.[0m
    [38;2;0;206;209m	Add '[38;2;30;144;255mcollect_orphan_node_details()[0m' to the end of the test to collect details.[0m
[38;2;250;235;215m[0m
[38;2;250;235;215m[0m
  [38;2;250;235;215mres://tests/unit/companion_data/companion_registry_test.gd[0m[38;2;250;235;215m > [0m[38;2;250;235;215mtest_companion_registry_get_profile_artemis_stat_str_is_correct[0m[38;2;34;139;34m STARTED[0m[38;2;250;235;215m[0m
  [38;2;250;235;215mres://tests/unit/companion_data/companion_registry_test.gd[0m[38;2;250;235;215m > [0m[38;2;250;235;215mtest_companion_registry_get_profile_artemis_stat_str_is_correct[0m[38;2;34;139;34m PASSED[0m[38;2;100;149;237m 15ms[0m
  [38;2;0;206;209m[1m[4mReport:[0m
    [38;2;0;206;209m[38;2;0;255;0mline [0m[38;2;0;255;255m117:[0m [38;2;239;248;131mWARNING:[0m: Found [38;2;205;92;92m1[0m possible orphan nodes.[0m
    [38;2;0;206;209m	Add '[38;2;30;144;255mcollect_orphan_node_details()[0m' to the end of the test to collect details.[0m
[38;2;250;235;215m[0m
[38;2;250;235;215m[0m
  [38;2;250;235;215mres://tests/unit/companion_data/companion_registry_test.gd[0m[38;2;250;235;215m > [0m[38;2;250;235;215mtest_companion_registry_get_profile_artemis_element_is_earth[0m[38;2;34;139;34m STARTED[0m[38;2;250;235;215m[0m
  [38;2;250;235;215mres://tests/unit/companion_data/companion_registry_test.gd[0m[38;2;250;235;215m > [0m[38;2;250;235;215mtest_companion_registry_get_profile_artemis_element_is_earth[0m[38;2;34;139;34m PASSED[0m[38;2;100;149;237m 17ms[0m
  [38;2;0;206;209m[1m[4mReport:[0m
    [38;2;0;206;209m[38;2;0;255;0mline [0m[38;2;0;255;255m127:[0m [38;2;239;248;131mWARNING:[0m: Found [38;2;205;92;92m1[0m possible orphan nodes.[0m
    [38;2;0;206;209m	Add '[38;2;30;144;255mcollect_orphan_node_details()[0m' to the end of the test to collect details.[0m
[38;2;250;235;215m[0m
[38;2;250;235;215m[0m
  [38;2;250;235;215mres://tests/unit/companion_data/companion_registry_test.gd[0m[38;2;250;235;215m > [0m[38;2;250;235;215mtest_companion_registry_get_profile_unknown_id_returns_empty_dict[0m[38;2;34;139;34m STARTED[0m[38;2;250;235;215m[0m
  [38;2;250;235;215mres://tests/unit/companion_data/companion_registry_test.gd[0m[38;2;250;235;215m > [0m[38;2;250;235;215mtest_companion_registry_get_profile_unknown_id_returns_empty_dict[0m[38;2;34;139;34m PASSED[0m[38;2;100;149;237m 18ms[0m
  [38;2;0;206;209m[1m[4mReport:[0m
    [38;2;0;206;209m[38;2;0;255;0mline [0m[38;2;0;255;255m134:[0m [38;2;239;248;131mWARNING:[0m: Found [38;2;205;92;92m1[0m possible orphan nodes.[0m
    [38;2;0;206;209m	Add '[38;2;30;144;255mcollect_orphan_node_details()[0m' to the end of the test to collect details.[0m
[38;2;250;235;215m[0m
[38;2;250;235;215m[0m
  [38;2;250;235;215mres://tests/unit/companion_data/companion_registry_test.gd[0m[38;2;250;235;215m > [0m[38;2;250;235;215mtest_companion_registry_get_profile_empty_string_returns_empty_dict[0m[38;2;34;139;34m STARTED[0m[38;2;250;235;215m[0m
  [38;2;250;235;215mres://tests/unit/companion_data/companion_registry_test.gd[0m[38;2;250;235;215m > [0m[38;2;250;235;215mtest_companion_registry_get_profile_empty_string_returns_empty_dict[0m[38;2;34;139;34m PASSED[0m[38;2;100;149;237m 19ms[0m
  [38;2;0;206;209m[1m[4mReport:[0m
    [38;2;0;206;209m[38;2;0;255;0mline [0m[38;2;0;255;255m144:[0m [38;2;239;248;131mWARNING:[0m: Found [38;2;205;92;92m1[0m possible orphan nodes.[0m
    [38;2;0;206;209m	Add '[38;2;30;144;255mcollect_orphan_node_details()[0m' to the end of the test to collect details.[0m
[38;2;250;235;215m[0m
[38;2;250;235;215m[0m
  [38;2;250;235;215mres://tests/unit/companion_data/companion_registry_test.gd[0m[38;2;250;235;215m > [0m[38;2;250;235;215mtest_companion_registry_get_all_ids_returns_five_ids[0m[38;2;34;139;34m STARTED[0m[38;2;250;235;215m[0m
  [38;2;250;235;215mres://tests/unit/companion_data/companion_registry_test.gd[0m[38;2;250;235;215m > [0m[38;2;250;235;215mtest_companion_registry_get_all_ids_returns_five_ids[0m[38;2;34;139;34m PASSED[0m[38;2;100;149;237m 20ms[0m
  [38;2;0;206;209m[1m[4mReport:[0m
    [38;2;0;206;209m[38;2;0;255;0mline [0m[38;2;0;255;255m151:[0m [38;2;239;248;131mWARNING:[0m: Found [38;2;205;92;92m1[0m possible orphan nodes.[0m
    [38;2;0;206;209m	Add '[38;2;30;144;255mcollect_orphan_node_details()[0m' to the end of the test to collect details.[0m
[38;2;250;235;215m[0m
[38;2;250;235;215m[0m
  [38;2;250;235;215mres://tests/unit/companion_data/companion_registry_test.gd[0m[38;2;250;235;215m > [0m[38;2;250;235;215mtest_companion_registry_get_all_ids_contains_artemis[0m[38;2;34;139;34m STARTED[0m[38;2;250;235;215m[0m
  [38;2;250;235;215mres://tests/unit/companion_data/companion_registry_test.gd[0m[38;2;250;235;215m > [0m[38;2;250;235;215mtest_companion_registry_get_all_ids_contains_artemis[0m[38;2;34;139;34m PASSED[0m[38;2;100;149;237m 21ms[0m
  [38;2;0;206;209m[1m[4mReport:[0m
    [38;2;0;206;209m[38;2;0;255;0mline [0m[38;2;0;255;255m161:[0m [38;2;239;248;131mWARNING:[0m: Found [38;2;205;92;92m1[0m possible orphan nodes.[0m
    [38;2;0;206;209m	Add '[38;2;30;144;255mcollect_orphan_node_details()[0m' to the end of the test to collect details.[0m
[38;2;250;235;215m[0m
[38;2;250;235;215m[0m
  [38;2;250;235;215mres://tests/unit/companion_data/companion_registry_test.gd[0m[38;2;250;235;215m > [0m[38;2;250;235;215mtest_companion_registry_get_all_ids_contains_hipolita[0m[38;2;34;139;34m STARTED[0m[38;2;250;235;215m[0m
  [38;2;250;235;215mres://tests/unit/companion_data/companion_registry_test.gd[0m[38;2;250;235;215m > [0m[38;2;250;235;215mtest_companion_registry_get_all_ids_contains_hipolita[0m[38;2;34;139;34m PASSED[0m[38;2;100;149;237m 22ms[0m
  [38;2;0;206;209m[1m[4mReport:[0m
    [38;2;0;206;209m[38;2;0;255;0mline [0m[38;2;0;255;255m166:[0m [38;2;239;248;131mWARNING:[0m: Found [38;2;205;92;92m1[0m possible orphan nodes.[0m
    [38;2;0;206;209m	Add '[38;2;30;144;255mcollect_orphan_node_details()[0m' to the end of the test to collect details.[0m
[38;2;250;235;215m[0m
[38;2;250;235;215m[0m
  [38;2;250;235;215mres://tests/unit/companion_data/companion_registry_test.gd[0m[38;2;250;235;215m > [0m[38;2;250;235;215mtest_companion_registry_get_all_ids_contains_atenea[0m[38;2;34;139;34m STARTED[0m[38;2;250;235;215m[0m
  [38;2;250;235;215mres://tests/unit/companion_data/companion_registry_test.gd[0m[38;2;250;235;215m > [0m[38;2;250;235;215mtest_companion_registry_get_all_ids_contains_atenea[0m[38;2;34;139;34m PASSED[0m[38;2;100;149;237m 23ms[0m
  [38;2;0;206;209m[1m[4mReport:[0m
    [38;2;0;206;209m[38;2;0;255;0mline [0m[38;2;0;255;255m171:[0m [38;2;239;248;131mWARNING:[0m: Found [38;2;205;92;92m1[0m possible orphan nodes.[0m
    [38;2;0;206;209m	Add '[38;2;30;144;255mcollect_orphan_node_details()[0m' to the end of the test to collect details.[0m
[38;2;250;235;215m[0m
[38;2;250;235;215m[0m
  [38;2;250;235;215mres://tests/unit/companion_data/companion_registry_test.gd[0m[38;2;250;235;215m > [0m[38;2;250;235;215mtest_companion_registry_get_all_ids_contains_nyx[0m[38;2;34;139;34m STARTED[0m[38;2;250;235;215m[0m
  [38;2;250;235;215mres://tests/unit/companion_data/companion_registry_test.gd[0m[38;2;250;235;215m > [0m[38;2;250;235;215mtest_companion_registry_get_all_ids_contains_nyx[0m[38;2;34;139;34m PASSED[0m[38;2;100;149;237m 24ms[0m
  [38;2;0;206;209m[1m[4mReport:[0m
    [38;2;0;206;209m[38;2;0;255;0mline [0m[38;2;0;255;255m176:[0m [38;2;239;248;131mWARNING:[0m: Found [38;2;205;92;92m1[0m possible orphan nodes.[0m
    [38;2;0;206;209m	Add '[38;2;30;144;255mcollect_orphan_node_details()[0m' to the end of the test to collect details.[0m
[38;2;250;235;215m[0m
[38;2;250;235;215m[0m
  [38;2;250;235;215mres://tests/unit/companion_data/companion_registry_test.gd[0m[38;2;250;235;215m > [0m[38;2;250;235;215mtest_companion_registry_get_all_ids_contains_priestess[0m[38;2;34;139;34m STARTED[0m[38;2;250;235;215m[0m
  [38;2;250;235;215mres://tests/unit/companion_data/companion_registry_test.gd[0m[38;2;250;235;215m > [0m[38;2;250;235;215mtest_companion_registry_get_all_ids_contains_priestess[0m[38;2;34;139;34m PASSED[0m[38;2;100;149;237m 26ms[0m
  [38;2;0;206;209m[1m[4mReport:[0m
    [38;2;0;206;209m[38;2;0;255;0mline [0m[38;2;0;255;255m181:[0m [38;2;239;248;131mWARNING:[0m: Found [38;2;205;92;92m1[0m possible orphan nodes.[0m
    [38;2;0;206;209m	Add '[38;2;30;144;255mcollect_orphan_node_details()[0m' to the end of the test to collect details.[0m
[38;2;250;235;215m[0m
[38;2;250;235;215m[0m
  [38;2;250;235;215mres://tests/unit/companion_data/companion_registry_test.gd[0m[38;2;250;235;215m > [0m[38;2;250;235;215mtest_companion_registry_get_portrait_path_artemis_neutral_has_correct_format[0m[38;2;34;139;34m STARTED[0m[38;2;250;235;215m[0m
  [38;2;250;235;215mres://tests/unit/companion_data/companion_registry_test.gd[0m[38;2;250;235;215m > [0m[38;2;250;235;215mtest_companion_registry_get_portrait_path_artemis_neutral_has_correct_format[0m[38;2;34;139;34m PASSED[0m[38;2;100;149;237m 25ms[0m
  [38;2;0;206;209m[1m[4mReport:[0m
    [38;2;0;206;209m[38;2;0;255;0mline [0m[38;2;0;255;255m188:[0m [38;2;239;248;131mWARNING:[0m: Found [38;2;205;92;92m1[0m possible orphan nodes.[0m
    [38;2;0;206;209m	Add '[38;2;30;144;255mcollect_orphan_node_details()[0m' to the end of the test to collect details.[0m
[38;2;250;235;215m[0m
[38;2;250;235;215m[0m
  [38;2;250;235;215mres://tests/unit/companion_data/companion_registry_test.gd[0m[38;2;250;235;215m > [0m[38;2;250;235;215mtest_companion_registry_get_portrait_path_hipolita_angry_has_correct_format[0m[38;2;34;139;34m STARTED[0m[38;2;250;235;215m[0m
  [38;2;250;235;215mres://tests/unit/companion_data/companion_registry_test.gd[0m[38;2;250;235;215m > [0m[38;2;250;235;215mtest_companion_registry_get_portrait_path_hipolita_angry_has_correct_format[0m[38;2;34;139;34m PASSED[0m[38;2;100;149;237m 33ms[0m
  [38;2;0;206;209m[1m[4mReport:[0m
    [38;2;0;206;209m[38;2;0;255;0mline [0m[38;2;0;255;255m203:[0m [38;2;239;248;131mWARNING:[0m: Found [38;2;205;92;92m1[0m possible orphan nodes.[0m
    [38;2;0;206;209m	Add '[38;2;30;144;255mcollect_orphan_node_details()[0m' to the end of the test to collect details.[0m
[38;2;250;235;215m[0m
[38;2;250;235;215m[0m
  [38;2;250;235;215mres://tests/unit/companion_data/companion_registry_test.gd[0m[38;2;250;235;215m > [0m[38;2;250;235;215mtest_companion_registry_get_portrait_path_nyx_happy_has_correct_format[0m[38;2;34;139;34m STARTED[0m[38;2;250;235;215m[0m
  [38;2;250;235;215mres://tests/unit/companion_data/companion_registry_test.gd[0m[38;2;250;235;215m > [0m[38;2;250;235;215mtest_companion_registry_get_portrait_path_nyx_happy_has_correct_format[0m[38;2;34;139;34m PASSED[0m[38;2;100;149;237m 28ms[0m
  [38;2;0;206;209m[1m[4mReport:[0m
    [38;2;0;206;209m[38;2;0;255;0mline [0m[38;2;0;255;255m215:[0m [38;2;239;248;131mWARNING:[0m: Found [38;2;205;92;92m1[0m possible orphan nodes.[0m
    [38;2;0;206;209m	Add '[38;2;30;144;255mcollect_orphan_node_details()[0m' to the end of the test to collect details.[0m
[38;2;250;235;215m[0m
[38;2;250;235;215m[0m
  [38;2;250;235;215mres://tests/unit/companion_data/companion_registry_test.gd[0m[38;2;250;235;215m > [0m[38;2;250;235;215mtest_companion_registry_get_portrait_path_default_mood_and_explicit_neutral_produce_same_path[0m[38;2;34;139;34m STARTED[0m[38;2;250;235;215m[0m
  [38;2;250;235;215mres://tests/unit/companion_data/companion_registry_test.gd[0m[38;2;250;235;215m > [0m[38;2;250;235;215mtest_companion_registry_get_portrait_path_default_mood_and_explicit_neutral_produce_same_path[0m[38;2;34;139;34m PASSED[0m[38;2;100;149;237m 30ms[0m
  [38;2;0;206;209m[1m[4mReport:[0m
    [38;2;0;206;209m[38;2;0;255;0mline [0m[38;2;0;255;255m227:[0m [38;2;239;248;131mWARNING:[0m: Found [38;2;205;92;92m1[0m possible orphan nodes.[0m
    [38;2;0;206;209m	Add '[38;2;30;144;255mcollect_orphan_node_details()[0m' to the end of the test to collect details.[0m
[38;2;250;235;215m[0m
[38;2;250;235;215m[0m
  [38;2;250;235;215mres://tests/unit/companion_data/companion_registry_test.gd[0m[38;2;250;235;215m > [0m[38;2;250;235;215mtest_companion_registry_get_portrait_path_unknown_id_returns_placeholder[0m[38;2;34;139;34m STARTED[0m[38;2;250;235;215m[0m
  [38;2;250;235;215mres://tests/unit/companion_data/companion_registry_test.gd[0m[38;2;250;235;215m > [0m[38;2;250;235;215mtest_companion_registry_get_portrait_path_unknown_id_returns_placeholder[0m[38;2;34;139;34m PASSED[0m[38;2;100;149;237m 30ms[0m
  [38;2;0;206;209m[1m[4mReport:[0m
    [38;2;0;206;209m[38;2;0;255;0mline [0m[38;2;0;255;255m240:[0m [38;2;239;248;131mWARNING:[0m: Found [38;2;205;92;92m1[0m possible orphan nodes.[0m
    [38;2;0;206;209m	Add '[38;2;30;144;255mcollect_orphan_node_details()[0m' to the end of the test to collect details.[0m
[38;2;250;235;215m[0m
[38;2;250;235;215m[0m
  [38;2;250;235;215mres://tests/unit/companion_data/companion_registry_test.gd[0m[38;2;250;235;215m > [0m[38;2;250;235;215mtest_companion_registry_get_portrait_path_all_six_moods_produce_unique_format_strings[0m[38;2;34;139;34m STARTED[0m[38;2;250;235;215m[0m
  [38;2;250;235;215mres://tests/unit/companion_data/companion_registry_test.gd[0m[38;2;250;235;215m > [0m[38;2;250;235;215mtest_companion_registry_get_portrait_path_all_six_moods_produce_unique_format_strings[0m[38;2;34;139;34m PASSED[0m[38;2;100;149;237m 30ms[0m
  [38;2;0;206;209m[1m[4mReport:[0m
    [38;2;0;206;209m[38;2;0;255;0mline [0m[38;2;0;255;255m250:[0m [38;2;239;248;131mWARNING:[0m: Found [38;2;205;92;92m1[0m possible orphan nodes.[0m
    [38;2;0;206;209m	Add '[38;2;30;144;255mcollect_orphan_node_details()[0m' to the end of the test to collect details.[0m
[38;2;250;235;215m[0m
[38;2;250;235;215m[0m
  [38;2;250;235;215mres://tests/unit/companion_data/companion_registry_test.gd[0m[38;2;250;235;215m > [0m[38;2;250;235;215mtest_companion_registry_get_profile_returns_defensive_copy[0m[38;2;34;139;34m STARTED[0m[38;2;250;235;215m[0m
  [38;2;250;235;215mres://tests/unit/companion_data/companion_registry_test.gd[0m[38;2;250;235;215m > [0m[38;2;250;235;215mtest_companion_registry_get_profile_returns_defensive_copy[0m[38;2;34;139;34m PASSED[0m[38;2;100;149;237m 31ms[0m
  [38;2;0;206;209m[1m[4mReport:[0m
    [38;2;0;206;209m[38;2;0;255;0mline [0m[38;2;0;255;255m268:[0m [38;2;239;248;131mWARNING:[0m: Found [38;2;205;92;92m1[0m possible orphan nodes.[0m
    [38;2;0;206;209m	Add '[38;2;30;144;255mcollect_orphan_node_details()[0m' to the end of the test to collect details.[0m
[38;2;250;235;215m[0m
[38;2;250;235;215m[0m
  [38;2;250;235;215mres://tests/unit/companion_data/companion_registry_test.gd[0m[38;2;250;235;215m > [0m[38;2;250;235;215mtest_companion_registry_get_profile_mutation_does_not_affect_other_callers[0m[38;2;34;139;34m STARTED[0m[38;2;250;235;215m[0m
  [38;2;250;235;215mres://tests/unit/companion_data/companion_registry_test.gd[0m[38;2;250;235;215m > [0m[38;2;250;235;215mtest_companion_registry_get_profile_mutation_does_not_affect_other_callers[0m[38;2;34;139;34m PASSED[0m[38;2;100;149;237m 33ms[0m
  [38;2;0;206;209m[1m[4mReport:[0m
    [38;2;0;206;209m[38;2;0;255;0mline [0m[38;2;0;255;255m281:[0m [38;2;239;248;131mWARNING:[0m: Found [38;2;205;92;92m1[0m possible orphan nodes.[0m
    [38;2;0;206;209m	Add '[38;2;30;144;255mcollect_orphan_node_details()[0m' to the end of the test to collect details.[0m
[38;2;250;235;215m[0m
[38;2;250;235;215m[0m
  [38;2;250;235;215mres://tests/unit/companion_data/companion_registry_test.gd[0m[38;2;250;235;215m > [0m[38;2;250;235;215mtest_companion_registry_get_profile_known_id_completes_within_one_ms[0m[38;2;34;139;34m STARTED[0m[38;2;250;235;215m[0m
  [38;2;250;235;215mres://tests/unit/companion_data/companion_registry_test.gd[0m[38;2;250;235;215m > [0m[38;2;250;235;215mtest_companion_registry_get_profile_known_id_completes_within_one_ms[0m[38;2;34;139;34m PASSED[0m[38;2;100;149;237m 33ms[0m
  [38;2;0;206;209m[1m[4mReport:[0m
    [38;2;0;206;209m[38;2;0;255;0mline [0m[38;2;0;255;255m295:[0m [38;2;239;248;131mWARNING:[0m: Found [38;2;205;92;92m1[0m possible orphan nodes.[0m
    [38;2;0;206;209m	Add '[38;2;30;144;255mcollect_orphan_node_details()[0m' to the end of the test to collect details.[0m
[38;2;250;235;215m[0m
[38;2;250;235;215m[0m
[38;2;30;144;255mStatistics:[0m[38;2;250;235;215m 32 test cases | 0 errors | 0 failures | 0 flaky | 0 skipped | 32 orphans |[0m[38;2;34;139;34m PASSED[0m[38;2;100;149;237m 873ms[0m
[38;2;250;235;215m[0m
[38;2;250;235;215m[0m
[38;2;0;206;209mRun Test Suite: [0m[38;2;250;235;215mres://tests/unit/companion_data/companion_state_test.gd[0m
  [38;2;250;235;215mres://tests/unit/companion_data/companion_state_test.gd[0m[38;2;250;235;215m > [0m[38;2;250;235;215mtest_companion_state_get_state_returns_relationship_level_key[0m[38;2;34;139;34m STARTED[0m[38;2;250;235;215m[0m
  [38;2;250;235;215mres://tests/unit/companion_data/companion_state_test.gd[0m[38;2;250;235;215m > [0m[38;2;250;235;215mtest_companion_state_get_state_returns_relationship_level_key[0m[38;2;34;139;34m PASSED[0m[38;2;100;149;237m 32ms[0m
[38;2;250;235;215m[0m
  [38;2;250;235;215mres://tests/unit/companion_data/companion_state_test.gd[0m[38;2;250;235;215m > [0m[38;2;250;235;215mtest_companion_state_get_state_returns_trust_key[0m[38;2;34;139;34m STARTED[0m[38;2;250;235;215m[0m
  [38;2;250;235;215mres://tests/unit/companion_data/companion_state_test.gd[0m[38;2;250;235;215m > [0m[38;2;250;235;215mtest_companion_state_get_state_returns_trust_key[0m[38;2;34;139;34m PASSED[0m[38;2;100;149;237m 34ms[0m
[38;2;250;235;215m[0m
  [38;2;250;235;215mres://tests/unit/companion_data/companion_state_test.gd[0m[38;2;250;235;215m > [0m[38;2;250;235;215mtest_companion_state_get_state_returns_motivation_key[0m[38;2;34;139;34m STARTED[0m[38;2;250;235;215m[0m
  [38;2;250;235;215mres://tests/unit/companion_data/companion_state_test.gd[0m[38;2;250;235;215m > [0m[38;2;250;235;215mtest_companion_state_get_state_returns_motivation_key[0m[38;2;34;139;34m PASSED[0m[38;2;100;149;237m 34ms[0m
[38;2;250;235;215m[0m
  [38;2;250;235;215mres://tests/unit/companion_data/companion_state_test.gd[0m[38;2;250;235;215m > [0m[38;2;250;235;215mtest_companion_state_get_state_returns_romance_stage_key[0m[38;2;34;139;34m STARTED[0m[38;2;250;235;215m[0m
  [38;2;250;235;215mres://tests/unit/companion_data/companion_state_test.gd[0m[38;2;250;235;215m > [0m[38;2;250;235;215mtest_companion_state_get_state_returns_romance_stage_key[0m[38;2;34;139;34m PASSED[0m[38;2;100;149;237m 33ms[0m
[38;2;250;235;215m[0m
  [38;2;250;235;215mres://tests/unit/companion_data/companion_state_test.gd[0m[38;2;250;235;215m > [0m[38;2;250;235;215mtest_companion_state_get_state_returns_dates_completed_key[0m[38;2;34;139;34m STARTED[0m[38;2;250;235;215m[0m
  [38;2;250;235;215mres://tests/unit/companion_data/companion_state_test.gd[0m[38;2;250;235;215m > [0m[38;2;250;235;215mtest_companion_state_get_state_returns_dates_completed_key[0m[38;2;34;139;34m PASSED[0m[38;2;100;149;237m 35ms[0m
[38;2;250;235;215m[0m
  [38;2;250;235;215mres://tests/unit/companion_data/companion_state_test.gd[0m[38;2;250;235;215m > [0m[38;2;250;235;215mtest_companion_state_get_state_returns_met_key[0m[38;2;34;139;34m STARTED[0m[38;2;250;235;215m[0m
  [38;2;250;235;215mres://tests/unit/companion_data/companion_state_test.gd[0m[38;2;250;235;215m > [0m[38;2;250;235;215mtest_companion_state_get_state_returns_met_key[0m[38;2;34;139;34m PASSED[0m[38;2;100;149;237m 33ms[0m
[38;2;250;235;215m[0m
  [38;2;250;235;215mres://tests/unit/companion_data/companion_state_test.gd[0m[38;2;250;235;215m > [0m[38;2;250;235;215mtest_companion_state_get_state_returns_known_likes_key[0m[38;2;34;139;34m STARTED[0m[38;2;250;235;215m[0m
  [38;2;250;235;215mres://tests/unit/companion_data/companion_state_test.gd[0m[38;2;250;235;215m > [0m[38;2;250;235;215mtest_companion_state_get_state_returns_known_likes_key[0m[38;2;34;139;34m PASSED[0m[38;2;100;149;237m 34ms[0m
[38;2;250;235;215m[0m
  [38;2;250;235;215mres://tests/unit/companion_data/companion_state_test.gd[0m[38;2;250;235;215m > [0m[38;2;250;235;215mtest_companion_state_get_state_returns_known_dislikes_key[0m[38;2;34;139;34m STARTED[0m[38;2;250;235;215m[0m
  [38;2;250;235;215mres://tests/unit/companion_data/companion_state_test.gd[0m[38;2;250;235;215m > [0m[38;2;250;235;215mtest_companion_state_get_state_returns_known_dislikes_key[0m[38;2;34;139;34m PASSED[0m[38;2;100;149;237m 34ms[0m
[38;2;250;235;215m[0m
  [38;2;250;235;215mres://tests/unit/companion_data/companion_state_test.gd[0m[38;2;250;235;215m > [0m[38;2;250;235;215mtest_companion_state_get_state_unknown_id_returns_empty_dict[0m[38;2;34;139;34m STARTED[0m[38;2;250;235;215m[0m
  [38;2;250;235;215mres://tests/unit/companion_data/companion_state_test.gd[0m[38;2;250;235;215m > [0m[38;2;250;235;215mtest_companion_state_get_state_unknown_id_returns_empty_dict[0m[38;2;34;139;34m PASSED[0m[38;2;100;149;237m 34ms[0m
[38;2;250;235;215m[0m
  [38;2;250;235;215mres://tests/unit/companion_data/companion_state_test.gd[0m[38;2;250;235;215m > [0m[38;2;250;235;215mtest_companion_state_get_romance_stage_level_55_returns_stage_2[0m[38;2;34;139;34m STARTED[0m[38;2;250;235;215m[0m
  [38;2;250;235;215mres://tests/unit/companion_data/companion_state_test.gd[0m[38;2;250;235;215m > [0m[38;2;250;235;215mtest_companion_state_get_romance_stage_level_55_returns_stage_2[0m[38;2;34;139;34m PASSED[0m[38;2;100;149;237m 35ms[0m
[38;2;250;235;215m[0m
  [38;2;250;235;215mres://tests/unit/companion_data/companion_state_test.gd[0m[38;2;250;235;215m > [0m[38;2;250;235;215mtest_companion_state_get_state_level_55_includes_romance_stage_2[0m[38;2;34;139;34m STARTED[0m[38;2;250;235;215m[0m
  [38;2;250;235;215mres://tests/unit/companion_data/companion_state_test.gd[0m[38;2;250;235;215m > [0m[38;2;250;235;215mtest_companion_state_get_state_level_55_includes_romance_stage_2[0m[38;2;34;139;34m PASSED[0m[38;2;100;149;237m 33ms[0m
[38;2;250;235;215m[0m
  [38;2;250;235;215mres://tests/unit/companion_data/companion_state_test.gd[0m[38;2;250;235;215m > [0m[38;2;250;235;215mtest_companion_state_get_romance_stage_level_0_returns_stage_0[0m[38;2;34;139;34m STARTED[0m[38;2;250;235;215m[0m
  [38;2;250;235;215mres://tests/unit/companion_data/companion_state_test.gd[0m[38;2;250;235;215m > [0m[38;2;250;235;215mtest_companion_state_get_romance_stage_level_0_returns_stage_0[0m[38;2;34;139;34m PASSED[0m[38;2;100;149;237m 36ms[0m
[38;2;250;235;215m[0m
  [38;2;250;235;215mres://tests/unit/companion_data/companion_state_test.gd[0m[38;2;250;235;215m > [0m[38;2;250;235;215mtest_companion_state_get_romance_stage_level_91_returns_stage_4[0m[38;2;34;139;34m STARTED[0m[38;2;250;235;215m[0m
  [38;2;250;235;215mres://tests/unit/companion_data/companion_state_test.gd[0m[38;2;250;235;215m > [0m[38;2;250;235;215mtest_companion_state_get_romance_stage_level_91_returns_stage_4[0m[38;2;34;139;34m PASSED[0m[38;2;100;149;237m 34ms[0m
[38;2;250;235;215m[0m
  [38;2;250;235;215mres://tests/unit/companion_data/companion_state_test.gd[0m[38;2;250;235;215m > [0m[38;2;250;235;215mtest_companion_state_get_romance_stage_level_100_returns_stage_4[0m[38;2;34;139;34m STARTED[0m[38;2;250;235;215m[0m
  [38;2;250;235;215mres://tests/unit/companion_data/companion_state_test.gd[0m[38;2;250;235;215m > [0m[38;2;250;235;215mtest_companion_state_get_romance_stage_level_100_returns_stage_4[0m[38;2;34;139;34m PASSED[0m[38;2;100;149;237m 34ms[0m
[38;2;250;235;215m[0m
  [38;2;250;235;215mres://tests/unit/companion_data/companion_state_test.gd[0m[38;2;250;235;215m > [0m[38;2;250;235;215mtest_companion_state_romance_stage_does_not_decrease_when_level_drops[0m[38;2;34;139;34m STARTED[0m[38;2;250;235;215m[0m
  [38;2;250;235;215mres://tests/unit/companion_data/companion_state_test.gd[0m[38;2;250;235;215m > [0m[38;2;250;235;215mtest_companion_state_romance_stage_does_not_decrease_when_level_drops[0m[38;2;34;139;34m PASSED[0m[38;2;100;149;237m 34ms[0m
[38;2;250;235;215m[0m
  [38;2;250;235;215mres://tests/unit/companion_data/companion_state_test.gd[0m[38;2;250;235;215m > [0m[38;2;250;235;215mtest_companion_state_romance_stage_stays_at_max_after_level_reset_to_zero[0m[38;2;34;139;34m STARTED[0m[38;2;250;235;215m[0m
  [38;2;250;235;215mres://tests/unit/companion_data/companion_state_test.gd[0m[38;2;250;235;215m > [0m[38;2;250;235;215mtest_companion_state_romance_stage_stays_at_max_after_level_reset_to_zero[0m[38;2;34;139;34m PASSED[0m[38;2;100;149;237m 35ms[0m
[38;2;250;235;215m[0m
  [38;2;250;235;215mres://tests/unit/companion_data/companion_state_test.gd[0m[38;2;250;235;215m > [0m[38;2;250;235;215mtest_companion_state_set_relationship_level_clamps_above_100[0m[38;2;34;139;34m STARTED[0m[38;2;250;235;215m[0m
  [38;2;250;235;215mres://tests/unit/companion_data/companion_state_test.gd[0m[38;2;250;235;215m > [0m[38;2;250;235;215mtest_companion_state_set_relationship_level_clamps_above_100[0m[38;2;34;139;34m PASSED[0m[38;2;100;149;237m 34ms[0m
[38;2;250;235;215m[0m
  [38;2;250;235;215mres://tests/unit/companion_data/companion_state_test.gd[0m[38;2;250;235;215m > [0m[38;2;250;235;215mtest_companion_state_set_relationship_level_clamps_below_zero[0m[38;2;34;139;34m STARTED[0m[38;2;250;235;215m[0m
  [38;2;250;235;215mres://tests/unit/companion_data/companion_state_test.gd[0m[38;2;250;235;215m > [0m[38;2;250;235;215mtest_companion_state_set_relationship_level_clamps_below_zero[0m[38;2;34;139;34m PASSED[0m[38;2;100;149;237m 37ms[0m
[38;2;250;235;215m[0m
  [38;2;250;235;215mres://tests/unit/companion_data/companion_state_test.gd[0m[38;2;250;235;215m > [0m[38;2;250;235;215mtest_companion_state_set_relationship_level_stores_valid_value_unmodified[0m[38;2;34;139;34m STARTED[0m[38;2;250;235;215m[0m
  [38;2;250;235;215mres://tests/unit/companion_data/companion_state_test.gd[0m[38;2;250;235;215m > [0m[38;2;250;235;215mtest_companion_state_set_relationship_level_stores_valid_value_unmodified[0m[38;2;34;139;34m PASSED[0m[38;2;100;149;237m 36ms[0m
[38;2;250;235;215m[0m
[38;2;30;144;255mStatistics:[0m[38;2;250;235;215m 19 test cases | 0 errors | 0 failures | 0 flaky | 0 skipped | 0 orphans |[0m[38;2;34;139;34m PASSED[0m[38;2;100;149;237m 749ms[0m
[38;2;250;235;215m[0m
[38;2;250;235;215m[0m
[38;2;0;206;209mRun Test Suite: [0m[38;2;250;235;215mres://tests/unit/companion_data/element_suit_mapping_test.gd[0m
  [38;2;250;235;215mres://tests/unit/companion_data/element_suit_mapping_test.gd[0m[38;2;250;235;215m > [0m[38;2;250;235;215mtest_element_suit_mapping_companion_element_fire_is_accessible[0m[38;2;34;139;34m STARTED[0m[38;2;250;235;215m[0m
  [38;2;250;235;215mres://tests/unit/companion_data/element_suit_mapping_test.gd[0m[38;2;250;235;215m > [0m[38;2;250;235;215mtest_element_suit_mapping_companion_element_fire_is_accessible[0m[38;2;34;139;34m PASSED[0m[38;2;100;149;237m 33ms[0m
[38;2;250;235;215m[0m
  [38;2;250;235;215mres://tests/unit/companion_data/element_suit_mapping_test.gd[0m[38;2;250;235;215m > [0m[38;2;250;235;215mtest_element_suit_mapping_companion_element_water_is_accessible[0m[38;2;34;139;34m STARTED[0m[38;2;250;235;215m[0m
  [38;2;250;235;215mres://tests/unit/companion_data/element_suit_mapping_test.gd[0m[38;2;250;235;215m > [0m[38;2;250;235;215mtest_element_suit_mapping_companion_element_water_is_accessible[0m[38;2;34;139;34m PASSED[0m[38;2;100;149;237m 33ms[0m
[38;2;250;235;215m[0m
  [38;2;250;235;215mres://tests/unit/companion_data/element_suit_mapping_test.gd[0m[38;2;250;235;215m > [0m[38;2;250;235;215mtest_element_suit_mapping_companion_element_earth_is_accessible[0m[38;2;34;139;34m STARTED[0m[38;2;250;235;215m[0m
  [38;2;250;235;215mres://tests/unit/companion_data/element_suit_mapping_test.gd[0m[38;2;250;235;215m > [0m[38;2;250;235;215mtest_element_suit_mapping_companion_element_earth_is_accessible[0m[38;2;34;139;34m PASSED[0m[38;2;100;149;237m 33ms[0m
[38;2;250;235;215m[0m
  [38;2;250;235;215mres://tests/unit/companion_data/element_suit_mapping_test.gd[0m[38;2;250;235;215m > [0m[38;2;250;235;215mtest_element_suit_mapping_companion_element_lightning_is_accessible[0m[38;2;34;139;34m STARTED[0m[38;2;250;235;215m[0m
  [38;2;250;235;215mres://tests/unit/companion_data/element_suit_mapping_test.gd[0m[38;2;250;235;215m > [0m[38;2;250;235;215mtest_element_suit_mapping_companion_element_lightning_is_accessible[0m[38;2;34;139;34m PASSED[0m[38;2;100;149;237m 34ms[0m
[38;2;250;235;215m[0m
  [38;2;250;235;215mres://tests/unit/companion_data/element_suit_mapping_test.gd[0m[38;2;250;235;215m > [0m[38;2;250;235;215mtest_element_suit_mapping_all_four_enum_values_are_distinct[0m[38;2;34;139;34m STARTED[0m[38;2;250;235;215m[0m
  [38;2;250;235;215mres://tests/unit/companion_data/element_suit_mapping_test.gd[0m[38;2;250;235;215m > [0m[38;2;250;235;215mtest_element_suit_mapping_all_four_enum_values_are_distinct[0m[38;2;34;139;34m PASSED[0m[38;2;100;149;237m 33ms[0m
[38;2;250;235;215m[0m
  [38;2;250;235;215mres://tests/unit/companion_data/element_suit_mapping_test.gd[0m[38;2;250;235;215m > [0m[38;2;250;235;215mtest_element_suit_mapping_hearts_returns_fire[0m[38;2;34;139;34m STARTED[0m[38;2;250;235;215m[0m
  [38;2;250;235;215mres://tests/unit/companion_data/element_suit_mapping_test.gd[0m[38;2;250;235;215m > [0m[38;2;250;235;215mtest_element_suit_mapping_hearts_returns_fire[0m[38;2;34;139;34m PASSED[0m[38;2;100;149;237m 34ms[0m
  [38;2;0;206;209m[1m[4mReport:[0m
    [38;2;0;206;209m[38;2;0;255;0mline [0m[38;2;0;255;255m64:[0m [38;2;239;248;131mWARNING:[0m: Found [38;2;205;92;92m1[0m possible orphan nodes.[0m
    [38;2;0;206;209m	Add '[38;2;30;144;255mcollect_orphan_node_details()[0m' to the end of the test to collect details.[0m
[38;2;250;235;215m[0m
[38;2;250;235;215m[0m
  [38;2;250;235;215mres://tests/unit/companion_data/element_suit_mapping_test.gd[0m[38;2;250;235;215m > [0m[38;2;250;235;215mtest_element_suit_mapping_diamonds_returns_water[0m[38;2;34;139;34m STARTED[0m[38;2;250;235;215m[0m
  [38;2;250;235;215mres://tests/unit/companion_data/element_suit_mapping_test.gd[0m[38;2;250;235;215m > [0m[38;2;250;235;215mtest_element_suit_mapping_diamonds_returns_water[0m[38;2;34;139;34m PASSED[0m[38;2;100;149;237m 37ms[0m
  [38;2;0;206;209m[1m[4mReport:[0m
    [38;2;0;206;209m[38;2;0;255;0mline [0m[38;2;0;255;255m76:[0m [38;2;239;248;131mWARNING:[0m: Found [38;2;205;92;92m1[0m possible orphan nodes.[0m
    [38;2;0;206;209m	Add '[38;2;30;144;255mcollect_orphan_node_details()[0m' to the end of the test to collect details.[0m
[38;2;250;235;215m[0m
[38;2;250;235;215m[0m
  [38;2;250;235;215mres://tests/unit/companion_data/element_suit_mapping_test.gd[0m[38;2;250;235;215m > [0m[38;2;250;235;215mtest_element_suit_mapping_clubs_returns_earth[0m[38;2;34;139;34m STARTED[0m[38;2;250;235;215m[0m
  [38;2;250;235;215mres://tests/unit/companion_data/element_suit_mapping_test.gd[0m[38;2;250;235;215m > [0m[38;2;250;235;215mtest_element_suit_mapping_clubs_returns_earth[0m[38;2;34;139;34m PASSED[0m[38;2;100;149;237m 36ms[0m
  [38;2;0;206;209m[1m[4mReport:[0m
    [38;2;0;206;209m[38;2;0;255;0mline [0m[38;2;0;255;255m88:[0m [38;2;239;248;131mWARNING:[0m: Found [38;2;205;92;92m1[0m possible orphan nodes.[0m
    [38;2;0;206;209m	Add '[38;2;30;144;255mcollect_orphan_node_details()[0m' to the end of the test to collect details.[0m
[38;2;250;235;215m[0m
[38;2;250;235;215m[0m
  [38;2;250;235;215mres://tests/unit/companion_data/element_suit_mapping_test.gd[0m[38;2;250;235;215m > [0m[38;2;250;235;215mtest_element_suit_mapping_spades_returns_lightning[0m[38;2;34;139;34m STARTED[0m[38;2;250;235;215m[0m
  [38;2;250;235;215mres://tests/unit/companion_data/element_suit_mapping_test.gd[0m[38;2;250;235;215m > [0m[38;2;250;235;215mtest_element_suit_mapping_spades_returns_lightning[0m[38;2;34;139;34m PASSED[0m[38;2;100;149;237m 36ms[0m
  [38;2;0;206;209m[1m[4mReport:[0m
    [38;2;0;206;209m[38;2;0;255;0mline [0m[38;2;0;255;255m100:[0m [38;2;239;248;131mWARNING:[0m: Found [38;2;205;92;92m1[0m possible orphan nodes.[0m
    [38;2;0;206;209m	Add '[38;2;30;144;255mcollect_orphan_node_details()[0m' to the end of the test to collect details.[0m
[38;2;250;235;215m[0m
[38;2;250;235;215m[0m
  [38;2;250;235;215mres://tests/unit/companion_data/element_suit_mapping_test.gd[0m[38;2;250;235;215m > [0m[38;2;250;235;215mtest_element_suit_mapping_unknown_suit_returns_empty_string[0m[38;2;34;139;34m STARTED[0m[38;2;250;235;215m[0m
  [38;2;250;235;215mres://tests/unit/companion_data/element_suit_mapping_test.gd[0m[38;2;250;235;215m > [0m[38;2;250;235;215mtest_element_suit_mapping_unknown_suit_returns_empty_string[0m[38;2;34;139;34m PASSED[0m[38;2;100;149;237m 38ms[0m
  [38;2;0;206;209m[1m[4mReport:[0m
    [38;2;0;206;209m[38;2;0;255;0mline [0m[38;2;0;255;255m112:[0m [38;2;239;248;131mWARNING:[0m: Found [38;2;205;92;92m1[0m possible orphan nodes.[0m
    [38;2;0;206;209m	Add '[38;2;30;144;255mcollect_orphan_node_details()[0m' to the end of the test to collect details.[0m
[38;2;250;235;215m[0m
[38;2;250;235;215m[0m
  [38;2;250;235;215mres://tests/unit/companion_data/element_suit_mapping_test.gd[0m[38;2;250;235;215m > [0m[38;2;250;235;215mtest_element_suit_mapping_empty_string_suit_returns_empty_string[0m[38;2;34;139;34m STARTED[0m[38;2;250;235;215m[0m
  [38;2;250;235;215mres://tests/unit/companion_data/element_suit_mapping_test.gd[0m[38;2;250;235;215m > [0m[38;2;250;235;215mtest_element_suit_mapping_empty_string_suit_returns_empty_string[0m[38;2;34;139;34m PASSED[0m[38;2;100;149;237m 40ms[0m
  [38;2;0;206;209m[1m[4mReport:[0m
    [38;2;0;206;209m[38;2;0;255;0mline [0m[38;2;0;255;255m122:[0m [38;2;239;248;131mWARNING:[0m: Found [38;2;205;92;92m1[0m possible orphan nodes.[0m
    [38;2;0;206;209m	Add '[38;2;30;144;255mcollect_orphan_node_details()[0m' to the end of the test to collect details.[0m
[38;2;250;235;215m[0m
[38;2;250;235;215m[0m
  [38;2;250;235;215mres://tests/unit/companion_data/element_suit_mapping_test.gd[0m[38;2;250;235;215m > [0m[38;2;250;235;215mtest_element_suit_mapping_companion_elements_are_all_unique[0m[38;2;34;139;34m STARTED[0m[38;2;250;235;215m[0m
  [38;2;250;235;215mres://tests/unit/companion_data/element_suit_mapping_test.gd[0m[38;2;250;235;215m > [0m[38;2;250;235;215mtest_element_suit_mapping_companion_elements_are_all_unique[0m[38;2;34;139;34m PASSED[0m[38;2;100;149;237m 41ms[0m
  [38;2;0;206;209m[1m[4mReport:[0m
    [38;2;0;206;209m[38;2;0;255;0mline [0m[38;2;0;255;255m134:[0m [38;2;239;248;131mWARNING:[0m: Found [38;2;205;92;92m1[0m possible orphan nodes.[0m
    [38;2;0;206;209m	Add '[38;2;30;144;255mcollect_orphan_node_details()[0m' to the end of the test to collect details.[0m
[38;2;250;235;215m[0m
[38;2;250;235;215m[0m
[38;2;30;144;255mStatistics:[0m[38;2;250;235;215m 12 test cases | 0 errors | 0 failures | 0 flaky | 0 skipped | 7 orphans |[0m[38;2;34;139;34m PASSED[0m[38;2;100;149;237m 677ms[0m
[38;2;250;235;215m[0m
[38;2;250;235;215m[0m
[38;2;0;206;209mRun Test Suite: [0m[38;2;250;235;215mres://tests/unit/companion_data/portrait_fallback_test.gd[0m
  [38;2;250;235;215mres://tests/unit/companion_data/portrait_fallback_test.gd[0m[38;2;250;235;215m > [0m[38;2;250;235;215mtest_portrait_fallback_hipolita_angry_path_has_correct_format[0m[38;2;34;139;34m STARTED[0m[38;2;250;235;215m[0m
  [38;2;250;235;215mres://tests/unit/companion_data/portrait_fallback_test.gd[0m[38;2;250;235;215m > [0m[38;2;250;235;215mtest_portrait_fallback_hipolita_angry_path_has_correct_format[0m[38;2;34;139;34m PASSED[0m[38;2;100;149;237m 44ms[0m
  [38;2;0;206;209m[1m[4mReport:[0m
    [38;2;0;206;209m[38;2;0;255;0mline [0m[38;2;0;255;255m46:[0m [38;2;239;248;131mWARNING:[0m: Found [38;2;205;92;92m1[0m possible orphan nodes.[0m
    [38;2;0;206;209m	Add '[38;2;30;144;255mcollect_orphan_node_details()[0m' to the end of the test to collect details.[0m
[38;2;250;235;215m[0m
[38;2;250;235;215m[0m
  [38;2;250;235;215mres://tests/unit/companion_data/portrait_fallback_test.gd[0m[38;2;250;235;215m > [0m[38;2;250;235;215mtest_portrait_fallback_artemis_neutral_path_has_correct_format[0m[38;2;34;139;34m STARTED[0m[38;2;250;235;215m[0m
  [38;2;250;235;215mres://tests/unit/companion_data/portrait_fallback_test.gd[0m[38;2;250;235;215m > [0m[38;2;250;235;215mtest_portrait_fallback_artemis_neutral_path_has_correct_format[0m[38;2;34;139;34m PASSED[0m[38;2;100;149;237m 43ms[0m
  [38;2;0;206;209m[1m[4mReport:[0m
    [38;2;0;206;209m[38;2;0;255;0mline [0m[38;2;0;255;255m60:[0m [38;2;239;248;131mWARNING:[0m: Found [38;2;205;92;92m1[0m possible orphan nodes.[0m
    [38;2;0;206;209m	Add '[38;2;30;144;255mcollect_orphan_node_details()[0m' to the end of the test to collect details.[0m
[38;2;250;235;215m[0m
[38;2;250;235;215m[0m
  [38;2;250;235;215mres://tests/unit/companion_data/portrait_fallback_test.gd[0m[38;2;250;235;215m > [0m[38;2;250;235;215mtest_portrait_fallback_portrait_path_base_contains_companion_id_and_res_prefix[0m[38;2;34;139;34m STARTED[0m[38;2;250;235;215m[0m
  [38;2;250;235;215mres://tests/unit/companion_data/portrait_fallback_test.gd[0m[38;2;250;235;215m > [0m[38;2;250;235;215mtest_portrait_fallback_portrait_path_base_contains_companion_id_and_res_prefix[0m[38;2;34;139;34m PASSED[0m[38;2;100;149;237m 44ms[0m
  [38;2;0;206;209m[1m[4mReport:[0m
    [38;2;0;206;209m[38;2;0;255;0mline [0m[38;2;0;255;255m72:[0m [38;2;239;248;131mWARNING:[0m: Found [38;2;205;92;92m1[0m possible orphan nodes.[0m
    [38;2;0;206;209m	Add '[38;2;30;144;255mcollect_orphan_node_details()[0m' to the end of the test to collect details.[0m
[38;2;250;235;215m[0m
[38;2;250;235;215m[0m
  [38;2;250;235;215mres://tests/unit/companion_data/portrait_fallback_test.gd[0m[38;2;250;235;215m > [0m[38;2;250;235;215mtest_portrait_fallback_missing_mood_file_does_not_crash[0m[38;2;34;139;34m STARTED[0m[38;2;250;235;215m[0m
  [38;2;250;235;215mres://tests/unit/companion_data/portrait_fallback_test.gd[0m[38;2;250;235;215m > [0m[38;2;250;235;215mtest_portrait_fallback_missing_mood_file_does_not_crash[0m[38;2;34;139;34m PASSED[0m[38;2;100;149;237m 45ms[0m
  [38;2;0;206;209m[1m[4mReport:[0m
    [38;2;0;206;209m[38;2;0;255;0mline [0m[38;2;0;255;255m87:[0m [38;2;239;248;131mWARNING:[0m: Found [38;2;205;92;92m1[0m possible orphan nodes.[0m
    [38;2;0;206;209m	Add '[38;2;30;144;255mcollect_orphan_node_details()[0m' to the end of the test to collect details.[0m
[38;2;250;235;215m[0m
[38;2;250;235;215m[0m
  [38;2;250;235;215mres://tests/unit/companion_data/portrait_fallback_test.gd[0m[38;2;250;235;215m > [0m[38;2;250;235;215mtest_portrait_fallback_missing_mood_file_returns_placeholder_when_neutral_also_absent[0m[38;2;34;139;34m STARTED[0m[38;2;250;235;215m[0m
  [38;2;250;235;215mres://tests/unit/companion_data/portrait_fallback_test.gd[0m[38;2;250;235;215m > [0m[38;2;250;235;215mtest_portrait_fallback_missing_mood_file_returns_placeholder_when_neutral_also_absent[0m[38;2;34;139;34m PASSED[0m[38;2;100;149;237m 46ms[0m
  [38;2;0;206;209m[1m[4mReport:[0m
    [38;2;0;206;209m[38;2;0;255;0mline [0m[38;2;0;255;255m97:[0m [38;2;239;248;131mWARNING:[0m: Found [38;2;205;92;92m1[0m possible orphan nodes.[0m
    [38;2;0;206;209m	Add '[38;2;30;144;255mcollect_orphan_node_details()[0m' to the end of the test to collect details.[0m
[38;2;250;235;215m[0m
[38;2;250;235;215m[0m
  [38;2;250;235;215mres://tests/unit/companion_data/portrait_fallback_test.gd[0m[38;2;250;235;215m > [0m[38;2;250;235;215mtest_portrait_fallback_both_files_missing_returns_placeholder[0m[38;2;34;139;34m STARTED[0m[38;2;250;235;215m[0m
  [38;2;250;235;215mres://tests/unit/companion_data/portrait_fallback_test.gd[0m[38;2;250;235;215m > [0m[38;2;250;235;215mtest_portrait_fallback_both_files_missing_returns_placeholder[0m[38;2;34;139;34m PASSED[0m[38;2;100;149;237m 46ms[0m
  [38;2;0;206;209m[1m[4mReport:[0m
    [38;2;0;206;209m[38;2;0;255;0mline [0m[38;2;0;255;255m109:[0m [38;2;239;248;131mWARNING:[0m: Found [38;2;205;92;92m1[0m possible orphan nodes.[0m
    [38;2;0;206;209m	Add '[38;2;30;144;255mcollect_orphan_node_details()[0m' to the end of the test to collect details.[0m
[38;2;250;235;215m[0m
[38;2;250;235;215m[0m
  [38;2;250;235;215mres://tests/unit/companion_data/portrait_fallback_test.gd[0m[38;2;250;235;215m > [0m[38;2;250;235;215mtest_portrait_fallback_unknown_companion_id_returns_placeholder[0m[38;2;34;139;34m STARTED[0m[38;2;250;235;215m[0m
  [38;2;250;235;215mres://tests/unit/companion_data/portrait_fallback_test.gd[0m[38;2;250;235;215m > [0m[38;2;250;235;215mtest_portrait_fallback_unknown_companion_id_returns_placeholder[0m[38;2;34;139;34m PASSED[0m[38;2;100;149;237m 47ms[0m
  [38;2;0;206;209m[1m[4mReport:[0m
    [38;2;0;206;209m[38;2;0;255;0mline [0m[38;2;0;255;255m119:[0m [38;2;239;248;131mWARNING:[0m: Found [38;2;205;92;92m1[0m possible orphan nodes.[0m
    [38;2;0;206;209m	Add '[38;2;30;144;255mcollect_orphan_node_details()[0m' to the end of the test to collect details.[0m
[38;2;250;235;215m[0m
[38;2;250;235;215m[0m
  [38;2;250;235;215mres://tests/unit/companion_data/portrait_fallback_test.gd[0m[38;2;250;235;215m > [0m[38;2;250;235;215mtest_portrait_fallback_six_moods_produce_six_unique_path_strings[0m[38;2;34;139;34m STARTED[0m[38;2;250;235;215m[0m
  [38;2;250;235;215mres://tests/unit/companion_data/portrait_fallback_test.gd[0m[38;2;250;235;215m > [0m[38;2;250;235;215mtest_portrait_fallback_six_moods_produce_six_unique_path_strings[0m[38;2;34;139;34m PASSED[0m[38;2;100;149;237m 48ms[0m
  [38;2;0;206;209m[1m[4mReport:[0m
    [38;2;0;206;209m[38;2;0;255;0mline [0m[38;2;0;255;255m131:[0m [38;2;239;248;131mWARNING:[0m: Found [38;2;205;92;92m1[0m possible orphan nodes.[0m
    [38;2;0;206;209m	Add '[38;2;30;144;255mcollect_orphan_node_details()[0m' to the end of the test to collect details.[0m
[38;2;250;235;215m[0m
[38;2;250;235;215m[0m
  [38;2;250;235;215mres://tests/unit/companion_data/portrait_fallback_test.gd[0m[38;2;250;235;215m > [0m[38;2;250;235;215mtest_portrait_fallback_each_mood_path_contains_mood_name_in_filename[0m[38;2;34;139;34m STARTED[0m[38;2;250;235;215m[0m
  [38;2;250;235;215mres://tests/unit/companion_data/portrait_fallback_test.gd[0m[38;2;250;235;215m > [0m[38;2;250;235;215mtest_portrait_fallback_each_mood_path_contains_mood_name_in_filename[0m[38;2;34;139;34m PASSED[0m[38;2;100;149;237m 50ms[0m
  [38;2;0;206;209m[1m[4mReport:[0m
    [38;2;0;206;209m[38;2;0;255;0mline [0m[38;2;0;255;255m148:[0m [38;2;239;248;131mWARNING:[0m: Found [38;2;205;92;92m1[0m possible orphan nodes.[0m
    [38;2;0;206;209m	Add '[38;2;30;144;255mcollect_orphan_node_details()[0m' to the end of the test to collect details.[0m
[38;2;250;235;215m[0m
[38;2;250;235;215m[0m
  [38;2;250;235;215mres://tests/unit/companion_data/portrait_fallback_test.gd[0m[38;2;250;235;215m > [0m[38;2;250;235;215mtest_portrait_fallback_each_mood_path_ends_with_png_extension[0m[38;2;34;139;34m STARTED[0m[38;2;250;235;215m[0m
  [38;2;250;235;215mres://tests/unit/companion_data/portrait_fallback_test.gd[0m[38;2;250;235;215m > [0m[38;2;250;235;215mtest_portrait_fallback_each_mood_path_ends_with_png_extension[0m[38;2;34;139;34m PASSED[0m[38;2;100;149;237m 50ms[0m
  [38;2;0;206;209m[1m[4mReport:[0m
    [38;2;0;206;209m[38;2;0;255;0mline [0m[38;2;0;255;255m159:[0m [38;2;239;248;131mWARNING:[0m: Found [38;2;205;92;92m1[0m possible orphan nodes.[0m
    [38;2;0;206;209m	Add '[38;2;30;144;255mcollect_orphan_node_details()[0m' to the end of the test to collect details.[0m
[38;2;250;235;215m[0m
[38;2;250;235;215m[0m
  [38;2;250;235;215mres://tests/unit/companion_data/portrait_fallback_test.gd[0m[38;2;250;235;215m > [0m[38;2;250;235;215mtest_portrait_fallback_invalid_mood_bored_does_not_crash[0m[38;2;34;139;34m STARTED[0m[38;2;250;235;215m[0m
  [38;2;250;235;215mres://tests/unit/companion_data/portrait_fallback_test.gd[0m[38;2;250;235;215m > [0m[38;2;250;235;215mtest_portrait_fallback_invalid_mood_bored_does_not_crash[0m[38;2;34;139;34m PASSED[0m[38;2;100;149;237m 52ms[0m
  [38;2;0;206;209m[1m[4mReport:[0m
    [38;2;0;206;209m[38;2;0;255;0mline [0m[38;2;0;255;255m172:[0m [38;2;239;248;131mWARNING:[0m: Found [38;2;205;92;92m1[0m possible orphan nodes.[0m
    [38;2;0;206;209m	Add '[38;2;30;144;255mcollect_orphan_node_details()[0m' to the end of the test to collect details.[0m
[38;2;250;235;215m[0m
[38;2;250;235;215m[0m
  [38;2;250;235;215mres://tests/unit/companion_data/portrait_fallback_test.gd[0m[38;2;250;235;215m > [0m[38;2;250;235;215mtest_portrait_fallback_invalid_mood_returns_placeholder_when_files_absent[0m[38;2;34;139;34m STARTED[0m[38;2;250;235;215m[0m
  [38;2;250;235;215mres://tests/unit/companion_data/portrait_fallback_test.gd[0m[38;2;250;235;215m > [0m[38;2;250;235;215mtest_portrait_fallback_invalid_mood_returns_placeholder_when_files_absent[0m[38;2;34;139;34m PASSED[0m[38;2;100;149;237m 54ms[0m
  [38;2;0;206;209m[1m[4mReport:[0m
    [38;2;0;206;209m[38;2;0;255;0mline [0m[38;2;0;255;255m182:[0m [38;2;239;248;131mWARNING:[0m: Found [38;2;205;92;92m1[0m possible orphan nodes.[0m
    [38;2;0;206;209m	Add '[38;2;30;144;255mcollect_orphan_node_details()[0m' to the end of the test to collect details.[0m
[38;2;250;235;215m[0m
[38;2;250;235;215m[0m
  [38;2;250;235;215mres://tests/unit/companion_data/portrait_fallback_test.gd[0m[38;2;250;235;215m > [0m[38;2;250;235;215mtest_portrait_fallback_invalid_mood_path_would_include_mood_name[0m[38;2;34;139;34m STARTED[0m[38;2;250;235;215m[0m
  [38;2;250;235;215mres://tests/unit/companion_data/portrait_fallback_test.gd[0m[38;2;250;235;215m > [0m[38;2;250;235;215mtest_portrait_fallback_invalid_mood_path_would_include_mood_name[0m[38;2;34;139;34m PASSED[0m[38;2;100;149;237m 52ms[0m
  [38;2;0;206;209m[1m[4mReport:[0m
    [38;2;0;206;209m[38;2;0;255;0mline [0m[38;2;0;255;255m192:[0m [38;2;239;248;131mWARNING:[0m: Found [38;2;205;92;92m1[0m possible orphan nodes.[0m
    [38;2;0;206;209m	Add '[38;2;30;144;255mcollect_orphan_node_details()[0m' to the end of the test to collect details.[0m
[38;2;250;235;215m[0m
[38;2;250;235;215m[0m
[38;2;30;144;255mStatistics:[0m[38;2;250;235;215m 13 test cases | 0 errors | 0 failures | 0 flaky | 0 skipped | 13 orphans |[0m[38;2;34;139;34m PASSED[0m[38;2;100;149;237m 759ms[0m
[38;2;250;235;215m[0m
[38;2;250;235;215m[0m
[38;2;0;206;209mRun Test Suite: [0m[38;2;250;235;215mres://tests/unit/deck_management/deck_manager_test.gd[0m
  [38;2;250;235;215mres://tests/unit/deck_management/deck_manager_test.gd[0m[38;2;250;235;215m > [0m[38;2;250;235;215mtest_deck_manager_build_deck_returns_52_cards[0m[38;2;34;139;34m STARTED[0m[38;2;250;235;215m[0m
  [38;2;250;235;215mres://tests/unit/deck_management/deck_manager_test.gd[0m[38;2;250;235;215m > [0m[38;2;250;235;215mtest_deck_manager_build_deck_returns_52_cards[0m[38;2;34;139;34m PASSED[0m[38;2;100;149;237m 54ms[0m
[38;2;250;235;215m[0m
  [38;2;250;235;215mres://tests/unit/deck_management/deck_manager_test.gd[0m[38;2;250;235;215m > [0m[38;2;250;235;215mtest_deck_manager_build_deck_cards_have_all_6_schema_fields[0m[38;2;34;139;34m STARTED[0m[38;2;250;235;215m[0m
  [38;2;250;235;215mres://tests/unit/deck_management/deck_manager_test.gd[0m[38;2;250;235;215m > [0m[38;2;250;235;215mtest_deck_manager_build_deck_cards_have_all_6_schema_fields[0m[38;2;34;139;34m PASSED[0m[38;2;100;149;237m 57ms[0m
[38;2;250;235;215m[0m
  [38;2;250;235;215mres://tests/unit/deck_management/deck_manager_test.gd[0m[38;2;250;235;215m > [0m[38;2;250;235;215mtest_deck_manager_build_deck_covers_4_suits[0m[38;2;34;139;34m STARTED[0m[38;2;250;235;215m[0m
  [38;2;250;235;215mres://tests/unit/deck_management/deck_manager_test.gd[0m[38;2;250;235;215m > [0m[38;2;250;235;215mtest_deck_manager_build_deck_covers_4_suits[0m[38;2;34;139;34m PASSED[0m[38;2;100;149;237m 54ms[0m
[38;2;250;235;215m[0m
  [38;2;250;235;215mres://tests/unit/deck_management/deck_manager_test.gd[0m[38;2;250;235;215m > [0m[38;2;250;235;215mtest_deck_manager_build_deck_covers_13_values_per_suit[0m[38;2;34;139;34m STARTED[0m[38;2;250;235;215m[0m
  [38;2;250;235;215mres://tests/unit/deck_management/deck_manager_test.gd[0m[38;2;250;235;215m > [0m[38;2;250;235;215mtest_deck_manager_build_deck_covers_13_values_per_suit[0m[38;2;34;139;34m PASSED[0m[38;2;100;149;237m 52ms[0m
[38;2;250;235;215m[0m
  [38;2;250;235;215mres://tests/unit/deck_management/deck_manager_test.gd[0m[38;2;250;235;215m > [0m[38;2;250;235;215mtest_deck_manager_get_captain_chip_bonus_10_returns_5[0m[38;2;34;139;34m STARTED[0m[38;2;250;235;215m[0m
  [38;2;250;235;215mres://tests/unit/deck_management/deck_manager_test.gd[0m[38;2;250;235;215m > [0m[38;2;250;235;215mtest_deck_manager_get_captain_chip_bonus_10_returns_5[0m[38;2;34;139;34m PASSED[0m[38;2;100;149;237m 53ms[0m
[38;2;250;235;215m[0m
  [38;2;250;235;215mres://tests/unit/deck_management/deck_manager_test.gd[0m[38;2;250;235;215m > [0m[38;2;250;235;215mtest_deck_manager_get_captain_chip_bonus_7_returns_3[0m[38;2;34;139;34m STARTED[0m[38;2;250;235;215m[0m
  [38;2;250;235;215mres://tests/unit/deck_management/deck_manager_test.gd[0m[38;2;250;235;215m > [0m[38;2;250;235;215mtest_deck_manager_get_captain_chip_bonus_7_returns_3[0m[38;2;34;139;34m PASSED[0m[38;2;100;149;237m 54ms[0m
[38;2;250;235;215m[0m
  [38;2;250;235;215mres://tests/unit/deck_management/deck_manager_test.gd[0m[38;2;250;235;215m > [0m[38;2;250;235;215mtest_deck_manager_get_captain_chip_bonus_0_returns_0[0m[38;2;34;139;34m STARTED[0m[38;2;250;235;215m[0m
  [38;2;250;235;215mres://tests/unit/deck_management/deck_manager_test.gd[0m[38;2;250;235;215m > [0m[38;2;250;235;215mtest_deck_manager_get_captain_chip_bonus_0_returns_0[0m[38;2;34;139;34m PASSED[0m[38;2;100;149;237m 52ms[0m
[38;2;250;235;215m[0m
  [38;2;250;235;215mres://tests/unit/deck_management/deck_manager_test.gd[0m[38;2;250;235;215m > [0m[38;2;250;235;215mtest_deck_manager_get_captain_mult_bonus_8_returns_1_point_2[0m[38;2;34;139;34m STARTED[0m[38;2;250;235;215m[0m
  [38;2;250;235;215mres://tests/unit/deck_management/deck_manager_test.gd[0m[38;2;250;235;215m > [0m[38;2;250;235;215mtest_deck_manager_get_captain_mult_bonus_8_returns_1_point_2[0m[38;2;34;139;34m PASSED[0m[38;2;100;149;237m 52ms[0m
[38;2;250;235;215m[0m
  [38;2;250;235;215mres://tests/unit/deck_management/deck_manager_test.gd[0m[38;2;250;235;215m > [0m[38;2;250;235;215mtest_deck_manager_get_captain_mult_bonus_0_returns_1_point_0[0m[38;2;34;139;34m STARTED[0m[38;2;250;235;215m[0m
  [38;2;250;235;215mres://tests/unit/deck_management/deck_manager_test.gd[0m[38;2;250;235;215m > [0m[38;2;250;235;215mtest_deck_manager_get_captain_mult_bonus_0_returns_1_point_0[0m[38;2;34;139;34m PASSED[0m[38;2;100;149;237m 52ms[0m
[38;2;250;235;215m[0m
  [38;2;250;235;215mres://tests/unit/deck_management/deck_manager_test.gd[0m[38;2;250;235;215m > [0m[38;2;250;235;215mtest_deck_manager_get_captain_mult_bonus_40_returns_2_point_0[0m[38;2;34;139;34m STARTED[0m[38;2;250;235;215m[0m
  [38;2;250;235;215mres://tests/unit/deck_management/deck_manager_test.gd[0m[38;2;250;235;215m > [0m[38;2;250;235;215mtest_deck_manager_get_captain_mult_bonus_40_returns_2_point_0[0m[38;2;34;139;34m PASSED[0m[38;2;100;149;237m 54ms[0m
[38;2;250;235;215m[0m
  [38;2;250;235;215mres://tests/unit/deck_management/deck_manager_test.gd[0m[38;2;250;235;215m > [0m[38;2;250;235;215mtest_deck_manager_select_met_companion_transitions_to_highlighted[0m[38;2;34;139;34m STARTED[0m[38;2;250;235;215m[0m
  [38;2;250;235;215mres://tests/unit/deck_management/deck_manager_test.gd[0m[38;2;250;235;215m > [0m[38;2;250;235;215mtest_deck_manager_select_met_companion_transitions_to_highlighted[0m[38;2;34;139;34m PASSED[0m[38;2;100;149;237m 53ms[0m
[38;2;250;235;215m[0m
  [38;2;250;235;215mres://tests/unit/deck_management/deck_manager_test.gd[0m[38;2;250;235;215m > [0m[38;2;250;235;215mtest_deck_manager_select_unmet_companion_does_not_change_state[0m[38;2;34;139;34m STARTED[0m[38;2;250;235;215m[0m
  [38;2;250;235;215mres://tests/unit/deck_management/deck_manager_test.gd[0m[38;2;250;235;215m > [0m[38;2;250;235;215mtest_deck_manager_select_unmet_companion_does_not_change_state[0m[38;2;34;139;34m PASSED[0m[38;2;100;149;237m 53ms[0m
[38;2;250;235;215m[0m
  [38;2;250;235;215mres://tests/unit/deck_management/deck_manager_test.gd[0m[38;2;250;235;215m > [0m[38;2;250;235;215mtest_deck_manager_confirm_captain_from_highlighted_transitions_to_confirmed[0m[38;2;34;139;34m STARTED[0m[38;2;250;235;215m[0m
  [38;2;250;235;215mres://tests/unit/deck_management/deck_manager_test.gd[0m[38;2;250;235;215m > [0m[38;2;250;235;215mtest_deck_manager_confirm_captain_from_highlighted_transitions_to_confirmed[0m[38;2;34;139;34m PASSED[0m[38;2;100;149;237m 53ms[0m
[38;2;250;235;215m[0m
  [38;2;250;235;215mres://tests/unit/deck_management/deck_manager_test.gd[0m[38;2;250;235;215m > [0m[38;2;250;235;215mtest_deck_manager_confirm_without_selection_does_not_transition[0m[38;2;34;139;34m STARTED[0m[38;2;250;235;215m[0m
  [38;2;250;235;215mres://tests/unit/deck_management/deck_manager_test.gd[0m[38;2;250;235;215m > [0m[38;2;250;235;215mtest_deck_manager_confirm_without_selection_does_not_transition[0m[38;2;34;139;34m PASSED[0m[38;2;100;149;237m 53ms[0m
[38;2;250;235;215m[0m
  [38;2;250;235;215mres://tests/unit/deck_management/deck_manager_test.gd[0m[38;2;250;235;215m > [0m[38;2;250;235;215mtest_deck_manager_cancel_from_confirmed_returns_to_select[0m[38;2;34;139;34m STARTED[0m[38;2;250;235;215m[0m
  [38;2;250;235;215mres://tests/unit/deck_management/deck_manager_test.gd[0m[38;2;250;235;215m > [0m[38;2;250;235;215mtest_deck_manager_cancel_from_confirmed_returns_to_select[0m[38;2;34;139;34m PASSED[0m[38;2;100;149;237m 54ms[0m
[38;2;250;235;215m[0m
  [38;2;250;235;215mres://tests/unit/deck_management/deck_manager_test.gd[0m[38;2;250;235;215m > [0m[38;2;250;235;215mtest_deck_manager_handoff_deck_contains_52_cards[0m[38;2;34;139;34m STARTED[0m[38;2;250;235;215m[0m
  [38;2;250;235;215mres://tests/unit/deck_management/deck_manager_test.gd[0m[38;2;250;235;215m > [0m[38;2;250;235;215mtest_deck_manager_handoff_deck_contains_52_cards[0m[38;2;178;34;34m[1m FAILED[0m[38;2;100;149;237m 54ms[0m
  [38;2;0;206;209m[1m[4mReport:[0m
    [38;2;0;206;209m[38;2;0;255;0mline [0m[38;2;0;255;255m205:[0m [38;2;205;92;92mExpecting:[0m[0m
    [38;2;0;206;209m '[38;2;30;144;255m52[0m'[0m
    [38;2;0;206;209m but was[0m
    [38;2;0;206;209m '[38;2;30;144;255m0[0m'[0m
[38;2;250;235;215m[0m
[38;2;250;235;215m[0m
[38;2;30;144;255mStatistics:[0m[38;2;250;235;215m 16 test cases | 0 errors | 1 failures | 0 flaky | 0 skipped | 0 orphans |[0m[38;2;34;139;34m PASSED[0m[38;2;100;149;237m 983ms[0m
[38;2;250;235;215m[0m
[38;2;250;235;215m[0m
[38;2;0;206;209mRun Test Suite: [0m[38;2;250;235;215mres://tests/unit/event_bus/event_bus_declarations_test.gd[0m
  [38;2;250;235;215mres://tests/unit/event_bus/event_bus_declarations_test.gd[0m[38;2;250;235;215m > [0m[38;2;250;235;215mtest_event_bus_declarations_has_romance_stage_changed_signal[0m[38;2;34;139;34m STARTED[0m[38;2;250;235;215m[0m
  [38;2;250;235;215mres://tests/unit/event_bus/event_bus_declarations_test.gd[0m[38;2;250;235;215m > [0m[38;2;250;235;215mtest_event_bus_declarations_has_romance_stage_changed_signal[0m[38;2;34;139;34m PASSED[0m[38;2;100;149;237m 54ms[0m
  [38;2;0;206;209m[1m[4mReport:[0m
    [38;2;0;206;209m[38;2;0;255;0mline [0m[38;2;0;255;255m28:[0m [38;2;239;248;131mWARNING:[0m: Found [38;2;205;92;92m1[0m possible orphan nodes.[0m
    [38;2;0;206;209m	Add '[38;2;30;144;255mcollect_orphan_node_details()[0m' to the end of the test to collect details.[0m
[38;2;250;235;215m[0m
[38;2;250;235;215m[0m
  [38;2;250;235;215mres://tests/unit/event_bus/event_bus_declarations_test.gd[0m[38;2;250;235;215m > [0m[38;2;250;235;215mtest_event_bus_declarations_has_tokens_reset_signal[0m[38;2;34;139;34m STARTED[0m[38;2;250;235;215m[0m
  [38;2;250;235;215mres://tests/unit/event_bus/event_bus_declarations_test.gd[0m[38;2;250;235;215m > [0m[38;2;250;235;215mtest_event_bus_declarations_has_tokens_reset_signal[0m[38;2;34;139;34m PASSED[0m[38;2;100;149;237m 55ms[0m
  [38;2;0;206;209m[1m[4mReport:[0m
    [38;2;0;206;209m[38;2;0;255;0mline [0m[38;2;0;255;255m35:[0m [38;2;239;248;131mWARNING:[0m: Found [38;2;205;92;92m1[0m possible orphan nodes.[0m
    [38;2;0;206;209m	Add '[38;2;30;144;255mcollect_orphan_node_details()[0m' to the end of the test to collect details.[0m
[38;2;250;235;215m[0m
[38;2;250;235;215m[0m
  [38;2;250;235;215mres://tests/unit/event_bus/event_bus_declarations_test.gd[0m[38;2;250;235;215m > [0m[38;2;250;235;215mtest_event_bus_declarations_has_combat_completed_signal[0m[38;2;34;139;34m STARTED[0m[38;2;250;235;215m[0m
  [38;2;250;235;215mres://tests/unit/event_bus/event_bus_declarations_test.gd[0m[38;2;250;235;215m > [0m[38;2;250;235;215mtest_event_bus_declarations_has_combat_completed_signal[0m[38;2;34;139;34m PASSED[0m[38;2;100;149;237m 55ms[0m
  [38;2;0;206;209m[1m[4mReport:[0m
    [38;2;0;206;209m[38;2;0;255;0mline [0m[38;2;0;255;255m42:[0m [38;2;239;248;131mWARNING:[0m: Found [38;2;205;92;92m1[0m possible orphan nodes.[0m
    [38;2;0;206;209m	Add '[38;2;30;144;255mcollect_orphan_node_details()[0m' to the end of the test to collect details.[0m
[38;2;250;235;215m[0m
[38;2;250;235;215m[0m
  [38;2;250;235;215mres://tests/unit/event_bus/event_bus_declarations_test.gd[0m[38;2;250;235;215m > [0m[38;2;250;235;215mtest_event_bus_declarations_has_dialogue_ended_signal[0m[38;2;34;139;34m STARTED[0m[38;2;250;235;215m[0m
  [38;2;250;235;215mres://tests/unit/event_bus/event_bus_declarations_test.gd[0m[38;2;250;235;215m > [0m[38;2;250;235;215mtest_event_bus_declarations_has_dialogue_ended_signal[0m[38;2;34;139;34m PASSED[0m[38;2;100;149;237m 57ms[0m
  [38;2;0;206;209m[1m[4mReport:[0m
    [38;2;0;206;209m[38;2;0;255;0mline [0m[38;2;0;255;255m49:[0m [38;2;239;248;131mWARNING:[0m: Found [38;2;205;92;92m1[0m possible orphan nodes.[0m
    [38;2;0;206;209m	Add '[38;2;30;144;255mcollect_orphan_node_details()[0m' to the end of the test to collect details.[0m
[38;2;250;235;215m[0m
[38;2;250;235;215m[0m
  [38;2;250;235;215mres://tests/unit/event_bus/event_bus_declarations_test.gd[0m[38;2;250;235;215m > [0m[38;2;250;235;215mtest_event_bus_declarations_has_dialogue_blocked_signal[0m[38;2;34;139;34m STARTED[0m[38;2;250;235;215m[0m
  [38;2;250;235;215mres://tests/unit/event_bus/event_bus_declarations_test.gd[0m[38;2;250;235;215m > [0m[38;2;250;235;215mtest_event_bus_declarations_has_dialogue_blocked_signal[0m[38;2;34;139;34m PASSED[0m[38;2;100;149;237m 58ms[0m
  [38;2;0;206;209m[1m[4mReport:[0m
    [38;2;0;206;209m[38;2;0;255;0mline [0m[38;2;0;255;255m56:[0m [38;2;239;248;131mWARNING:[0m: Found [38;2;205;92;92m1[0m possible orphan nodes.[0m
    [38;2;0;206;209m	Add '[38;2;30;144;255mcollect_orphan_node_details()[0m' to the end of the test to collect details.[0m
[38;2;250;235;215m[0m
[38;2;250;235;215m[0m
  [38;2;250;235;215mres://tests/unit/event_bus/event_bus_declarations_test.gd[0m[38;2;250;235;215m > [0m[38;2;250;235;215mtest_event_bus_declarations_has_relationship_changed_signal[0m[38;2;34;139;34m STARTED[0m[38;2;250;235;215m[0m
  [38;2;250;235;215mres://tests/unit/event_bus/event_bus_declarations_test.gd[0m[38;2;250;235;215m > [0m[38;2;250;235;215mtest_event_bus_declarations_has_relationship_changed_signal[0m[38;2;34;139;34m PASSED[0m[38;2;100;149;237m 60ms[0m
  [38;2;0;206;209m[1m[4mReport:[0m
    [38;2;0;206;209m[38;2;0;255;0mline [0m[38;2;0;255;255m63:[0m [38;2;239;248;131mWARNING:[0m: Found [38;2;205;92;92m1[0m possible orphan nodes.[0m
    [38;2;0;206;209m	Add '[38;2;30;144;255mcollect_orphan_node_details()[0m' to the end of the test to collect details.[0m
[38;2;250;235;215m[0m
[38;2;250;235;215m[0m
  [38;2;250;235;215mres://tests/unit/event_bus/event_bus_declarations_test.gd[0m[38;2;250;235;215m > [0m[38;2;250;235;215mtest_event_bus_declarations_has_trust_changed_signal[0m[38;2;34;139;34m STARTED[0m[38;2;250;235;215m[0m
  [38;2;250;235;215mres://tests/unit/event_bus/event_bus_declarations_test.gd[0m[38;2;250;235;215m > [0m[38;2;250;235;215mtest_event_bus_declarations_has_trust_changed_signal[0m[38;2;34;139;34m PASSED[0m[38;2;100;149;237m 60ms[0m
  [38;2;0;206;209m[1m[4mReport:[0m
    [38;2;0;206;209m[38;2;0;255;0mline [0m[38;2;0;255;255m70:[0m [38;2;239;248;131mWARNING:[0m: Found [38;2;205;92;92m1[0m possible orphan nodes.[0m
    [38;2;0;206;209m	Add '[38;2;30;144;255mcollect_orphan_node_details()[0m' to the end of the test to collect details.[0m
[38;2;250;235;215m[0m
[38;2;250;235;215m[0m
  [38;2;250;235;215mres://tests/unit/event_bus/event_bus_declarations_test.gd[0m[38;2;250;235;215m > [0m[38;2;250;235;215mtest_event_bus_declarations_has_companion_met_signal[0m[38;2;34;139;34m STARTED[0m[38;2;250;235;215m[0m
  [38;2;250;235;215mres://tests/unit/event_bus/event_bus_declarations_test.gd[0m[38;2;250;235;215m > [0m[38;2;250;235;215mtest_event_bus_declarations_has_companion_met_signal[0m[38;2;34;139;34m PASSED[0m[38;2;100;149;237m 61ms[0m
  [38;2;0;206;209m[1m[4mReport:[0m
    [38;2;0;206;209m[38;2;0;255;0mline [0m[38;2;0;255;255m77:[0m [38;2;239;248;131mWARNING:[0m: Found [38;2;205;92;92m1[0m possible orphan nodes.[0m
    [38;2;0;206;209m	Add '[38;2;30;144;255mcollect_orphan_node_details()[0m' to the end of the test to collect details.[0m
[38;2;250;235;215m[0m
[38;2;250;235;215m[0m
  [38;2;250;235;215mres://tests/unit/event_bus/event_bus_declarations_test.gd[0m[38;2;250;235;215m > [0m[38;2;250;235;215mtest_event_bus_declarations_has_chapter_completed_signal[0m[38;2;34;139;34m STARTED[0m[38;2;250;235;215m[0m
  [38;2;250;235;215mres://tests/unit/event_bus/event_bus_declarations_test.gd[0m[38;2;250;235;215m > [0m[38;2;250;235;215mtest_event_bus_declarations_has_chapter_completed_signal[0m[38;2;34;139;34m PASSED[0m[38;2;100;149;237m 63ms[0m
  [38;2;0;206;209m[1m[4mReport:[0m
    [38;2;0;206;209m[38;2;0;255;0mline [0m[38;2;0;255;255m84:[0m [38;2;239;248;131mWARNING:[0m: Found [38;2;205;92;92m1[0m possible orphan nodes.[0m
    [38;2;0;206;209m	Add '[38;2;30;144;255mcollect_orphan_node_details()[0m' to the end of the test to collect details.[0m
[38;2;250;235;215m[0m
[38;2;250;235;215m[0m
  [38;2;250;235;215mres://tests/unit/event_bus/event_bus_declarations_test.gd[0m[38;2;250;235;215m > [0m[38;2;250;235;215mtest_event_bus_declarations_has_node_completed_signal[0m[38;2;34;139;34m STARTED[0m[38;2;250;235;215m[0m
  [38;2;250;235;215mres://tests/unit/event_bus/event_bus_declarations_test.gd[0m[38;2;250;235;215m > [0m[38;2;250;235;215mtest_event_bus_declarations_has_node_completed_signal[0m[38;2;34;139;34m PASSED[0m[38;2;100;149;237m 63ms[0m
  [38;2;0;206;209m[1m[4mReport:[0m
    [38;2;0;206;209m[38;2;0;255;0mline [0m[38;2;0;255;255m91:[0m [38;2;239;248;131mWARNING:[0m: Found [38;2;205;92;92m1[0m possible orphan nodes.[0m
    [38;2;0;206;209m	Add '[38;2;30;144;255mcollect_orphan_node_details()[0m' to the end of the test to collect details.[0m
[38;2;250;235;215m[0m
[38;2;250;235;215m[0m
  [38;2;250;235;215mres://tests/unit/event_bus/event_bus_declarations_test.gd[0m[38;2;250;235;215m > [0m[38;2;250;235;215mtest_event_bus_declarations_exactly_ten_signals_declared[0m[38;2;34;139;34m STARTED[0m[38;2;250;235;215m[0m
  [38;2;250;235;215mres://tests/unit/event_bus/event_bus_declarations_test.gd[0m[38;2;250;235;215m > [0m[38;2;250;235;215mtest_event_bus_declarations_exactly_ten_signals_declared[0m[38;2;34;139;34m PASSED[0m[38;2;100;149;237m 62ms[0m
  [38;2;0;206;209m[1m[4mReport:[0m
    [38;2;0;206;209m[38;2;0;255;0mline [0m[38;2;0;255;255m98:[0m [38;2;239;248;131mWARNING:[0m: Found [38;2;205;92;92m1[0m possible orphan nodes.[0m
    [38;2;0;206;209m	Add '[38;2;30;144;255mcollect_orphan_node_details()[0m' to the end of the test to collect details.[0m
[38;2;250;235;215m[0m
[38;2;250;235;215m[0m
  [38;2;250;235;215mres://tests/unit/event_bus/event_bus_declarations_test.gd[0m[38;2;250;235;215m > [0m[38;2;250;235;215mtest_event_bus_declarations_has_no_process_method[0m[38;2;34;139;34m STARTED[0m[38;2;250;235;215m[0m
  [38;2;250;235;215mres://tests/unit/event_bus/event_bus_declarations_test.gd[0m[38;2;250;235;215m > [0m[38;2;250;235;215mtest_event_bus_declarations_has_no_process_method[0m[38;2;34;139;34m PASSED[0m[38;2;100;149;237m 65ms[0m
  [38;2;0;206;209m[1m[4mReport:[0m
    [38;2;0;206;209m[38;2;0;255;0mline [0m[38;2;0;255;255m128:[0m [38;2;239;248;131mWARNING:[0m: Found [38;2;205;92;92m1[0m possible orphan nodes.[0m
    [38;2;0;206;209m	Add '[38;2;30;144;255mcollect_orphan_node_details()[0m' to the end of the test to collect details.[0m
[38;2;250;235;215m[0m
[38;2;250;235;215m[0m
  [38;2;250;235;215mres://tests/unit/event_bus/event_bus_declarations_test.gd[0m[38;2;250;235;215m > [0m[38;2;250;235;215mtest_event_bus_declarations_has_no_physics_process_method[0m[38;2;34;139;34m STARTED[0m[38;2;250;235;215m[0m
  [38;2;250;235;215mres://tests/unit/event_bus/event_bus_declarations_test.gd[0m[38;2;250;235;215m > [0m[38;2;250;235;215mtest_event_bus_declarations_has_no_physics_process_method[0m[38;2;34;139;34m PASSED[0m[38;2;100;149;237m 66ms[0m
  [38;2;0;206;209m[1m[4mReport:[0m
    [38;2;0;206;209m[38;2;0;255;0mline [0m[38;2;0;255;255m144:[0m [38;2;239;248;131mWARNING:[0m: Found [38;2;205;92;92m1[0m possible orphan nodes.[0m
    [38;2;0;206;209m	Add '[38;2;30;144;255mcollect_orphan_node_details()[0m' to the end of the test to collect details.[0m
[38;2;250;235;215m[0m
[38;2;250;235;215m[0m
  [38;2;250;235;215mres://tests/unit/event_bus/event_bus_declarations_test.gd[0m[38;2;250;235;215m > [0m[38;2;250;235;215mtest_event_bus_declarations_has_no_instance_variables[0m[38;2;34;139;34m STARTED[0m[38;2;250;235;215m[0m
  [38;2;250;235;215mres://tests/unit/event_bus/event_bus_declarations_test.gd[0m[38;2;250;235;215m > [0m[38;2;250;235;215mtest_event_bus_declarations_has_no_instance_variables[0m[38;2;34;139;34m PASSED[0m[38;2;100;149;237m 66ms[0m
  [38;2;0;206;209m[1m[4mReport:[0m
    [38;2;0;206;209m[38;2;0;255;0mline [0m[38;2;0;255;255m156:[0m [38;2;239;248;131mWARNING:[0m: Found [38;2;205;92;92m1[0m possible orphan nodes.[0m
    [38;2;0;206;209m	Add '[38;2;30;144;255mcollect_orphan_node_details()[0m' to the end of the test to collect details.[0m
[38;2;250;235;215m[0m
[38;2;250;235;215m[0m
  [38;2;250;235;215mres://tests/unit/event_bus/event_bus_declarations_test.gd[0m[38;2;250;235;215m > [0m[38;2;250;235;215mtest_event_bus_declarations_extends_node[0m[38;2;34;139;34m STARTED[0m[38;2;250;235;215m[0m
  [38;2;250;235;215mres://tests/unit/event_bus/event_bus_declarations_test.gd[0m[38;2;250;235;215m > [0m[38;2;250;235;215mtest_event_bus_declarations_extends_node[0m[38;2;34;139;34m PASSED[0m[38;2;100;149;237m 67ms[0m
  [38;2;0;206;209m[1m[4mReport:[0m
    [38;2;0;206;209m[38;2;0;255;0mline [0m[38;2;0;255;255m173:[0m [38;2;239;248;131mWARNING:[0m: Found [38;2;205;92;92m1[0m possible orphan nodes.[0m
    [38;2;0;206;209m	Add '[38;2;30;144;255mcollect_orphan_node_details()[0m' to the end of the test to collect details.[0m
[38;2;250;235;215m[0m
[38;2;250;235;215m[0m
  [38;2;250;235;215mres://tests/unit/event_bus/event_bus_declarations_test.gd[0m[38;2;250;235;215m > [0m[38;2;250;235;215mtest_event_bus_declarations_is_not_a_reference_type[0m[38;2;34;139;34m STARTED[0m[38;2;250;235;215m[0m
  [38;2;250;235;215mres://tests/unit/event_bus/event_bus_declarations_test.gd[0m[38;2;250;235;215m > [0m[38;2;250;235;215mtest_event_bus_declarations_is_not_a_reference_type[0m[38;2;34;139;34m PASSED[0m[38;2;100;149;237m 68ms[0m
  [38;2;0;206;209m[1m[4mReport:[0m
    [38;2;0;206;209m[38;2;0;255;0mline [0m[38;2;0;255;255m180:[0m [38;2;239;248;131mWARNING:[0m: Found [38;2;205;92;92m1[0m possible orphan nodes.[0m
    [38;2;0;206;209m	Add '[38;2;30;144;255mcollect_orphan_node_details()[0m' to the end of the test to collect details.[0m
[38;2;250;235;215m[0m
[38;2;250;235;215m[0m
  [38;2;250;235;215mres://tests/unit/event_bus/event_bus_declarations_test.gd[0m[38;2;250;235;215m > [0m[38;2;250;235;215mtest_event_bus_declarations_combat_completed_emits_expected_dict_keys[0m[38;2;34;139;34m STARTED[0m[38;2;250;235;215m[0m
  [38;2;250;235;215mres://tests/unit/event_bus/event_bus_declarations_test.gd[0m[38;2;250;235;215m > [0m[38;2;250;235;215mtest_event_bus_declarations_combat_completed_emits_expected_dict_keys[0m[38;2;34;139;34m PASSED[0m[38;2;100;149;237m 69ms[0m
  [38;2;0;206;209m[1m[4mReport:[0m
    [38;2;0;206;209m[38;2;0;255;0mline [0m[38;2;0;255;255m197:[0m [38;2;239;248;131mWARNING:[0m: Found [38;2;205;92;92m1[0m possible orphan nodes.[0m
    [38;2;0;206;209m	Add '[38;2;30;144;255mcollect_orphan_node_details()[0m' to the end of the test to collect details.[0m
[38;2;250;235;215m[0m
[38;2;250;235;215m[0m
  [38;2;250;235;215mres://tests/unit/event_bus/event_bus_declarations_test.gd[0m[38;2;250;235;215m > [0m[38;2;250;235;215mtest_event_bus_declarations_combat_completed_emits_correct_victory_value[0m[38;2;34;139;34m STARTED[0m[38;2;250;235;215m[0m
  [38;2;250;235;215mres://tests/unit/event_bus/event_bus_declarations_test.gd[0m[38;2;250;235;215m > [0m[38;2;250;235;215mtest_event_bus_declarations_combat_completed_emits_correct_victory_value[0m[38;2;34;139;34m PASSED[0m[38;2;100;149;237m 72ms[0m
  [38;2;0;206;209m[1m[4mReport:[0m
    [38;2;0;206;209m[38;2;0;255;0mline [0m[38;2;0;255;255m219:[0m [38;2;239;248;131mWARNING:[0m: Found [38;2;205;92;92m1[0m possible orphan nodes.[0m
    [38;2;0;206;209m	Add '[38;2;30;144;255mcollect_orphan_node_details()[0m' to the end of the test to collect details.[0m
[38;2;250;235;215m[0m
[38;2;250;235;215m[0m
  [38;2;250;235;215mres://tests/unit/event_bus/event_bus_declarations_test.gd[0m[38;2;250;235;215m > [0m[38;2;250;235;215mtest_event_bus_declarations_combat_completed_emits_correct_score_value[0m[38;2;34;139;34m STARTED[0m[38;2;250;235;215m[0m
  [38;2;250;235;215mres://tests/unit/event_bus/event_bus_declarations_test.gd[0m[38;2;250;235;215m > [0m[38;2;250;235;215mtest_event_bus_declarations_combat_completed_emits_correct_score_value[0m[38;2;34;139;34m PASSED[0m[38;2;100;149;237m 73ms[0m
  [38;2;0;206;209m[1m[4mReport:[0m
    [38;2;0;206;209m[38;2;0;255;0mline [0m[38;2;0;255;255m231:[0m [38;2;239;248;131mWARNING:[0m: Found [38;2;205;92;92m1[0m possible orphan nodes.[0m
    [38;2;0;206;209m	Add '[38;2;30;144;255mcollect_orphan_node_details()[0m' to the end of the test to collect details.[0m
[38;2;250;235;215m[0m
[38;2;250;235;215m[0m
  [38;2;250;235;215mres://tests/unit/event_bus/event_bus_declarations_test.gd[0m[38;2;250;235;215m > [0m[38;2;250;235;215mtest_event_bus_declarations_combat_completed_emits_correct_captain_id[0m[38;2;34;139;34m STARTED[0m[38;2;250;235;215m[0m
  [38;2;250;235;215mres://tests/unit/event_bus/event_bus_declarations_test.gd[0m[38;2;250;235;215m > [0m[38;2;250;235;215mtest_event_bus_declarations_combat_completed_emits_correct_captain_id[0m[38;2;34;139;34m PASSED[0m[38;2;100;149;237m 73ms[0m
  [38;2;0;206;209m[1m[4mReport:[0m
    [38;2;0;206;209m[38;2;0;255;0mline [0m[38;2;0;255;255m243:[0m [38;2;239;248;131mWARNING:[0m: Found [38;2;205;92;92m1[0m possible orphan nodes.[0m
    [38;2;0;206;209m	Add '[38;2;30;144;255mcollect_orphan_node_details()[0m' to the end of the test to collect details.[0m
[38;2;250;235;215m[0m
[38;2;250;235;215m[0m
  [38;2;250;235;215mres://tests/unit/event_bus/event_bus_declarations_test.gd[0m[38;2;250;235;215m > [0m[38;2;250;235;215mtest_event_bus_declarations_combat_completed_listener_receives_full_payload[0m[38;2;34;139;34m STARTED[0m[38;2;250;235;215m[0m
  [38;2;250;235;215mres://tests/unit/event_bus/event_bus_declarations_test.gd[0m[38;2;250;235;215m > [0m[38;2;250;235;215mtest_event_bus_declarations_combat_completed_listener_receives_full_payload[0m[38;2;34;139;34m PASSED[0m[38;2;100;149;237m 75ms[0m
  [38;2;0;206;209m[1m[4mReport:[0m
    [38;2;0;206;209m[38;2;0;255;0mline [0m[38;2;0;255;255m255:[0m [38;2;239;248;131mWARNING:[0m: Found [38;2;205;92;92m1[0m possible orphan nodes.[0m
    [38;2;0;206;209m	Add '[38;2;30;144;255mcollect_orphan_node_details()[0m' to the end of the test to collect details.[0m
[38;2;250;235;215m[0m
[38;2;250;235;215m[0m
[38;2;30;144;255mStatistics:[0m[38;2;250;235;215m 21 test cases | 0 errors | 0 failures | 0 flaky | 0 skipped | 21 orphans |[0m[38;2;34;139;34m PASSED[0m[38;2;100;149;237m 1s 557ms[0m
[38;2;250;235;215m[0m
[38;2;250;235;215m[0m
[38;2;0;206;209mRun Test Suite: [0m[38;2;250;235;215mres://tests/unit/event_bus/event_bus_type_safety_test.gd[0m
  [38;2;250;235;215mres://tests/unit/event_bus/event_bus_type_safety_test.gd[0m[38;2;250;235;215m > [0m[38;2;250;235;215mtest_event_bus_type_safety_relationship_changed_delivers_string_companion_id[0m[38;2;34;139;34m STARTED[0m[38;2;250;235;215m[0m
  [38;2;250;235;215mres://tests/unit/event_bus/event_bus_type_safety_test.gd[0m[38;2;250;235;215m > [0m[38;2;250;235;215mtest_event_bus_type_safety_relationship_changed_delivers_string_companion_id[0m[38;2;34;139;34m PASSED[0m[38;2;100;149;237m 75ms[0m
  [38;2;0;206;209m[1m[4mReport:[0m
    [38;2;0;206;209m[38;2;0;255;0mline [0m[38;2;0;255;255m36:[0m [38;2;239;248;131mWARNING:[0m: Found [38;2;205;92;92m1[0m possible orphan nodes.[0m
    [38;2;0;206;209m	Add '[38;2;30;144;255mcollect_orphan_node_details()[0m' to the end of the test to collect details.[0m
[38;2;250;235;215m[0m
[38;2;250;235;215m[0m
  [38;2;250;235;215mres://tests/unit/event_bus/event_bus_type_safety_test.gd[0m[38;2;250;235;215m > [0m[38;2;250;235;215mtest_event_bus_type_safety_relationship_changed_delivers_int_delta[0m[38;2;34;139;34m STARTED[0m[38;2;250;235;215m[0m
  [38;2;250;235;215mres://tests/unit/event_bus/event_bus_type_safety_test.gd[0m[38;2;250;235;215m > [0m[38;2;250;235;215mtest_event_bus_type_safety_relationship_changed_delivers_int_delta[0m[38;2;34;139;34m PASSED[0m[38;2;100;149;237m 75ms[0m
  [38;2;0;206;209m[1m[4mReport:[0m
    [38;2;0;206;209m[38;2;0;255;0mline [0m[38;2;0;255;255m49:[0m [38;2;239;248;131mWARNING:[0m: Found [38;2;205;92;92m1[0m possible orphan nodes.[0m
    [38;2;0;206;209m	Add '[38;2;30;144;255mcollect_orphan_node_details()[0m' to the end of the test to collect details.[0m
[38;2;250;235;215m[0m
[38;2;250;235;215m[0m
  [38;2;250;235;215mres://tests/unit/event_bus/event_bus_type_safety_test.gd[0m[38;2;250;235;215m > [0m[38;2;250;235;215mtest_event_bus_type_safety_relationship_changed_companion_id_type_is_string[0m[38;2;34;139;34m STARTED[0m[38;2;250;235;215m[0m
  [38;2;250;235;215mres://tests/unit/event_bus/event_bus_type_safety_test.gd[0m[38;2;250;235;215m > [0m[38;2;250;235;215mtest_event_bus_type_safety_relationship_changed_companion_id_type_is_string[0m[38;2;34;139;34m PASSED[0m[38;2;100;149;237m 79ms[0m
  [38;2;0;206;209m[1m[4mReport:[0m
    [38;2;0;206;209m[38;2;0;255;0mline [0m[38;2;0;255;255m62:[0m [38;2;239;248;131mWARNING:[0m: Found [38;2;205;92;92m1[0m possible orphan nodes.[0m
    [38;2;0;206;209m	Add '[38;2;30;144;255mcollect_orphan_node_details()[0m' to the end of the test to collect details.[0m
[38;2;250;235;215m[0m
[38;2;250;235;215m[0m
  [38;2;250;235;215mres://tests/unit/event_bus/event_bus_type_safety_test.gd[0m[38;2;250;235;215m > [0m[38;2;250;235;215mtest_event_bus_type_safety_relationship_changed_delta_type_is_int[0m[38;2;34;139;34m STARTED[0m[38;2;250;235;215m[0m
  [38;2;250;235;215mres://tests/unit/event_bus/event_bus_type_safety_test.gd[0m[38;2;250;235;215m > [0m[38;2;250;235;215mtest_event_bus_type_safety_relationship_changed_delta_type_is_int[0m[38;2;34;139;34m PASSED[0m[38;2;100;149;237m 78ms[0m
  [38;2;0;206;209m[1m[4mReport:[0m
    [38;2;0;206;209m[38;2;0;255;0mline [0m[38;2;0;255;255m75:[0m [38;2;239;248;131mWARNING:[0m: Found [38;2;205;92;92m1[0m possible orphan nodes.[0m
    [38;2;0;206;209m	Add '[38;2;30;144;255mcollect_orphan_node_details()[0m' to the end of the test to collect details.[0m
[38;2;250;235;215m[0m
[38;2;250;235;215m[0m
  [38;2;250;235;215mres://tests/unit/event_bus/event_bus_type_safety_test.gd[0m[38;2;250;235;215m > [0m[38;2;250;235;215mtest_event_bus_type_safety_relationship_changed_negative_delta_preserved[0m[38;2;34;139;34m STARTED[0m[38;2;250;235;215m[0m
  [38;2;250;235;215mres://tests/unit/event_bus/event_bus_type_safety_test.gd[0m[38;2;250;235;215m > [0m[38;2;250;235;215mtest_event_bus_type_safety_relationship_changed_negative_delta_preserved[0m[38;2;34;139;34m PASSED[0m[38;2;100;149;237m 85ms[0m
  [38;2;0;206;209m[1m[4mReport:[0m
    [38;2;0;206;209m[38;2;0;255;0mline [0m[38;2;0;255;255m88:[0m [38;2;239;248;131mWARNING:[0m: Found [38;2;205;92;92m1[0m possible orphan nodes.[0m
    [38;2;0;206;209m	Add '[38;2;30;144;255mcollect_orphan_node_details()[0m' to the end of the test to collect details.[0m
[38;2;250;235;215m[0m
[38;2;250;235;215m[0m
  [38;2;250;235;215mres://tests/unit/event_bus/event_bus_type_safety_test.gd[0m[38;2;250;235;215m > [0m[38;2;250;235;215mtest_event_bus_type_safety_combat_completed_delivers_full_dict_unchanged[0m[38;2;34;139;34m STARTED[0m[38;2;250;235;215m[0m
  [38;2;250;235;215mres://tests/unit/event_bus/event_bus_type_safety_test.gd[0m[38;2;250;235;215m > [0m[38;2;250;235;215mtest_event_bus_type_safety_combat_completed_delivers_full_dict_unchanged[0m[38;2;34;139;34m PASSED[0m[38;2;100;149;237m 79ms[0m
  [38;2;0;206;209m[1m[4mReport:[0m
    [38;2;0;206;209m[38;2;0;255;0mline [0m[38;2;0;255;255m110:[0m [38;2;239;248;131mWARNING:[0m: Found [38;2;205;92;92m1[0m possible orphan nodes.[0m
    [38;2;0;206;209m	Add '[38;2;30;144;255mcollect_orphan_node_details()[0m' to the end of the test to collect details.[0m
[38;2;250;235;215m[0m
[38;2;250;235;215m[0m
  [38;2;250;235;215mres://tests/unit/event_bus/event_bus_type_safety_test.gd[0m[38;2;250;235;215m > [0m[38;2;250;235;215mtest_event_bus_type_safety_combat_completed_victory_value_preserved[0m[38;2;34;139;34m STARTED[0m[38;2;250;235;215m[0m
  [38;2;250;235;215mres://tests/unit/event_bus/event_bus_type_safety_test.gd[0m[38;2;250;235;215m > [0m[38;2;250;235;215mtest_event_bus_type_safety_combat_completed_victory_value_preserved[0m[38;2;34;139;34m PASSED[0m[38;2;100;149;237m 84ms[0m
  [38;2;0;206;209m[1m[4mReport:[0m
    [38;2;0;206;209m[38;2;0;255;0mline [0m[38;2;0;255;255m129:[0m [38;2;239;248;131mWARNING:[0m: Found [38;2;205;92;92m1[0m possible orphan nodes.[0m
    [38;2;0;206;209m	Add '[38;2;30;144;255mcollect_orphan_node_details()[0m' to the end of the test to collect details.[0m
[38;2;250;235;215m[0m
[38;2;250;235;215m[0m
  [38;2;250;235;215mres://tests/unit/event_bus/event_bus_type_safety_test.gd[0m[38;2;250;235;215m > [0m[38;2;250;235;215mtest_event_bus_type_safety_combat_completed_score_value_preserved[0m[38;2;34;139;34m STARTED[0m[38;2;250;235;215m[0m
  [38;2;250;235;215mres://tests/unit/event_bus/event_bus_type_safety_test.gd[0m[38;2;250;235;215m > [0m[38;2;250;235;215mtest_event_bus_type_safety_combat_completed_score_value_preserved[0m[38;2;34;139;34m PASSED[0m[38;2;100;149;237m 81ms[0m
  [38;2;0;206;209m[1m[4mReport:[0m
    [38;2;0;206;209m[38;2;0;255;0mline [0m[38;2;0;255;255m141:[0m [38;2;239;248;131mWARNING:[0m: Found [38;2;205;92;92m1[0m possible orphan nodes.[0m
    [38;2;0;206;209m	Add '[38;2;30;144;255mcollect_orphan_node_details()[0m' to the end of the test to collect details.[0m
[38;2;250;235;215m[0m
[38;2;250;235;215m[0m
  [38;2;250;235;215mres://tests/unit/event_bus/event_bus_type_safety_test.gd[0m[38;2;250;235;215m > [0m[38;2;250;235;215mtest_event_bus_type_safety_combat_completed_hands_used_value_preserved[0m[38;2;34;139;34m STARTED[0m[38;2;250;235;215m[0m
  [38;2;250;235;215mres://tests/unit/event_bus/event_bus_type_safety_test.gd[0m[38;2;250;235;215m > [0m[38;2;250;235;215mtest_event_bus_type_safety_combat_completed_hands_used_value_preserved[0m[38;2;34;139;34m PASSED[0m[38;2;100;149;237m 85ms[0m
  [38;2;0;206;209m[1m[4mReport:[0m
    [38;2;0;206;209m[38;2;0;255;0mline [0m[38;2;0;255;255m153:[0m [38;2;239;248;131mWARNING:[0m: Found [38;2;205;92;92m1[0m possible orphan nodes.[0m
    [38;2;0;206;209m	Add '[38;2;30;144;255mcollect_orphan_node_details()[0m' to the end of the test to collect details.[0m
[38;2;250;235;215m[0m
[38;2;250;235;215m[0m
  [38;2;250;235;215mres://tests/unit/event_bus/event_bus_type_safety_test.gd[0m[38;2;250;235;215m > [0m[38;2;250;235;215mtest_event_bus_type_safety_combat_completed_captain_id_value_preserved[0m[38;2;34;139;34m STARTED[0m[38;2;250;235;215m[0m
  [38;2;250;235;215mres://tests/unit/event_bus/event_bus_type_safety_test.gd[0m[38;2;250;235;215m > [0m[38;2;250;235;215mtest_event_bus_type_safety_combat_completed_captain_id_value_preserved[0m[38;2;34;139;34m PASSED[0m[38;2;100;149;237m 84ms[0m
  [38;2;0;206;209m[1m[4mReport:[0m
    [38;2;0;206;209m[38;2;0;255;0mline [0m[38;2;0;255;255m165:[0m [38;2;239;248;131mWARNING:[0m: Found [38;2;205;92;92m1[0m possible orphan nodes.[0m
    [38;2;0;206;209m	Add '[38;2;30;144;255mcollect_orphan_node_details()[0m' to the end of the test to collect details.[0m
[38;2;250;235;215m[0m
[38;2;250;235;215m[0m
  [38;2;250;235;215mres://tests/unit/event_bus/event_bus_type_safety_test.gd[0m[38;2;250;235;215m > [0m[38;2;250;235;215mtest_event_bus_type_safety_romance_stage_changed_old_stage_type_is_int[0m[38;2;34;139;34m STARTED[0m[38;2;250;235;215m[0m
  [38;2;250;235;215mres://tests/unit/event_bus/event_bus_type_safety_test.gd[0m[38;2;250;235;215m > [0m[38;2;250;235;215mtest_event_bus_type_safety_romance_stage_changed_old_stage_type_is_int[0m[38;2;34;139;34m PASSED[0m[38;2;100;149;237m 86ms[0m
  [38;2;0;206;209m[1m[4mReport:[0m
    [38;2;0;206;209m[38;2;0;255;0mline [0m[38;2;0;255;255m190:[0m [38;2;239;248;131mWARNING:[0m: Found [38;2;205;92;92m1[0m possible orphan nodes.[0m
    [38;2;0;206;209m	Add '[38;2;30;144;255mcollect_orphan_node_details()[0m' to the end of the test to collect details.[0m
[38;2;250;235;215m[0m
[38;2;250;235;215m[0m
  [38;2;250;235;215mres://tests/unit/event_bus/event_bus_type_safety_test.gd[0m[38;2;250;235;215m > [0m[38;2;250;235;215mtest_event_bus_type_safety_romance_stage_changed_new_stage_type_is_int[0m[38;2;34;139;34m STARTED[0m[38;2;250;235;215m[0m
  [38;2;250;235;215mres://tests/unit/event_bus/event_bus_type_safety_test.gd[0m[38;2;250;235;215m > [0m[38;2;250;235;215mtest_event_bus_type_safety_romance_stage_changed_new_stage_type_is_int[0m[38;2;34;139;34m PASSED[0m[38;2;100;149;237m 87ms[0m
  [38;2;0;206;209m[1m[4mReport:[0m
    [38;2;0;206;209m[38;2;0;255;0mline [0m[38;2;0;255;255m204:[0m [38;2;239;248;131mWARNING:[0m: Found [38;2;205;92;92m1[0m possible orphan nodes.[0m
    [38;2;0;206;209m	Add '[38;2;30;144;255mcollect_orphan_node_details()[0m' to the end of the test to collect details.[0m
[38;2;250;235;215m[0m
[38;2;250;235;215m[0m
  [38;2;250;235;215mres://tests/unit/event_bus/event_bus_type_safety_test.gd[0m[38;2;250;235;215m > [0m[38;2;250;235;215mtest_event_bus_type_safety_romance_stage_changed_old_stage_value_correct[0m[38;2;34;139;34m STARTED[0m[38;2;250;235;215m[0m
  [38;2;250;235;215mres://tests/unit/event_bus/event_bus_type_safety_test.gd[0m[38;2;250;235;215m > [0m[38;2;250;235;215mtest_event_bus_type_safety_romance_stage_changed_old_stage_value_correct[0m[38;2;34;139;34m PASSED[0m[38;2;100;149;237m 85ms[0m
  [38;2;0;206;209m[1m[4mReport:[0m
    [38;2;0;206;209m[38;2;0;255;0mline [0m[38;2;0;255;255m218:[0m [38;2;239;248;131mWARNING:[0m: Found [38;2;205;92;92m1[0m possible orphan nodes.[0m
    [38;2;0;206;209m	Add '[38;2;30;144;255mcollect_orphan_node_details()[0m' to the end of the test to collect details.[0m
[38;2;250;235;215m[0m
[38;2;250;235;215m[0m
  [38;2;250;235;215mres://tests/unit/event_bus/event_bus_type_safety_test.gd[0m[38;2;250;235;215m > [0m[38;2;250;235;215mtest_event_bus_type_safety_romance_stage_changed_new_stage_value_correct[0m[38;2;34;139;34m STARTED[0m[38;2;250;235;215m[0m
  [38;2;250;235;215mres://tests/unit/event_bus/event_bus_type_safety_test.gd[0m[38;2;250;235;215m > [0m[38;2;250;235;215mtest_event_bus_type_safety_romance_stage_changed_new_stage_value_correct[0m[38;2;34;139;34m PASSED[0m[38;2;100;149;237m 86ms[0m
  [38;2;0;206;209m[1m[4mReport:[0m
    [38;2;0;206;209m[38;2;0;255;0mline [0m[38;2;0;255;255m232:[0m [38;2;239;248;131mWARNING:[0m: Found [38;2;205;92;92m1[0m possible orphan nodes.[0m
    [38;2;0;206;209m	Add '[38;2;30;144;255mcollect_orphan_node_details()[0m' to the end of the test to collect details.[0m
[38;2;250;235;215m[0m
[38;2;250;235;215m[0m
  [38;2;250;235;215mres://tests/unit/event_bus/event_bus_type_safety_test.gd[0m[38;2;250;235;215m > [0m[38;2;250;235;215mtest_event_bus_type_safety_romance_stage_changed_companion_id_delivered[0m[38;2;34;139;34m STARTED[0m[38;2;250;235;215m[0m
  [38;2;250;235;215mres://tests/unit/event_bus/event_bus_type_safety_test.gd[0m[38;2;250;235;215m > [0m[38;2;250;235;215mtest_event_bus_type_safety_romance_stage_changed_companion_id_delivered[0m[38;2;34;139;34m PASSED[0m[38;2;100;149;237m 88ms[0m
  [38;2;0;206;209m[1m[4mReport:[0m
    [38;2;0;206;209m[38;2;0;255;0mline [0m[38;2;0;255;255m246:[0m [38;2;239;248;131mWARNING:[0m: Found [38;2;205;92;92m1[0m possible orphan nodes.[0m
    [38;2;0;206;209m	Add '[38;2;30;144;255mcollect_orphan_node_details()[0m' to the end of the test to collect details.[0m
[38;2;250;235;215m[0m
[38;2;250;235;215m[0m
  [38;2;250;235;215mres://tests/unit/event_bus/event_bus_type_safety_test.gd[0m[38;2;250;235;215m > [0m[38;2;250;235;215mtest_event_bus_type_safety_tokens_reset_listener_is_called[0m[38;2;34;139;34m STARTED[0m[38;2;250;235;215m[0m
  [38;2;250;235;215mres://tests/unit/event_bus/event_bus_type_safety_test.gd[0m[38;2;250;235;215m > [0m[38;2;250;235;215mtest_event_bus_type_safety_tokens_reset_listener_is_called[0m[38;2;34;139;34m PASSED[0m[38;2;100;149;237m 90ms[0m
  [38;2;0;206;209m[1m[4mReport:[0m
    [38;2;0;206;209m[38;2;0;255;0mline [0m[38;2;0;255;255m275:[0m [38;2;239;248;131mWARNING:[0m: Found [38;2;205;92;92m1[0m possible orphan nodes.[0m
    [38;2;0;206;209m	Add '[38;2;30;144;255mcollect_orphan_node_details()[0m' to the end of the test to collect details.[0m
[38;2;250;235;215m[0m
[38;2;250;235;215m[0m
  [38;2;250;235;215mres://tests/unit/event_bus/event_bus_type_safety_test.gd[0m[38;2;250;235;215m > [0m[38;2;250;235;215mtest_event_bus_type_safety_tokens_reset_listener_not_called_before_emit[0m[38;2;34;139;34m STARTED[0m[38;2;250;235;215m[0m
  [38;2;250;235;215mres://tests/unit/event_bus/event_bus_type_safety_test.gd[0m[38;2;250;235;215m > [0m[38;2;250;235;215mtest_event_bus_type_safety_tokens_reset_listener_not_called_before_emit[0m[38;2;34;139;34m PASSED[0m[38;2;100;149;237m 89ms[0m
  [38;2;0;206;209m[1m[4mReport:[0m
    [38;2;0;206;209m[38;2;0;255;0mline [0m[38;2;0;255;255m287:[0m [38;2;239;248;131mWARNING:[0m: Found [38;2;205;92;92m1[0m possible orphan nodes.[0m
    [38;2;0;206;209m	Add '[38;2;30;144;255mcollect_orphan_node_details()[0m' to the end of the test to collect details.[0m
[38;2;250;235;215m[0m
[38;2;250;235;215m[0m
  [38;2;250;235;215mres://tests/unit/event_bus/event_bus_type_safety_test.gd[0m[38;2;250;235;215m > [0m[38;2;250;235;215mtest_event_bus_type_safety_tokens_reset_multiple_listeners_all_called[0m[38;2;34;139;34m STARTED[0m[38;2;250;235;215m[0m
  [38;2;250;235;215mres://tests/unit/event_bus/event_bus_type_safety_test.gd[0m[38;2;250;235;215m > [0m[38;2;250;235;215mtest_event_bus_type_safety_tokens_reset_multiple_listeners_all_called[0m[38;2;34;139;34m PASSED[0m[38;2;100;149;237m 92ms[0m
  [38;2;0;206;209m[1m[4mReport:[0m
    [38;2;0;206;209m[38;2;0;255;0mline [0m[38;2;0;255;255m298:[0m [38;2;239;248;131mWARNING:[0m: Found [38;2;205;92;92m1[0m possible orphan nodes.[0m
    [38;2;0;206;209m	Add '[38;2;30;144;255mcollect_orphan_node_details()[0m' to the end of the test to collect details.[0m
[38;2;250;235;215m[0m
[38;2;250;235;215m[0m
  [38;2;250;235;215mres://tests/unit/event_bus/event_bus_type_safety_test.gd[0m[38;2;250;235;215m > [0m[38;2;250;235;215mtest_event_bus_type_safety_all_signals_are_accessible[0m[38;2;34;139;34m STARTED[0m[38;2;250;235;215m[0m
  [38;2;250;235;215mres://tests/unit/event_bus/event_bus_type_safety_test.gd[0m[38;2;250;235;215m > [0m[38;2;250;235;215mtest_event_bus_type_safety_all_signals_are_accessible[0m[38;2;34;139;34m PASSED[0m[38;2;100;149;237m 94ms[0m
  [38;2;0;206;209m[1m[4mReport:[0m
    [38;2;0;206;209m[38;2;0;255;0mline [0m[38;2;0;255;255m318:[0m [38;2;239;248;131mWARNING:[0m: Found [38;2;205;92;92m1[0m possible orphan nodes.[0m
    [38;2;0;206;209m	Add '[38;2;30;144;255mcollect_orphan_node_details()[0m' to the end of the test to collect details.[0m
[38;2;250;235;215m[0m
[38;2;250;235;215m[0m
  [38;2;250;235;215mres://tests/unit/event_bus/event_bus_type_safety_test.gd[0m[38;2;250;235;215m > [0m[38;2;250;235;215mtest_event_bus_type_safety_romance_stage_changed_is_connectable[0m[38;2;34;139;34m STARTED[0m[38;2;250;235;215m[0m
  [38;2;250;235;215mres://tests/unit/event_bus/event_bus_type_safety_test.gd[0m[38;2;250;235;215m > [0m[38;2;250;235;215mtest_event_bus_type_safety_romance_stage_changed_is_connectable[0m[38;2;34;139;34m PASSED[0m[38;2;100;149;237m 94ms[0m
  [38;2;0;206;209m[1m[4mReport:[0m
    [38;2;0;206;209m[38;2;0;255;0mline [0m[38;2;0;255;255m338:[0m [38;2;239;248;131mWARNING:[0m: Found [38;2;205;92;92m1[0m possible orphan nodes.[0m
    [38;2;0;206;209m	Add '[38;2;30;144;255mcollect_orphan_node_details()[0m' to the end of the test to collect details.[0m
[38;2;250;235;215m[0m
[38;2;250;235;215m[0m
  [38;2;250;235;215mres://tests/unit/event_bus/event_bus_type_safety_test.gd[0m[38;2;250;235;215m > [0m[38;2;250;235;215mtest_event_bus_type_safety_tokens_reset_is_connectable[0m[38;2;34;139;34m STARTED[0m[38;2;250;235;215m[0m
  [38;2;250;235;215mres://tests/unit/event_bus/event_bus_type_safety_test.gd[0m[38;2;250;235;215m > [0m[38;2;250;235;215mtest_event_bus_type_safety_tokens_reset_is_connectable[0m[38;2;34;139;34m PASSED[0m[38;2;100;149;237m 95ms[0m
  [38;2;0;206;209m[1m[4mReport:[0m
    [38;2;0;206;209m[38;2;0;255;0mline [0m[38;2;0;255;255m349:[0m [38;2;239;248;131mWARNING:[0m: Found [38;2;205;92;92m1[0m possible orphan nodes.[0m
    [38;2;0;206;209m	Add '[38;2;30;144;255mcollect_orphan_node_details()[0m' to the end of the test to collect details.[0m
[38;2;250;235;215m[0m
[38;2;250;235;215m[0m
  [38;2;250;235;215mres://tests/unit/event_bus/event_bus_type_safety_test.gd[0m[38;2;250;235;215m > [0m[38;2;250;235;215mtest_event_bus_type_safety_combat_completed_is_connectable[0m[38;2;34;139;34m STARTED[0m[38;2;250;235;215m[0m
  [38;2;250;235;215mres://tests/unit/event_bus/event_bus_type_safety_test.gd[0m[38;2;250;235;215m > [0m[38;2;250;235;215mtest_event_bus_type_safety_combat_completed_is_connectable[0m[38;2;34;139;34m PASSED[0m[38;2;100;149;237m 94ms[0m
  [38;2;0;206;209m[1m[4mReport:[0m
    [38;2;0;206;209m[38;2;0;255;0mline [0m[38;2;0;255;255m360:[0m [38;2;239;248;131mWARNING:[0m: Found [38;2;205;92;92m1[0m possible orphan nodes.[0m
    [38;2;0;206;209m	Add '[38;2;30;144;255mcollect_orphan_node_details()[0m' to the end of the test to collect details.[0m
[38;2;250;235;215m[0m
[38;2;250;235;215m[0m
  [38;2;250;235;215mres://tests/unit/event_bus/event_bus_type_safety_test.gd[0m[38;2;250;235;215m > [0m[38;2;250;235;215mtest_event_bus_type_safety_relationship_changed_is_connectable[0m[38;2;34;139;34m STARTED[0m[38;2;250;235;215m[0m
  [38;2;250;235;215mres://tests/unit/event_bus/event_bus_type_safety_test.gd[0m[38;2;250;235;215m > [0m[38;2;250;235;215mtest_event_bus_type_safety_relationship_changed_is_connectable[0m[38;2;34;139;34m PASSED[0m[38;2;100;149;237m 96ms[0m
  [38;2;0;206;209m[1m[4mReport:[0m
    [38;2;0;206;209m[38;2;0;255;0mline [0m[38;2;0;255;255m371:[0m [38;2;239;248;131mWARNING:[0m: Found [38;2;205;92;92m1[0m possible orphan nodes.[0m
    [38;2;0;206;209m	Add '[38;2;30;144;255mcollect_orphan_node_details()[0m' to the end of the test to collect details.[0m
[38;2;250;235;215m[0m
[38;2;250;235;215m[0m
[38;2;30;144;255mStatistics:[0m[38;2;250;235;215m 23 test cases | 0 errors | 0 failures | 0 flaky | 0 skipped | 23 orphans |[0m[38;2;34;139;34m PASSED[0m[38;2;100;149;237m 2s 240ms[0m
[38;2;250;235;215m[0m
[38;2;250;235;215m[0m
[38;2;0;206;209mRun Test Suite: [0m[38;2;250;235;215mres://tests/unit/game_store/game_store_dirty_flag_test.gd[0m
  [38;2;250;235;215mres://tests/unit/game_store/game_store_dirty_flag_test.gd[0m[38;2;250;235;215m > [0m[38;2;250;235;215mtest_game_store_dirty_flag_multiple_setters_set_dirty_true[0m[38;2;34;139;34m STARTED[0m[38;2;250;235;215m[0m
  [38;2;250;235;215mres://tests/unit/game_store/game_store_dirty_flag_test.gd[0m[38;2;250;235;215m > [0m[38;2;250;235;215mtest_game_store_dirty_flag_multiple_setters_set_dirty_true[0m[38;2;34;139;34m PASSED[0m[38;2;100;149;237m 100ms[0m
  [38;2;0;206;209m[1m[4mReport:[0m
    [38;2;0;206;209m[38;2;0;255;0mline [0m[38;2;0;255;255m52:[0m [38;2;239;248;131mWARNING:[0m: Found [38;2;205;92;92m1[0m possible orphan nodes.[0m
    [38;2;0;206;209m	Add '[38;2;30;144;255mcollect_orphan_node_details()[0m' to the end of the test to collect details.[0m
[38;2;250;235;215m[0m
[38;2;250;235;215m[0m
  [38;2;250;235;215mres://tests/unit/game_store/game_store_dirty_flag_test.gd[0m[38;2;250;235;215m > [0m[38;2;250;235;215mtest_game_store_dirty_flag_multiple_setters_set_save_pending_true[0m[38;2;34;139;34m STARTED[0m[38;2;250;235;215m[0m
  [38;2;250;235;215mres://tests/unit/game_store/game_store_dirty_flag_test.gd[0m[38;2;250;235;215m > [0m[38;2;250;235;215mtest_game_store_dirty_flag_multiple_setters_set_save_pending_true[0m[38;2;34;139;34m PASSED[0m[38;2;100;149;237m 99ms[0m
  [38;2;0;206;209m[1m[4mReport:[0m
    [38;2;0;206;209m[38;2;0;255;0mline [0m[38;2;0;255;255m66:[0m [38;2;239;248;131mWARNING:[0m: Found [38;2;205;92;92m1[0m possible orphan nodes.[0m
    [38;2;0;206;209m	Add '[38;2;30;144;255mcollect_orphan_node_details()[0m' to the end of the test to collect details.[0m
[38;2;250;235;215m[0m
[38;2;250;235;215m[0m
  [38;2;250;235;215mres://tests/unit/game_store/game_store_dirty_flag_test.gd[0m[38;2;250;235;215m > [0m[38;2;250;235;215mtest_game_store_dirty_flag_flush_save_resets_dirty_to_false[0m[38;2;34;139;34m STARTED[0m[38;2;250;235;215m[0m
  [38;2;250;235;215mres://tests/unit/game_store/game_store_dirty_flag_test.gd[0m[38;2;250;235;215m > [0m[38;2;250;235;215mtest_game_store_dirty_flag_flush_save_resets_dirty_to_false[0m[38;2;34;139;34m PASSED[0m[38;2;100;149;237m 99ms[0m
  [38;2;0;206;209m[1m[4mReport:[0m
    [38;2;0;206;209m[38;2;0;255;0mline [0m[38;2;0;255;255m80:[0m [38;2;239;248;131mWARNING:[0m: Found [38;2;205;92;92m1[0m possible orphan nodes.[0m
    [38;2;0;206;209m	Add '[38;2;30;144;255mcollect_orphan_node_details()[0m' to the end of the test to collect details.[0m
[38;2;250;235;215m[0m
[38;2;250;235;215m[0m
  [38;2;250;235;215mres://tests/unit/game_store/game_store_dirty_flag_test.gd[0m[38;2;250;235;215m > [0m[38;2;250;235;215mtest_game_store_dirty_flag_add_gold_sets_save_pending[0m[38;2;34;139;34m STARTED[0m[38;2;250;235;215m[0m
  [38;2;250;235;215mres://tests/unit/game_store/game_store_dirty_flag_test.gd[0m[38;2;250;235;215m > [0m[38;2;250;235;215mtest_game_store_dirty_flag_add_gold_sets_save_pending[0m[38;2;34;139;34m PASSED[0m[38;2;100;149;237m 112ms[0m
  [38;2;0;206;209m[1m[4mReport:[0m
    [38;2;0;206;209m[38;2;0;255;0mline [0m[38;2;0;255;255m115:[0m [38;2;239;248;131mWARNING:[0m: Found [38;2;205;92;92m1[0m possible orphan nodes.[0m
    [38;2;0;206;209m	Add '[38;2;30;144;255mcollect_orphan_node_details()[0m' to the end of the test to collect details.[0m
[38;2;250;235;215m[0m
[38;2;250;235;215m[0m
  [38;2;250;235;215mres://tests/unit/game_store/game_store_dirty_flag_test.gd[0m[38;2;250;235;215m > [0m[38;2;250;235;215mtest_game_store_dirty_flag_set_flag_sets_save_pending[0m[38;2;34;139;34m STARTED[0m[38;2;250;235;215m[0m
  [38;2;250;235;215mres://tests/unit/game_store/game_store_dirty_flag_test.gd[0m[38;2;250;235;215m > [0m[38;2;250;235;215mtest_game_store_dirty_flag_set_flag_sets_save_pending[0m[38;2;34;139;34m PASSED[0m[38;2;100;149;237m 114ms[0m
  [38;2;0;206;209m[1m[4mReport:[0m
    [38;2;0;206;209m[38;2;0;255;0mline [0m[38;2;0;255;255m120:[0m [38;2;239;248;131mWARNING:[0m: Found [38;2;205;92;92m1[0m possible orphan nodes.[0m
    [38;2;0;206;209m	Add '[38;2;30;144;255mcollect_orphan_node_details()[0m' to the end of the test to collect details.[0m
[38;2;250;235;215m[0m
[38;2;250;235;215m[0m
  [38;2;250;235;215mres://tests/unit/game_store/game_store_dirty_flag_test.gd[0m[38;2;250;235;215m > [0m[38;2;250;235;215mtest_game_store_dirty_flag_set_trust_sets_save_pending[0m[38;2;34;139;34m STARTED[0m[38;2;250;235;215m[0m
  [38;2;250;235;215mres://tests/unit/game_store/game_store_dirty_flag_test.gd[0m[38;2;250;235;215m > [0m[38;2;250;235;215mtest_game_store_dirty_flag_set_trust_sets_save_pending[0m[38;2;34;139;34m PASSED[0m[38;2;100;149;237m 103ms[0m
  [38;2;0;206;209m[1m[4mReport:[0m
    [38;2;0;206;209m[38;2;0;255;0mline [0m[38;2;0;255;255m125:[0m [38;2;239;248;131mWARNING:[0m: Found [38;2;205;92;92m1[0m possible orphan nodes.[0m
    [38;2;0;206;209m	Add '[38;2;30;144;255mcollect_orphan_node_details()[0m' to the end of the test to collect details.[0m
[38;2;250;235;215m[0m
[38;2;250;235;215m[0m
  [38;2;250;235;215mres://tests/unit/game_store/game_store_dirty_flag_test.gd[0m[38;2;250;235;215m > [0m[38;2;250;235;215mtest_game_store_dirty_flag_set_met_sets_save_pending[0m[38;2;34;139;34m STARTED[0m[38;2;250;235;215m[0m
  [38;2;250;235;215mres://tests/unit/game_store/game_store_dirty_flag_test.gd[0m[38;2;250;235;215m > [0m[38;2;250;235;215mtest_game_store_dirty_flag_set_met_sets_save_pending[0m[38;2;34;139;34m PASSED[0m[38;2;100;149;237m 104ms[0m
  [38;2;0;206;209m[1m[4mReport:[0m
    [38;2;0;206;209m[38;2;0;255;0mline [0m[38;2;0;255;255m130:[0m [38;2;239;248;131mWARNING:[0m: Found [38;2;205;92;92m1[0m possible orphan nodes.[0m
    [38;2;0;206;209m	Add '[38;2;30;144;255mcollect_orphan_node_details()[0m' to the end of the test to collect details.[0m
[38;2;250;235;215m[0m
[38;2;250;235;215m[0m
  [38;2;250;235;215mres://tests/unit/game_store/game_store_dirty_flag_test.gd[0m[38;2;250;235;215m > [0m[38;2;250;235;215mtest_game_store_dirty_flag_set_mood_sets_save_pending[0m[38;2;34;139;34m STARTED[0m[38;2;250;235;215m[0m
  [38;2;250;235;215mres://tests/unit/game_store/game_store_dirty_flag_test.gd[0m[38;2;250;235;215m > [0m[38;2;250;235;215mtest_game_store_dirty_flag_set_mood_sets_save_pending[0m[38;2;34;139;34m PASSED[0m[38;2;100;149;237m 105ms[0m
  [38;2;0;206;209m[1m[4mReport:[0m
    [38;2;0;206;209m[38;2;0;255;0mline [0m[38;2;0;255;255m135:[0m [38;2;239;248;131mWARNING:[0m: Found [38;2;205;92;92m1[0m possible orphan nodes.[0m
    [38;2;0;206;209m	Add '[38;2;30;144;255mcollect_orphan_node_details()[0m' to the end of the test to collect details.[0m
[38;2;250;235;215m[0m
[38;2;250;235;215m[0m
  [38;2;250;235;215mres://tests/unit/game_store/game_store_dirty_flag_test.gd[0m[38;2;250;235;215m > [0m[38;2;250;235;215mtest_game_store_dirty_flag_set_node_state_sets_save_pending[0m[38;2;34;139;34m STARTED[0m[38;2;250;235;215m[0m
  [38;2;250;235;215mres://tests/unit/game_store/game_store_dirty_flag_test.gd[0m[38;2;250;235;215m > [0m[38;2;250;235;215mtest_game_store_dirty_flag_set_node_state_sets_save_pending[0m[38;2;34;139;34m PASSED[0m[38;2;100;149;237m 107ms[0m
  [38;2;0;206;209m[1m[4mReport:[0m
    [38;2;0;206;209m[38;2;0;255;0mline [0m[38;2;0;255;255m140:[0m [38;2;239;248;131mWARNING:[0m: Found [38;2;205;92;92m1[0m possible orphan nodes.[0m
    [38;2;0;206;209m	Add '[38;2;30;144;255mcollect_orphan_node_details()[0m' to the end of the test to collect details.[0m
[38;2;250;235;215m[0m
[38;2;250;235;215m[0m
  [38;2;250;235;215mres://tests/unit/game_store/game_store_dirty_flag_test.gd[0m[38;2;250;235;215m > [0m[38;2;250;235;215mtest_game_store_dirty_flag_spend_gold_success_sets_save_pending[0m[38;2;34;139;34m STARTED[0m[38;2;250;235;215m[0m
  [38;2;250;235;215mres://tests/unit/game_store/game_store_dirty_flag_test.gd[0m[38;2;250;235;215m > [0m[38;2;250;235;215mtest_game_store_dirty_flag_spend_gold_success_sets_save_pending[0m[38;2;34;139;34m PASSED[0m[38;2;100;149;237m 107ms[0m
  [38;2;0;206;209m[1m[4mReport:[0m
    [38;2;0;206;209m[38;2;0;255;0mline [0m[38;2;0;255;255m145:[0m [38;2;239;248;131mWARNING:[0m: Found [38;2;205;92;92m1[0m possible orphan nodes.[0m
    [38;2;0;206;209m	Add '[38;2;30;144;255mcollect_orphan_node_details()[0m' to the end of the test to collect details.[0m
[38;2;250;235;215m[0m
[38;2;250;235;215m[0m
  [38;2;250;235;215mres://tests/unit/game_store/game_store_dirty_flag_test.gd[0m[38;2;250;235;215m > [0m[38;2;250;235;215mtest_game_store_dirty_flag_set_combat_buff_sets_save_pending[0m[38;2;34;139;34m STARTED[0m[38;2;250;235;215m[0m
  [38;2;250;235;215mres://tests/unit/game_store/game_store_dirty_flag_test.gd[0m[38;2;250;235;215m > [0m[38;2;250;235;215mtest_game_store_dirty_flag_set_combat_buff_sets_save_pending[0m[38;2;34;139;34m PASSED[0m[38;2;100;149;237m 106ms[0m
  [38;2;0;206;209m[1m[4mReport:[0m
    [38;2;0;206;209m[38;2;0;255;0mline [0m[38;2;0;255;255m153:[0m [38;2;239;248;131mWARNING:[0m: Found [38;2;205;92;92m1[0m possible orphan nodes.[0m
    [38;2;0;206;209m	Add '[38;2;30;144;255mcollect_orphan_node_details()[0m' to the end of the test to collect details.[0m
[38;2;250;235;215m[0m
[38;2;250;235;215m[0m
  [38;2;250;235;215mres://tests/unit/game_store/game_store_dirty_flag_test.gd[0m[38;2;250;235;215m > [0m[38;2;250;235;215mtest_game_store_dirty_flag_clear_combat_buff_sets_save_pending[0m[38;2;34;139;34m STARTED[0m[38;2;250;235;215m[0m
  [38;2;250;235;215mres://tests/unit/game_store/game_store_dirty_flag_test.gd[0m[38;2;250;235;215m > [0m[38;2;250;235;215mtest_game_store_dirty_flag_clear_combat_buff_sets_save_pending[0m[38;2;34;139;34m PASSED[0m[38;2;100;149;237m 109ms[0m
  [38;2;0;206;209m[1m[4mReport:[0m
    [38;2;0;206;209m[38;2;0;255;0mline [0m[38;2;0;255;255m158:[0m [38;2;239;248;131mWARNING:[0m: Found [38;2;205;92;92m1[0m possible orphan nodes.[0m
    [38;2;0;206;209m	Add '[38;2;30;144;255mcollect_orphan_node_details()[0m' to the end of the test to collect details.[0m
[38;2;250;235;215m[0m
[38;2;250;235;215m[0m
  [38;2;250;235;215mres://tests/unit/game_store/game_store_dirty_flag_test.gd[0m[38;2;250;235;215m > [0m[38;2;250;235;215mtest_game_store_dirty_flag_spend_token_sets_save_pending[0m[38;2;34;139;34m STARTED[0m[38;2;250;235;215m[0m
  [38;2;250;235;215mres://tests/unit/game_store/game_store_dirty_flag_test.gd[0m[38;2;250;235;215m > [0m[38;2;250;235;215mtest_game_store_dirty_flag_spend_token_sets_save_pending[0m[38;2;34;139;34m PASSED[0m[38;2;100;149;237m 111ms[0m
  [38;2;0;206;209m[1m[4mReport:[0m
    [38;2;0;206;209m[38;2;0;255;0mline [0m[38;2;0;255;255m164:[0m [38;2;239;248;131mWARNING:[0m: Found [38;2;205;92;92m1[0m possible orphan nodes.[0m
    [38;2;0;206;209m	Add '[38;2;30;144;255mcollect_orphan_node_details()[0m' to the end of the test to collect details.[0m
[38;2;250;235;215m[0m
[38;2;250;235;215m[0m
  [38;2;250;235;215mres://tests/unit/game_store/game_store_dirty_flag_test.gd[0m[38;2;250;235;215m > [0m[38;2;250;235;215mtest_game_store_dirty_flag_reset_tokens_sets_save_pending[0m[38;2;34;139;34m STARTED[0m[38;2;250;235;215m[0m
  [38;2;250;235;215mres://tests/unit/game_store/game_store_dirty_flag_test.gd[0m[38;2;250;235;215m > [0m[38;2;250;235;215mtest_game_store_dirty_flag_reset_tokens_sets_save_pending[0m[38;2;34;139;34m PASSED[0m[38;2;100;149;237m 110ms[0m
  [38;2;0;206;209m[1m[4mReport:[0m
    [38;2;0;206;209m[38;2;0;255;0mline [0m[38;2;0;255;255m169:[0m [38;2;239;248;131mWARNING:[0m: Found [38;2;205;92;92m1[0m possible orphan nodes.[0m
    [38;2;0;206;209m	Add '[38;2;30;144;255mcollect_orphan_node_details()[0m' to the end of the test to collect details.[0m
[38;2;250;235;215m[0m
[38;2;250;235;215m[0m
  [38;2;250;235;215mres://tests/unit/game_store/game_store_dirty_flag_test.gd[0m[38;2;250;235;215m > [0m[38;2;250;235;215mtest_game_store_dirty_flag_set_streak_sets_save_pending[0m[38;2;34;139;34m STARTED[0m[38;2;250;235;215m[0m
  [38;2;250;235;215mres://tests/unit/game_store/game_store_dirty_flag_test.gd[0m[38;2;250;235;215m > [0m[38;2;250;235;215mtest_game_store_dirty_flag_set_streak_sets_save_pending[0m[38;2;34;139;34m PASSED[0m[38;2;100;149;237m 111ms[0m
  [38;2;0;206;209m[1m[4mReport:[0m
    [38;2;0;206;209m[38;2;0;255;0mline [0m[38;2;0;255;255m175:[0m [38;2;239;248;131mWARNING:[0m: Found [38;2;205;92;92m1[0m possible orphan nodes.[0m
    [38;2;0;206;209m	Add '[38;2;30;144;255mcollect_orphan_node_details()[0m' to the end of the test to collect details.[0m
[38;2;250;235;215m[0m
[38;2;250;235;215m[0m
  [38;2;250;235;215mres://tests/unit/game_store/game_store_dirty_flag_test.gd[0m[38;2;250;235;215m > [0m[38;2;250;235;215mtest_game_store_dirty_flag_set_last_captain_id_sets_save_pending[0m[38;2;34;139;34m STARTED[0m[38;2;250;235;215m[0m
  [38;2;250;235;215mres://tests/unit/game_store/game_store_dirty_flag_test.gd[0m[38;2;250;235;215m > [0m[38;2;250;235;215mtest_game_store_dirty_flag_set_last_captain_id_sets_save_pending[0m[38;2;34;139;34m PASSED[0m[38;2;100;149;237m 110ms[0m
  [38;2;0;206;209m[1m[4mReport:[0m
    [38;2;0;206;209m[38;2;0;255;0mline [0m[38;2;0;255;255m180:[0m [38;2;239;248;131mWARNING:[0m: Found [38;2;205;92;92m1[0m possible orphan nodes.[0m
    [38;2;0;206;209m	Add '[38;2;30;144;255mcollect_orphan_node_details()[0m' to the end of the test to collect details.[0m
[38;2;250;235;215m[0m
[38;2;250;235;215m[0m
  [38;2;250;235;215mres://tests/unit/game_store/game_store_dirty_flag_test.gd[0m[38;2;250;235;215m > [0m[38;2;250;235;215mtest_game_store_dirty_flag_set_relationship_level_internal_sets_save_pending[0m[38;2;34;139;34m STARTED[0m[38;2;250;235;215m[0m
  [38;2;250;235;215mres://tests/unit/game_store/game_store_dirty_flag_test.gd[0m[38;2;250;235;215m > [0m[38;2;250;235;215mtest_game_store_dirty_flag_set_relationship_level_internal_sets_save_pending[0m[38;2;34;139;34m PASSED[0m[38;2;100;149;237m 111ms[0m
  [38;2;0;206;209m[1m[4mReport:[0m
    [38;2;0;206;209m[38;2;0;255;0mline [0m[38;2;0;255;255m185:[0m [38;2;239;248;131mWARNING:[0m: Found [38;2;205;92;92m1[0m possible orphan nodes.[0m
    [38;2;0;206;209m	Add '[38;2;30;144;255mcollect_orphan_node_details()[0m' to the end of the test to collect details.[0m
[38;2;250;235;215m[0m
[38;2;250;235;215m[0m
  [38;2;250;235;215mres://tests/unit/game_store/game_store_dirty_flag_test.gd[0m[38;2;250;235;215m > [0m[38;2;250;235;215mtest_game_store_dirty_flag_flush_save_clears_dirty[0m[38;2;34;139;34m STARTED[0m[38;2;250;235;215m[0m
  [38;2;250;235;215mres://tests/unit/game_store/game_store_dirty_flag_test.gd[0m[38;2;250;235;215m > [0m[38;2;250;235;215mtest_game_store_dirty_flag_flush_save_clears_dirty[0m[38;2;34;139;34m PASSED[0m[38;2;100;149;237m 112ms[0m
  [38;2;0;206;209m[1m[4mReport:[0m
    [38;2;0;206;209m[38;2;0;255;0mline [0m[38;2;0;255;255m194:[0m [38;2;239;248;131mWARNING:[0m: Found [38;2;205;92;92m1[0m possible orphan nodes.[0m
    [38;2;0;206;209m	Add '[38;2;30;144;255mcollect_orphan_node_details()[0m' to the end of the test to collect details.[0m
[38;2;250;235;215m[0m
[38;2;250;235;215m[0m
  [38;2;250;235;215mres://tests/unit/game_store/game_store_dirty_flag_test.gd[0m[38;2;250;235;215m > [0m[38;2;250;235;215mtest_game_store_dirty_flag_flush_save_clears_save_pending[0m[38;2;34;139;34m STARTED[0m[38;2;250;235;215m[0m
  [38;2;250;235;215mres://tests/unit/game_store/game_store_dirty_flag_test.gd[0m[38;2;250;235;215m > [0m[38;2;250;235;215mtest_game_store_dirty_flag_flush_save_clears_save_pending[0m[38;2;34;139;34m PASSED[0m[38;2;100;149;237m 114ms[0m
  [38;2;0;206;209m[1m[4mReport:[0m
    [38;2;0;206;209m[38;2;0;255;0mline [0m[38;2;0;255;255m207:[0m [38;2;239;248;131mWARNING:[0m: Found [38;2;205;92;92m1[0m possible orphan nodes.[0m
    [38;2;0;206;209m	Add '[38;2;30;144;255mcollect_orphan_node_details()[0m' to the end of the test to collect details.[0m
[38;2;250;235;215m[0m
[38;2;250;235;215m[0m
  [38;2;250;235;215mres://tests/unit/game_store/game_store_dirty_flag_test.gd[0m[38;2;250;235;215m > [0m[38;2;250;235;215mtest_game_store_dirty_flag_flush_save_guard_when_not_dirty[0m[38;2;34;139;34m STARTED[0m[38;2;250;235;215m[0m
  [38;2;250;235;215mres://tests/unit/game_store/game_store_dirty_flag_test.gd[0m[38;2;250;235;215m > [0m[38;2;250;235;215mtest_game_store_dirty_flag_flush_save_guard_when_not_dirty[0m[38;2;34;139;34m PASSED[0m[38;2;100;149;237m 116ms[0m
  [38;2;0;206;209m[1m[4mReport:[0m
    [38;2;0;206;209m[38;2;0;255;0mline [0m[38;2;0;255;255m220:[0m [38;2;239;248;131mWARNING:[0m: Found [38;2;205;92;92m1[0m possible orphan nodes.[0m
    [38;2;0;206;209m	Add '[38;2;30;144;255mcollect_orphan_node_details()[0m' to the end of the test to collect details.[0m
[38;2;250;235;215m[0m
[38;2;250;235;215m[0m
  [38;2;250;235;215mres://tests/unit/game_store/game_store_dirty_flag_test.gd[0m[38;2;250;235;215m > [0m[38;2;250;235;215mtest_game_store_dirty_flag_mark_dirty_skips_deferred_when_pending[0m[38;2;34;139;34m STARTED[0m[38;2;250;235;215m[0m
  [38;2;250;235;215mres://tests/unit/game_store/game_store_dirty_flag_test.gd[0m[38;2;250;235;215m > [0m[38;2;250;235;215mtest_game_store_dirty_flag_mark_dirty_skips_deferred_when_pending[0m[38;2;34;139;34m PASSED[0m[38;2;100;149;237m 117ms[0m
  [38;2;0;206;209m[1m[4mReport:[0m
    [38;2;0;206;209m[38;2;0;255;0mline [0m[38;2;0;255;255m239:[0m [38;2;239;248;131mWARNING:[0m: Found [38;2;205;92;92m1[0m possible orphan nodes.[0m
    [38;2;0;206;209m	Add '[38;2;30;144;255mcollect_orphan_node_details()[0m' to the end of the test to collect details.[0m
[38;2;250;235;215m[0m
[38;2;250;235;215m[0m
  [38;2;250;235;215mres://tests/unit/game_store/game_store_dirty_flag_test.gd[0m[38;2;250;235;215m > [0m[38;2;250;235;215mtest_game_store_dirty_flag_mark_dirty_does_not_flip_pending_on_second_call[0m[38;2;34;139;34m STARTED[0m[38;2;250;235;215m[0m
  [38;2;250;235;215mres://tests/unit/game_store/game_store_dirty_flag_test.gd[0m[38;2;250;235;215m > [0m[38;2;250;235;215mtest_game_store_dirty_flag_mark_dirty_does_not_flip_pending_on_second_call[0m[38;2;34;139;34m PASSED[0m[38;2;100;149;237m 120ms[0m
  [38;2;0;206;209m[1m[4mReport:[0m
    [38;2;0;206;209m[38;2;0;255;0mline [0m[38;2;0;255;255m259:[0m [38;2;239;248;131mWARNING:[0m: Found [38;2;205;92;92m1[0m possible orphan nodes.[0m
    [38;2;0;206;209m	Add '[38;2;30;144;255mcollect_orphan_node_details()[0m' to the end of the test to collect details.[0m
[38;2;250;235;215m[0m
[38;2;250;235;215m[0m
  [38;2;250;235;215mres://tests/unit/game_store/game_store_dirty_flag_test.gd[0m[38;2;250;235;215m > [0m[38;2;250;235;215mtest_game_store_dirty_flag_from_dict_leaves_dirty_false[0m[38;2;34;139;34m STARTED[0m[38;2;250;235;215m[0m
  [38;2;250;235;215mres://tests/unit/game_store/game_store_dirty_flag_test.gd[0m[38;2;250;235;215m > [0m[38;2;250;235;215mtest_game_store_dirty_flag_from_dict_leaves_dirty_false[0m[38;2;34;139;34m PASSED[0m[38;2;100;149;237m 122ms[0m
  [38;2;0;206;209m[1m[4mReport:[0m
    [38;2;0;206;209m[38;2;0;255;0mline [0m[38;2;0;255;255m276:[0m [38;2;239;248;131mWARNING:[0m: Found [38;2;205;92;92m2[0m possible orphan nodes.[0m
    [38;2;0;206;209m	Add '[38;2;30;144;255mcollect_orphan_node_details()[0m' to the end of the test to collect details.[0m
[38;2;250;235;215m[0m
[38;2;250;235;215m[0m
  [38;2;250;235;215mres://tests/unit/game_store/game_store_dirty_flag_test.gd[0m[38;2;250;235;215m > [0m[38;2;250;235;215mtest_game_store_dirty_flag_from_dict_leaves_save_pending_false[0m[38;2;34;139;34m STARTED[0m[38;2;250;235;215m[0m
  [38;2;250;235;215mres://tests/unit/game_store/game_store_dirty_flag_test.gd[0m[38;2;250;235;215m > [0m[38;2;250;235;215mtest_game_store_dirty_flag_from_dict_leaves_save_pending_false[0m[38;2;34;139;34m PASSED[0m[38;2;100;149;237m 123ms[0m
  [38;2;0;206;209m[1m[4mReport:[0m
    [38;2;0;206;209m[38;2;0;255;0mline [0m[38;2;0;255;255m289:[0m [38;2;239;248;131mWARNING:[0m: Found [38;2;205;92;92m2[0m possible orphan nodes.[0m
    [38;2;0;206;209m	Add '[38;2;30;144;255mcollect_orphan_node_details()[0m' to the end of the test to collect details.[0m
[38;2;250;235;215m[0m
[38;2;250;235;215m[0m
  [38;2;250;235;215mres://tests/unit/game_store/game_store_dirty_flag_test.gd[0m[38;2;250;235;215m > [0m[38;2;250;235;215mtest_game_store_dirty_flag_from_dict_clears_preexisting_dirty[0m[38;2;34;139;34m STARTED[0m[38;2;250;235;215m[0m
  [38;2;250;235;215mres://tests/unit/game_store/game_store_dirty_flag_test.gd[0m[38;2;250;235;215m > [0m[38;2;250;235;215mtest_game_store_dirty_flag_from_dict_clears_preexisting_dirty[0m[38;2;34;139;34m PASSED[0m[38;2;100;149;237m 126ms[0m
  [38;2;0;206;209m[1m[4mReport:[0m
    [38;2;0;206;209m[38;2;0;255;0mline [0m[38;2;0;255;255m302:[0m [38;2;239;248;131mWARNING:[0m: Found [38;2;205;92;92m2[0m possible orphan nodes.[0m
    [38;2;0;206;209m	Add '[38;2;30;144;255mcollect_orphan_node_details()[0m' to the end of the test to collect details.[0m
[38;2;250;235;215m[0m
[38;2;250;235;215m[0m
  [38;2;250;235;215mres://tests/unit/game_store/game_store_dirty_flag_test.gd[0m[38;2;250;235;215m > [0m[38;2;250;235;215mtest_game_store_dirty_flag_from_dict_state_still_loaded_correctly[0m[38;2;34;139;34m STARTED[0m[38;2;250;235;215m[0m
  [38;2;250;235;215mres://tests/unit/game_store/game_store_dirty_flag_test.gd[0m[38;2;250;235;215m > [0m[38;2;250;235;215mtest_game_store_dirty_flag_from_dict_state_still_loaded_correctly[0m[38;2;34;139;34m PASSED[0m[38;2;100;149;237m 128ms[0m
  [38;2;0;206;209m[1m[4mReport:[0m
    [38;2;0;206;209m[38;2;0;255;0mline [0m[38;2;0;255;255m319:[0m [38;2;239;248;131mWARNING:[0m: Found [38;2;205;92;92m2[0m possible orphan nodes.[0m
    [38;2;0;206;209m	Add '[38;2;30;144;255mcollect_orphan_node_details()[0m' to the end of the test to collect details.[0m
[38;2;250;235;215m[0m
[38;2;250;235;215m[0m
[38;2;30;144;255mStatistics:[0m[38;2;250;235;215m 26 test cases | 0 errors | 0 failures | 0 flaky | 0 skipped | 30 orphans |[0m[38;2;34;139;34m PASSED[0m[38;2;100;149;237m 3s 202ms[0m
[38;2;250;235;215m[0m
[38;2;250;235;215m[0m
[38;2;0;206;209mRun Test Suite: [0m[38;2;250;235;215mres://tests/unit/game_store/game_store_init_test.gd[0m
  [38;2;250;235;215mres://tests/unit/game_store/game_store_init_test.gd[0m[38;2;250;235;215m > [0m[38;2;250;235;215mtest_game_store_init_all_companion_ids_present[0m[38;2;34;139;34m STARTED[0m[38;2;250;235;215m[0m
  [38;2;250;235;215mres://tests/unit/game_store/game_store_init_test.gd[0m[38;2;250;235;215m > [0m[38;2;250;235;215mtest_game_store_init_all_companion_ids_present[0m[38;2;34;139;34m PASSED[0m[38;2;100;149;237m 125ms[0m
  [38;2;0;206;209m[1m[4mReport:[0m
    [38;2;0;206;209m[38;2;0;255;0mline [0m[38;2;0;255;255m31:[0m [38;2;239;248;131mWARNING:[0m: Found [38;2;205;92;92m1[0m possible orphan nodes.[0m
    [38;2;0;206;209m	Add '[38;2;30;144;255mcollect_orphan_node_details()[0m' to the end of the test to collect details.[0m
[38;2;250;235;215m[0m
[38;2;250;235;215m[0m
  [38;2;250;235;215mres://tests/unit/game_store/game_store_init_test.gd[0m[38;2;250;235;215m > [0m[38;2;250;235;215mtest_game_store_init_companion_relationship_level_is_zero[0m[38;2;34;139;34m STARTED[0m[38;2;250;235;215m[0m
  [38;2;250;235;215mres://tests/unit/game_store/game_store_init_test.gd[0m[38;2;250;235;215m > [0m[38;2;250;235;215mtest_game_store_init_companion_relationship_level_is_zero[0m[38;2;34;139;34m PASSED[0m[38;2;100;149;237m 127ms[0m
  [38;2;0;206;209m[1m[4mReport:[0m
    [38;2;0;206;209m[38;2;0;255;0mline [0m[38;2;0;255;255m41:[0m [38;2;239;248;131mWARNING:[0m: Found [38;2;205;92;92m1[0m possible orphan nodes.[0m
    [38;2;0;206;209m	Add '[38;2;30;144;255mcollect_orphan_node_details()[0m' to the end of the test to collect details.[0m
[38;2;250;235;215m[0m
[38;2;250;235;215m[0m
  [38;2;250;235;215mres://tests/unit/game_store/game_store_init_test.gd[0m[38;2;250;235;215m > [0m[38;2;250;235;215mtest_game_store_init_companion_trust_is_zero[0m[38;2;34;139;34m STARTED[0m[38;2;250;235;215m[0m
  [38;2;250;235;215mres://tests/unit/game_store/game_store_init_test.gd[0m[38;2;250;235;215m > [0m[38;2;250;235;215mtest_game_store_init_companion_trust_is_zero[0m[38;2;34;139;34m PASSED[0m[38;2;100;149;237m 128ms[0m
  [38;2;0;206;209m[1m[4mReport:[0m
    [38;2;0;206;209m[38;2;0;255;0mline [0m[38;2;0;255;255m50:[0m [38;2;239;248;131mWARNING:[0m: Found [38;2;205;92;92m1[0m possible orphan nodes.[0m
    [38;2;0;206;209m	Add '[38;2;30;144;255mcollect_orphan_node_details()[0m' to the end of the test to collect details.[0m
[38;2;250;235;215m[0m
[38;2;250;235;215m[0m
  [38;2;250;235;215mres://tests/unit/game_store/game_store_init_test.gd[0m[38;2;250;235;215m > [0m[38;2;250;235;215mtest_game_store_init_companion_motivation_is_fifty[0m[38;2;34;139;34m STARTED[0m[38;2;250;235;215m[0m
  [38;2;250;235;215mres://tests/unit/game_store/game_store_init_test.gd[0m[38;2;250;235;215m > [0m[38;2;250;235;215mtest_game_store_init_companion_motivation_is_fifty[0m[38;2;34;139;34m PASSED[0m[38;2;100;149;237m 127ms[0m
  [38;2;0;206;209m[1m[4mReport:[0m
    [38;2;0;206;209m[38;2;0;255;0mline [0m[38;2;0;255;255m59:[0m [38;2;239;248;131mWARNING:[0m: Found [38;2;205;92;92m1[0m possible orphan nodes.[0m
    [38;2;0;206;209m	Add '[38;2;30;144;255mcollect_orphan_node_details()[0m' to the end of the test to collect details.[0m
[38;2;250;235;215m[0m
[38;2;250;235;215m[0m
  [38;2;250;235;215mres://tests/unit/game_store/game_store_init_test.gd[0m[38;2;250;235;215m > [0m[38;2;250;235;215mtest_game_store_init_companion_met_is_false[0m[38;2;34;139;34m STARTED[0m[38;2;250;235;215m[0m
  [38;2;250;235;215mres://tests/unit/game_store/game_store_init_test.gd[0m[38;2;250;235;215m > [0m[38;2;250;235;215mtest_game_store_init_companion_met_is_false[0m[38;2;34;139;34m PASSED[0m[38;2;100;149;237m 132ms[0m
  [38;2;0;206;209m[1m[4mReport:[0m
    [38;2;0;206;209m[38;2;0;255;0mline [0m[38;2;0;255;255m68:[0m [38;2;239;248;131mWARNING:[0m: Found [38;2;205;92;92m1[0m possible orphan nodes.[0m
    [38;2;0;206;209m	Add '[38;2;30;144;255mcollect_orphan_node_details()[0m' to the end of the test to collect details.[0m
[38;2;250;235;215m[0m
[38;2;250;235;215m[0m
  [38;2;250;235;215mres://tests/unit/game_store/game_store_init_test.gd[0m[38;2;250;235;215m > [0m[38;2;250;235;215mtest_game_store_init_player_gold_is_zero[0m[38;2;34;139;34m STARTED[0m[38;2;250;235;215m[0m
  [38;2;250;235;215mres://tests/unit/game_store/game_store_init_test.gd[0m[38;2;250;235;215m > [0m[38;2;250;235;215mtest_game_store_init_player_gold_is_zero[0m[38;2;34;139;34m PASSED[0m[38;2;100;149;237m 132ms[0m
  [38;2;0;206;209m[1m[4mReport:[0m
    [38;2;0;206;209m[38;2;0;255;0mline [0m[38;2;0;255;255m81:[0m [38;2;239;248;131mWARNING:[0m: Found [38;2;205;92;92m1[0m possible orphan nodes.[0m
    [38;2;0;206;209m	Add '[38;2;30;144;255mcollect_orphan_node_details()[0m' to the end of the test to collect details.[0m
[38;2;250;235;215m[0m
[38;2;250;235;215m[0m
  [38;2;250;235;215mres://tests/unit/game_store/game_store_init_test.gd[0m[38;2;250;235;215m > [0m[38;2;250;235;215mtest_game_store_init_player_xp_is_zero[0m[38;2;34;139;34m STARTED[0m[38;2;250;235;215m[0m
  [38;2;250;235;215mres://tests/unit/game_store/game_store_init_test.gd[0m[38;2;250;235;215m > [0m[38;2;250;235;215mtest_game_store_init_player_xp_is_zero[0m[38;2;34;139;34m PASSED[0m[38;2;100;149;237m 132ms[0m
  [38;2;0;206;209m[1m[4mReport:[0m
    [38;2;0;206;209m[38;2;0;255;0mline [0m[38;2;0;255;255m91:[0m [38;2;239;248;131mWARNING:[0m: Found [38;2;205;92;92m1[0m possible orphan nodes.[0m
    [38;2;0;206;209m	Add '[38;2;30;144;255mcollect_orphan_node_details()[0m' to the end of the test to collect details.[0m
[38;2;250;235;215m[0m
[38;2;250;235;215m[0m
  [38;2;250;235;215mres://tests/unit/game_store/game_store_init_test.gd[0m[38;2;250;235;215m > [0m[38;2;250;235;215mtest_game_store_init_daily_tokens_remaining_is_three[0m[38;2;34;139;34m STARTED[0m[38;2;250;235;215m[0m
  [38;2;250;235;215mres://tests/unit/game_store/game_store_init_test.gd[0m[38;2;250;235;215m > [0m[38;2;250;235;215mtest_game_store_init_daily_tokens_remaining_is_three[0m[38;2;34;139;34m PASSED[0m[38;2;100;149;237m 135ms[0m
  [38;2;0;206;209m[1m[4mReport:[0m
    [38;2;0;206;209m[38;2;0;255;0mline [0m[38;2;0;255;255m101:[0m [38;2;239;248;131mWARNING:[0m: Found [38;2;205;92;92m1[0m possible orphan nodes.[0m
    [38;2;0;206;209m	Add '[38;2;30;144;255mcollect_orphan_node_details()[0m' to the end of the test to collect details.[0m
[38;2;250;235;215m[0m
[38;2;250;235;215m[0m
  [38;2;250;235;215mres://tests/unit/game_store/game_store_init_test.gd[0m[38;2;250;235;215m > [0m[38;2;250;235;215mtest_game_store_init_current_streak_is_zero[0m[38;2;34;139;34m STARTED[0m[38;2;250;235;215m[0m
  [38;2;250;235;215mres://tests/unit/game_store/game_store_init_test.gd[0m[38;2;250;235;215m > [0m[38;2;250;235;215mtest_game_store_init_current_streak_is_zero[0m[38;2;34;139;34m PASSED[0m[38;2;100;149;237m 132ms[0m
  [38;2;0;206;209m[1m[4mReport:[0m
    [38;2;0;206;209m[38;2;0;255;0mline [0m[38;2;0;255;255m111:[0m [38;2;239;248;131mWARNING:[0m: Found [38;2;205;92;92m1[0m possible orphan nodes.[0m
    [38;2;0;206;209m	Add '[38;2;30;144;255mcollect_orphan_node_details()[0m' to the end of the test to collect details.[0m
[38;2;250;235;215m[0m
[38;2;250;235;215m[0m
  [38;2;250;235;215mres://tests/unit/game_store/game_store_init_test.gd[0m[38;2;250;235;215m > [0m[38;2;250;235;215mtest_game_store_init_current_chapter_is_ch01[0m[38;2;34;139;34m STARTED[0m[38;2;250;235;215m[0m
  [38;2;250;235;215mres://tests/unit/game_store/game_store_init_test.gd[0m[38;2;250;235;215m > [0m[38;2;250;235;215mtest_game_store_init_current_chapter_is_ch01[0m[38;2;34;139;34m PASSED[0m[38;2;100;149;237m 137ms[0m
  [38;2;0;206;209m[1m[4mReport:[0m
    [38;2;0;206;209m[38;2;0;255;0mline [0m[38;2;0;255;255m121:[0m [38;2;239;248;131mWARNING:[0m: Found [38;2;205;92;92m1[0m possible orphan nodes.[0m
    [38;2;0;206;209m	Add '[38;2;30;144;255mcollect_orphan_node_details()[0m' to the end of the test to collect details.[0m
[38;2;250;235;215m[0m
[38;2;250;235;215m[0m
  [38;2;250;235;215mres://tests/unit/game_store/game_store_init_test.gd[0m[38;2;250;235;215m > [0m[38;2;250;235;215mtest_game_store_init_active_combat_buff_is_empty_dict[0m[38;2;34;139;34m STARTED[0m[38;2;250;235;215m[0m
  [38;2;250;235;215mres://tests/unit/game_store/game_store_init_test.gd[0m[38;2;250;235;215m > [0m[38;2;250;235;215mtest_game_store_init_active_combat_buff_is_empty_dict[0m[38;2;34;139;34m PASSED[0m[38;2;100;149;237m 135ms[0m
  [38;2;0;206;209m[1m[4mReport:[0m
    [38;2;0;206;209m[38;2;0;255;0mline [0m[38;2;0;255;255m131:[0m [38;2;239;248;131mWARNING:[0m: Found [38;2;205;92;92m1[0m possible orphan nodes.[0m
    [38;2;0;206;209m	Add '[38;2;30;144;255mcollect_orphan_node_details()[0m' to the end of the test to collect details.[0m
[38;2;250;235;215m[0m
[38;2;250;235;215m[0m
  [38;2;250;235;215mres://tests/unit/game_store/game_store_init_test.gd[0m[38;2;250;235;215m > [0m[38;2;250;235;215mtest_game_store_init_no_public_state_properties_exposed[0m[38;2;34;139;34m STARTED[0m[38;2;250;235;215m[0m
  [38;2;250;235;215mres://tests/unit/game_store/game_store_init_test.gd[0m[38;2;250;235;215m > [0m[38;2;250;235;215mtest_game_store_init_no_public_state_properties_exposed[0m[38;2;34;139;34m PASSED[0m[38;2;100;149;237m 136ms[0m
  [38;2;0;206;209m[1m[4mReport:[0m
    [38;2;0;206;209m[38;2;0;255;0mline [0m[38;2;0;255;255m150:[0m [38;2;239;248;131mWARNING:[0m: Found [38;2;205;92;92m1[0m possible orphan nodes.[0m
    [38;2;0;206;209m	Add '[38;2;30;144;255mcollect_orphan_node_details()[0m' to the end of the test to collect details.[0m
[38;2;250;235;215m[0m
[38;2;250;235;215m[0m
  [38;2;250;235;215mres://tests/unit/game_store/game_store_init_test.gd[0m[38;2;250;235;215m > [0m[38;2;250;235;215mtest_game_store_init_get_combat_buff_returns_empty_dict[0m[38;2;34;139;34m STARTED[0m[38;2;250;235;215m[0m
  [38;2;250;235;215mres://tests/unit/game_store/game_store_init_test.gd[0m[38;2;250;235;215m > [0m[38;2;250;235;215mtest_game_store_init_get_combat_buff_returns_empty_dict[0m[38;2;34;139;34m PASSED[0m[38;2;100;149;237m 138ms[0m
  [38;2;0;206;209m[1m[4mReport:[0m
    [38;2;0;206;209m[38;2;0;255;0mline [0m[38;2;0;255;255m178:[0m [38;2;239;248;131mWARNING:[0m: Found [38;2;205;92;92m1[0m possible orphan nodes.[0m
    [38;2;0;206;209m	Add '[38;2;30;144;255mcollect_orphan_node_details()[0m' to the end of the test to collect details.[0m
[38;2;250;235;215m[0m
[38;2;250;235;215m[0m
  [38;2;250;235;215mres://tests/unit/game_store/game_store_init_test.gd[0m[38;2;250;235;215m > [0m[38;2;250;235;215mtest_game_store_init_get_combat_buff_returns_copy_not_reference[0m[38;2;34;139;34m STARTED[0m[38;2;250;235;215m[0m
  [38;2;250;235;215mres://tests/unit/game_store/game_store_init_test.gd[0m[38;2;250;235;215m > [0m[38;2;250;235;215mtest_game_store_init_get_combat_buff_returns_copy_not_reference[0m[38;2;34;139;34m PASSED[0m[38;2;100;149;237m 138ms[0m
  [38;2;0;206;209m[1m[4mReport:[0m
    [38;2;0;206;209m[38;2;0;255;0mline [0m[38;2;0;255;255m188:[0m [38;2;239;248;131mWARNING:[0m: Found [38;2;205;92;92m1[0m possible orphan nodes.[0m
    [38;2;0;206;209m	Add '[38;2;30;144;255mcollect_orphan_node_details()[0m' to the end of the test to collect details.[0m
[38;2;250;235;215m[0m
[38;2;250;235;215m[0m
  [38;2;250;235;215mres://tests/unit/game_store/game_store_init_test.gd[0m[38;2;250;235;215m > [0m[38;2;250;235;215mtest_game_store_init_get_companion_state_unknown_id_returns_empty[0m[38;2;34;139;34m STARTED[0m[38;2;250;235;215m[0m
  [38;2;250;235;215mres://tests/unit/game_store/game_store_init_test.gd[0m[38;2;250;235;215m > [0m[38;2;250;235;215mtest_game_store_init_get_companion_state_unknown_id_returns_empty[0m[38;2;34;139;34m PASSED[0m[38;2;100;149;237m 140ms[0m
  [38;2;0;206;209m[1m[4mReport:[0m
    [38;2;0;206;209m[38;2;0;255;0mline [0m[38;2;0;255;255m203:[0m [38;2;239;248;131mWARNING:[0m: Found [38;2;205;92;92m1[0m possible orphan nodes.[0m
    [38;2;0;206;209m	Add '[38;2;30;144;255mcollect_orphan_node_details()[0m' to the end of the test to collect details.[0m
[38;2;250;235;215m[0m
[38;2;250;235;215m[0m
  [38;2;250;235;215mres://tests/unit/game_store/game_store_init_test.gd[0m[38;2;250;235;215m > [0m[38;2;250;235;215mtest_game_store_init_get_companion_state_returns_copy_not_reference[0m[38;2;34;139;34m STARTED[0m[38;2;250;235;215m[0m
  [38;2;250;235;215mres://tests/unit/game_store/game_store_init_test.gd[0m[38;2;250;235;215m > [0m[38;2;250;235;215mtest_game_store_init_get_companion_state_returns_copy_not_reference[0m[38;2;34;139;34m PASSED[0m[38;2;100;149;237m 141ms[0m
  [38;2;0;206;209m[1m[4mReport:[0m
    [38;2;0;206;209m[38;2;0;255;0mline [0m[38;2;0;255;255m213:[0m [38;2;239;248;131mWARNING:[0m: Found [38;2;205;92;92m1[0m possible orphan nodes.[0m
    [38;2;0;206;209m	Add '[38;2;30;144;255mcollect_orphan_node_details()[0m' to the end of the test to collect details.[0m
[38;2;250;235;215m[0m
[38;2;250;235;215m[0m
  [38;2;250;235;215mres://tests/unit/game_store/game_store_init_test.gd[0m[38;2;250;235;215m > [0m[38;2;250;235;215mtest_game_store_init_exactly_four_companions_initialized[0m[38;2;34;139;34m STARTED[0m[38;2;250;235;215m[0m
  [38;2;250;235;215mres://tests/unit/game_store/game_store_init_test.gd[0m[38;2;250;235;215m > [0m[38;2;250;235;215mtest_game_store_init_exactly_four_companions_initialized[0m[38;2;34;139;34m PASSED[0m[38;2;100;149;237m 141ms[0m
  [38;2;0;206;209m[1m[4mReport:[0m
    [38;2;0;206;209m[38;2;0;255;0mline [0m[38;2;0;255;255m225:[0m [38;2;239;248;131mWARNING:[0m: Found [38;2;205;92;92m1[0m possible orphan nodes.[0m
    [38;2;0;206;209m	Add '[38;2;30;144;255mcollect_orphan_node_details()[0m' to the end of the test to collect details.[0m
[38;2;250;235;215m[0m
[38;2;250;235;215m[0m
[38;2;30;144;255mStatistics:[0m[38;2;250;235;215m 17 test cases | 0 errors | 0 failures | 0 flaky | 0 skipped | 17 orphans |[0m[38;2;34;139;34m PASSED[0m[38;2;100;149;237m 2s 539ms[0m
[38;2;250;235;215m[0m
[38;2;250;235;215m[0m
[38;2;0;206;209mRun Test Suite: [0m[38;2;250;235;215mres://tests/unit/game_store/game_store_serialization_test.gd[0m
  [38;2;250;235;215mres://tests/unit/game_store/game_store_serialization_test.gd[0m[38;2;250;235;215m > [0m[38;2;250;235;215mtest_game_store_serialization_to_dict_contains_companion_states_key[0m[38;2;34;139;34m STARTED[0m[38;2;250;235;215m[0m
  [38;2;250;235;215mres://tests/unit/game_store/game_store_serialization_test.gd[0m[38;2;250;235;215m > [0m[38;2;250;235;215mtest_game_store_serialization_to_dict_contains_companion_states_key[0m[38;2;34;139;34m PASSED[0m[38;2;100;149;237m 143ms[0m
  [38;2;0;206;209m[1m[4mReport:[0m
    [38;2;0;206;209m[38;2;0;255;0mline [0m[38;2;0;255;255m40:[0m [38;2;239;248;131mWARNING:[0m: Found [38;2;205;92;92m1[0m possible orphan nodes.[0m
    [38;2;0;206;209m	Add '[38;2;30;144;255mcollect_orphan_node_details()[0m' to the end of the test to collect details.[0m
[38;2;250;235;215m[0m
[38;2;250;235;215m[0m
  [38;2;250;235;215mres://tests/unit/game_store/game_store_serialization_test.gd[0m[38;2;250;235;215m > [0m[38;2;250;235;215mtest_game_store_serialization_to_dict_contains_story_flags_key[0m[38;2;34;139;34m STARTED[0m[38;2;250;235;215m[0m
  [38;2;250;235;215mres://tests/unit/game_store/game_store_serialization_test.gd[0m[38;2;250;235;215m > [0m[38;2;250;235;215mtest_game_store_serialization_to_dict_contains_story_flags_key[0m[38;2;34;139;34m PASSED[0m[38;2;100;149;237m 145ms[0m
  [38;2;0;206;209m[1m[4mReport:[0m
    [38;2;0;206;209m[38;2;0;255;0mline [0m[38;2;0;255;255m50:[0m [38;2;239;248;131mWARNING:[0m: Found [38;2;205;92;92m1[0m possible orphan nodes.[0m
    [38;2;0;206;209m	Add '[38;2;30;144;255mcollect_orphan_node_details()[0m' to the end of the test to collect details.[0m
[38;2;250;235;215m[0m
[38;2;250;235;215m[0m
  [38;2;250;235;215mres://tests/unit/game_store/game_store_serialization_test.gd[0m[38;2;250;235;215m > [0m[38;2;250;235;215mtest_game_store_serialization_to_dict_contains_node_states_key[0m[38;2;34;139;34m STARTED[0m[38;2;250;235;215m[0m
  [38;2;250;235;215mres://tests/unit/game_store/game_store_serialization_test.gd[0m[38;2;250;235;215m > [0m[38;2;250;235;215mtest_game_store_serialization_to_dict_contains_node_states_key[0m[38;2;34;139;34m PASSED[0m[38;2;100;149;237m 145ms[0m
  [38;2;0;206;209m[1m[4mReport:[0m
    [38;2;0;206;209m[38;2;0;255;0mline [0m[38;2;0;255;255m60:[0m [38;2;239;248;131mWARNING:[0m: Found [38;2;205;92;92m1[0m possible orphan nodes.[0m
    [38;2;0;206;209m	Add '[38;2;30;144;255mcollect_orphan_node_details()[0m' to the end of the test to collect details.[0m
[38;2;250;235;215m[0m
[38;2;250;235;215m[0m
  [38;2;250;235;215mres://tests/unit/game_store/game_store_serialization_test.gd[0m[38;2;250;235;215m > [0m[38;2;250;235;215mtest_game_store_serialization_to_dict_contains_current_chapter_key[0m[38;2;34;139;34m STARTED[0m[38;2;250;235;215m[0m
  [38;2;250;235;215mres://tests/unit/game_store/game_store_serialization_test.gd[0m[38;2;250;235;215m > [0m[38;2;250;235;215mtest_game_store_serialization_to_dict_contains_current_chapter_key[0m[38;2;34;139;34m PASSED[0m[38;2;100;149;237m 144ms[0m
  [38;2;0;206;209m[1m[4mReport:[0m
    [38;2;0;206;209m[38;2;0;255;0mline [0m[38;2;0;255;255m70:[0m [38;2;239;248;131mWARNING:[0m: Found [38;2;205;92;92m1[0m possible orphan nodes.[0m
    [38;2;0;206;209m	Add '[38;2;30;144;255mcollect_orphan_node_details()[0m' to the end of the test to collect details.[0m
[38;2;250;235;215m[0m
[38;2;250;235;215m[0m
  [38;2;250;235;215mres://tests/unit/game_store/game_store_serialization_test.gd[0m[38;2;250;235;215m > [0m[38;2;250;235;215mtest_game_store_serialization_to_dict_contains_player_gold_key[0m[38;2;34;139;34m STARTED[0m[38;2;250;235;215m[0m
  [38;2;250;235;215mres://tests/unit/game_store/game_store_serialization_test.gd[0m[38;2;250;235;215m > [0m[38;2;250;235;215mtest_game_store_serialization_to_dict_contains_player_gold_key[0m[38;2;34;139;34m PASSED[0m[38;2;100;149;237m 148ms[0m
  [38;2;0;206;209m[1m[4mReport:[0m
    [38;2;0;206;209m[38;2;0;255;0mline [0m[38;2;0;255;255m80:[0m [38;2;239;248;131mWARNING:[0m: Found [38;2;205;92;92m1[0m possible orphan nodes.[0m
    [38;2;0;206;209m	Add '[38;2;30;144;255mcollect_orphan_node_details()[0m' to the end of the test to collect details.[0m
[38;2;250;235;215m[0m
[38;2;250;235;215m[0m
  [38;2;250;235;215mres://tests/unit/game_store/game_store_serialization_test.gd[0m[38;2;250;235;215m > [0m[38;2;250;235;215mtest_game_store_serialization_to_dict_contains_player_xp_key[0m[38;2;34;139;34m STARTED[0m[38;2;250;235;215m[0m
  [38;2;250;235;215mres://tests/unit/game_store/game_store_serialization_test.gd[0m[38;2;250;235;215m > [0m[38;2;250;235;215mtest_game_store_serialization_to_dict_contains_player_xp_key[0m[38;2;34;139;34m PASSED[0m[38;2;100;149;237m 151ms[0m
  [38;2;0;206;209m[1m[4mReport:[0m
    [38;2;0;206;209m[38;2;0;255;0mline [0m[38;2;0;255;255m90:[0m [38;2;239;248;131mWARNING:[0m: Found [38;2;205;92;92m1[0m possible orphan nodes.[0m
    [38;2;0;206;209m	Add '[38;2;30;144;255mcollect_orphan_node_details()[0m' to the end of the test to collect details.[0m
[38;2;250;235;215m[0m
[38;2;250;235;215m[0m
  [38;2;250;235;215mres://tests/unit/game_store/game_store_serialization_test.gd[0m[38;2;250;235;215m > [0m[38;2;250;235;215mtest_game_store_serialization_to_dict_contains_daily_tokens_remaining_key[0m[38;2;34;139;34m STARTED[0m[38;2;250;235;215m[0m
  [38;2;250;235;215mres://tests/unit/game_store/game_store_serialization_test.gd[0m[38;2;250;235;215m > [0m[38;2;250;235;215mtest_game_store_serialization_to_dict_contains_daily_tokens_remaining_key[0m[38;2;34;139;34m PASSED[0m[38;2;100;149;237m 148ms[0m
  [38;2;0;206;209m[1m[4mReport:[0m
    [38;2;0;206;209m[38;2;0;255;0mline [0m[38;2;0;255;255m100:[0m [38;2;239;248;131mWARNING:[0m: Found [38;2;205;92;92m1[0m possible orphan nodes.[0m
    [38;2;0;206;209m	Add '[38;2;30;144;255mcollect_orphan_node_details()[0m' to the end of the test to collect details.[0m
[38;2;250;235;215m[0m
[38;2;250;235;215m[0m
  [38;2;250;235;215mres://tests/unit/game_store/game_store_serialization_test.gd[0m[38;2;250;235;215m > [0m[38;2;250;235;215mtest_game_store_serialization_to_dict_contains_current_streak_key[0m[38;2;34;139;34m STARTED[0m[38;2;250;235;215m[0m
  [38;2;250;235;215mres://tests/unit/game_store/game_store_serialization_test.gd[0m[38;2;250;235;215m > [0m[38;2;250;235;215mtest_game_store_serialization_to_dict_contains_current_streak_key[0m[38;2;34;139;34m PASSED[0m[38;2;100;149;237m 150ms[0m
  [38;2;0;206;209m[1m[4mReport:[0m
    [38;2;0;206;209m[38;2;0;255;0mline [0m[38;2;0;255;255m110:[0m [38;2;239;248;131mWARNING:[0m: Found [38;2;205;92;92m1[0m possible orphan nodes.[0m
    [38;2;0;206;209m	Add '[38;2;30;144;255mcollect_orphan_node_details()[0m' to the end of the test to collect details.[0m
[38;2;250;235;215m[0m
[38;2;250;235;215m[0m
  [38;2;250;235;215mres://tests/unit/game_store/game_store_serialization_test.gd[0m[38;2;250;235;215m > [0m[38;2;250;235;215mtest_game_store_serialization_to_dict_contains_last_interaction_date_key[0m[38;2;34;139;34m STARTED[0m[38;2;250;235;215m[0m
  [38;2;250;235;215mres://tests/unit/game_store/game_store_serialization_test.gd[0m[38;2;250;235;215m > [0m[38;2;250;235;215mtest_game_store_serialization_to_dict_contains_last_interaction_date_key[0m[38;2;34;139;34m PASSED[0m[38;2;100;149;237m 152ms[0m
  [38;2;0;206;209m[1m[4mReport:[0m
    [38;2;0;206;209m[38;2;0;255;0mline [0m[38;2;0;255;255m120:[0m [38;2;239;248;131mWARNING:[0m: Found [38;2;205;92;92m1[0m possible orphan nodes.[0m
    [38;2;0;206;209m	Add '[38;2;30;144;255mcollect_orphan_node_details()[0m' to the end of the test to collect details.[0m
[38;2;250;235;215m[0m
[38;2;250;235;215m[0m
  [38;2;250;235;215mres://tests/unit/game_store/game_store_serialization_test.gd[0m[38;2;250;235;215m > [0m[38;2;250;235;215mtest_game_store_serialization_to_dict_contains_active_combat_buff_key[0m[38;2;34;139;34m STARTED[0m[38;2;250;235;215m[0m
  [38;2;250;235;215mres://tests/unit/game_store/game_store_serialization_test.gd[0m[38;2;250;235;215m > [0m[38;2;250;235;215mtest_game_store_serialization_to_dict_contains_active_combat_buff_key[0m[38;2;34;139;34m PASSED[0m[38;2;100;149;237m 154ms[0m
  [38;2;0;206;209m[1m[4mReport:[0m
    [38;2;0;206;209m[38;2;0;255;0mline [0m[38;2;0;255;255m130:[0m [38;2;239;248;131mWARNING:[0m: Found [38;2;205;92;92m1[0m possible orphan nodes.[0m
    [38;2;0;206;209m	Add '[38;2;30;144;255mcollect_orphan_node_details()[0m' to the end of the test to collect details.[0m
[38;2;250;235;215m[0m
[38;2;250;235;215m[0m
  [38;2;250;235;215mres://tests/unit/game_store/game_store_serialization_test.gd[0m[38;2;250;235;215m > [0m[38;2;250;235;215mtest_game_store_serialization_to_dict_contains_last_captain_id_key[0m[38;2;34;139;34m STARTED[0m[38;2;250;235;215m[0m
  [38;2;250;235;215mres://tests/unit/game_store/game_store_serialization_test.gd[0m[38;2;250;235;215m > [0m[38;2;250;235;215mtest_game_store_serialization_to_dict_contains_last_captain_id_key[0m[38;2;34;139;34m PASSED[0m[38;2;100;149;237m 153ms[0m
  [38;2;0;206;209m[1m[4mReport:[0m
    [38;2;0;206;209m[38;2;0;255;0mline [0m[38;2;0;255;255m140:[0m [38;2;239;248;131mWARNING:[0m: Found [38;2;205;92;92m1[0m possible orphan nodes.[0m
    [38;2;0;206;209m	Add '[38;2;30;144;255mcollect_orphan_node_details()[0m' to the end of the test to collect details.[0m
[38;2;250;235;215m[0m
[38;2;250;235;215m[0m
  [38;2;250;235;215mres://tests/unit/game_store/game_store_serialization_test.gd[0m[38;2;250;235;215m > [0m[38;2;250;235;215mtest_game_store_serialization_to_dict_has_exactly_eleven_top_level_keys[0m[38;2;34;139;34m STARTED[0m[38;2;250;235;215m[0m
  [38;2;250;235;215mres://tests/unit/game_store/game_store_serialization_test.gd[0m[38;2;250;235;215m > [0m[38;2;250;235;215mtest_game_store_serialization_to_dict_has_exactly_eleven_top_level_keys[0m[38;2;34;139;34m PASSED[0m[38;2;100;149;237m 155ms[0m
  [38;2;0;206;209m[1m[4mReport:[0m
    [38;2;0;206;209m[38;2;0;255;0mline [0m[38;2;0;255;255m150:[0m [38;2;239;248;131mWARNING:[0m: Found [38;2;205;92;92m1[0m possible orphan nodes.[0m
    [38;2;0;206;209m	Add '[38;2;30;144;255mcollect_orphan_node_details()[0m' to the end of the test to collect details.[0m
[38;2;250;235;215m[0m
[38;2;250;235;215m[0m
  [38;2;250;235;215mres://tests/unit/game_store/game_store_serialization_test.gd[0m[38;2;250;235;215m > [0m[38;2;250;235;215mtest_game_store_serialization_from_dict_missing_player_xp_returns_zero[0m[38;2;34;139;34m STARTED[0m[38;2;250;235;215m[0m
  [38;2;250;235;215mres://tests/unit/game_store/game_store_serialization_test.gd[0m[38;2;250;235;215m > [0m[38;2;250;235;215mtest_game_store_serialization_from_dict_missing_player_xp_returns_zero[0m[38;2;34;139;34m PASSED[0m[38;2;100;149;237m 172ms[0m
  [38;2;0;206;209m[1m[4mReport:[0m
    [38;2;0;206;209m[38;2;0;255;0mline [0m[38;2;0;255;255m164:[0m [38;2;239;248;131mWARNING:[0m: Found [38;2;205;92;92m2[0m possible orphan nodes.[0m
    [38;2;0;206;209m	Add '[38;2;30;144;255mcollect_orphan_node_details()[0m' to the end of the test to collect details.[0m
[38;2;250;235;215m[0m
[38;2;250;235;215m[0m
  [38;2;250;235;215mres://tests/unit/game_store/game_store_serialization_test.gd[0m[38;2;250;235;215m > [0m[38;2;250;235;215mtest_game_store_serialization_from_dict_missing_player_gold_returns_zero[0m[38;2;34;139;34m STARTED[0m[38;2;250;235;215m[0m
  [38;2;250;235;215mres://tests/unit/game_store/game_store_serialization_test.gd[0m[38;2;250;235;215m > [0m[38;2;250;235;215mtest_game_store_serialization_from_dict_missing_player_gold_returns_zero[0m[38;2;34;139;34m PASSED[0m[38;2;100;149;237m 159ms[0m
  [38;2;0;206;209m[1m[4mReport:[0m
    [38;2;0;206;209m[38;2;0;255;0mline [0m[38;2;0;255;255m177:[0m [38;2;239;248;131mWARNING:[0m: Found [38;2;205;92;92m2[0m possible orphan nodes.[0m
    [38;2;0;206;209m	Add '[38;2;30;144;255mcollect_orphan_node_details()[0m' to the end of the test to collect details.[0m
[38;2;250;235;215m[0m
[38;2;250;235;215m[0m
  [38;2;250;235;215mres://tests/unit/game_store/game_store_serialization_test.gd[0m[38;2;250;235;215m > [0m[38;2;250;235;215mtest_game_store_serialization_from_dict_missing_current_chapter_returns_default[0m[38;2;34;139;34m STARTED[0m[38;2;250;235;215m[0m
  [38;2;250;235;215mres://tests/unit/game_store/game_store_serialization_test.gd[0m[38;2;250;235;215m > [0m[38;2;250;235;215mtest_game_store_serialization_from_dict_missing_current_chapter_returns_default[0m[38;2;34;139;34m PASSED[0m[38;2;100;149;237m 160ms[0m
  [38;2;0;206;209m[1m[4mReport:[0m
    [38;2;0;206;209m[38;2;0;255;0mline [0m[38;2;0;255;255m190:[0m [38;2;239;248;131mWARNING:[0m: Found [38;2;205;92;92m2[0m possible orphan nodes.[0m
    [38;2;0;206;209m	Add '[38;2;30;144;255mcollect_orphan_node_details()[0m' to the end of the test to collect details.[0m
[38;2;250;235;215m[0m
[38;2;250;235;215m[0m
  [38;2;250;235;215mres://tests/unit/game_store/game_store_serialization_test.gd[0m[38;2;250;235;215m > [0m[38;2;250;235;215mtest_game_store_serialization_from_dict_missing_daily_tokens_returns_three[0m[38;2;34;139;34m STARTED[0m[38;2;250;235;215m[0m
  [38;2;250;235;215mres://tests/unit/game_store/game_store_serialization_test.gd[0m[38;2;250;235;215m > [0m[38;2;250;235;215mtest_game_store_serialization_from_dict_missing_daily_tokens_returns_three[0m[38;2;34;139;34m PASSED[0m[38;2;100;149;237m 162ms[0m
  [38;2;0;206;209m[1m[4mReport:[0m
    [38;2;0;206;209m[38;2;0;255;0mline [0m[38;2;0;255;255m203:[0m [38;2;239;248;131mWARNING:[0m: Found [38;2;205;92;92m2[0m possible orphan nodes.[0m
    [38;2;0;206;209m	Add '[38;2;30;144;255mcollect_orphan_node_details()[0m' to the end of the test to collect details.[0m
[38;2;250;235;215m[0m
[38;2;250;235;215m[0m
  [38;2;250;235;215mres://tests/unit/game_store/game_store_serialization_test.gd[0m[38;2;250;235;215m > [0m[38;2;250;235;215mtest_game_store_serialization_from_dict_missing_last_captain_id_returns_empty[0m[38;2;34;139;34m STARTED[0m[38;2;250;235;215m[0m
  [38;2;250;235;215mres://tests/unit/game_store/game_store_serialization_test.gd[0m[38;2;250;235;215m > [0m[38;2;250;235;215mtest_game_store_serialization_from_dict_missing_last_captain_id_returns_empty[0m[38;2;34;139;34m PASSED[0m[38;2;100;149;237m 166ms[0m
  [38;2;0;206;209m[1m[4mReport:[0m
    [38;2;0;206;209m[38;2;0;255;0mline [0m[38;2;0;255;255m216:[0m [38;2;239;248;131mWARNING:[0m: Found [38;2;205;92;92m2[0m possible orphan nodes.[0m
    [38;2;0;206;209m	Add '[38;2;30;144;255mcollect_orphan_node_details()[0m' to the end of the test to collect details.[0m
[38;2;250;235;215m[0m
[38;2;250;235;215m[0m
  [38;2;250;235;215mres://tests/unit/game_store/game_store_serialization_test.gd[0m[38;2;250;235;215m > [0m[38;2;250;235;215mtest_game_store_serialization_from_dict_absent_nyx_initializes_with_defaults[0m[38;2;34;139;34m STARTED[0m[38;2;250;235;215m[0m
  [38;2;250;235;215mres://tests/unit/game_store/game_store_serialization_test.gd[0m[38;2;250;235;215m > [0m[38;2;250;235;215mtest_game_store_serialization_from_dict_absent_nyx_initializes_with_defaults[0m[38;2;34;139;34m PASSED[0m[38;2;100;149;237m 168ms[0m
  [38;2;0;206;209m[1m[4mReport:[0m
    [38;2;0;206;209m[38;2;0;255;0mline [0m[38;2;0;255;255m233:[0m [38;2;239;248;131mWARNING:[0m: Found [38;2;205;92;92m2[0m possible orphan nodes.[0m
    [38;2;0;206;209m	Add '[38;2;30;144;255mcollect_orphan_node_details()[0m' to the end of the test to collect details.[0m
[38;2;250;235;215m[0m
[38;2;250;235;215m[0m
  [38;2;250;235;215mres://tests/unit/game_store/game_store_serialization_test.gd[0m[38;2;250;235;215m > [0m[38;2;250;235;215mtest_game_store_serialization_from_dict_absent_nyx_known_likes_is_empty_array[0m[38;2;34;139;34m STARTED[0m[38;2;250;235;215m[0m
  [38;2;250;235;215mres://tests/unit/game_store/game_store_serialization_test.gd[0m[38;2;250;235;215m > [0m[38;2;250;235;215mtest_game_store_serialization_from_dict_absent_nyx_known_likes_is_empty_array[0m[38;2;34;139;34m PASSED[0m[38;2;100;149;237m 172ms[0m
  [38;2;0;206;209m[1m[4mReport:[0m
    [38;2;0;206;209m[38;2;0;255;0mline [0m[38;2;0;255;255m256:[0m [38;2;239;248;131mWARNING:[0m: Found [38;2;205;92;92m2[0m possible orphan nodes.[0m
    [38;2;0;206;209m	Add '[38;2;30;144;255mcollect_orphan_node_details()[0m' to the end of the test to collect details.[0m
[38;2;250;235;215m[0m
[38;2;250;235;215m[0m
  [38;2;250;235;215mres://tests/unit/game_store/game_store_serialization_test.gd[0m[38;2;250;235;215m > [0m[38;2;250;235;215mtest_game_store_serialization_from_dict_absent_artemis_initializes_with_defaults[0m[38;2;34;139;34m STARTED[0m[38;2;250;235;215m[0m
  [38;2;250;235;215mres://tests/unit/game_store/game_store_serialization_test.gd[0m[38;2;250;235;215m > [0m[38;2;250;235;215mtest_game_store_serialization_from_dict_absent_artemis_initializes_with_defaults[0m[38;2;34;139;34m PASSED[0m[38;2;100;149;237m 168ms[0m
  [38;2;0;206;209m[1m[4mReport:[0m
    [38;2;0;206;209m[38;2;0;255;0mline [0m[38;2;0;255;255m273:[0m [38;2;239;248;131mWARNING:[0m: Found [38;2;205;92;92m2[0m possible orphan nodes.[0m
    [38;2;0;206;209m	Add '[38;2;30;144;255mcollect_orphan_node_details()[0m' to the end of the test to collect details.[0m
[38;2;250;235;215m[0m
[38;2;250;235;215m[0m
  [38;2;250;235;215mres://tests/unit/game_store/game_store_serialization_test.gd[0m[38;2;250;235;215m > [0m[38;2;250;235;215mtest_game_store_serialization_round_trip_player_gold_matches[0m[38;2;34;139;34m STARTED[0m[38;2;250;235;215m[0m
  [38;2;250;235;215mres://tests/unit/game_store/game_store_serialization_test.gd[0m[38;2;250;235;215m > [0m[38;2;250;235;215mtest_game_store_serialization_round_trip_player_gold_matches[0m[38;2;34;139;34m PASSED[0m[38;2;100;149;237m 174ms[0m
  [38;2;0;206;209m[1m[4mReport:[0m
    [38;2;0;206;209m[38;2;0;255;0mline [0m[38;2;0;255;255m293:[0m [38;2;239;248;131mWARNING:[0m: Found [38;2;205;92;92m2[0m possible orphan nodes.[0m
    [38;2;0;206;209m	Add '[38;2;30;144;255mcollect_orphan_node_details()[0m' to the end of the test to collect details.[0m
[38;2;250;235;215m[0m
[38;2;250;235;215m[0m
  [38;2;250;235;215mres://tests/unit/game_store/game_store_serialization_test.gd[0m[38;2;250;235;215m > [0m[38;2;250;235;215mtest_game_store_serialization_round_trip_player_xp_matches[0m[38;2;34;139;34m STARTED[0m[38;2;250;235;215m[0m
  [38;2;250;235;215mres://tests/unit/game_store/game_store_serialization_test.gd[0m[38;2;250;235;215m > [0m[38;2;250;235;215mtest_game_store_serialization_round_trip_player_xp_matches[0m[38;2;34;139;34m PASSED[0m[38;2;100;149;237m 176ms[0m
  [38;2;0;206;209m[1m[4mReport:[0m
    [38;2;0;206;209m[38;2;0;255;0mline [0m[38;2;0;255;255m306:[0m [38;2;239;248;131mWARNING:[0m: Found [38;2;205;92;92m2[0m possible orphan nodes.[0m
    [38;2;0;206;209m	Add '[38;2;30;144;255mcollect_orphan_node_details()[0m' to the end of the test to collect details.[0m
[38;2;250;235;215m[0m
[38;2;250;235;215m[0m
  [38;2;250;235;215mres://tests/unit/game_store/game_store_serialization_test.gd[0m[38;2;250;235;215m > [0m[38;2;250;235;215mtest_game_store_serialization_round_trip_current_chapter_matches[0m[38;2;34;139;34m STARTED[0m[38;2;250;235;215m[0m
  [38;2;250;235;215mres://tests/unit/game_store/game_store_serialization_test.gd[0m[38;2;250;235;215m > [0m[38;2;250;235;215mtest_game_store_serialization_round_trip_current_chapter_matches[0m[38;2;34;139;34m PASSED[0m[38;2;100;149;237m 175ms[0m
  [38;2;0;206;209m[1m[4mReport:[0m
    [38;2;0;206;209m[38;2;0;255;0mline [0m[38;2;0;255;255m319:[0m [38;2;239;248;131mWARNING:[0m: Found [38;2;205;92;92m2[0m possible orphan nodes.[0m
    [38;2;0;206;209m	Add '[38;2;30;144;255mcollect_orphan_node_details()[0m' to the end of the test to collect details.[0m
[38;2;250;235;215m[0m
[38;2;250;235;215m[0m
  [38;2;250;235;215mres://tests/unit/game_store/game_store_serialization_test.gd[0m[38;2;250;235;215m > [0m[38;2;250;235;215mtest_game_store_serialization_round_trip_daily_tokens_matches[0m[38;2;34;139;34m STARTED[0m[38;2;250;235;215m[0m
  [38;2;250;235;215mres://tests/unit/game_store/game_store_serialization_test.gd[0m[38;2;250;235;215m > [0m[38;2;250;235;215mtest_game_store_serialization_round_trip_daily_tokens_matches[0m[38;2;34;139;34m PASSED[0m[38;2;100;149;237m 177ms[0m
  [38;2;0;206;209m[1m[4mReport:[0m
    [38;2;0;206;209m[38;2;0;255;0mline [0m[38;2;0;255;255m332:[0m [38;2;239;248;131mWARNING:[0m: Found [38;2;205;92;92m2[0m possible orphan nodes.[0m
    [38;2;0;206;209m	Add '[38;2;30;144;255mcollect_orphan_node_details()[0m' to the end of the test to collect details.[0m
[38;2;250;235;215m[0m
[38;2;250;235;215m[0m
  [38;2;250;235;215mres://tests/unit/game_store/game_store_serialization_test.gd[0m[38;2;250;235;215m > [0m[38;2;250;235;215mtest_game_store_serialization_round_trip_current_streak_matches[0m[38;2;34;139;34m STARTED[0m[38;2;250;235;215m[0m
  [38;2;250;235;215mres://tests/unit/game_store/game_store_serialization_test.gd[0m[38;2;250;235;215m > [0m[38;2;250;235;215mtest_game_store_serialization_round_trip_current_streak_matches[0m[38;2;34;139;34m PASSED[0m[38;2;100;149;237m 180ms[0m
  [38;2;0;206;209m[1m[4mReport:[0m
    [38;2;0;206;209m[38;2;0;255;0mline [0m[38;2;0;255;255m345:[0m [38;2;239;248;131mWARNING:[0m: Found [38;2;205;92;92m2[0m possible orphan nodes.[0m
    [38;2;0;206;209m	Add '[38;2;30;144;255mcollect_orphan_node_details()[0m' to the end of the test to collect details.[0m
[38;2;250;235;215m[0m
[38;2;250;235;215m[0m
  [38;2;250;235;215mres://tests/unit/game_store/game_store_serialization_test.gd[0m[38;2;250;235;215m > [0m[38;2;250;235;215mtest_game_store_serialization_round_trip_last_interaction_date_matches[0m[38;2;34;139;34m STARTED[0m[38;2;250;235;215m[0m
  [38;2;250;235;215mres://tests/unit/game_store/game_store_serialization_test.gd[0m[38;2;250;235;215m > [0m[38;2;250;235;215mtest_game_store_serialization_round_trip_last_interaction_date_matches[0m[38;2;34;139;34m PASSED[0m[38;2;100;149;237m 183ms[0m
  [38;2;0;206;209m[1m[4mReport:[0m
    [38;2;0;206;209m[38;2;0;255;0mline [0m[38;2;0;255;255m358:[0m [38;2;239;248;131mWARNING:[0m: Found [38;2;205;92;92m2[0m possible orphan nodes.[0m
    [38;2;0;206;209m	Add '[38;2;30;144;255mcollect_orphan_node_details()[0m' to the end of the test to collect details.[0m
[38;2;250;235;215m[0m
[38;2;250;235;215m[0m
  [38;2;250;235;215mres://tests/unit/game_store/game_store_serialization_test.gd[0m[38;2;250;235;215m > [0m[38;2;250;235;215mtest_game_store_serialization_round_trip_last_captain_id_matches[0m[38;2;34;139;34m STARTED[0m[38;2;250;235;215m[0m
  [38;2;250;235;215mres://tests/unit/game_store/game_store_serialization_test.gd[0m[38;2;250;235;215m > [0m[38;2;250;235;215mtest_game_store_serialization_round_trip_last_captain_id_matches[0m[38;2;34;139;34m PASSED[0m[38;2;100;149;237m 185ms[0m
  [38;2;0;206;209m[1m[4mReport:[0m
    [38;2;0;206;209m[38;2;0;255;0mline [0m[38;2;0;255;255m371:[0m [38;2;239;248;131mWARNING:[0m: Found [38;2;205;92;92m2[0m possible orphan nodes.[0m
    [38;2;0;206;209m	Add '[38;2;30;144;255mcollect_orphan_node_details()[0m' to the end of the test to collect details.[0m
[38;2;250;235;215m[0m
[38;2;250;235;215m[0m
  [38;2;250;235;215mres://tests/unit/game_store/game_store_serialization_test.gd[0m[38;2;250;235;215m > [0m[38;2;250;235;215mtest_game_store_serialization_round_trip_story_flags_match[0m[38;2;34;139;34m STARTED[0m[38;2;250;235;215m[0m
  [38;2;250;235;215mres://tests/unit/game_store/game_store_serialization_test.gd[0m[38;2;250;235;215m > [0m[38;2;250;235;215mtest_game_store_serialization_round_trip_story_flags_match[0m[38;2;34;139;34m PASSED[0m[38;2;100;149;237m 187ms[0m
  [38;2;0;206;209m[1m[4mReport:[0m
    [38;2;0;206;209m[38;2;0;255;0mline [0m[38;2;0;255;255m384:[0m [38;2;239;248;131mWARNING:[0m: Found [38;2;205;92;92m2[0m possible orphan nodes.[0m
    [38;2;0;206;209m	Add '[38;2;30;144;255mcollect_orphan_node_details()[0m' to the end of the test to collect details.[0m
[38;2;250;235;215m[0m
[38;2;250;235;215m[0m
  [38;2;250;235;215mres://tests/unit/game_store/game_store_serialization_test.gd[0m[38;2;250;235;215m > [0m[38;2;250;235;215mtest_game_store_serialization_round_trip_node_states_match[0m[38;2;34;139;34m STARTED[0m[38;2;250;235;215m[0m
  [38;2;250;235;215mres://tests/unit/game_store/game_store_serialization_test.gd[0m[38;2;250;235;215m > [0m[38;2;250;235;215mtest_game_store_serialization_round_trip_node_states_match[0m[38;2;34;139;34m PASSED[0m[38;2;100;149;237m 188ms[0m
  [38;2;0;206;209m[1m[4mReport:[0m
    [38;2;0;206;209m[38;2;0;255;0mline [0m[38;2;0;255;255m400:[0m [38;2;239;248;131mWARNING:[0m: Found [38;2;205;92;92m2[0m possible orphan nodes.[0m
    [38;2;0;206;209m	Add '[38;2;30;144;255mcollect_orphan_node_details()[0m' to the end of the test to collect details.[0m
[38;2;250;235;215m[0m
[38;2;250;235;215m[0m
  [38;2;250;235;215mres://tests/unit/game_store/game_store_serialization_test.gd[0m[38;2;250;235;215m > [0m[38;2;250;235;215mtest_game_store_serialization_round_trip_combat_buff_matches[0m[38;2;34;139;34m STARTED[0m[38;2;250;235;215m[0m
  [38;2;250;235;215mres://tests/unit/game_store/game_store_serialization_test.gd[0m[38;2;250;235;215m > [0m[38;2;250;235;215mtest_game_store_serialization_round_trip_combat_buff_matches[0m[38;2;34;139;34m PASSED[0m[38;2;100;149;237m 191ms[0m
  [38;2;0;206;209m[1m[4mReport:[0m
    [38;2;0;206;209m[38;2;0;255;0mline [0m[38;2;0;255;255m415:[0m [38;2;239;248;131mWARNING:[0m: Found [38;2;205;92;92m2[0m possible orphan nodes.[0m
    [38;2;0;206;209m	Add '[38;2;30;144;255mcollect_orphan_node_details()[0m' to the end of the test to collect details.[0m
[38;2;250;235;215m[0m
[38;2;250;235;215m[0m
  [38;2;250;235;215mres://tests/unit/game_store/game_store_serialization_test.gd[0m[38;2;250;235;215m > [0m[38;2;250;235;215mtest_game_store_serialization_round_trip_companion_all_fields_match[0m[38;2;34;139;34m STARTED[0m[38;2;250;235;215m[0m
  [38;2;250;235;215mres://tests/unit/game_store/game_store_serialization_test.gd[0m[38;2;250;235;215m > [0m[38;2;250;235;215mtest_game_store_serialization_round_trip_companion_all_fields_match[0m[38;2;34;139;34m PASSED[0m[38;2;100;149;237m 191ms[0m
  [38;2;0;206;209m[1m[4mReport:[0m
    [38;2;0;206;209m[38;2;0;255;0mline [0m[38;2;0;255;255m432:[0m [38;2;239;248;131mWARNING:[0m: Found [38;2;205;92;92m2[0m possible orphan nodes.[0m
    [38;2;0;206;209m	Add '[38;2;30;144;255mcollect_orphan_node_details()[0m' to the end of the test to collect details.[0m
[38;2;250;235;215m[0m
[38;2;250;235;215m[0m
  [38;2;250;235;215mres://tests/unit/game_store/game_store_serialization_test.gd[0m[38;2;250;235;215m > [0m[38;2;250;235;215mtest_game_store_serialization_round_trip_companion_known_likes_match[0m[38;2;34;139;34m STARTED[0m[38;2;250;235;215m[0m
  [38;2;250;235;215mres://tests/unit/game_store/game_store_serialization_test.gd[0m[38;2;250;235;215m > [0m[38;2;250;235;215mtest_game_store_serialization_round_trip_companion_known_likes_match[0m[38;2;34;139;34m PASSED[0m[38;2;100;149;237m 190ms[0m
  [38;2;0;206;209m[1m[4mReport:[0m
    [38;2;0;206;209m[38;2;0;255;0mline [0m[38;2;0;255;255m459:[0m [38;2;239;248;131mWARNING:[0m: Found [38;2;205;92;92m2[0m possible orphan nodes.[0m
    [38;2;0;206;209m	Add '[38;2;30;144;255mcollect_orphan_node_details()[0m' to the end of the test to collect details.[0m
[38;2;250;235;215m[0m
[38;2;250;235;215m[0m
  [38;2;250;235;215mres://tests/unit/game_store/game_store_serialization_test.gd[0m[38;2;250;235;215m > [0m[38;2;250;235;215mtest_game_store_serialization_round_trip_companion_known_dislikes_match[0m[38;2;34;139;34m STARTED[0m[38;2;250;235;215m[0m
  [38;2;250;235;215mres://tests/unit/game_store/game_store_serialization_test.gd[0m[38;2;250;235;215m > [0m[38;2;250;235;215mtest_game_store_serialization_round_trip_companion_known_dislikes_match[0m[38;2;34;139;34m PASSED[0m[38;2;100;149;237m 192ms[0m
  [38;2;0;206;209m[1m[4mReport:[0m
    [38;2;0;206;209m[38;2;0;255;0mline [0m[38;2;0;255;255m476:[0m [38;2;239;248;131mWARNING:[0m: Found [38;2;205;92;92m2[0m possible orphan nodes.[0m
    [38;2;0;206;209m	Add '[38;2;30;144;255mcollect_orphan_node_details()[0m' to the end of the test to collect details.[0m
[38;2;250;235;215m[0m
[38;2;250;235;215m[0m
  [38;2;250;235;215mres://tests/unit/game_store/game_store_serialization_test.gd[0m[38;2;250;235;215m > [0m[38;2;250;235;215mtest_game_store_serialization_round_trip_all_four_companions_present[0m[38;2;34;139;34m STARTED[0m[38;2;250;235;215m[0m
  [38;2;250;235;215mres://tests/unit/game_store/game_store_serialization_test.gd[0m[38;2;250;235;215m > [0m[38;2;250;235;215mtest_game_store_serialization_round_trip_all_four_companions_present[0m[38;2;34;139;34m PASSED[0m[38;2;100;149;237m 194ms[0m
  [38;2;0;206;209m[1m[4mReport:[0m
    [38;2;0;206;209m[38;2;0;255;0mline [0m[38;2;0;255;255m492:[0m [38;2;239;248;131mWARNING:[0m: Found [38;2;205;92;92m2[0m possible orphan nodes.[0m
    [38;2;0;206;209m	Add '[38;2;30;144;255mcollect_orphan_node_details()[0m' to the end of the test to collect details.[0m
[38;2;250;235;215m[0m
[38;2;250;235;215m[0m
  [38;2;250;235;215mres://tests/unit/game_store/game_store_serialization_test.gd[0m[38;2;250;235;215m > [0m[38;2;250;235;215mtest_game_store_serialization_from_dict_leaves_dirty_false[0m[38;2;34;139;34m STARTED[0m[38;2;250;235;215m[0m
  [38;2;250;235;215mres://tests/unit/game_store/game_store_serialization_test.gd[0m[38;2;250;235;215m > [0m[38;2;250;235;215mtest_game_store_serialization_from_dict_leaves_dirty_false[0m[38;2;34;139;34m PASSED[0m[38;2;100;149;237m 197ms[0m
  [38;2;0;206;209m[1m[4mReport:[0m
    [38;2;0;206;209m[38;2;0;255;0mline [0m[38;2;0;255;255m510:[0m [38;2;239;248;131mWARNING:[0m: Found [38;2;205;92;92m2[0m possible orphan nodes.[0m
    [38;2;0;206;209m	Add '[38;2;30;144;255mcollect_orphan_node_details()[0m' to the end of the test to collect details.[0m
[38;2;250;235;215m[0m
[38;2;250;235;215m[0m
  [38;2;250;235;215mres://tests/unit/game_store/game_store_serialization_test.gd[0m[38;2;250;235;215m > [0m[38;2;250;235;215mtest_game_store_serialization_from_dict_leaves_save_pending_false[0m[38;2;34;139;34m STARTED[0m[38;2;250;235;215m[0m
  [38;2;250;235;215mres://tests/unit/game_store/game_store_serialization_test.gd[0m[38;2;250;235;215m > [0m[38;2;250;235;215mtest_game_store_serialization_from_dict_leaves_save_pending_false[0m[38;2;34;139;34m PASSED[0m[38;2;100;149;237m 200ms[0m
  [38;2;0;206;209m[1m[4mReport:[0m
    [38;2;0;206;209m[38;2;0;255;0mline [0m[38;2;0;255;255m523:[0m [38;2;239;248;131mWARNING:[0m: Found [38;2;205;92;92m2[0m possible orphan nodes.[0m
    [38;2;0;206;209m	Add '[38;2;30;144;255mcollect_orphan_node_details()[0m' to the end of the test to collect details.[0m
[38;2;250;235;215m[0m
[38;2;250;235;215m[0m
  [38;2;250;235;215mres://tests/unit/game_store/game_store_serialization_test.gd[0m[38;2;250;235;215m > [0m[38;2;250;235;215mtest_game_store_serialization_from_dict_clears_preexisting_dirty[0m[38;2;34;139;34m STARTED[0m[38;2;250;235;215m[0m
  [38;2;250;235;215mres://tests/unit/game_store/game_store_serialization_test.gd[0m[38;2;250;235;215m > [0m[38;2;250;235;215mtest_game_store_serialization_from_dict_clears_preexisting_dirty[0m[38;2;34;139;34m PASSED[0m[38;2;100;149;237m 203ms[0m
  [38;2;0;206;209m[1m[4mReport:[0m
    [38;2;0;206;209m[38;2;0;255;0mline [0m[38;2;0;255;255m536:[0m [38;2;239;248;131mWARNING:[0m: Found [38;2;205;92;92m2[0m possible orphan nodes.[0m
    [38;2;0;206;209m	Add '[38;2;30;144;255mcollect_orphan_node_details()[0m' to the end of the test to collect details.[0m
[38;2;250;235;215m[0m
[38;2;250;235;215m[0m
  [38;2;250;235;215mres://tests/unit/game_store/game_store_serialization_test.gd[0m[38;2;250;235;215m > [0m[38;2;250;235;215mtest_game_store_serialization_from_dict_empty_dict_gold_is_zero[0m[38;2;34;139;34m STARTED[0m[38;2;250;235;215m[0m
  [38;2;250;235;215mres://tests/unit/game_store/game_store_serialization_test.gd[0m[38;2;250;235;215m > [0m[38;2;250;235;215mtest_game_store_serialization_from_dict_empty_dict_gold_is_zero[0m[38;2;34;139;34m PASSED[0m[38;2;100;149;237m 205ms[0m
  [38;2;0;206;209m[1m[4mReport:[0m
    [38;2;0;206;209m[38;2;0;255;0mline [0m[38;2;0;255;255m557:[0m [38;2;239;248;131mWARNING:[0m: Found [38;2;205;92;92m1[0m possible orphan nodes.[0m
    [38;2;0;206;209m	Add '[38;2;30;144;255mcollect_orphan_node_details()[0m' to the end of the test to collect details.[0m
[38;2;250;235;215m[0m
[38;2;250;235;215m[0m
  [38;2;250;235;215mres://tests/unit/game_store/game_store_serialization_test.gd[0m[38;2;250;235;215m > [0m[38;2;250;235;215mtest_game_store_serialization_from_dict_empty_dict_xp_is_zero[0m[38;2;34;139;34m STARTED[0m[38;2;250;235;215m[0m
  [38;2;250;235;215mres://tests/unit/game_store/game_store_serialization_test.gd[0m[38;2;250;235;215m > [0m[38;2;250;235;215mtest_game_store_serialization_from_dict_empty_dict_xp_is_zero[0m[38;2;34;139;34m PASSED[0m[38;2;100;149;237m 204ms[0m
  [38;2;0;206;209m[1m[4mReport:[0m
    [38;2;0;206;209m[38;2;0;255;0mline [0m[38;2;0;255;255m567:[0m [38;2;239;248;131mWARNING:[0m: Found [38;2;205;92;92m1[0m possible orphan nodes.[0m
    [38;2;0;206;209m	Add '[38;2;30;144;255mcollect_orphan_node_details()[0m' to the end of the test to collect details.[0m
[38;2;250;235;215m[0m
[38;2;250;235;215m[0m
  [38;2;250;235;215mres://tests/unit/game_store/game_store_serialization_test.gd[0m[38;2;250;235;215m > [0m[38;2;250;235;215mtest_game_store_serialization_from_dict_empty_dict_chapter_is_ch01[0m[38;2;34;139;34m STARTED[0m[38;2;250;235;215m[0m
  [38;2;250;235;215mres://tests/unit/game_store/game_store_serialization_test.gd[0m[38;2;250;235;215m > [0m[38;2;250;235;215mtest_game_store_serialization_from_dict_empty_dict_chapter_is_ch01[0m[38;2;34;139;34m PASSED[0m[38;2;100;149;237m 202ms[0m
  [38;2;0;206;209m[1m[4mReport:[0m
    [38;2;0;206;209m[38;2;0;255;0mline [0m[38;2;0;255;255m577:[0m [38;2;239;248;131mWARNING:[0m: Found [38;2;205;92;92m1[0m possible orphan nodes.[0m
    [38;2;0;206;209m	Add '[38;2;30;144;255mcollect_orphan_node_details()[0m' to the end of the test to collect details.[0m
[38;2;250;235;215m[0m
[38;2;250;235;215m[0m
  [38;2;250;235;215mres://tests/unit/game_store/game_store_serialization_test.gd[0m[38;2;250;235;215m > [0m[38;2;250;235;215mtest_game_store_serialization_from_dict_empty_dict_tokens_is_three[0m[38;2;34;139;34m STARTED[0m[38;2;250;235;215m[0m
  [38;2;250;235;215mres://tests/unit/game_store/game_store_serialization_test.gd[0m[38;2;250;235;215m > [0m[38;2;250;235;215mtest_game_store_serialization_from_dict_empty_dict_tokens_is_three[0m[38;2;34;139;34m PASSED[0m[38;2;100;149;237m 208ms[0m
  [38;2;0;206;209m[1m[4mReport:[0m
    [38;2;0;206;209m[38;2;0;255;0mline [0m[38;2;0;255;255m587:[0m [38;2;239;248;131mWARNING:[0m: Found [38;2;205;92;92m1[0m possible orphan nodes.[0m
    [38;2;0;206;209m	Add '[38;2;30;144;255mcollect_orphan_node_details()[0m' to the end of the test to collect details.[0m
[38;2;250;235;215m[0m
[38;2;250;235;215m[0m
  [38;2;250;235;215mres://tests/unit/game_store/game_store_serialization_test.gd[0m[38;2;250;235;215m > [0m[38;2;250;235;215mtest_game_store_serialization_from_dict_empty_dict_all_companions_present[0m[38;2;34;139;34m STARTED[0m[38;2;250;235;215m[0m
  [38;2;250;235;215mres://tests/unit/game_store/game_store_serialization_test.gd[0m[38;2;250;235;215m > [0m[38;2;250;235;215mtest_game_store_serialization_from_dict_empty_dict_all_companions_present[0m[38;2;34;139;34m PASSED[0m[38;2;100;149;237m 207ms[0m
  [38;2;0;206;209m[1m[4mReport:[0m
    [38;2;0;206;209m[38;2;0;255;0mline [0m[38;2;0;255;255m597:[0m [38;2;239;248;131mWARNING:[0m: Found [38;2;205;92;92m1[0m possible orphan nodes.[0m
    [38;2;0;206;209m	Add '[38;2;30;144;255mcollect_orphan_node_details()[0m' to the end of the test to collect details.[0m
[38;2;250;235;215m[0m
[38;2;250;235;215m[0m
  [38;2;250;235;215mres://tests/unit/game_store/game_store_serialization_test.gd[0m[38;2;250;235;215m > [0m[38;2;250;235;215mtest_game_store_serialization_from_dict_empty_dict_story_flags_empty[0m[38;2;34;139;34m STARTED[0m[38;2;250;235;215m[0m
  [38;2;250;235;215mres://tests/unit/game_store/game_store_serialization_test.gd[0m[38;2;250;235;215m > [0m[38;2;250;235;215mtest_game_store_serialization_from_dict_empty_dict_story_flags_empty[0m[38;2;34;139;34m PASSED[0m[38;2;100;149;237m 206ms[0m
  [38;2;0;206;209m[1m[4mReport:[0m
    [38;2;0;206;209m[38;2;0;255;0mline [0m[38;2;0;255;255m610:[0m [38;2;239;248;131mWARNING:[0m: Found [38;2;205;92;92m1[0m possible orphan nodes.[0m
    [38;2;0;206;209m	Add '[38;2;30;144;255mcollect_orphan_node_details()[0m' to the end of the test to collect details.[0m
[38;2;250;235;215m[0m
[38;2;250;235;215m[0m
  [38;2;250;235;215mres://tests/unit/game_store/game_store_serialization_test.gd[0m[38;2;250;235;215m > [0m[38;2;250;235;215mtest_game_store_serialization_from_dict_empty_dict_combat_buff_empty[0m[38;2;34;139;34m STARTED[0m[38;2;250;235;215m[0m
  [38;2;250;235;215mres://tests/unit/game_store/game_store_serialization_test.gd[0m[38;2;250;235;215m > [0m[38;2;250;235;215mtest_game_store_serialization_from_dict_empty_dict_combat_buff_empty[0m[38;2;34;139;34m PASSED[0m[38;2;100;149;237m 208ms[0m
  [38;2;0;206;209m[1m[4mReport:[0m
    [38;2;0;206;209m[38;2;0;255;0mline [0m[38;2;0;255;255m621:[0m [38;2;239;248;131mWARNING:[0m: Found [38;2;205;92;92m1[0m possible orphan nodes.[0m
    [38;2;0;206;209m	Add '[38;2;30;144;255mcollect_orphan_node_details()[0m' to the end of the test to collect details.[0m
[38;2;250;235;215m[0m
[38;2;250;235;215m[0m
  [38;2;250;235;215mres://tests/unit/game_store/game_store_serialization_test.gd[0m[38;2;250;235;215m > [0m[38;2;250;235;215mtest_game_store_serialization_from_dict_empty_dict_leaves_dirty_false[0m[38;2;34;139;34m STARTED[0m[38;2;250;235;215m[0m
  [38;2;250;235;215mres://tests/unit/game_store/game_store_serialization_test.gd[0m[38;2;250;235;215m > [0m[38;2;250;235;215mtest_game_store_serialization_from_dict_empty_dict_leaves_dirty_false[0m[38;2;34;139;34m PASSED[0m[38;2;100;149;237m 207ms[0m
  [38;2;0;206;209m[1m[4mReport:[0m
    [38;2;0;206;209m[38;2;0;255;0mline [0m[38;2;0;255;255m631:[0m [38;2;239;248;131mWARNING:[0m: Found [38;2;205;92;92m1[0m possible orphan nodes.[0m
    [38;2;0;206;209m	Add '[38;2;30;144;255mcollect_orphan_node_details()[0m' to the end of the test to collect details.[0m
[38;2;250;235;215m[0m
[38;2;250;235;215m[0m
  [38;2;250;235;215mres://tests/unit/game_store/game_store_serialization_test.gd[0m[38;2;250;235;215m > [0m[38;2;250;235;215mtest_game_store_serialization_from_dict_extra_keys_ignored_gold_intact[0m[38;2;34;139;34m STARTED[0m[38;2;250;235;215m[0m
  [38;2;250;235;215mres://tests/unit/game_store/game_store_serialization_test.gd[0m[38;2;250;235;215m > [0m[38;2;250;235;215mtest_game_store_serialization_from_dict_extra_keys_ignored_gold_intact[0m[38;2;34;139;34m PASSED[0m[38;2;100;149;237m 211ms[0m
  [38;2;0;206;209m[1m[4mReport:[0m
    [38;2;0;206;209m[38;2;0;255;0mline [0m[38;2;0;255;255m645:[0m [38;2;239;248;131mWARNING:[0m: Found [38;2;205;92;92m2[0m possible orphan nodes.[0m
    [38;2;0;206;209m	Add '[38;2;30;144;255mcollect_orphan_node_details()[0m' to the end of the test to collect details.[0m
[38;2;250;235;215m[0m
[38;2;250;235;215m[0m
  [38;2;250;235;215mres://tests/unit/game_store/game_store_serialization_test.gd[0m[38;2;250;235;215m > [0m[38;2;250;235;215mtest_game_store_serialization_from_dict_extra_keys_ignored_flags_intact[0m[38;2;34;139;34m STARTED[0m[38;2;250;235;215m[0m
  [38;2;250;235;215mres://tests/unit/game_store/game_store_serialization_test.gd[0m[38;2;250;235;215m > [0m[38;2;250;235;215mtest_game_store_serialization_from_dict_extra_keys_ignored_flags_intact[0m[38;2;34;139;34m PASSED[0m[38;2;100;149;237m 211ms[0m
  [38;2;0;206;209m[1m[4mReport:[0m
    [38;2;0;206;209m[38;2;0;255;0mline [0m[38;2;0;255;255m660:[0m [38;2;239;248;131mWARNING:[0m: Found [38;2;205;92;92m2[0m possible orphan nodes.[0m
    [38;2;0;206;209m	Add '[38;2;30;144;255mcollect_orphan_node_details()[0m' to the end of the test to collect details.[0m
[38;2;250;235;215m[0m
[38;2;250;235;215m[0m
  [38;2;250;235;215mres://tests/unit/game_store/game_store_serialization_test.gd[0m[38;2;250;235;215m > [0m[38;2;250;235;215mtest_game_store_serialization_to_dict_story_flags_is_a_copy[0m[38;2;34;139;34m STARTED[0m[38;2;250;235;215m[0m
  [38;2;250;235;215mres://tests/unit/game_store/game_store_serialization_test.gd[0m[38;2;250;235;215m > [0m[38;2;250;235;215mtest_game_store_serialization_to_dict_story_flags_is_a_copy[0m[38;2;34;139;34m PASSED[0m[38;2;100;149;237m 213ms[0m
  [38;2;0;206;209m[1m[4mReport:[0m
    [38;2;0;206;209m[38;2;0;255;0mline [0m[38;2;0;255;255m678:[0m [38;2;239;248;131mWARNING:[0m: Found [38;2;205;92;92m1[0m possible orphan nodes.[0m
    [38;2;0;206;209m	Add '[38;2;30;144;255mcollect_orphan_node_details()[0m' to the end of the test to collect details.[0m
[38;2;250;235;215m[0m
[38;2;250;235;215m[0m
  [38;2;250;235;215mres://tests/unit/game_store/game_store_serialization_test.gd[0m[38;2;250;235;215m > [0m[38;2;250;235;215mtest_game_store_serialization_to_dict_companion_known_likes_is_a_copy[0m[38;2;34;139;34m STARTED[0m[38;2;250;235;215m[0m
  [38;2;250;235;215mres://tests/unit/game_store/game_store_serialization_test.gd[0m[38;2;250;235;215m > [0m[38;2;250;235;215mtest_game_store_serialization_to_dict_companion_known_likes_is_a_copy[0m[38;2;34;139;34m PASSED[0m[38;2;100;149;237m 214ms[0m
  [38;2;0;206;209m[1m[4mReport:[0m
    [38;2;0;206;209m[38;2;0;255;0mline [0m[38;2;0;255;255m691:[0m [38;2;239;248;131mWARNING:[0m: Found [38;2;205;92;92m1[0m possible orphan nodes.[0m
    [38;2;0;206;209m	Add '[38;2;30;144;255mcollect_orphan_node_details()[0m' to the end of the test to collect details.[0m
[38;2;250;235;215m[0m
[38;2;250;235;215m[0m
  [38;2;250;235;215mres://tests/unit/game_store/game_store_serialization_test.gd[0m[38;2;250;235;215m > [0m[38;2;250;235;215mtest_game_store_serialization_to_dict_combat_buff_is_a_copy[0m[38;2;34;139;34m STARTED[0m[38;2;250;235;215m[0m
  [38;2;250;235;215mres://tests/unit/game_store/game_store_serialization_test.gd[0m[38;2;250;235;215m > [0m[38;2;250;235;215mtest_game_store_serialization_to_dict_combat_buff_is_a_copy[0m[38;2;34;139;34m PASSED[0m[38;2;100;149;237m 217ms[0m
  [38;2;0;206;209m[1m[4mReport:[0m
    [38;2;0;206;209m[38;2;0;255;0mline [0m[38;2;0;255;255m705:[0m [38;2;239;248;131mWARNING:[0m: Found [38;2;205;92;92m1[0m possible orphan nodes.[0m
    [38;2;0;206;209m	Add '[38;2;30;144;255mcollect_orphan_node_details()[0m' to the end of the test to collect details.[0m
[38;2;250;235;215m[0m
[38;2;250;235;215m[0m
[38;2;30;144;255mStatistics:[0m[38;2;250;235;215m 50 test cases | 0 errors | 0 failures | 0 flaky | 0 skipped | 77 orphans |[0m[38;2;34;139;34m PASSED[0m[38;2;100;149;237m 9s 607ms[0m
[38;2;250;235;215m[0m
[38;2;250;235;215m[0m
[38;2;0;206;209mRun Test Suite: [0m[38;2;250;235;215mres://tests/unit/game_store/game_store_setters_test.gd[0m
  [38;2;250;235;215mres://tests/unit/game_store/game_store_setters_test.gd[0m[38;2;250;235;215m > [0m[38;2;250;235;215mtest_game_store_spend_gold_sufficient_returns_true[0m[38;2;34;139;34m STARTED[0m[38;2;250;235;215m[0m
  [38;2;250;235;215mres://tests/unit/game_store/game_store_setters_test.gd[0m[38;2;250;235;215m > [0m[38;2;250;235;215mtest_game_store_spend_gold_sufficient_returns_true[0m[38;2;34;139;34m PASSED[0m[38;2;100;149;237m 218ms[0m
  [38;2;0;206;209m[1m[4mReport:[0m
    [38;2;0;206;209m[38;2;0;255;0mline [0m[38;2;0;255;255m33:[0m [38;2;239;248;131mWARNING:[0m: Found [38;2;205;92;92m1[0m possible orphan nodes.[0m
    [38;2;0;206;209m	Add '[38;2;30;144;255mcollect_orphan_node_details()[0m' to the end of the test to collect details.[0m
[38;2;250;235;215m[0m
[38;2;250;235;215m[0m
  [38;2;250;235;215mres://tests/unit/game_store/game_store_setters_test.gd[0m[38;2;250;235;215m > [0m[38;2;250;235;215mtest_game_store_spend_gold_sufficient_deducts_correct_amount[0m[38;2;34;139;34m STARTED[0m[38;2;250;235;215m[0m
  [38;2;250;235;215mres://tests/unit/game_store/game_store_setters_test.gd[0m[38;2;250;235;215m > [0m[38;2;250;235;215mtest_game_store_spend_gold_sufficient_deducts_correct_amount[0m[38;2;34;139;34m PASSED[0m[38;2;100;149;237m 217ms[0m
  [38;2;0;206;209m[1m[4mReport:[0m
    [38;2;0;206;209m[38;2;0;255;0mline [0m[38;2;0;255;255m44:[0m [38;2;239;248;131mWARNING:[0m: Found [38;2;205;92;92m1[0m possible orphan nodes.[0m
    [38;2;0;206;209m	Add '[38;2;30;144;255mcollect_orphan_node_details()[0m' to the end of the test to collect details.[0m
[38;2;250;235;215m[0m
[38;2;250;235;215m[0m
  [38;2;250;235;215mres://tests/unit/game_store/game_store_setters_test.gd[0m[38;2;250;235;215m > [0m[38;2;250;235;215mtest_game_store_spend_gold_insufficient_returns_false[0m[38;2;34;139;34m STARTED[0m[38;2;250;235;215m[0m
  [38;2;250;235;215mres://tests/unit/game_store/game_store_setters_test.gd[0m[38;2;250;235;215m > [0m[38;2;250;235;215mtest_game_store_spend_gold_insufficient_returns_false[0m[38;2;34;139;34m PASSED[0m[38;2;100;149;237m 219ms[0m
  [38;2;0;206;209m[1m[4mReport:[0m
    [38;2;0;206;209m[38;2;0;255;0mline [0m[38;2;0;255;255m59:[0m [38;2;239;248;131mWARNING:[0m: Found [38;2;205;92;92m1[0m possible orphan nodes.[0m
    [38;2;0;206;209m	Add '[38;2;30;144;255mcollect_orphan_node_details()[0m' to the end of the test to collect details.[0m
[38;2;250;235;215m[0m
[38;2;250;235;215m[0m
  [38;2;250;235;215mres://tests/unit/game_store/game_store_setters_test.gd[0m[38;2;250;235;215m > [0m[38;2;250;235;215mtest_game_store_spend_gold_insufficient_gold_unchanged[0m[38;2;34;139;34m STARTED[0m[38;2;250;235;215m[0m
  [38;2;250;235;215mres://tests/unit/game_store/game_store_setters_test.gd[0m[38;2;250;235;215m > [0m[38;2;250;235;215mtest_game_store_spend_gold_insufficient_gold_unchanged[0m[38;2;34;139;34m PASSED[0m[38;2;100;149;237m 220ms[0m
  [38;2;0;206;209m[1m[4mReport:[0m
    [38;2;0;206;209m[38;2;0;255;0mline [0m[38;2;0;255;255m70:[0m [38;2;239;248;131mWARNING:[0m: Found [38;2;205;92;92m1[0m possible orphan nodes.[0m
    [38;2;0;206;209m	Add '[38;2;30;144;255mcollect_orphan_node_details()[0m' to the end of the test to collect details.[0m
[38;2;250;235;215m[0m
[38;2;250;235;215m[0m
  [38;2;250;235;215mres://tests/unit/game_store/game_store_setters_test.gd[0m[38;2;250;235;215m > [0m[38;2;250;235;215mtest_game_store_set_flag_duplicate_call_no_extra_entry[0m[38;2;34;139;34m STARTED[0m[38;2;250;235;215m[0m
  [38;2;250;235;215mres://tests/unit/game_store/game_store_setters_test.gd[0m[38;2;250;235;215m > [0m[38;2;250;235;215mtest_game_store_set_flag_duplicate_call_no_extra_entry[0m[38;2;34;139;34m PASSED[0m[38;2;100;149;237m 220ms[0m
  [38;2;0;206;209m[1m[4mReport:[0m
    [38;2;0;206;209m[38;2;0;255;0mline [0m[38;2;0;255;255m85:[0m [38;2;239;248;131mWARNING:[0m: Found [38;2;205;92;92m1[0m possible orphan nodes.[0m
    [38;2;0;206;209m	Add '[38;2;30;144;255mcollect_orphan_node_details()[0m' to the end of the test to collect details.[0m
[38;2;250;235;215m[0m
[38;2;250;235;215m[0m
  [38;2;250;235;215mres://tests/unit/game_store/game_store_setters_test.gd[0m[38;2;250;235;215m > [0m[38;2;250;235;215mtest_game_store_set_flag_has_flag_returns_true[0m[38;2;34;139;34m STARTED[0m[38;2;250;235;215m[0m
  [38;2;250;235;215mres://tests/unit/game_store/game_store_setters_test.gd[0m[38;2;250;235;215m > [0m[38;2;250;235;215mtest_game_store_set_flag_has_flag_returns_true[0m[38;2;34;139;34m PASSED[0m[38;2;100;149;237m 221ms[0m
  [38;2;0;206;209m[1m[4mReport:[0m
    [38;2;0;206;209m[38;2;0;255;0mline [0m[38;2;0;255;255m96:[0m [38;2;239;248;131mWARNING:[0m: Found [38;2;205;92;92m1[0m possible orphan nodes.[0m
    [38;2;0;206;209m	Add '[38;2;30;144;255mcollect_orphan_node_details()[0m' to the end of the test to collect details.[0m
[38;2;250;235;215m[0m
[38;2;250;235;215m[0m
  [38;2;250;235;215mres://tests/unit/game_store/game_store_setters_test.gd[0m[38;2;250;235;215m > [0m[38;2;250;235;215mtest_game_store_has_flag_absent_flag_returns_false[0m[38;2;34;139;34m STARTED[0m[38;2;250;235;215m[0m
  [38;2;250;235;215mres://tests/unit/game_store/game_store_setters_test.gd[0m[38;2;250;235;215m > [0m[38;2;250;235;215mtest_game_store_has_flag_absent_flag_returns_false[0m[38;2;34;139;34m PASSED[0m[38;2;100;149;237m 222ms[0m
  [38;2;0;206;209m[1m[4mReport:[0m
    [38;2;0;206;209m[38;2;0;255;0mline [0m[38;2;0;255;255m106:[0m [38;2;239;248;131mWARNING:[0m: Found [38;2;205;92;92m1[0m possible orphan nodes.[0m
    [38;2;0;206;209m	Add '[38;2;30;144;255mcollect_orphan_node_details()[0m' to the end of the test to collect details.[0m
[38;2;250;235;215m[0m
[38;2;250;235;215m[0m
  [38;2;250;235;215mres://tests/unit/game_store/game_store_setters_test.gd[0m[38;2;250;235;215m > [0m[38;2;250;235;215mtest_game_store_set_trust_updates_companion_state[0m[38;2;34;139;34m STARTED[0m[38;2;250;235;215m[0m
  [38;2;250;235;215mres://tests/unit/game_store/game_store_setters_test.gd[0m[38;2;250;235;215m > [0m[38;2;250;235;215mtest_game_store_set_trust_updates_companion_state[0m[38;2;34;139;34m PASSED[0m[38;2;100;149;237m 221ms[0m
  [38;2;0;206;209m[1m[4mReport:[0m
    [38;2;0;206;209m[38;2;0;255;0mline [0m[38;2;0;255;255m117:[0m [38;2;239;248;131mWARNING:[0m: Found [38;2;205;92;92m1[0m possible orphan nodes.[0m
    [38;2;0;206;209m	Add '[38;2;30;144;255mcollect_orphan_node_details()[0m' to the end of the test to collect details.[0m
[38;2;250;235;215m[0m
[38;2;250;235;215m[0m
  [38;2;250;235;215mres://tests/unit/game_store/game_store_setters_test.gd[0m[38;2;250;235;215m > [0m[38;2;250;235;215mtest_game_store_set_trust_from_nonzero_baseline[0m[38;2;34;139;34m STARTED[0m[38;2;250;235;215m[0m
  [38;2;250;235;215mres://tests/unit/game_store/game_store_setters_test.gd[0m[38;2;250;235;215m > [0m[38;2;250;235;215mtest_game_store_set_trust_from_nonzero_baseline[0m[38;2;34;139;34m PASSED[0m[38;2;100;149;237m 223ms[0m
  [38;2;0;206;209m[1m[4mReport:[0m
    [38;2;0;206;209m[38;2;0;255;0mline [0m[38;2;0;255;255m128:[0m [38;2;239;248;131mWARNING:[0m: Found [38;2;205;92;92m1[0m possible orphan nodes.[0m
    [38;2;0;206;209m	Add '[38;2;30;144;255mcollect_orphan_node_details()[0m' to the end of the test to collect details.[0m
[38;2;250;235;215m[0m
[38;2;250;235;215m[0m
  [38;2;250;235;215mres://tests/unit/game_store/game_store_setters_test.gd[0m[38;2;250;235;215m > [0m[38;2;250;235;215mtest_game_store_set_trust_unknown_companion_is_noop[0m[38;2;34;139;34m STARTED[0m[38;2;250;235;215m[0m
  [38;2;250;235;215mres://tests/unit/game_store/game_store_setters_test.gd[0m[38;2;250;235;215m > [0m[38;2;250;235;215mtest_game_store_set_trust_unknown_companion_is_noop[0m[38;2;34;139;34m PASSED[0m[38;2;100;149;237m 226ms[0m
  [38;2;0;206;209m[1m[4mReport:[0m
    [38;2;0;206;209m[38;2;0;255;0mline [0m[38;2;0;255;255m140:[0m [38;2;239;248;131mWARNING:[0m: Found [38;2;205;92;92m1[0m possible orphan nodes.[0m
    [38;2;0;206;209m	Add '[38;2;30;144;255mcollect_orphan_node_details()[0m' to the end of the test to collect details.[0m
[38;2;250;235;215m[0m
[38;2;250;235;215m[0m
  [38;2;250;235;215mres://tests/unit/game_store/game_store_setters_test.gd[0m[38;2;250;235;215m > [0m[38;2;250;235;215mtest_game_store_add_gold_sets_dirty[0m[38;2;34;139;34m STARTED[0m[38;2;250;235;215m[0m
  [38;2;250;235;215mres://tests/unit/game_store/game_store_setters_test.gd[0m[38;2;250;235;215m > [0m[38;2;250;235;215mtest_game_store_add_gold_sets_dirty[0m[38;2;34;139;34m PASSED[0m[38;2;100;149;237m 231ms[0m
  [38;2;0;206;209m[1m[4mReport:[0m
    [38;2;0;206;209m[38;2;0;255;0mline [0m[38;2;0;255;255m154:[0m [38;2;239;248;131mWARNING:[0m: Found [38;2;205;92;92m1[0m possible orphan nodes.[0m
    [38;2;0;206;209m	Add '[38;2;30;144;255mcollect_orphan_node_details()[0m' to the end of the test to collect details.[0m
[38;2;250;235;215m[0m
[38;2;250;235;215m[0m
  [38;2;250;235;215mres://tests/unit/game_store/game_store_setters_test.gd[0m[38;2;250;235;215m > [0m[38;2;250;235;215mtest_game_store_spend_gold_success_sets_dirty[0m[38;2;34;139;34m STARTED[0m[38;2;250;235;215m[0m
  [38;2;250;235;215mres://tests/unit/game_store/game_store_setters_test.gd[0m[38;2;250;235;215m > [0m[38;2;250;235;215mtest_game_store_spend_gold_success_sets_dirty[0m[38;2;34;139;34m PASSED[0m[38;2;100;149;237m 230ms[0m
  [38;2;0;206;209m[1m[4mReport:[0m
    [38;2;0;206;209m[38;2;0;255;0mline [0m[38;2;0;255;255m159:[0m [38;2;239;248;131mWARNING:[0m: Found [38;2;205;92;92m1[0m possible orphan nodes.[0m
    [38;2;0;206;209m	Add '[38;2;30;144;255mcollect_orphan_node_details()[0m' to the end of the test to collect details.[0m
[38;2;250;235;215m[0m
[38;2;250;235;215m[0m
  [38;2;250;235;215mres://tests/unit/game_store/game_store_setters_test.gd[0m[38;2;250;235;215m > [0m[38;2;250;235;215mtest_game_store_spend_gold_failure_does_not_set_dirty[0m[38;2;34;139;34m STARTED[0m[38;2;250;235;215m[0m
  [38;2;250;235;215mres://tests/unit/game_store/game_store_setters_test.gd[0m[38;2;250;235;215m > [0m[38;2;250;235;215mtest_game_store_spend_gold_failure_does_not_set_dirty[0m[38;2;34;139;34m PASSED[0m[38;2;100;149;237m 230ms[0m
  [38;2;0;206;209m[1m[4mReport:[0m
    [38;2;0;206;209m[38;2;0;255;0mline [0m[38;2;0;255;255m166:[0m [38;2;239;248;131mWARNING:[0m: Found [38;2;205;92;92m1[0m possible orphan nodes.[0m
    [38;2;0;206;209m	Add '[38;2;30;144;255mcollect_orphan_node_details()[0m' to the end of the test to collect details.[0m
[38;2;250;235;215m[0m
[38;2;250;235;215m[0m
  [38;2;250;235;215mres://tests/unit/game_store/game_store_setters_test.gd[0m[38;2;250;235;215m > [0m[38;2;250;235;215mtest_game_store_set_flag_sets_dirty[0m[38;2;34;139;34m STARTED[0m[38;2;250;235;215m[0m
  [38;2;250;235;215mres://tests/unit/game_store/game_store_setters_test.gd[0m[38;2;250;235;215m > [0m[38;2;250;235;215mtest_game_store_set_flag_sets_dirty[0m[38;2;34;139;34m PASSED[0m[38;2;100;149;237m 234ms[0m
  [38;2;0;206;209m[1m[4mReport:[0m
    [38;2;0;206;209m[38;2;0;255;0mline [0m[38;2;0;255;255m173:[0m [38;2;239;248;131mWARNING:[0m: Found [38;2;205;92;92m1[0m possible orphan nodes.[0m
    [38;2;0;206;209m	Add '[38;2;30;144;255mcollect_orphan_node_details()[0m' to the end of the test to collect details.[0m
[38;2;250;235;215m[0m
[38;2;250;235;215m[0m
  [38;2;250;235;215mres://tests/unit/game_store/game_store_setters_test.gd[0m[38;2;250;235;215m > [0m[38;2;250;235;215mtest_game_store_set_flag_idempotent_does_not_set_dirty[0m[38;2;34;139;34m STARTED[0m[38;2;250;235;215m[0m
  [38;2;250;235;215mres://tests/unit/game_store/game_store_setters_test.gd[0m[38;2;250;235;215m > [0m[38;2;250;235;215mtest_game_store_set_flag_idempotent_does_not_set_dirty[0m[38;2;34;139;34m PASSED[0m[38;2;100;149;237m 230ms[0m
  [38;2;0;206;209m[1m[4mReport:[0m
    [38;2;0;206;209m[38;2;0;255;0mline [0m[38;2;0;255;255m178:[0m [38;2;239;248;131mWARNING:[0m: Found [38;2;205;92;92m1[0m possible orphan nodes.[0m
    [38;2;0;206;209m	Add '[38;2;30;144;255mcollect_orphan_node_details()[0m' to the end of the test to collect details.[0m
[38;2;250;235;215m[0m
[38;2;250;235;215m[0m
  [38;2;250;235;215mres://tests/unit/game_store/game_store_setters_test.gd[0m[38;2;250;235;215m > [0m[38;2;250;235;215mtest_game_store_set_trust_sets_dirty[0m[38;2;34;139;34m STARTED[0m[38;2;250;235;215m[0m
  [38;2;250;235;215mres://tests/unit/game_store/game_store_setters_test.gd[0m[38;2;250;235;215m > [0m[38;2;250;235;215mtest_game_store_set_trust_sets_dirty[0m[38;2;34;139;34m PASSED[0m[38;2;100;149;237m 232ms[0m
  [38;2;0;206;209m[1m[4mReport:[0m
    [38;2;0;206;209m[38;2;0;255;0mline [0m[38;2;0;255;255m186:[0m [38;2;239;248;131mWARNING:[0m: Found [38;2;205;92;92m1[0m possible orphan nodes.[0m
    [38;2;0;206;209m	Add '[38;2;30;144;255mcollect_orphan_node_details()[0m' to the end of the test to collect details.[0m
[38;2;250;235;215m[0m
[38;2;250;235;215m[0m
  [38;2;250;235;215mres://tests/unit/game_store/game_store_setters_test.gd[0m[38;2;250;235;215m > [0m[38;2;250;235;215mtest_game_store_set_met_sets_dirty[0m[38;2;34;139;34m STARTED[0m[38;2;250;235;215m[0m
  [38;2;250;235;215mres://tests/unit/game_store/game_store_setters_test.gd[0m[38;2;250;235;215m > [0m[38;2;250;235;215mtest_game_store_set_met_sets_dirty[0m[38;2;34;139;34m PASSED[0m[38;2;100;149;237m 232ms[0m
  [38;2;0;206;209m[1m[4mReport:[0m
    [38;2;0;206;209m[38;2;0;255;0mline [0m[38;2;0;255;255m191:[0m [38;2;239;248;131mWARNING:[0m: Found [38;2;205;92;92m1[0m possible orphan nodes.[0m
    [38;2;0;206;209m	Add '[38;2;30;144;255mcollect_orphan_node_details()[0m' to the end of the test to collect details.[0m
[38;2;250;235;215m[0m
[38;2;250;235;215m[0m
  [38;2;250;235;215mres://tests/unit/game_store/game_store_setters_test.gd[0m[38;2;250;235;215m > [0m[38;2;250;235;215mtest_game_store_set_node_state_sets_dirty[0m[38;2;34;139;34m STARTED[0m[38;2;250;235;215m[0m
  [38;2;250;235;215mres://tests/unit/game_store/game_store_setters_test.gd[0m[38;2;250;235;215m > [0m[38;2;250;235;215mtest_game_store_set_node_state_sets_dirty[0m[38;2;34;139;34m PASSED[0m[38;2;100;149;237m 237ms[0m
  [38;2;0;206;209m[1m[4mReport:[0m
    [38;2;0;206;209m[38;2;0;255;0mline [0m[38;2;0;255;255m196:[0m [38;2;239;248;131mWARNING:[0m: Found [38;2;205;92;92m1[0m possible orphan nodes.[0m
    [38;2;0;206;209m	Add '[38;2;30;144;255mcollect_orphan_node_details()[0m' to the end of the test to collect details.[0m
[38;2;250;235;215m[0m
[38;2;250;235;215m[0m
  [38;2;250;235;215mres://tests/unit/game_store/game_store_setters_test.gd[0m[38;2;250;235;215m > [0m[38;2;250;235;215mtest_game_store_set_combat_buff_sets_dirty[0m[38;2;34;139;34m STARTED[0m[38;2;250;235;215m[0m
  [38;2;250;235;215mres://tests/unit/game_store/game_store_setters_test.gd[0m[38;2;250;235;215m > [0m[38;2;250;235;215mtest_game_store_set_combat_buff_sets_dirty[0m[38;2;34;139;34m PASSED[0m[38;2;100;149;237m 234ms[0m
  [38;2;0;206;209m[1m[4mReport:[0m
    [38;2;0;206;209m[38;2;0;255;0mline [0m[38;2;0;255;255m201:[0m [38;2;239;248;131mWARNING:[0m: Found [38;2;205;92;92m1[0m possible orphan nodes.[0m
    [38;2;0;206;209m	Add '[38;2;30;144;255mcollect_orphan_node_details()[0m' to the end of the test to collect details.[0m
[38;2;250;235;215m[0m
[38;2;250;235;215m[0m
  [38;2;250;235;215mres://tests/unit/game_store/game_store_setters_test.gd[0m[38;2;250;235;215m > [0m[38;2;250;235;215mtest_game_store_clear_combat_buff_sets_dirty[0m[38;2;34;139;34m STARTED[0m[38;2;250;235;215m[0m
  [38;2;250;235;215mres://tests/unit/game_store/game_store_setters_test.gd[0m[38;2;250;235;215m > [0m[38;2;250;235;215mtest_game_store_clear_combat_buff_sets_dirty[0m[38;2;34;139;34m PASSED[0m[38;2;100;149;237m 236ms[0m
  [38;2;0;206;209m[1m[4mReport:[0m
    [38;2;0;206;209m[38;2;0;255;0mline [0m[38;2;0;255;255m206:[0m [38;2;239;248;131mWARNING:[0m: Found [38;2;205;92;92m1[0m possible orphan nodes.[0m
    [38;2;0;206;209m	Add '[38;2;30;144;255mcollect_orphan_node_details()[0m' to the end of the test to collect details.[0m
[38;2;250;235;215m[0m
[38;2;250;235;215m[0m
  [38;2;250;235;215mres://tests/unit/game_store/game_store_setters_test.gd[0m[38;2;250;235;215m > [0m[38;2;250;235;215mtest_game_store_spend_token_sets_dirty[0m[38;2;34;139;34m STARTED[0m[38;2;250;235;215m[0m
  [38;2;250;235;215mres://tests/unit/game_store/game_store_setters_test.gd[0m[38;2;250;235;215m > [0m[38;2;250;235;215mtest_game_store_spend_token_sets_dirty[0m[38;2;34;139;34m PASSED[0m[38;2;100;149;237m 236ms[0m
  [38;2;0;206;209m[1m[4mReport:[0m
    [38;2;0;206;209m[38;2;0;255;0mline [0m[38;2;0;255;255m212:[0m [38;2;239;248;131mWARNING:[0m: Found [38;2;205;92;92m1[0m possible orphan nodes.[0m
    [38;2;0;206;209m	Add '[38;2;30;144;255mcollect_orphan_node_details()[0m' to the end of the test to collect details.[0m
[38;2;250;235;215m[0m
[38;2;250;235;215m[0m
  [38;2;250;235;215mres://tests/unit/game_store/game_store_setters_test.gd[0m[38;2;250;235;215m > [0m[38;2;250;235;215mtest_game_store_reset_tokens_sets_dirty[0m[38;2;34;139;34m STARTED[0m[38;2;250;235;215m[0m
  [38;2;250;235;215mres://tests/unit/game_store/game_store_setters_test.gd[0m[38;2;250;235;215m > [0m[38;2;250;235;215mtest_game_store_reset_tokens_sets_dirty[0m[38;2;34;139;34m PASSED[0m[38;2;100;149;237m 239ms[0m
  [38;2;0;206;209m[1m[4mReport:[0m
    [38;2;0;206;209m[38;2;0;255;0mline [0m[38;2;0;255;255m217:[0m [38;2;239;248;131mWARNING:[0m: Found [38;2;205;92;92m1[0m possible orphan nodes.[0m
    [38;2;0;206;209m	Add '[38;2;30;144;255mcollect_orphan_node_details()[0m' to the end of the test to collect details.[0m
[38;2;250;235;215m[0m
[38;2;250;235;215m[0m
  [38;2;250;235;215mres://tests/unit/game_store/game_store_setters_test.gd[0m[38;2;250;235;215m > [0m[38;2;250;235;215mtest_game_store_set_streak_sets_dirty[0m[38;2;34;139;34m STARTED[0m[38;2;250;235;215m[0m
  [38;2;250;235;215mres://tests/unit/game_store/game_store_setters_test.gd[0m[38;2;250;235;215m > [0m[38;2;250;235;215mtest_game_store_set_streak_sets_dirty[0m[38;2;34;139;34m PASSED[0m[38;2;100;149;237m 242ms[0m
  [38;2;0;206;209m[1m[4mReport:[0m
    [38;2;0;206;209m[38;2;0;255;0mline [0m[38;2;0;255;255m223:[0m [38;2;239;248;131mWARNING:[0m: Found [38;2;205;92;92m1[0m possible orphan nodes.[0m
    [38;2;0;206;209m	Add '[38;2;30;144;255mcollect_orphan_node_details()[0m' to the end of the test to collect details.[0m
[38;2;250;235;215m[0m
[38;2;250;235;215m[0m
  [38;2;250;235;215mres://tests/unit/game_store/game_store_setters_test.gd[0m[38;2;250;235;215m > [0m[38;2;250;235;215mtest_game_store_set_last_captain_id_sets_dirty[0m[38;2;34;139;34m STARTED[0m[38;2;250;235;215m[0m
  [38;2;250;235;215mres://tests/unit/game_store/game_store_setters_test.gd[0m[38;2;250;235;215m > [0m[38;2;250;235;215mtest_game_store_set_last_captain_id_sets_dirty[0m[38;2;34;139;34m PASSED[0m[38;2;100;149;237m 240ms[0m
  [38;2;0;206;209m[1m[4mReport:[0m
    [38;2;0;206;209m[38;2;0;255;0mline [0m[38;2;0;255;255m228:[0m [38;2;239;248;131mWARNING:[0m: Found [38;2;205;92;92m1[0m possible orphan nodes.[0m
    [38;2;0;206;209m	Add '[38;2;30;144;255mcollect_orphan_node_details()[0m' to the end of the test to collect details.[0m
[38;2;250;235;215m[0m
[38;2;250;235;215m[0m
  [38;2;250;235;215mres://tests/unit/game_store/game_store_setters_test.gd[0m[38;2;250;235;215m > [0m[38;2;250;235;215mtest_game_store_set_mood_sets_dirty[0m[38;2;34;139;34m STARTED[0m[38;2;250;235;215m[0m
  [38;2;250;235;215mres://tests/unit/game_store/game_store_setters_test.gd[0m[38;2;250;235;215m > [0m[38;2;250;235;215mtest_game_store_set_mood_sets_dirty[0m[38;2;34;139;34m PASSED[0m[38;2;100;149;237m 239ms[0m
  [38;2;0;206;209m[1m[4mReport:[0m
    [38;2;0;206;209m[38;2;0;255;0mline [0m[38;2;0;255;255m233:[0m [38;2;239;248;131mWARNING:[0m: Found [38;2;205;92;92m1[0m possible orphan nodes.[0m
    [38;2;0;206;209m	Add '[38;2;30;144;255mcollect_orphan_node_details()[0m' to the end of the test to collect details.[0m
[38;2;250;235;215m[0m
[38;2;250;235;215m[0m
  [38;2;250;235;215mres://tests/unit/game_store/game_store_setters_test.gd[0m[38;2;250;235;215m > [0m[38;2;250;235;215mtest_game_store_get_node_state_unknown_key_returns_empty_string[0m[38;2;34;139;34m STARTED[0m[38;2;250;235;215m[0m
  [38;2;250;235;215mres://tests/unit/game_store/game_store_setters_test.gd[0m[38;2;250;235;215m > [0m[38;2;250;235;215mtest_game_store_get_node_state_unknown_key_returns_empty_string[0m[38;2;34;139;34m PASSED[0m[38;2;100;149;237m 238ms[0m
  [38;2;0;206;209m[1m[4mReport:[0m
    [38;2;0;206;209m[38;2;0;255;0mline [0m[38;2;0;255;255m242:[0m [38;2;239;248;131mWARNING:[0m: Found [38;2;205;92;92m1[0m possible orphan nodes.[0m
    [38;2;0;206;209m	Add '[38;2;30;144;255mcollect_orphan_node_details()[0m' to the end of the test to collect details.[0m
[38;2;250;235;215m[0m
[38;2;250;235;215m[0m
  [38;2;250;235;215mres://tests/unit/game_store/game_store_setters_test.gd[0m[38;2;250;235;215m > [0m[38;2;250;235;215mtest_game_store_get_node_state_after_set_returns_correct_value[0m[38;2;34;139;34m STARTED[0m[38;2;250;235;215m[0m
  [38;2;250;235;215mres://tests/unit/game_store/game_store_setters_test.gd[0m[38;2;250;235;215m > [0m[38;2;250;235;215mtest_game_store_get_node_state_after_set_returns_correct_value[0m[38;2;34;139;34m PASSED[0m[38;2;100;149;237m 245ms[0m
  [38;2;0;206;209m[1m[4mReport:[0m
    [38;2;0;206;209m[38;2;0;255;0mline [0m[38;2;0;255;255m252:[0m [38;2;239;248;131mWARNING:[0m: Found [38;2;205;92;92m1[0m possible orphan nodes.[0m
    [38;2;0;206;209m	Add '[38;2;30;144;255mcollect_orphan_node_details()[0m' to the end of the test to collect details.[0m
[38;2;250;235;215m[0m
[38;2;250;235;215m[0m
  [38;2;250;235;215mres://tests/unit/game_store/game_store_setters_test.gd[0m[38;2;250;235;215m > [0m[38;2;250;235;215mtest_game_store_spend_gold_zero_returns_true[0m[38;2;34;139;34m STARTED[0m[38;2;250;235;215m[0m
  [38;2;250;235;215mres://tests/unit/game_store/game_store_setters_test.gd[0m[38;2;250;235;215m > [0m[38;2;250;235;215mtest_game_store_spend_gold_zero_returns_true[0m[38;2;34;139;34m PASSED[0m[38;2;100;149;237m 251ms[0m
  [38;2;0;206;209m[1m[4mReport:[0m
    [38;2;0;206;209m[38;2;0;255;0mline [0m[38;2;0;255;255m267:[0m [38;2;239;248;131mWARNING:[0m: Found [38;2;205;92;92m1[0m possible orphan nodes.[0m
    [38;2;0;206;209m	Add '[38;2;30;144;255mcollect_orphan_node_details()[0m' to the end of the test to collect details.[0m
[38;2;250;235;215m[0m
[38;2;250;235;215m[0m
  [38;2;250;235;215mres://tests/unit/game_store/game_store_setters_test.gd[0m[38;2;250;235;215m > [0m[38;2;250;235;215mtest_game_store_spend_gold_zero_gold_unchanged[0m[38;2;34;139;34m STARTED[0m[38;2;250;235;215m[0m
  [38;2;250;235;215mres://tests/unit/game_store/game_store_setters_test.gd[0m[38;2;250;235;215m > [0m[38;2;250;235;215mtest_game_store_spend_gold_zero_gold_unchanged[0m[38;2;34;139;34m PASSED[0m[38;2;100;149;237m 245ms[0m
  [38;2;0;206;209m[1m[4mReport:[0m
    [38;2;0;206;209m[38;2;0;255;0mline [0m[38;2;0;255;255m273:[0m [38;2;239;248;131mWARNING:[0m: Found [38;2;205;92;92m1[0m possible orphan nodes.[0m
    [38;2;0;206;209m	Add '[38;2;30;144;255mcollect_orphan_node_details()[0m' to the end of the test to collect details.[0m
[38;2;250;235;215m[0m
[38;2;250;235;215m[0m
  [38;2;250;235;215mres://tests/unit/game_store/game_store_setters_test.gd[0m[38;2;250;235;215m > [0m[38;2;250;235;215mtest_game_store_add_gold_accumulates[0m[38;2;34;139;34m STARTED[0m[38;2;250;235;215m[0m
  [38;2;250;235;215mres://tests/unit/game_store/game_store_setters_test.gd[0m[38;2;250;235;215m > [0m[38;2;250;235;215mtest_game_store_add_gold_accumulates[0m[38;2;34;139;34m PASSED[0m[38;2;100;149;237m 250ms[0m
  [38;2;0;206;209m[1m[4mReport:[0m
    [38;2;0;206;209m[38;2;0;255;0mline [0m[38;2;0;255;255m278:[0m [38;2;239;248;131mWARNING:[0m: Found [38;2;205;92;92m1[0m possible orphan nodes.[0m
    [38;2;0;206;209m	Add '[38;2;30;144;255mcollect_orphan_node_details()[0m' to the end of the test to collect details.[0m
[38;2;250;235;215m[0m
[38;2;250;235;215m[0m
  [38;2;250;235;215mres://tests/unit/game_store/game_store_setters_test.gd[0m[38;2;250;235;215m > [0m[38;2;250;235;215mtest_game_store_get_story_flags_returns_copy_not_reference[0m[38;2;34;139;34m STARTED[0m[38;2;250;235;215m[0m
  [38;2;250;235;215mres://tests/unit/game_store/game_store_setters_test.gd[0m[38;2;250;235;215m > [0m[38;2;250;235;215mtest_game_store_get_story_flags_returns_copy_not_reference[0m[38;2;34;139;34m PASSED[0m[38;2;100;149;237m 248ms[0m
  [38;2;0;206;209m[1m[4mReport:[0m
    [38;2;0;206;209m[38;2;0;255;0mline [0m[38;2;0;255;255m293:[0m [38;2;239;248;131mWARNING:[0m: Found [38;2;205;92;92m1[0m possible orphan nodes.[0m
    [38;2;0;206;209m	Add '[38;2;30;144;255mcollect_orphan_node_details()[0m' to the end of the test to collect details.[0m
[38;2;250;235;215m[0m
[38;2;250;235;215m[0m
  [38;2;250;235;215mres://tests/unit/game_store/game_store_setters_test.gd[0m[38;2;250;235;215m > [0m[38;2;250;235;215mtest_game_store_get_relationship_level_default_is_zero[0m[38;2;34;139;34m STARTED[0m[38;2;250;235;215m[0m
  [38;2;250;235;215mres://tests/unit/game_store/game_store_setters_test.gd[0m[38;2;250;235;215m > [0m[38;2;250;235;215mtest_game_store_get_relationship_level_default_is_zero[0m[38;2;34;139;34m PASSED[0m[38;2;100;149;237m 252ms[0m
  [38;2;0;206;209m[1m[4mReport:[0m
    [38;2;0;206;209m[38;2;0;255;0mline [0m[38;2;0;255;255m309:[0m [38;2;239;248;131mWARNING:[0m: Found [38;2;205;92;92m1[0m possible orphan nodes.[0m
    [38;2;0;206;209m	Add '[38;2;30;144;255mcollect_orphan_node_details()[0m' to the end of the test to collect details.[0m
[38;2;250;235;215m[0m
[38;2;250;235;215m[0m
  [38;2;250;235;215mres://tests/unit/game_store/game_store_setters_test.gd[0m[38;2;250;235;215m > [0m[38;2;250;235;215mtest_game_store_get_relationship_level_unknown_id_returns_zero[0m[38;2;34;139;34m STARTED[0m[38;2;250;235;215m[0m
  [38;2;250;235;215mres://tests/unit/game_store/game_store_setters_test.gd[0m[38;2;250;235;215m > [0m[38;2;250;235;215mtest_game_store_get_relationship_level_unknown_id_returns_zero[0m[38;2;34;139;34m PASSED[0m[38;2;100;149;237m 248ms[0m
  [38;2;0;206;209m[1m[4mReport:[0m
    [38;2;0;206;209m[38;2;0;255;0mline [0m[38;2;0;255;255m313:[0m [38;2;239;248;131mWARNING:[0m: Found [38;2;205;92;92m1[0m possible orphan nodes.[0m
    [38;2;0;206;209m	Add '[38;2;30;144;255mcollect_orphan_node_details()[0m' to the end of the test to collect details.[0m
[38;2;250;235;215m[0m
[38;2;250;235;215m[0m
  [38;2;250;235;215mres://tests/unit/game_store/game_store_setters_test.gd[0m[38;2;250;235;215m > [0m[38;2;250;235;215mtest_game_store_set_relationship_level_internal_updates_value[0m[38;2;34;139;34m STARTED[0m[38;2;250;235;215m[0m
  [38;2;250;235;215mres://tests/unit/game_store/game_store_setters_test.gd[0m[38;2;250;235;215m > [0m[38;2;250;235;215mtest_game_store_set_relationship_level_internal_updates_value[0m[38;2;34;139;34m PASSED[0m[38;2;100;149;237m 251ms[0m
  [38;2;0;206;209m[1m[4mReport:[0m
    [38;2;0;206;209m[38;2;0;255;0mline [0m[38;2;0;255;255m317:[0m [38;2;239;248;131mWARNING:[0m: Found [38;2;205;92;92m1[0m possible orphan nodes.[0m
    [38;2;0;206;209m	Add '[38;2;30;144;255mcollect_orphan_node_details()[0m' to the end of the test to collect details.[0m
[38;2;250;235;215m[0m
[38;2;250;235;215m[0m
  [38;2;250;235;215mres://tests/unit/game_store/game_store_setters_test.gd[0m[38;2;250;235;215m > [0m[38;2;250;235;215mtest_game_store_set_relationship_level_internal_sets_dirty[0m[38;2;34;139;34m STARTED[0m[38;2;250;235;215m[0m
  [38;2;250;235;215mres://tests/unit/game_store/game_store_setters_test.gd[0m[38;2;250;235;215m > [0m[38;2;250;235;215mtest_game_store_set_relationship_level_internal_sets_dirty[0m[38;2;34;139;34m PASSED[0m[38;2;100;149;237m 250ms[0m
  [38;2;0;206;209m[1m[4mReport:[0m
    [38;2;0;206;209m[38;2;0;255;0mline [0m[38;2;0;255;255m327:[0m [38;2;239;248;131mWARNING:[0m: Found [38;2;205;92;92m1[0m possible orphan nodes.[0m
    [38;2;0;206;209m	Add '[38;2;30;144;255mcollect_orphan_node_details()[0m' to the end of the test to collect details.[0m
[38;2;250;235;215m[0m
[38;2;250;235;215m[0m
  [38;2;250;235;215mres://tests/unit/game_store/game_store_setters_test.gd[0m[38;2;250;235;215m > [0m[38;2;250;235;215mtest_game_store_set_met_updates_companion_state[0m[38;2;34;139;34m STARTED[0m[38;2;250;235;215m[0m
  [38;2;250;235;215mres://tests/unit/game_store/game_store_setters_test.gd[0m[38;2;250;235;215m > [0m[38;2;250;235;215mtest_game_store_set_met_updates_companion_state[0m[38;2;34;139;34m PASSED[0m[38;2;100;149;237m 252ms[0m
  [38;2;0;206;209m[1m[4mReport:[0m
    [38;2;0;206;209m[38;2;0;255;0mline [0m[38;2;0;255;255m332:[0m [38;2;239;248;131mWARNING:[0m: Found [38;2;205;92;92m1[0m possible orphan nodes.[0m
    [38;2;0;206;209m	Add '[38;2;30;144;255mcollect_orphan_node_details()[0m' to the end of the test to collect details.[0m
[38;2;250;235;215m[0m
[38;2;250;235;215m[0m
  [38;2;250;235;215mres://tests/unit/game_store/game_store_setters_test.gd[0m[38;2;250;235;215m > [0m[38;2;250;235;215mtest_game_store_get_mood_default_is_zero[0m[38;2;34;139;34m STARTED[0m[38;2;250;235;215m[0m
  [38;2;250;235;215mres://tests/unit/game_store/game_store_setters_test.gd[0m[38;2;250;235;215m > [0m[38;2;250;235;215mtest_game_store_get_mood_default_is_zero[0m[38;2;34;139;34m PASSED[0m[38;2;100;149;237m 253ms[0m
  [38;2;0;206;209m[1m[4mReport:[0m
    [38;2;0;206;209m[38;2;0;255;0mline [0m[38;2;0;255;255m343:[0m [38;2;239;248;131mWARNING:[0m: Found [38;2;205;92;92m1[0m possible orphan nodes.[0m
    [38;2;0;206;209m	Add '[38;2;30;144;255mcollect_orphan_node_details()[0m' to the end of the test to collect details.[0m
[38;2;250;235;215m[0m
[38;2;250;235;215m[0m
  [38;2;250;235;215mres://tests/unit/game_store/game_store_setters_test.gd[0m[38;2;250;235;215m > [0m[38;2;250;235;215mtest_game_store_set_mood_updates_mood_and_expiry[0m[38;2;34;139;34m STARTED[0m[38;2;250;235;215m[0m
  [38;2;250;235;215mres://tests/unit/game_store/game_store_setters_test.gd[0m[38;2;250;235;215m > [0m[38;2;250;235;215mtest_game_store_set_mood_updates_mood_and_expiry[0m[38;2;34;139;34m PASSED[0m[38;2;100;149;237m 254ms[0m
  [38;2;0;206;209m[1m[4mReport:[0m
    [38;2;0;206;209m[38;2;0;255;0mline [0m[38;2;0;255;255m347:[0m [38;2;239;248;131mWARNING:[0m: Found [38;2;205;92;92m1[0m possible orphan nodes.[0m
    [38;2;0;206;209m	Add '[38;2;30;144;255mcollect_orphan_node_details()[0m' to the end of the test to collect details.[0m
[38;2;250;235;215m[0m
[38;2;250;235;215m[0m
  [38;2;250;235;215mres://tests/unit/game_store/game_store_setters_test.gd[0m[38;2;250;235;215m > [0m[38;2;250;235;215mtest_game_store_get_daily_tokens_default_is_three[0m[38;2;34;139;34m STARTED[0m[38;2;250;235;215m[0m
  [38;2;250;235;215mres://tests/unit/game_store/game_store_setters_test.gd[0m[38;2;250;235;215m > [0m[38;2;250;235;215mtest_game_store_get_daily_tokens_default_is_three[0m[38;2;34;139;34m PASSED[0m[38;2;100;149;237m 253ms[0m
  [38;2;0;206;209m[1m[4mReport:[0m
    [38;2;0;206;209m[38;2;0;255;0mline [0m[38;2;0;255;255m363:[0m [38;2;239;248;131mWARNING:[0m: Found [38;2;205;92;92m1[0m possible orphan nodes.[0m
    [38;2;0;206;209m	Add '[38;2;30;144;255mcollect_orphan_node_details()[0m' to the end of the test to collect details.[0m
[38;2;250;235;215m[0m
[38;2;250;235;215m[0m
  [38;2;250;235;215mres://tests/unit/game_store/game_store_setters_test.gd[0m[38;2;250;235;215m > [0m[38;2;250;235;215mtest_game_store_spend_token_decrements_by_one[0m[38;2;34;139;34m STARTED[0m[38;2;250;235;215m[0m
  [38;2;250;235;215mres://tests/unit/game_store/game_store_setters_test.gd[0m[38;2;250;235;215m > [0m[38;2;250;235;215mtest_game_store_spend_token_decrements_by_one[0m[38;2;34;139;34m PASSED[0m[38;2;100;149;237m 258ms[0m
  [38;2;0;206;209m[1m[4mReport:[0m
    [38;2;0;206;209m[38;2;0;255;0mline [0m[38;2;0;255;255m367:[0m [38;2;239;248;131mWARNING:[0m: Found [38;2;205;92;92m1[0m possible orphan nodes.[0m
    [38;2;0;206;209m	Add '[38;2;30;144;255mcollect_orphan_node_details()[0m' to the end of the test to collect details.[0m
[38;2;250;235;215m[0m
[38;2;250;235;215m[0m
  [38;2;250;235;215mres://tests/unit/game_store/game_store_setters_test.gd[0m[38;2;250;235;215m > [0m[38;2;250;235;215mtest_game_store_spend_token_clamps_at_zero[0m[38;2;34;139;34m STARTED[0m[38;2;250;235;215m[0m
  [38;2;250;235;215mres://tests/unit/game_store/game_store_setters_test.gd[0m[38;2;250;235;215m > [0m[38;2;250;235;215mtest_game_store_spend_token_clamps_at_zero[0m[38;2;34;139;34m PASSED[0m[38;2;100;149;237m 260ms[0m
  [38;2;0;206;209m[1m[4mReport:[0m
    [38;2;0;206;209m[38;2;0;255;0mline [0m[38;2;0;255;255m372:[0m [38;2;239;248;131mWARNING:[0m: Found [38;2;205;92;92m1[0m possible orphan nodes.[0m
    [38;2;0;206;209m	Add '[38;2;30;144;255mcollect_orphan_node_details()[0m' to the end of the test to collect details.[0m
[38;2;250;235;215m[0m
[38;2;250;235;215m[0m
  [38;2;250;235;215mres://tests/unit/game_store/game_store_setters_test.gd[0m[38;2;250;235;215m > [0m[38;2;250;235;215mtest_game_store_reset_tokens_restores_to_three[0m[38;2;34;139;34m STARTED[0m[38;2;250;235;215m[0m
  [38;2;250;235;215mres://tests/unit/game_store/game_store_setters_test.gd[0m[38;2;250;235;215m > [0m[38;2;250;235;215mtest_game_store_reset_tokens_restores_to_three[0m[38;2;34;139;34m PASSED[0m[38;2;100;149;237m 259ms[0m
  [38;2;0;206;209m[1m[4mReport:[0m
    [38;2;0;206;209m[38;2;0;255;0mline [0m[38;2;0;255;255m388:[0m [38;2;239;248;131mWARNING:[0m: Found [38;2;205;92;92m1[0m possible orphan nodes.[0m
    [38;2;0;206;209m	Add '[38;2;30;144;255mcollect_orphan_node_details()[0m' to the end of the test to collect details.[0m
[38;2;250;235;215m[0m
[38;2;250;235;215m[0m
  [38;2;250;235;215mres://tests/unit/game_store/game_store_setters_test.gd[0m[38;2;250;235;215m > [0m[38;2;250;235;215mtest_game_store_get_streak_default_is_zero[0m[38;2;34;139;34m STARTED[0m[38;2;250;235;215m[0m
  [38;2;250;235;215mres://tests/unit/game_store/game_store_setters_test.gd[0m[38;2;250;235;215m > [0m[38;2;250;235;215mtest_game_store_get_streak_default_is_zero[0m[38;2;34;139;34m PASSED[0m[38;2;100;149;237m 264ms[0m
  [38;2;0;206;209m[1m[4mReport:[0m
    [38;2;0;206;209m[38;2;0;255;0mline [0m[38;2;0;255;255m400:[0m [38;2;239;248;131mWARNING:[0m: Found [38;2;205;92;92m1[0m possible orphan nodes.[0m
    [38;2;0;206;209m	Add '[38;2;30;144;255mcollect_orphan_node_details()[0m' to the end of the test to collect details.[0m
[38;2;250;235;215m[0m
[38;2;250;235;215m[0m
  [38;2;250;235;215mres://tests/unit/game_store/game_store_setters_test.gd[0m[38;2;250;235;215m > [0m[38;2;250;235;215mtest_game_store_set_streak_updates_value[0m[38;2;34;139;34m STARTED[0m[38;2;250;235;215m[0m
  [38;2;250;235;215mres://tests/unit/game_store/game_store_setters_test.gd[0m[38;2;250;235;215m > [0m[38;2;250;235;215mtest_game_store_set_streak_updates_value[0m[38;2;34;139;34m PASSED[0m[38;2;100;149;237m 265ms[0m
  [38;2;0;206;209m[1m[4mReport:[0m
    [38;2;0;206;209m[38;2;0;255;0mline [0m[38;2;0;255;255m404:[0m [38;2;239;248;131mWARNING:[0m: Found [38;2;205;92;92m1[0m possible orphan nodes.[0m
    [38;2;0;206;209m	Add '[38;2;30;144;255mcollect_orphan_node_details()[0m' to the end of the test to collect details.[0m
[38;2;250;235;215m[0m
[38;2;250;235;215m[0m
  [38;2;250;235;215mres://tests/unit/game_store/game_store_setters_test.gd[0m[38;2;250;235;215m > [0m[38;2;250;235;215mtest_game_store_get_last_captain_id_default_is_empty[0m[38;2;34;139;34m STARTED[0m[38;2;250;235;215m[0m
  [38;2;250;235;215mres://tests/unit/game_store/game_store_setters_test.gd[0m[38;2;250;235;215m > [0m[38;2;250;235;215mtest_game_store_get_last_captain_id_default_is_empty[0m[38;2;34;139;34m PASSED[0m[38;2;100;149;237m 275ms[0m
  [38;2;0;206;209m[1m[4mReport:[0m
    [38;2;0;206;209m[38;2;0;255;0mline [0m[38;2;0;255;255m413:[0m [38;2;239;248;131mWARNING:[0m: Found [38;2;205;92;92m1[0m possible orphan nodes.[0m
    [38;2;0;206;209m	Add '[38;2;30;144;255mcollect_orphan_node_details()[0m' to the end of the test to collect details.[0m
[38;2;250;235;215m[0m
[38;2;250;235;215m[0m
  [38;2;250;235;215mres://tests/unit/game_store/game_store_setters_test.gd[0m[38;2;250;235;215m > [0m[38;2;250;235;215mtest_game_store_set_last_captain_id_updates_value[0m[38;2;34;139;34m STARTED[0m[38;2;250;235;215m[0m
  [38;2;250;235;215mres://tests/unit/game_store/game_store_setters_test.gd[0m[38;2;250;235;215m > [0m[38;2;250;235;215mtest_game_store_set_last_captain_id_updates_value[0m[38;2;34;139;34m PASSED[0m[38;2;100;149;237m 264ms[0m
  [38;2;0;206;209m[1m[4mReport:[0m
    [38;2;0;206;209m[38;2;0;255;0mline [0m[38;2;0;255;255m417:[0m [38;2;239;248;131mWARNING:[0m: Found [38;2;205;92;92m1[0m possible orphan nodes.[0m
    [38;2;0;206;209m	Add '[38;2;30;144;255mcollect_orphan_node_details()[0m' to the end of the test to collect details.[0m
[38;2;250;235;215m[0m
[38;2;250;235;215m[0m
  [38;2;250;235;215mres://tests/unit/game_store/game_store_setters_test.gd[0m[38;2;250;235;215m > [0m[38;2;250;235;215mtest_game_store_set_combat_buff_readable_via_get[0m[38;2;34;139;34m STARTED[0m[38;2;250;235;215m[0m
  [38;2;250;235;215mres://tests/unit/game_store/game_store_setters_test.gd[0m[38;2;250;235;215m > [0m[38;2;250;235;215mtest_game_store_set_combat_buff_readable_via_get[0m[38;2;34;139;34m PASSED[0m[38;2;100;149;237m 262ms[0m
  [38;2;0;206;209m[1m[4mReport:[0m
    [38;2;0;206;209m[38;2;0;255;0mline [0m[38;2;0;255;255m426:[0m [38;2;239;248;131mWARNING:[0m: Found [38;2;205;92;92m1[0m possible orphan nodes.[0m
    [38;2;0;206;209m	Add '[38;2;30;144;255mcollect_orphan_node_details()[0m' to the end of the test to collect details.[0m
[38;2;250;235;215m[0m
[38;2;250;235;215m[0m
  [38;2;250;235;215mres://tests/unit/game_store/game_store_setters_test.gd[0m[38;2;250;235;215m > [0m[38;2;250;235;215mtest_game_store_clear_combat_buff_returns_empty_dict[0m[38;2;34;139;34m STARTED[0m[38;2;250;235;215m[0m
  [38;2;250;235;215mres://tests/unit/game_store/game_store_setters_test.gd[0m[38;2;250;235;215m > [0m[38;2;250;235;215mtest_game_store_clear_combat_buff_returns_empty_dict[0m[38;2;34;139;34m PASSED[0m[38;2;100;149;237m 261ms[0m
  [38;2;0;206;209m[1m[4mReport:[0m
    [38;2;0;206;209m[38;2;0;255;0mline [0m[38;2;0;255;255m440:[0m [38;2;239;248;131mWARNING:[0m: Found [38;2;205;92;92m1[0m possible orphan nodes.[0m
    [38;2;0;206;209m	Add '[38;2;30;144;255mcollect_orphan_node_details()[0m' to the end of the test to collect details.[0m
[38;2;250;235;215m[0m
[38;2;250;235;215m[0m
  [38;2;250;235;215mres://tests/unit/game_store/game_store_setters_test.gd[0m[38;2;250;235;215m > [0m[38;2;250;235;215mtest_game_store_to_dict_from_dict_round_trip_gold[0m[38;2;34;139;34m STARTED[0m[38;2;250;235;215m[0m
  [38;2;250;235;215mres://tests/unit/game_store/game_store_setters_test.gd[0m[38;2;250;235;215m > [0m[38;2;250;235;215mtest_game_store_to_dict_from_dict_round_trip_gold[0m[38;2;34;139;34m PASSED[0m[38;2;100;149;237m 264ms[0m
  [38;2;0;206;209m[1m[4mReport:[0m
    [38;2;0;206;209m[38;2;0;255;0mline [0m[38;2;0;255;255m455:[0m [38;2;239;248;131mWARNING:[0m: Found [38;2;205;92;92m2[0m possible orphan nodes.[0m
    [38;2;0;206;209m	Add '[38;2;30;144;255mcollect_orphan_node_details()[0m' to the end of the test to collect details.[0m
[38;2;250;235;215m[0m
[38;2;250;235;215m[0m
  [38;2;250;235;215mres://tests/unit/game_store/game_store_setters_test.gd[0m[38;2;250;235;215m > [0m[38;2;250;235;215mtest_game_store_from_dict_does_not_set_dirty[0m[38;2;34;139;34m STARTED[0m[38;2;250;235;215m[0m
  [38;2;250;235;215mres://tests/unit/game_store/game_store_setters_test.gd[0m[38;2;250;235;215m > [0m[38;2;250;235;215mtest_game_store_from_dict_does_not_set_dirty[0m[38;2;34;139;34m PASSED[0m[38;2;100;149;237m 267ms[0m
  [38;2;0;206;209m[1m[4mReport:[0m
    [38;2;0;206;209m[38;2;0;255;0mline [0m[38;2;0;255;255m468:[0m [38;2;239;248;131mWARNING:[0m: Found [38;2;205;92;92m2[0m possible orphan nodes.[0m
    [38;2;0;206;209m	Add '[38;2;30;144;255mcollect_orphan_node_details()[0m' to the end of the test to collect details.[0m
[38;2;250;235;215m[0m
[38;2;250;235;215m[0m
  [38;2;250;235;215mres://tests/unit/game_store/game_store_setters_test.gd[0m[38;2;250;235;215m > [0m[38;2;250;235;215mtest_game_store_from_dict_story_flags_restored[0m[38;2;34;139;34m STARTED[0m[38;2;250;235;215m[0m
  [38;2;250;235;215mres://tests/unit/game_store/game_store_setters_test.gd[0m[38;2;250;235;215m > [0m[38;2;250;235;215mtest_game_store_from_dict_story_flags_restored[0m[38;2;34;139;34m PASSED[0m[38;2;100;149;237m 266ms[0m
  [38;2;0;206;209m[1m[4mReport:[0m
    [38;2;0;206;209m[38;2;0;255;0mline [0m[38;2;0;255;255m481:[0m [38;2;239;248;131mWARNING:[0m: Found [38;2;205;92;92m2[0m possible orphan nodes.[0m
    [38;2;0;206;209m	Add '[38;2;30;144;255mcollect_orphan_node_details()[0m' to the end of the test to collect details.[0m
[38;2;250;235;215m[0m
[38;2;250;235;215m[0m
  [38;2;250;235;215mres://tests/unit/game_store/game_store_setters_test.gd[0m[38;2;250;235;215m > [0m[38;2;250;235;215mtest_game_store_from_dict_companion_trust_restored[0m[38;2;34;139;34m STARTED[0m[38;2;250;235;215m[0m
  [38;2;250;235;215mres://tests/unit/game_store/game_store_setters_test.gd[0m[38;2;250;235;215m > [0m[38;2;250;235;215mtest_game_store_from_dict_companion_trust_restored[0m[38;2;34;139;34m PASSED[0m[38;2;100;149;237m 275ms[0m
  [38;2;0;206;209m[1m[4mReport:[0m
    [38;2;0;206;209m[38;2;0;255;0mline [0m[38;2;0;255;255m497:[0m [38;2;239;248;131mWARNING:[0m: Found [38;2;205;92;92m2[0m possible orphan nodes.[0m
    [38;2;0;206;209m	Add '[38;2;30;144;255mcollect_orphan_node_details()[0m' to the end of the test to collect details.[0m
[38;2;250;235;215m[0m
[38;2;250;235;215m[0m
  [38;2;250;235;215mres://tests/unit/game_store/game_store_setters_test.gd[0m[38;2;250;235;215m > [0m[38;2;250;235;215mtest_game_store_from_dict_missing_companion_gets_default_state[0m[38;2;34;139;34m STARTED[0m[38;2;250;235;215m[0m
  [38;2;250;235;215mres://tests/unit/game_store/game_store_setters_test.gd[0m[38;2;250;235;215m > [0m[38;2;250;235;215mtest_game_store_from_dict_missing_companion_gets_default_state[0m[38;2;34;139;34m PASSED[0m[38;2;100;149;237m 272ms[0m
  [38;2;0;206;209m[1m[4mReport:[0m
    [38;2;0;206;209m[38;2;0;255;0mline [0m[38;2;0;255;255m511:[0m [38;2;239;248;131mWARNING:[0m: Found [38;2;205;92;92m2[0m possible orphan nodes.[0m
    [38;2;0;206;209m	Add '[38;2;30;144;255mcollect_orphan_node_details()[0m' to the end of the test to collect details.[0m
[38;2;250;235;215m[0m
[38;2;250;235;215m[0m
  [38;2;250;235;215mres://tests/unit/game_store/game_store_setters_test.gd[0m[38;2;250;235;215m > [0m[38;2;250;235;215mtest_game_store_from_dict_missing_gold_field_defaults_to_zero[0m[38;2;34;139;34m STARTED[0m[38;2;250;235;215m[0m
  [38;2;250;235;215mres://tests/unit/game_store/game_store_setters_test.gd[0m[38;2;250;235;215m > [0m[38;2;250;235;215mtest_game_store_from_dict_missing_gold_field_defaults_to_zero[0m[38;2;34;139;34m PASSED[0m[38;2;100;149;237m 275ms[0m
  [38;2;0;206;209m[1m[4mReport:[0m
    [38;2;0;206;209m[38;2;0;255;0mline [0m[38;2;0;255;255m530:[0m [38;2;239;248;131mWARNING:[0m: Found [38;2;205;92;92m2[0m possible orphan nodes.[0m
    [38;2;0;206;209m	Add '[38;2;30;144;255mcollect_orphan_node_details()[0m' to the end of the test to collect details.[0m
[38;2;250;235;215m[0m
[38;2;250;235;215m[0m
[38;2;30;144;255mStatistics:[0m[38;2;250;235;215m 54 test cases | 0 errors | 0 failures | 0 flaky | 0 skipped | 60 orphans |[0m[38;2;34;139;34m PASSED[0m[38;2;100;149;237m 13s 951ms[0m
[38;2;250;235;215m[0m
[38;2;250;235;215m[0m
[38;2;0;206;209mRun Test Suite: [0m[38;2;250;235;215mres://tests/unit/game_store/settings_store_test.gd[0m
  [38;2;250;235;215mres://tests/unit/game_store/settings_store_test.gd[0m[38;2;250;235;215m > [0m[38;2;250;235;215mtest_settings_store_default_locale_is_en[0m[38;2;34;139;34m STARTED[0m[38;2;250;235;215m[0m
  [38;2;250;235;215mres://tests/unit/game_store/settings_store_test.gd[0m[38;2;250;235;215m > [0m[38;2;250;235;215mtest_settings_store_default_locale_is_en[0m[38;2;34;139;34m PASSED[0m[38;2;100;149;237m 276ms[0m
  [38;2;0;206;209m[1m[4mReport:[0m
    [38;2;0;206;209m[38;2;0;255;0mline [0m[38;2;0;255;255m11:[0m [38;2;239;248;131mWARNING:[0m: Found [38;2;205;92;92m1[0m possible orphan nodes.[0m
    [38;2;0;206;209m	Add '[38;2;30;144;255mcollect_orphan_node_details()[0m' to the end of the test to collect details.[0m
[38;2;250;235;215m[0m
[38;2;250;235;215m[0m
  [38;2;250;235;215mres://tests/unit/game_store/settings_store_test.gd[0m[38;2;250;235;215m > [0m[38;2;250;235;215mtest_settings_store_default_master_volume_is_one[0m[38;2;34;139;34m STARTED[0m[38;2;250;235;215m[0m
  [38;2;250;235;215mres://tests/unit/game_store/settings_store_test.gd[0m[38;2;250;235;215m > [0m[38;2;250;235;215mtest_settings_store_default_master_volume_is_one[0m[38;2;34;139;34m PASSED[0m[38;2;100;149;237m 279ms[0m
  [38;2;0;206;209m[1m[4mReport:[0m
    [38;2;0;206;209m[38;2;0;255;0mline [0m[38;2;0;255;255m15:[0m [38;2;239;248;131mWARNING:[0m: Found [38;2;205;92;92m1[0m possible orphan nodes.[0m
    [38;2;0;206;209m	Add '[38;2;30;144;255mcollect_orphan_node_details()[0m' to the end of the test to collect details.[0m
[38;2;250;235;215m[0m
[38;2;250;235;215m[0m
  [38;2;250;235;215mres://tests/unit/game_store/settings_store_test.gd[0m[38;2;250;235;215m > [0m[38;2;250;235;215mtest_settings_store_default_sfx_volume_is_one[0m[38;2;34;139;34m STARTED[0m[38;2;250;235;215m[0m
  [38;2;250;235;215mres://tests/unit/game_store/settings_store_test.gd[0m[38;2;250;235;215m > [0m[38;2;250;235;215mtest_settings_store_default_sfx_volume_is_one[0m[38;2;34;139;34m PASSED[0m[38;2;100;149;237m 279ms[0m
  [38;2;0;206;209m[1m[4mReport:[0m
    [38;2;0;206;209m[38;2;0;255;0mline [0m[38;2;0;255;255m19:[0m [38;2;239;248;131mWARNING:[0m: Found [38;2;205;92;92m1[0m possible orphan nodes.[0m
    [38;2;0;206;209m	Add '[38;2;30;144;255mcollect_orphan_node_details()[0m' to the end of the test to collect details.[0m
[38;2;250;235;215m[0m
[38;2;250;235;215m[0m
  [38;2;250;235;215mres://tests/unit/game_store/settings_store_test.gd[0m[38;2;250;235;215m > [0m[38;2;250;235;215mtest_settings_store_default_music_volume_is_one[0m[38;2;34;139;34m STARTED[0m[38;2;250;235;215m[0m
  [38;2;250;235;215mres://tests/unit/game_store/settings_store_test.gd[0m[38;2;250;235;215m > [0m[38;2;250;235;215mtest_settings_store_default_music_volume_is_one[0m[38;2;34;139;34m PASSED[0m[38;2;100;149;237m 277ms[0m
  [38;2;0;206;209m[1m[4mReport:[0m
    [38;2;0;206;209m[38;2;0;255;0mline [0m[38;2;0;255;255m23:[0m [38;2;239;248;131mWARNING:[0m: Found [38;2;205;92;92m1[0m possible orphan nodes.[0m
    [38;2;0;206;209m	Add '[38;2;30;144;255mcollect_orphan_node_details()[0m' to the end of the test to collect details.[0m
[38;2;250;235;215m[0m
[38;2;250;235;215m[0m
  [38;2;250;235;215mres://tests/unit/game_store/settings_store_test.gd[0m[38;2;250;235;215m > [0m[38;2;250;235;215mtest_settings_store_default_text_speed_is_one[0m[38;2;34;139;34m STARTED[0m[38;2;250;235;215m[0m
  [38;2;250;235;215mres://tests/unit/game_store/settings_store_test.gd[0m[38;2;250;235;215m > [0m[38;2;250;235;215mtest_settings_store_default_text_speed_is_one[0m[38;2;34;139;34m PASSED[0m[38;2;100;149;237m 277ms[0m
  [38;2;0;206;209m[1m[4mReport:[0m
    [38;2;0;206;209m[38;2;0;255;0mline [0m[38;2;0;255;255m27:[0m [38;2;239;248;131mWARNING:[0m: Found [38;2;205;92;92m1[0m possible orphan nodes.[0m
    [38;2;0;206;209m	Add '[38;2;30;144;255mcollect_orphan_node_details()[0m' to the end of the test to collect details.[0m
[38;2;250;235;215m[0m
[38;2;250;235;215m[0m
  [38;2;250;235;215mres://tests/unit/game_store/settings_store_test.gd[0m[38;2;250;235;215m > [0m[38;2;250;235;215mtest_settings_store_set_locale_updates_value[0m[38;2;34;139;34m STARTED[0m[38;2;250;235;215m[0m
  [38;2;250;235;215mres://tests/unit/game_store/settings_store_test.gd[0m[38;2;250;235;215m > [0m[38;2;250;235;215mtest_settings_store_set_locale_updates_value[0m[38;2;34;139;34m PASSED[0m[38;2;100;149;237m 280ms[0m
  [38;2;0;206;209m[1m[4mReport:[0m
    [38;2;0;206;209m[38;2;0;255;0mline [0m[38;2;0;255;255m32:[0m [38;2;239;248;131mWARNING:[0m: Found [38;2;205;92;92m1[0m possible orphan nodes.[0m
    [38;2;0;206;209m	Add '[38;2;30;144;255mcollect_orphan_node_details()[0m' to the end of the test to collect details.[0m
[38;2;250;235;215m[0m
[38;2;250;235;215m[0m
  [38;2;250;235;215mres://tests/unit/game_store/settings_store_test.gd[0m[38;2;250;235;215m > [0m[38;2;250;235;215mtest_settings_store_set_locale_sets_dirty[0m[38;2;34;139;34m STARTED[0m[38;2;250;235;215m[0m
  [38;2;250;235;215mres://tests/unit/game_store/settings_store_test.gd[0m[38;2;250;235;215m > [0m[38;2;250;235;215mtest_settings_store_set_locale_sets_dirty[0m[38;2;34;139;34m PASSED[0m[38;2;100;149;237m 281ms[0m
  [38;2;0;206;209m[1m[4mReport:[0m
    [38;2;0;206;209m[38;2;0;255;0mline [0m[38;2;0;255;255m37:[0m [38;2;239;248;131mWARNING:[0m: Found [38;2;205;92;92m1[0m possible orphan nodes.[0m
    [38;2;0;206;209m	Add '[38;2;30;144;255mcollect_orphan_node_details()[0m' to the end of the test to collect details.[0m
[38;2;250;235;215m[0m
[38;2;250;235;215m[0m
  [38;2;250;235;215mres://tests/unit/game_store/settings_store_test.gd[0m[38;2;250;235;215m > [0m[38;2;250;235;215mtest_settings_store_to_dict_contains_locale[0m[38;2;34;139;34m STARTED[0m[38;2;250;235;215m[0m
  [38;2;250;235;215mres://tests/unit/game_store/settings_store_test.gd[0m[38;2;250;235;215m > [0m[38;2;250;235;215mtest_settings_store_to_dict_contains_locale[0m[38;2;34;139;34m PASSED[0m[38;2;100;149;237m 282ms[0m
  [38;2;0;206;209m[1m[4mReport:[0m
    [38;2;0;206;209m[38;2;0;255;0mline [0m[38;2;0;255;255m43:[0m [38;2;239;248;131mWARNING:[0m: Found [38;2;205;92;92m1[0m possible orphan nodes.[0m
    [38;2;0;206;209m	Add '[38;2;30;144;255mcollect_orphan_node_details()[0m' to the end of the test to collect details.[0m
[38;2;250;235;215m[0m
[38;2;250;235;215m[0m
  [38;2;250;235;215mres://tests/unit/game_store/settings_store_test.gd[0m[38;2;250;235;215m > [0m[38;2;250;235;215mtest_settings_store_to_dict_contains_all_keys[0m[38;2;34;139;34m STARTED[0m[38;2;250;235;215m[0m
  [38;2;250;235;215mres://tests/unit/game_store/settings_store_test.gd[0m[38;2;250;235;215m > [0m[38;2;250;235;215mtest_settings_store_to_dict_contains_all_keys[0m[38;2;34;139;34m PASSED[0m[38;2;100;149;237m 285ms[0m
  [38;2;0;206;209m[1m[4mReport:[0m
    [38;2;0;206;209m[38;2;0;255;0mline [0m[38;2;0;255;255m49:[0m [38;2;239;248;131mWARNING:[0m: Found [38;2;205;92;92m1[0m possible orphan nodes.[0m
    [38;2;0;206;209m	Add '[38;2;30;144;255mcollect_orphan_node_details()[0m' to the end of the test to collect details.[0m
[38;2;250;235;215m[0m
[38;2;250;235;215m[0m
  [38;2;250;235;215mres://tests/unit/game_store/settings_store_test.gd[0m[38;2;250;235;215m > [0m[38;2;250;235;215mtest_settings_store_from_dict_restores_locale[0m[38;2;34;139;34m STARTED[0m[38;2;250;235;215m[0m
  [38;2;250;235;215mres://tests/unit/game_store/settings_store_test.gd[0m[38;2;250;235;215m > [0m[38;2;250;235;215mtest_settings_store_from_dict_restores_locale[0m[38;2;34;139;34m PASSED[0m[38;2;100;149;237m 288ms[0m
  [38;2;0;206;209m[1m[4mReport:[0m
    [38;2;0;206;209m[38;2;0;255;0mline [0m[38;2;0;255;255m56:[0m [38;2;239;248;131mWARNING:[0m: Found [38;2;205;92;92m1[0m possible orphan nodes.[0m
    [38;2;0;206;209m	Add '[38;2;30;144;255mcollect_orphan_node_details()[0m' to the end of the test to collect details.[0m
[38;2;250;235;215m[0m
[38;2;250;235;215m[0m
  [38;2;250;235;215mres://tests/unit/game_store/settings_store_test.gd[0m[38;2;250;235;215m > [0m[38;2;250;235;215mtest_settings_store_set_locale_sets_save_pending[0m[38;2;34;139;34m STARTED[0m[38;2;250;235;215m[0m
  [38;2;250;235;215mres://tests/unit/game_store/settings_store_test.gd[0m[38;2;250;235;215m > [0m[38;2;250;235;215mtest_settings_store_set_locale_sets_save_pending[0m[38;2;34;139;34m PASSED[0m[38;2;100;149;237m 292ms[0m
  [38;2;0;206;209m[1m[4mReport:[0m
    [38;2;0;206;209m[38;2;0;255;0mline [0m[38;2;0;255;255m62:[0m [38;2;239;248;131mWARNING:[0m: Found [38;2;205;92;92m1[0m possible orphan nodes.[0m
    [38;2;0;206;209m	Add '[38;2;30;144;255mcollect_orphan_node_details()[0m' to the end of the test to collect details.[0m
[38;2;250;235;215m[0m
[38;2;250;235;215m[0m
  [38;2;250;235;215mres://tests/unit/game_store/settings_store_test.gd[0m[38;2;250;235;215m > [0m[38;2;250;235;215mtest_settings_store_from_dict_does_not_set_dirty[0m[38;2;34;139;34m STARTED[0m[38;2;250;235;215m[0m
  [38;2;250;235;215mres://tests/unit/game_store/settings_store_test.gd[0m[38;2;250;235;215m > [0m[38;2;250;235;215mtest_settings_store_from_dict_does_not_set_dirty[0m[38;2;34;139;34m PASSED[0m[38;2;100;149;237m 288ms[0m
  [38;2;0;206;209m[1m[4mReport:[0m
    [38;2;0;206;209m[38;2;0;255;0mline [0m[38;2;0;255;255m68:[0m [38;2;239;248;131mWARNING:[0m: Found [38;2;205;92;92m1[0m possible orphan nodes.[0m
    [38;2;0;206;209m	Add '[38;2;30;144;255mcollect_orphan_node_details()[0m' to the end of the test to collect details.[0m
[38;2;250;235;215m[0m
[38;2;250;235;215m[0m
  [38;2;250;235;215mres://tests/unit/game_store/settings_store_test.gd[0m[38;2;250;235;215m > [0m[38;2;250;235;215mtest_settings_store_from_dict_missing_keys_use_defaults[0m[38;2;34;139;34m STARTED[0m[38;2;250;235;215m[0m
  [38;2;250;235;215mres://tests/unit/game_store/settings_store_test.gd[0m[38;2;250;235;215m > [0m[38;2;250;235;215mtest_settings_store_from_dict_missing_keys_use_defaults[0m[38;2;34;139;34m PASSED[0m[38;2;100;149;237m 294ms[0m
  [38;2;0;206;209m[1m[4mReport:[0m
    [38;2;0;206;209m[38;2;0;255;0mline [0m[38;2;0;255;255m74:[0m [38;2;239;248;131mWARNING:[0m: Found [38;2;205;92;92m1[0m possible orphan nodes.[0m
    [38;2;0;206;209m	Add '[38;2;30;144;255mcollect_orphan_node_details()[0m' to the end of the test to collect details.[0m
[38;2;250;235;215m[0m
[38;2;250;235;215m[0m
  [38;2;250;235;215mres://tests/unit/game_store/settings_store_test.gd[0m[38;2;250;235;215m > [0m[38;2;250;235;215mtest_settings_store_volume_clamped_to_max[0m[38;2;34;139;34m STARTED[0m[38;2;250;235;215m[0m
  [38;2;250;235;215mres://tests/unit/game_store/settings_store_test.gd[0m[38;2;250;235;215m > [0m[38;2;250;235;215mtest_settings_store_volume_clamped_to_max[0m[38;2;34;139;34m PASSED[0m[38;2;100;149;237m 293ms[0m
  [38;2;0;206;209m[1m[4mReport:[0m
    [38;2;0;206;209m[38;2;0;255;0mline [0m[38;2;0;255;255m81:[0m [38;2;239;248;131mWARNING:[0m: Found [38;2;205;92;92m1[0m possible orphan nodes.[0m
    [38;2;0;206;209m	Add '[38;2;30;144;255mcollect_orphan_node_details()[0m' to the end of the test to collect details.[0m
[38;2;250;235;215m[0m
[38;2;250;235;215m[0m
  [38;2;250;235;215mres://tests/unit/game_store/settings_store_test.gd[0m[38;2;250;235;215m > [0m[38;2;250;235;215mtest_settings_store_volume_clamped_to_min[0m[38;2;34;139;34m STARTED[0m[38;2;250;235;215m[0m
  [38;2;250;235;215mres://tests/unit/game_store/settings_store_test.gd[0m[38;2;250;235;215m > [0m[38;2;250;235;215mtest_settings_store_volume_clamped_to_min[0m[38;2;34;139;34m PASSED[0m[38;2;100;149;237m 294ms[0m
  [38;2;0;206;209m[1m[4mReport:[0m
    [38;2;0;206;209m[38;2;0;255;0mline [0m[38;2;0;255;255m86:[0m [38;2;239;248;131mWARNING:[0m: Found [38;2;205;92;92m1[0m possible orphan nodes.[0m
    [38;2;0;206;209m	Add '[38;2;30;144;255mcollect_orphan_node_details()[0m' to the end of the test to collect details.[0m
[38;2;250;235;215m[0m
[38;2;250;235;215m[0m
[38;2;30;144;255mStatistics:[0m[38;2;250;235;215m 15 test cases | 0 errors | 0 failures | 0 flaky | 0 skipped | 15 orphans |[0m[38;2;34;139;34m PASSED[0m[38;2;100;149;237m 4s 667ms[0m
[38;2;250;235;215m[0m
[38;2;250;235;215m[0m
[38;2;0;206;209mRun Test Suite: [0m[38;2;250;235;215mres://tests/unit/localization/get_text_fallback_test.gd[0m
  [38;2;250;235;215mres://tests/unit/localization/get_text_fallback_test.gd[0m[38;2;250;235;215m > [0m[38;2;250;235;215mtest_get_text_fallback_english_active_locale_returns_correct_string[0m[38;2;34;139;34m STARTED[0m[38;2;250;235;215m[0m
  [38;2;250;235;215mres://tests/unit/localization/get_text_fallback_test.gd[0m[38;2;250;235;215m > [0m[38;2;250;235;215mtest_get_text_fallback_english_active_locale_returns_correct_string[0m[38;2;34;139;34m PASSED[0m[38;2;100;149;237m 293ms[0m
[38;2;250;235;215m[0m
  [38;2;250;235;215mres://tests/unit/localization/get_text_fallback_test.gd[0m[38;2;250;235;215m > [0m[38;2;250;235;215mtest_get_text_fallback_english_active_locale_resolves_second_key[0m[38;2;34;139;34m STARTED[0m[38;2;250;235;215m[0m
  [38;2;250;235;215mres://tests/unit/localization/get_text_fallback_test.gd[0m[38;2;250;235;215m > [0m[38;2;250;235;215mtest_get_text_fallback_english_active_locale_resolves_second_key[0m[38;2;34;139;34m PASSED[0m[38;2;100;149;237m 293ms[0m
[38;2;250;235;215m[0m
  [38;2;250;235;215mres://tests/unit/localization/get_text_fallback_test.gd[0m[38;2;250;235;215m > [0m[38;2;250;235;215mtest_get_text_fallback_active_table_checked_before_english_table[0m[38;2;34;139;34m STARTED[0m[38;2;250;235;215m[0m
  [38;2;250;235;215mres://tests/unit/localization/get_text_fallback_test.gd[0m[38;2;250;235;215m > [0m[38;2;250;235;215mtest_get_text_fallback_active_table_checked_before_english_table[0m[38;2;34;139;34m PASSED[0m[38;2;100;149;237m 291ms[0m
[38;2;250;235;215m[0m
  [38;2;250;235;215mres://tests/unit/localization/get_text_fallback_test.gd[0m[38;2;250;235;215m > [0m[38;2;250;235;215mtest_get_text_fallback_returns_string_type[0m[38;2;34;139;34m STARTED[0m[38;2;250;235;215m[0m
  [38;2;250;235;215mres://tests/unit/localization/get_text_fallback_test.gd[0m[38;2;250;235;215m > [0m[38;2;250;235;215mtest_get_text_fallback_returns_string_type[0m[38;2;34;139;34m PASSED[0m[38;2;100;149;237m 287ms[0m
[38;2;250;235;215m[0m
  [38;2;250;235;215mres://tests/unit/localization/get_text_fallback_test.gd[0m[38;2;250;235;215m > [0m[38;2;250;235;215mtest_get_text_fallback_missing_active_locale_returns_english_value[0m[38;2;34;139;34m STARTED[0m[38;2;250;235;215m[0m
WARNING: Localization: key 'UI_CONTINUE' missing from active locale 'es', falling back to English
   at: push_warning (core/variant/variant_utility.cpp:1034)
   GDScript backtrace (most recent call first):
       [0] get_text (res://autoloads/localization.gd:78)
       [1] test_get_text_fallback_missing_active_locale_returns_english_value (res://tests/unit/localization/get_text_fallback_test.gd:97)
       [2] _execute_test_case (res://addons/gdUnit4/src/core/_TestCase.gd:94)
       [3] execute (res://addons/gdUnit4/src/core/_TestCase.gd:39)
       [4] _execute (res://addons/gdUnit4/src/core/execution/stages/single/GdUnitTestCaseSingleTestStage.gd:10)
       [5] execute (res://addons/gdUnit4/src/core/execution/stages/IGdUnitExecutionStage.gd:19)
       [6] _execute (res://addons/gdUnit4/src/core/execution/stages/single/GdUnitTestCaseSingleExecutionStage.gd:17)
       [7] execute (res://addons/gdUnit4/src/core/execution/stages/IGdUnitExecutionStage.gd:19)
       [8] _execute (res://addons/gdUnit4/src/core/execution/stages/GdUnitTestCaseExecutionStage.gd:24)
       [9] execute (res://addons/gdUnit4/src/core/execution/stages/IGdUnitExecutionStage.gd:19)
       [10] _execute (res://addons/gdUnit4/src/core/execution/stages/GdUnitTestSuiteExecutionStage.gd:32)
       [11] execute (res://addons/gdUnit4/src/core/execution/stages/IGdUnitExecutionStage.gd:19)
       [12] _execute (res://addons/gdUnit4/src/core/execution/stages/GdUnitTestCaseExecutionStage.gd:31)
       [13] execute (res://addons/gdUnit4/src/core/execution/stages/IGdUnitExecutionStage.gd:19)
       [14] _execute (res://addons/gdUnit4/src/core/execution/stages/single/GdUnitTestCaseSingleExecutionStage.gd:28)
       [15] execute (res://addons/gdUnit4/src/core/execution/stages/IGdUnitExecutionStage.gd:19)
       [16] _execute (res://addons/gdUnit4/src/core/execution/stages/single/GdUnitTestCaseSingleTestStage.gd:11)
       [17] execute (res://addons/gdUnit4/src/core/_TestCase.gd:40)
       [18] _execute_test_case (res://addons/gdUnit4/src/core/_TestCase.gd:98)
  [38;2;250;235;215mres://tests/unit/localization/get_text_fallback_test.gd[0m[38;2;250;235;215m > [0m[38;2;250;235;215mtest_get_text_fallback_missing_active_locale_returns_english_value[0m[38;2;34;139;34m PASSED[0m[38;2;100;149;237m 290ms[0m
[38;2;250;235;215m[0m
  [38;2;250;235;215mres://tests/unit/localization/get_text_fallback_test.gd[0m[38;2;250;235;215m > [0m[38;2;250;235;215mtest_get_text_fallback_missing_active_locale_does_not_return_empty_string[0m[38;2;34;139;34m STARTED[0m[38;2;250;235;215m[0m
WARNING: Localization: key 'UI_CONTINUE' missing from active locale 'es', falling back to English
   at: push_warning (core/variant/variant_utility.cpp:1034)
   GDScript backtrace (most recent call first):
       [0] get_text (res://autoloads/localization.gd:78)
       [1] test_get_text_fallback_missing_active_locale_does_not_return_empty_string (res://tests/unit/localization/get_text_fallback_test.gd:110)
       [2] _execute_test_case (res://addons/gdUnit4/src/core/_TestCase.gd:94)
       [3] execute (res://addons/gdUnit4/src/core/_TestCase.gd:39)
       [4] _execute (res://addons/gdUnit4/src/core/execution/stages/single/GdUnitTestCaseSingleTestStage.gd:10)
       [5] execute (res://addons/gdUnit4/src/core/execution/stages/IGdUnitExecutionStage.gd:19)
       [6] _execute (res://addons/gdUnit4/src/core/execution/stages/single/GdUnitTestCaseSingleExecutionStage.gd:17)
       [7] execute (res://addons/gdUnit4/src/core/execution/stages/IGdUnitExecutionStage.gd:19)
       [8] _execute (res://addons/gdUnit4/src/core/execution/stages/GdUnitTestCaseExecutionStage.gd:24)
       [9] execute (res://addons/gdUnit4/src/core/execution/stages/IGdUnitExecutionStage.gd:19)
       [10] _execute (res://addons/gdUnit4/src/core/execution/stages/GdUnitTestSuiteExecutionStage.gd:32)
       [11] execute (res://addons/gdUnit4/src/core/execution/stages/IGdUnitExecutionStage.gd:19)
       [12] _execute (res://addons/gdUnit4/src/core/execution/stages/GdUnitTestCaseExecutionStage.gd:31)
       [13] execute (res://addons/gdUnit4/src/core/execution/stages/IGdUnitExecutionStage.gd:19)
       [14] _execute (res://addons/gdUnit4/src/core/execution/stages/single/GdUnitTestCaseSingleExecutionStage.gd:28)
       [15] execute (res://addons/gdUnit4/src/core/execution/stages/IGdUnitExecutionStage.gd:19)
       [16] _execute (res://addons/gdUnit4/src/core/execution/stages/single/GdUnitTestCaseSingleTestStage.gd:11)
       [17] execute (res://addons/gdUnit4/src/core/_TestCase.gd:40)
       [18] _execute_test_case (res://addons/gdUnit4/src/core/_TestCase.gd:98)
  [38;2;250;235;215mres://tests/unit/localization/get_text_fallback_test.gd[0m[38;2;250;235;215m > [0m[38;2;250;235;215mtest_get_text_fallback_missing_active_locale_does_not_return_empty_string[0m[38;2;34;139;34m PASSED[0m[38;2;100;149;237m 290ms[0m
[38;2;250;235;215m[0m
  [38;2;250;235;215mres://tests/unit/localization/get_text_fallback_test.gd[0m[38;2;250;235;215m > [0m[38;2;250;235;215mtest_get_text_fallback_key_in_english_only_still_resolves[0m[38;2;34;139;34m STARTED[0m[38;2;250;235;215m[0m
WARNING: Localization: key 'UI_SETTINGS' missing from active locale 'fr', falling back to English
   at: push_warning (core/variant/variant_utility.cpp:1034)
   GDScript backtrace (most recent call first):
       [0] get_text (res://autoloads/localization.gd:78)
       [1] test_get_text_fallback_key_in_english_only_still_resolves (res://tests/unit/localization/get_text_fallback_test.gd:123)
       [2] _execute_test_case (res://addons/gdUnit4/src/core/_TestCase.gd:94)
       [3] execute (res://addons/gdUnit4/src/core/_TestCase.gd:39)
       [4] _execute (res://addons/gdUnit4/src/core/execution/stages/single/GdUnitTestCaseSingleTestStage.gd:10)
       [5] execute (res://addons/gdUnit4/src/core/execution/stages/IGdUnitExecutionStage.gd:19)
       [6] _execute (res://addons/gdUnit4/src/core/execution/stages/single/GdUnitTestCaseSingleExecutionStage.gd:17)
       [7] execute (res://addons/gdUnit4/src/core/execution/stages/IGdUnitExecutionStage.gd:19)
       [8] _execute (res://addons/gdUnit4/src/core/execution/stages/GdUnitTestCaseExecutionStage.gd:24)
       [9] execute (res://addons/gdUnit4/src/core/execution/stages/IGdUnitExecutionStage.gd:19)
       [10] _execute (res://addons/gdUnit4/src/core/execution/stages/GdUnitTestSuiteExecutionStage.gd:32)
       [11] execute (res://addons/gdUnit4/src/core/execution/stages/IGdUnitExecutionStage.gd:19)
       [12] _execute (res://addons/gdUnit4/src/core/execution/stages/GdUnitTestCaseExecutionStage.gd:31)
       [13] execute (res://addons/gdUnit4/src/core/execution/stages/IGdUnitExecutionStage.gd:19)
       [14] _execute (res://addons/gdUnit4/src/core/execution/stages/single/GdUnitTestCaseSingleExecutionStage.gd:28)
       [15] execute (res://addons/gdUnit4/src/core/execution/stages/IGdUnitExecutionStage.gd:19)
       [16] _execute (res://addons/gdUnit4/src/core/execution/stages/single/GdUnitTestCaseSingleTestStage.gd:11)
       [17] execute (res://addons/gdUnit4/src/core/_TestCase.gd:40)
       [18] _execute_test_case (res://addons/gdUnit4/src/core/_TestCase.gd:98)
  [38;2;250;235;215mres://tests/unit/localization/get_text_fallback_test.gd[0m[38;2;250;235;215m > [0m[38;2;250;235;215mtest_get_text_fallback_key_in_english_only_still_resolves[0m[38;2;34;139;34m PASSED[0m[38;2;100;149;237m 291ms[0m
[38;2;250;235;215m[0m
  [38;2;250;235;215mres://tests/unit/localization/get_text_fallback_test.gd[0m[38;2;250;235;215m > [0m[38;2;250;235;215mtest_get_text_fallback_missing_key_returns_raw_key_string[0m[38;2;34;139;34m STARTED[0m[38;2;250;235;215m[0m
WARNING: Localization: key 'MISSING_KEY' not found in any locale
   at: push_warning (core/variant/variant_utility.cpp:1034)
   GDScript backtrace (most recent call first):
       [0] get_text (res://autoloads/localization.gd:84)
       [1] test_get_text_fallback_missing_key_returns_raw_key_string (res://tests/unit/localization/get_text_fallback_test.gd:137)
       [2] _execute_test_case (res://addons/gdUnit4/src/core/_TestCase.gd:94)
       [3] execute (res://addons/gdUnit4/src/core/_TestCase.gd:39)
       [4] _execute (res://addons/gdUnit4/src/core/execution/stages/single/GdUnitTestCaseSingleTestStage.gd:10)
       [5] execute (res://addons/gdUnit4/src/core/execution/stages/IGdUnitExecutionStage.gd:19)
       [6] _execute (res://addons/gdUnit4/src/core/execution/stages/single/GdUnitTestCaseSingleExecutionStage.gd:17)
       [7] execute (res://addons/gdUnit4/src/core/execution/stages/IGdUnitExecutionStage.gd:19)
       [8] _execute (res://addons/gdUnit4/src/core/execution/stages/GdUnitTestCaseExecutionStage.gd:24)
       [9] execute (res://addons/gdUnit4/src/core/execution/stages/IGdUnitExecutionStage.gd:19)
       [10] _execute (res://addons/gdUnit4/src/core/execution/stages/GdUnitTestSuiteExecutionStage.gd:32)
       [11] execute (res://addons/gdUnit4/src/core/execution/stages/IGdUnitExecutionStage.gd:19)
       [12] _execute (res://addons/gdUnit4/src/core/execution/stages/GdUnitTestCaseExecutionStage.gd:31)
       [13] execute (res://addons/gdUnit4/src/core/execution/stages/IGdUnitExecutionStage.gd:19)
       [14] _execute (res://addons/gdUnit4/src/core/execution/stages/single/GdUnitTestCaseSingleExecutionStage.gd:28)
       [15] execute (res://addons/gdUnit4/src/core/execution/stages/IGdUnitExecutionStage.gd:19)
       [16] _execute (res://addons/gdUnit4/src/core/execution/stages/single/GdUnitTestCaseSingleTestStage.gd:11)
       [17] execute (res://addons/gdUnit4/src/core/_TestCase.gd:40)
       [18] _execute_test_case (res://addons/gdUnit4/src/core/_TestCase.gd:98)
  [38;2;250;235;215mres://tests/unit/localization/get_text_fallback_test.gd[0m[38;2;250;235;215m > [0m[38;2;250;235;215mtest_get_text_fallback_missing_key_returns_raw_key_string[0m[38;2;34;139;34m PASSED[0m[38;2;100;149;237m 293ms[0m
[38;2;250;235;215m[0m
  [38;2;250;235;215mres://tests/unit/localization/get_text_fallback_test.gd[0m[38;2;250;235;215m > [0m[38;2;250;235;215mtest_get_text_fallback_missing_key_does_not_return_empty_string[0m[38;2;34;139;34m STARTED[0m[38;2;250;235;215m[0m
WARNING: Localization: key 'TOTALLY_ABSENT' not found in any locale
   at: push_warning (core/variant/variant_utility.cpp:1034)
   GDScript backtrace (most recent call first):
       [0] get_text (res://autoloads/localization.gd:84)
       [1] test_get_text_fallback_missing_key_does_not_return_empty_string (res://tests/unit/localization/get_text_fallback_test.gd:148)
       [2] _execute_test_case (res://addons/gdUnit4/src/core/_TestCase.gd:94)
       [3] execute (res://addons/gdUnit4/src/core/_TestCase.gd:39)
       [4] _execute (res://addons/gdUnit4/src/core/execution/stages/single/GdUnitTestCaseSingleTestStage.gd:10)
       [5] execute (res://addons/gdUnit4/src/core/execution/stages/IGdUnitExecutionStage.gd:19)
       [6] _execute (res://addons/gdUnit4/src/core/execution/stages/single/GdUnitTestCaseSingleExecutionStage.gd:17)
       [7] execute (res://addons/gdUnit4/src/core/execution/stages/IGdUnitExecutionStage.gd:19)
       [8] _execute (res://addons/gdUnit4/src/core/execution/stages/GdUnitTestCaseExecutionStage.gd:24)
       [9] execute (res://addons/gdUnit4/src/core/execution/stages/IGdUnitExecutionStage.gd:19)
       [10] _execute (res://addons/gdUnit4/src/core/execution/stages/GdUnitTestSuiteExecutionStage.gd:32)
       [11] execute (res://addons/gdUnit4/src/core/execution/stages/IGdUnitExecutionStage.gd:19)
       [12] _execute (res://addons/gdUnit4/src/core/execution/stages/GdUnitTestCaseExecutionStage.gd:31)
       [13] execute (res://addons/gdUnit4/src/core/execution/stages/IGdUnitExecutionStage.gd:19)
       [14] _execute (res://addons/gdUnit4/src/core/execution/stages/single/GdUnitTestCaseSingleExecutionStage.gd:28)
       [15] execute (res://addons/gdUnit4/src/core/execution/stages/IGdUnitExecutionStage.gd:19)
       [16] _execute (res://addons/gdUnit4/src/core/execution/stages/single/GdUnitTestCaseSingleTestStage.gd:11)
       [17] execute (res://addons/gdUnit4/src/core/_TestCase.gd:40)
       [18] _execute_test_case (res://addons/gdUnit4/src/core/_TestCase.gd:98)
  [38;2;250;235;215mres://tests/unit/localization/get_text_fallback_test.gd[0m[38;2;250;235;215m > [0m[38;2;250;235;215mtest_get_text_fallback_missing_key_does_not_return_empty_string[0m[38;2;34;139;34m PASSED[0m[38;2;100;149;237m 290ms[0m
[38;2;250;235;215m[0m
  [38;2;250;235;215mres://tests/unit/localization/get_text_fallback_test.gd[0m[38;2;250;235;215m > [0m[38;2;250;235;215mtest_get_text_fallback_missing_key_returns_exact_key_passed_in[0m[38;2;34;139;34m STARTED[0m[38;2;250;235;215m[0m
WARNING: Localization: key 'SOME_DEEPLY_NESTED_KEY' not found in any locale
   at: push_warning (core/variant/variant_utility.cpp:1034)
   GDScript backtrace (most recent call first):
       [0] get_text (res://autoloads/localization.gd:84)
       [1] test_get_text_fallback_missing_key_returns_exact_key_passed_in (res://tests/unit/localization/get_text_fallback_test.gd:160)
       [2] _execute_test_case (res://addons/gdUnit4/src/core/_TestCase.gd:94)
       [3] execute (res://addons/gdUnit4/src/core/_TestCase.gd:39)
       [4] _execute (res://addons/gdUnit4/src/core/execution/stages/single/GdUnitTestCaseSingleTestStage.gd:10)
       [5] execute (res://addons/gdUnit4/src/core/execution/stages/IGdUnitExecutionStage.gd:19)
       [6] _execute (res://addons/gdUnit4/src/core/execution/stages/single/GdUnitTestCaseSingleExecutionStage.gd:17)
       [7] execute (res://addons/gdUnit4/src/core/execution/stages/IGdUnitExecutionStage.gd:19)
       [8] _execute (res://addons/gdUnit4/src/core/execution/stages/GdUnitTestCaseExecutionStage.gd:24)
       [9] execute (res://addons/gdUnit4/src/core/execution/stages/IGdUnitExecutionStage.gd:19)
       [10] _execute (res://addons/gdUnit4/src/core/execution/stages/GdUnitTestSuiteExecutionStage.gd:32)
       [11] execute (res://addons/gdUnit4/src/core/execution/stages/IGdUnitExecutionStage.gd:19)
       [12] _execute (res://addons/gdUnit4/src/core/execution/stages/GdUnitTestCaseExecutionStage.gd:31)
       [13] execute (res://addons/gdUnit4/src/core/execution/stages/IGdUnitExecutionStage.gd:19)
       [14] _execute (res://addons/gdUnit4/src/core/execution/stages/single/GdUnitTestCaseSingleExecutionStage.gd:28)
       [15] execute (res://addons/gdUnit4/src/core/execution/stages/IGdUnitExecutionStage.gd:19)
       [16] _execute (res://addons/gdUnit4/src/core/execution/stages/single/GdUnitTestCaseSingleTestStage.gd:11)
       [17] execute (res://addons/gdUnit4/src/core/_TestCase.gd:40)
       [18] _execute_test_case (res://addons/gdUnit4/src/core/_TestCase.gd:98)
  [38;2;250;235;215mres://tests/unit/localization/get_text_fallback_test.gd[0m[38;2;250;235;215m > [0m[38;2;250;235;215mtest_get_text_fallback_missing_key_returns_exact_key_passed_in[0m[38;2;34;139;34m PASSED[0m[38;2;100;149;237m 289ms[0m
[38;2;250;235;215m[0m
  [38;2;250;235;215mres://tests/unit/localization/get_text_fallback_test.gd[0m[38;2;250;235;215m > [0m[38;2;250;235;215mtest_get_text_fallback_missing_key_with_empty_tables_returns_key[0m[38;2;34;139;34m STARTED[0m[38;2;250;235;215m[0m
WARNING: Localization: key 'UI_QUIT' not found in any locale
   at: push_warning (core/variant/variant_utility.cpp:1034)
   GDScript backtrace (most recent call first):
       [0] get_text (res://autoloads/localization.gd:84)
       [1] test_get_text_fallback_missing_key_with_empty_tables_returns_key (res://tests/unit/localization/get_text_fallback_test.gd:171)
       [2] _execute_test_case (res://addons/gdUnit4/src/core/_TestCase.gd:94)
       [3] execute (res://addons/gdUnit4/src/core/_TestCase.gd:39)
       [4] _execute (res://addons/gdUnit4/src/core/execution/stages/single/GdUnitTestCaseSingleTestStage.gd:10)
       [5] execute (res://addons/gdUnit4/src/core/execution/stages/IGdUnitExecutionStage.gd:19)
       [6] _execute (res://addons/gdUnit4/src/core/execution/stages/single/GdUnitTestCaseSingleExecutionStage.gd:17)
       [7] execute (res://addons/gdUnit4/src/core/execution/stages/IGdUnitExecutionStage.gd:19)
       [8] _execute (res://addons/gdUnit4/src/core/execution/stages/GdUnitTestCaseExecutionStage.gd:24)
       [9] execute (res://addons/gdUnit4/src/core/execution/stages/IGdUnitExecutionStage.gd:19)
       [10] _execute (res://addons/gdUnit4/src/core/execution/stages/GdUnitTestSuiteExecutionStage.gd:32)
       [11] execute (res://addons/gdUnit4/src/core/execution/stages/IGdUnitExecutionStage.gd:19)
       [12] _execute (res://addons/gdUnit4/src/core/execution/stages/GdUnitTestCaseExecutionStage.gd:31)
       [13] execute (res://addons/gdUnit4/src/core/execution/stages/IGdUnitExecutionStage.gd:19)
       [14] _execute (res://addons/gdUnit4/src/core/execution/stages/single/GdUnitTestCaseSingleExecutionStage.gd:28)
       [15] execute (res://addons/gdUnit4/src/core/execution/stages/IGdUnitExecutionStage.gd:19)
       [16] _execute (res://addons/gdUnit4/src/core/execution/stages/single/GdUnitTestCaseSingleTestStage.gd:11)
       [17] execute (res://addons/gdUnit4/src/core/_TestCase.gd:40)
       [18] _execute_test_case (res://addons/gdUnit4/src/core/_TestCase.gd:98)
  [38;2;250;235;215mres://tests/unit/localization/get_text_fallback_test.gd[0m[38;2;250;235;215m > [0m[38;2;250;235;215mtest_get_text_fallback_missing_key_with_empty_tables_returns_key[0m[38;2;34;139;34m PASSED[0m[38;2;100;149;237m 288ms[0m
[38;2;250;235;215m[0m
  [38;2;250;235;215mres://tests/unit/localization/get_text_fallback_test.gd[0m[38;2;250;235;215m > [0m[38;2;250;235;215mtest_get_text_fallback_no_direct_i18n_file_access_outside_localization[0m[38;2;34;139;34m STARTED[0m[38;2;250;235;215m[0m
  [38;2;250;235;215mres://tests/unit/localization/get_text_fallback_test.gd[0m[38;2;250;235;215m > [0m[38;2;250;235;215mtest_get_text_fallback_no_direct_i18n_file_access_outside_localization[0m[38;2;34;139;34m PASSED[0m[38;2;100;149;237m 289ms[0m
[38;2;250;235;215m[0m
  [38;2;250;235;215mres://tests/unit/localization/get_text_fallback_test.gd[0m[38;2;250;235;215m > [0m[38;2;250;235;215mtest_get_text_fallback_no_hardcoded_strings_in_scenes[0m[38;2;34;139;34m STARTED[0m[38;2;250;235;215m[0m
  [38;2;250;235;215mres://tests/unit/localization/get_text_fallback_test.gd[0m[38;2;250;235;215m > [0m[38;2;250;235;215mtest_get_text_fallback_no_hardcoded_strings_in_scenes[0m[38;2;34;139;34m PASSED[0m[38;2;100;149;237m 287ms[0m
[38;2;250;235;215m[0m
[38;2;30;144;255mStatistics:[0m[38;2;250;235;215m 13 test cases | 0 errors | 0 failures | 0 flaky | 0 skipped | 0 orphans |[0m[38;2;34;139;34m PASSED[0m[38;2;100;149;237m 4s 122ms[0m
[38;2;250;235;215m[0m
[38;2;250;235;215m[0m
[38;2;0;206;209mRun Test Suite: [0m[38;2;250;235;215mres://tests/unit/localization/interpolation_test.gd[0m
  [38;2;250;235;215mres://tests/unit/localization/interpolation_test.gd[0m[38;2;250;235;215m > [0m[38;2;250;235;215mtest_interpolation_poker_score_single_param_returns_interpolated_string[0m[38;2;34;139;34m STARTED[0m[38;2;250;235;215m[0m
  [38;2;250;235;215mres://tests/unit/localization/interpolation_test.gd[0m[38;2;250;235;215m > [0m[38;2;250;235;215mtest_interpolation_poker_score_single_param_returns_interpolated_string[0m[38;2;34;139;34m PASSED[0m[38;2;100;149;237m 287ms[0m
[38;2;250;235;215m[0m
  [38;2;250;235;215mres://tests/unit/localization/interpolation_test.gd[0m[38;2;250;235;215m > [0m[38;2;250;235;215mtest_interpolation_poker_score_placeholder_fully_replaced[0m[38;2;34;139;34m STARTED[0m[38;2;250;235;215m[0m
  [38;2;250;235;215mres://tests/unit/localization/interpolation_test.gd[0m[38;2;250;235;215m > [0m[38;2;250;235;215mtest_interpolation_poker_score_placeholder_fully_replaced[0m[38;2;34;139;34m PASSED[0m[38;2;100;149;237m 286ms[0m
[38;2;250;235;215m[0m
  [38;2;250;235;215mres://tests/unit/localization/interpolation_test.gd[0m[38;2;250;235;215m > [0m[38;2;250;235;215mtest_interpolation_two_params_both_replaced[0m[38;2;34;139;34m STARTED[0m[38;2;250;235;215m[0m
  [38;2;250;235;215mres://tests/unit/localization/interpolation_test.gd[0m[38;2;250;235;215m > [0m[38;2;250;235;215mtest_interpolation_two_params_both_replaced[0m[38;2;34;139;34m PASSED[0m[38;2;100;149;237m 288ms[0m
[38;2;250;235;215m[0m
  [38;2;250;235;215mres://tests/unit/localization/interpolation_test.gd[0m[38;2;250;235;215m > [0m[38;2;250;235;215mtest_interpolation_two_params_no_leftover_placeholders[0m[38;2;34;139;34m STARTED[0m[38;2;250;235;215m[0m
  [38;2;250;235;215mres://tests/unit/localization/interpolation_test.gd[0m[38;2;250;235;215m > [0m[38;2;250;235;215mtest_interpolation_two_params_no_leftover_placeholders[0m[38;2;34;139;34m PASSED[0m[38;2;100;149;237m 291ms[0m
[38;2;250;235;215m[0m
  [38;2;250;235;215mres://tests/unit/localization/interpolation_test.gd[0m[38;2;250;235;215m > [0m[38;2;250;235;215mtest_interpolation_missing_param_key_leaves_placeholder_intact[0m[38;2;34;139;34m STARTED[0m[38;2;250;235;215m[0m
  [38;2;250;235;215mres://tests/unit/localization/interpolation_test.gd[0m[38;2;250;235;215m > [0m[38;2;250;235;215mtest_interpolation_missing_param_key_leaves_placeholder_intact[0m[38;2;34;139;34m PASSED[0m[38;2;100;149;237m 292ms[0m
[38;2;250;235;215m[0m
  [38;2;250;235;215mres://tests/unit/localization/interpolation_test.gd[0m[38;2;250;235;215m > [0m[38;2;250;235;215mtest_interpolation_missing_param_key_does_not_return_empty_string[0m[38;2;34;139;34m STARTED[0m[38;2;250;235;215m[0m
  [38;2;250;235;215mres://tests/unit/localization/interpolation_test.gd[0m[38;2;250;235;215m > [0m[38;2;250;235;215mtest_interpolation_missing_param_key_does_not_return_empty_string[0m[38;2;34;139;34m PASSED[0m[38;2;100;149;237m 296ms[0m
[38;2;250;235;215m[0m
  [38;2;250;235;215mres://tests/unit/localization/interpolation_test.gd[0m[38;2;250;235;215m > [0m[38;2;250;235;215mtest_interpolation_no_placeholders_with_params_returns_original_text[0m[38;2;34;139;34m STARTED[0m[38;2;250;235;215m[0m
  [38;2;250;235;215mres://tests/unit/localization/interpolation_test.gd[0m[38;2;250;235;215m > [0m[38;2;250;235;215mtest_interpolation_no_placeholders_with_params_returns_original_text[0m[38;2;34;139;34m PASSED[0m[38;2;100;149;237m 290ms[0m
[38;2;250;235;215m[0m
  [38;2;250;235;215mres://tests/unit/localization/interpolation_test.gd[0m[38;2;250;235;215m > [0m[38;2;250;235;215mtest_interpolation_no_placeholders_result_is_exact_table_value[0m[38;2;34;139;34m STARTED[0m[38;2;250;235;215m[0m
  [38;2;250;235;215mres://tests/unit/localization/interpolation_test.gd[0m[38;2;250;235;215m > [0m[38;2;250;235;215mtest_interpolation_no_placeholders_result_is_exact_table_value[0m[38;2;34;139;34m PASSED[0m[38;2;100;149;237m 289ms[0m
[38;2;250;235;215m[0m
  [38;2;250;235;215mres://tests/unit/localization/interpolation_test.gd[0m[38;2;250;235;215m > [0m[38;2;250;235;215mtest_interpolation_empty_params_returns_text_unchanged[0m[38;2;34;139;34m STARTED[0m[38;2;250;235;215m[0m
  [38;2;250;235;215mres://tests/unit/localization/interpolation_test.gd[0m[38;2;250;235;215m > [0m[38;2;250;235;215mtest_interpolation_empty_params_returns_text_unchanged[0m[38;2;34;139;34m PASSED[0m[38;2;100;149;237m 289ms[0m
[38;2;250;235;215m[0m
  [38;2;250;235;215mres://tests/unit/localization/interpolation_test.gd[0m[38;2;250;235;215m > [0m[38;2;250;235;215mtest_interpolation_empty_params_on_plain_text_returns_same_string[0m[38;2;34;139;34m STARTED[0m[38;2;250;235;215m[0m
  [38;2;250;235;215mres://tests/unit/localization/interpolation_test.gd[0m[38;2;250;235;215m > [0m[38;2;250;235;215mtest_interpolation_empty_params_on_plain_text_returns_same_string[0m[38;2;34;139;34m PASSED[0m[38;2;100;149;237m 286ms[0m
[38;2;250;235;215m[0m
[38;2;30;144;255mStatistics:[0m[38;2;250;235;215m 10 test cases | 0 errors | 0 failures | 0 flaky | 0 skipped | 0 orphans |[0m[38;2;34;139;34m PASSED[0m[38;2;100;149;237m 3s 251ms[0m
[38;2;250;235;215m[0m
[38;2;250;235;215m[0m
[38;2;0;206;209mRun Test Suite: [0m[38;2;250;235;215mres://tests/unit/localization/locale_switch_test.gd[0m
  [38;2;250;235;215mres://tests/unit/localization/locale_switch_test.gd[0m[38;2;250;235;215m > [0m[38;2;250;235;215mtest_locale_switch_same_locale_returns_true[0m[38;2;34;139;34m STARTED[0m[38;2;250;235;215m[0m
  [38;2;250;235;215mres://tests/unit/localization/locale_switch_test.gd[0m[38;2;250;235;215m > [0m[38;2;250;235;215mtest_locale_switch_same_locale_returns_true[0m[38;2;34;139;34m PASSED[0m[38;2;100;149;237m 293ms[0m
[38;2;250;235;215m[0m
  [38;2;250;235;215mres://tests/unit/localization/locale_switch_test.gd[0m[38;2;250;235;215m > [0m[38;2;250;235;215mtest_locale_switch_same_locale_does_not_emit_locale_changed[0m[38;2;34;139;34m STARTED[0m[38;2;250;235;215m[0m
  [38;2;250;235;215mres://tests/unit/localization/locale_switch_test.gd[0m[38;2;250;235;215m > [0m[38;2;250;235;215mtest_locale_switch_same_locale_does_not_emit_locale_changed[0m[38;2;34;139;34m PASSED[0m[38;2;100;149;237m 289ms[0m
[38;2;250;235;215m[0m
  [38;2;250;235;215mres://tests/unit/localization/locale_switch_test.gd[0m[38;2;250;235;215m > [0m[38;2;250;235;215mtest_locale_switch_same_locale_leaves_active_locale_unchanged[0m[38;2;34;139;34m STARTED[0m[38;2;250;235;215m[0m
  [38;2;250;235;215mres://tests/unit/localization/locale_switch_test.gd[0m[38;2;250;235;215m > [0m[38;2;250;235;215mtest_locale_switch_same_locale_leaves_active_locale_unchanged[0m[38;2;34;139;34m PASSED[0m[38;2;100;149;237m 290ms[0m
[38;2;250;235;215m[0m
  [38;2;250;235;215mres://tests/unit/localization/locale_switch_test.gd[0m[38;2;250;235;215m > [0m[38;2;250;235;215mtest_locale_switch_same_locale_leaves_active_table_unchanged[0m[38;2;34;139;34m STARTED[0m[38;2;250;235;215m[0m
  [38;2;250;235;215mres://tests/unit/localization/locale_switch_test.gd[0m[38;2;250;235;215m > [0m[38;2;250;235;215mtest_locale_switch_same_locale_leaves_active_table_unchanged[0m[38;2;34;139;34m PASSED[0m[38;2;100;149;237m 296ms[0m
[38;2;250;235;215m[0m
  [38;2;250;235;215mres://tests/unit/localization/locale_switch_test.gd[0m[38;2;250;235;215m > [0m[38;2;250;235;215mtest_locale_switch_unsupported_locale_returns_false[0m[38;2;34;139;34m STARTED[0m[38;2;250;235;215m[0m
WARNING: Localization: unsupported locale: xx
   at: push_warning (core/variant/variant_utility.cpp:1034)
   GDScript backtrace (most recent call first):
       [0] switch_locale (res://autoloads/localization.gd:97)
       [1] test_locale_switch_unsupported_locale_returns_false (res://tests/unit/localization/locale_switch_test.gd:115)
       [2] _execute_test_case (res://addons/gdUnit4/src/core/_TestCase.gd:94)
       [3] execute (res://addons/gdUnit4/src/core/_TestCase.gd:39)
       [4] _execute (res://addons/gdUnit4/src/core/execution/stages/single/GdUnitTestCaseSingleTestStage.gd:10)
       [5] execute (res://addons/gdUnit4/src/core/execution/stages/IGdUnitExecutionStage.gd:19)
       [6] _execute (res://addons/gdUnit4/src/core/execution/stages/single/GdUnitTestCaseSingleExecutionStage.gd:17)
       [7] execute (res://addons/gdUnit4/src/core/execution/stages/IGdUnitExecutionStage.gd:19)
       [8] _execute (res://addons/gdUnit4/src/core/execution/stages/GdUnitTestCaseExecutionStage.gd:24)
       [9] execute (res://addons/gdUnit4/src/core/execution/stages/IGdUnitExecutionStage.gd:19)
       [10] _execute (res://addons/gdUnit4/src/core/execution/stages/GdUnitTestSuiteExecutionStage.gd:32)
       [11] execute (res://addons/gdUnit4/src/core/execution/stages/IGdUnitExecutionStage.gd:19)
       [12] _execute (res://addons/gdUnit4/src/core/execution/stages/GdUnitTestCaseExecutionStage.gd:31)
       [13] execute (res://addons/gdUnit4/src/core/execution/stages/IGdUnitExecutionStage.gd:19)
       [14] _execute (res://addons/gdUnit4/src/core/execution/stages/single/GdUnitTestCaseSingleExecutionStage.gd:28)
       [15] execute (res://addons/gdUnit4/src/core/execution/stages/IGdUnitExecutionStage.gd:19)
       [16] _execute (res://addons/gdUnit4/src/core/execution/stages/single/GdUnitTestCaseSingleTestStage.gd:11)
       [17] execute (res://addons/gdUnit4/src/core/_TestCase.gd:40)
       [18] _execute_test_case (res://addons/gdUnit4/src/core/_TestCase.gd:98)
  [38;2;250;235;215mres://tests/unit/localization/locale_switch_test.gd[0m[38;2;250;235;215m > [0m[38;2;250;235;215mtest_locale_switch_unsupported_locale_returns_false[0m[38;2;34;139;34m PASSED[0m[38;2;100;149;237m 292ms[0m
[38;2;250;235;215m[0m
  [38;2;250;235;215mres://tests/unit/localization/locale_switch_test.gd[0m[38;2;250;235;215m > [0m[38;2;250;235;215mtest_locale_switch_unsupported_locale_leaves_active_locale_as_english[0m[38;2;34;139;34m STARTED[0m[38;2;250;235;215m[0m
WARNING: Localization: unsupported locale: xx
   at: push_warning (core/variant/variant_utility.cpp:1034)
   GDScript backtrace (most recent call first):
       [0] switch_locale (res://autoloads/localization.gd:97)
       [1] test_locale_switch_unsupported_locale_leaves_active_locale_as_english (res://tests/unit/localization/locale_switch_test.gd:126)
       [2] _execute_test_case (res://addons/gdUnit4/src/core/_TestCase.gd:94)
       [3] execute (res://addons/gdUnit4/src/core/_TestCase.gd:39)
       [4] _execute (res://addons/gdUnit4/src/core/execution/stages/single/GdUnitTestCaseSingleTestStage.gd:10)
       [5] execute (res://addons/gdUnit4/src/core/execution/stages/IGdUnitExecutionStage.gd:19)
       [6] _execute (res://addons/gdUnit4/src/core/execution/stages/single/GdUnitTestCaseSingleExecutionStage.gd:17)
       [7] execute (res://addons/gdUnit4/src/core/execution/stages/IGdUnitExecutionStage.gd:19)
       [8] _execute (res://addons/gdUnit4/src/core/execution/stages/GdUnitTestCaseExecutionStage.gd:24)
       [9] execute (res://addons/gdUnit4/src/core/execution/stages/IGdUnitExecutionStage.gd:19)
       [10] _execute (res://addons/gdUnit4/src/core/execution/stages/GdUnitTestSuiteExecutionStage.gd:32)
       [11] execute (res://addons/gdUnit4/src/core/execution/stages/IGdUnitExecutionStage.gd:19)
       [12] _execute (res://addons/gdUnit4/src/core/execution/stages/GdUnitTestCaseExecutionStage.gd:31)
       [13] execute (res://addons/gdUnit4/src/core/execution/stages/IGdUnitExecutionStage.gd:19)
       [14] _execute (res://addons/gdUnit4/src/core/execution/stages/single/GdUnitTestCaseSingleExecutionStage.gd:28)
       [15] execute (res://addons/gdUnit4/src/core/execution/stages/IGdUnitExecutionStage.gd:19)
       [16] _execute (res://addons/gdUnit4/src/core/execution/stages/single/GdUnitTestCaseSingleTestStage.gd:11)
       [17] execute (res://addons/gdUnit4/src/core/_TestCase.gd:40)
       [18] _execute_test_case (res://addons/gdUnit4/src/core/_TestCase.gd:98)
  [38;2;250;235;215mres://tests/unit/localization/locale_switch_test.gd[0m[38;2;250;235;215m > [0m[38;2;250;235;215mtest_locale_switch_unsupported_locale_leaves_active_locale_as_english[0m[38;2;34;139;34m PASSED[0m[38;2;100;149;237m 296ms[0m
[38;2;250;235;215m[0m
  [38;2;250;235;215mres://tests/unit/localization/locale_switch_test.gd[0m[38;2;250;235;215m > [0m[38;2;250;235;215mtest_locale_switch_unsupported_locale_does_not_emit_locale_changed[0m[38;2;34;139;34m STARTED[0m[38;2;250;235;215m[0m
WARNING: Localization: unsupported locale: xx
   at: push_warning (core/variant/variant_utility.cpp:1034)
   GDScript backtrace (most recent call first):
       [0] switch_locale (res://autoloads/localization.gd:97)
       [1] test_locale_switch_unsupported_locale_does_not_emit_locale_changed (res://tests/unit/localization/locale_switch_test.gd:139)
       [2] _execute_test_case (res://addons/gdUnit4/src/core/_TestCase.gd:94)
       [3] execute (res://addons/gdUnit4/src/core/_TestCase.gd:39)
       [4] _execute (res://addons/gdUnit4/src/core/execution/stages/single/GdUnitTestCaseSingleTestStage.gd:10)
       [5] execute (res://addons/gdUnit4/src/core/execution/stages/IGdUnitExecutionStage.gd:19)
       [6] _execute (res://addons/gdUnit4/src/core/execution/stages/single/GdUnitTestCaseSingleExecutionStage.gd:17)
       [7] execute (res://addons/gdUnit4/src/core/execution/stages/IGdUnitExecutionStage.gd:19)
       [8] _execute (res://addons/gdUnit4/src/core/execution/stages/GdUnitTestCaseExecutionStage.gd:24)
       [9] execute (res://addons/gdUnit4/src/core/execution/stages/IGdUnitExecutionStage.gd:19)
       [10] _execute (res://addons/gdUnit4/src/core/execution/stages/GdUnitTestSuiteExecutionStage.gd:32)
       [11] execute (res://addons/gdUnit4/src/core/execution/stages/IGdUnitExecutionStage.gd:19)
       [12] _execute (res://addons/gdUnit4/src/core/execution/stages/GdUnitTestCaseExecutionStage.gd:31)
       [13] execute (res://addons/gdUnit4/src/core/execution/stages/IGdUnitExecutionStage.gd:19)
       [14] _execute (res://addons/gdUnit4/src/core/execution/stages/single/GdUnitTestCaseSingleExecutionStage.gd:28)
       [15] execute (res://addons/gdUnit4/src/core/execution/stages/IGdUnitExecutionStage.gd:19)
       [16] _execute (res://addons/gdUnit4/src/core/execution/stages/single/GdUnitTestCaseSingleTestStage.gd:11)
       [17] execute (res://addons/gdUnit4/src/core/_TestCase.gd:40)
       [18] _execute_test_case (res://addons/gdUnit4/src/core/_TestCase.gd:98)
  [38;2;250;235;215mres://tests/unit/localization/locale_switch_test.gd[0m[38;2;250;235;215m > [0m[38;2;250;235;215mtest_locale_switch_unsupported_locale_does_not_emit_locale_changed[0m[38;2;34;139;34m PASSED[0m[38;2;100;149;237m 292ms[0m
[38;2;250;235;215m[0m
  [38;2;250;235;215mres://tests/unit/localization/locale_switch_test.gd[0m[38;2;250;235;215m > [0m[38;2;250;235;215mtest_locale_switch_unsupported_locale_preserves_text_resolution[0m[38;2;34;139;34m STARTED[0m[38;2;250;235;215m[0m
WARNING: Localization: unsupported locale: zz_invalid
   at: push_warning (core/variant/variant_utility.cpp:1034)
   GDScript backtrace (most recent call first):
       [0] switch_locale (res://autoloads/localization.gd:97)
       [1] test_locale_switch_unsupported_locale_preserves_text_resolution (res://tests/unit/localization/locale_switch_test.gd:151)
       [2] _execute_test_case (res://addons/gdUnit4/src/core/_TestCase.gd:94)
       [3] execute (res://addons/gdUnit4/src/core/_TestCase.gd:39)
       [4] _execute (res://addons/gdUnit4/src/core/execution/stages/single/GdUnitTestCaseSingleTestStage.gd:10)
       [5] execute (res://addons/gdUnit4/src/core/execution/stages/IGdUnitExecutionStage.gd:19)
       [6] _execute (res://addons/gdUnit4/src/core/execution/stages/single/GdUnitTestCaseSingleExecutionStage.gd:17)
       [7] execute (res://addons/gdUnit4/src/core/execution/stages/IGdUnitExecutionStage.gd:19)
       [8] _execute (res://addons/gdUnit4/src/core/execution/stages/GdUnitTestCaseExecutionStage.gd:24)
       [9] execute (res://addons/gdUnit4/src/core/execution/stages/IGdUnitExecutionStage.gd:19)
       [10] _execute (res://addons/gdUnit4/src/core/execution/stages/GdUnitTestSuiteExecutionStage.gd:32)
       [11] execute (res://addons/gdUnit4/src/core/execution/stages/IGdUnitExecutionStage.gd:19)
       [12] _execute (res://addons/gdUnit4/src/core/execution/stages/GdUnitTestCaseExecutionStage.gd:31)
       [13] execute (res://addons/gdUnit4/src/core/execution/stages/IGdUnitExecutionStage.gd:19)
       [14] _execute (res://addons/gdUnit4/src/core/execution/stages/single/GdUnitTestCaseSingleExecutionStage.gd:28)
       [15] execute (res://addons/gdUnit4/src/core/execution/stages/IGdUnitExecutionStage.gd:19)
       [16] _execute (res://addons/gdUnit4/src/core/execution/stages/single/GdUnitTestCaseSingleTestStage.gd:11)
       [17] execute (res://addons/gdUnit4/src/core/_TestCase.gd:40)
       [18] _execute_test_case (res://addons/gdUnit4/src/core/_TestCase.gd:98)
  [38;2;250;235;215mres://tests/unit/localization/locale_switch_test.gd[0m[38;2;250;235;215m > [0m[38;2;250;235;215mtest_locale_switch_unsupported_locale_preserves_text_resolution[0m[38;2;34;139;34m PASSED[0m[38;2;100;149;237m 291ms[0m
[38;2;250;235;215m[0m
  [38;2;250;235;215mres://tests/unit/localization/locale_switch_test.gd[0m[38;2;250;235;215m > [0m[38;2;250;235;215mtest_locale_switch_missing_json_returns_false[0m[38;2;34;139;34m STARTED[0m[38;2;250;235;215m[0m
ERROR: Localization: string table not found: res://i18n/nonexistent_locale_ac3.json
   at: push_error (core/variant/variant_utility.cpp:1024)
   GDScript backtrace (most recent call first):
       [0] _load_table (res://autoloads/localization.gd:128)
       [1] test_locale_switch_missing_json_returns_false (res://tests/unit/localization/locale_switch_test.gd:172)
       [2] _execute_test_case (res://addons/gdUnit4/src/core/_TestCase.gd:94)
       [3] execute (res://addons/gdUnit4/src/core/_TestCase.gd:39)
       [4] _execute (res://addons/gdUnit4/src/core/execution/stages/single/GdUnitTestCaseSingleTestStage.gd:10)
       [5] execute (res://addons/gdUnit4/src/core/execution/stages/IGdUnitExecutionStage.gd:19)
       [6] _execute (res://addons/gdUnit4/src/core/execution/stages/single/GdUnitTestCaseSingleExecutionStage.gd:17)
       [7] execute (res://addons/gdUnit4/src/core/execution/stages/IGdUnitExecutionStage.gd:19)
       [8] _execute (res://addons/gdUnit4/src/core/execution/stages/GdUnitTestCaseExecutionStage.gd:24)
       [9] execute (res://addons/gdUnit4/src/core/execution/stages/IGdUnitExecutionStage.gd:19)
       [10] _execute (res://addons/gdUnit4/src/core/execution/stages/GdUnitTestSuiteExecutionStage.gd:32)
       [11] execute (res://addons/gdUnit4/src/core/execution/stages/IGdUnitExecutionStage.gd:19)
       [12] _execute (res://addons/gdUnit4/src/core/execution/stages/GdUnitTestCaseExecutionStage.gd:31)
       [13] execute (res://addons/gdUnit4/src/core/execution/stages/IGdUnitExecutionStage.gd:19)
       [14] _execute (res://addons/gdUnit4/src/core/execution/stages/single/GdUnitTestCaseSingleExecutionStage.gd:28)
       [15] execute (res://addons/gdUnit4/src/core/execution/stages/IGdUnitExecutionStage.gd:19)
       [16] _execute (res://addons/gdUnit4/src/core/execution/stages/single/GdUnitTestCaseSingleTestStage.gd:11)
       [17] execute (res://addons/gdUnit4/src/core/_TestCase.gd:40)
       [18] _execute_test_case (res://addons/gdUnit4/src/core/_TestCase.gd:98)
  [38;2;250;235;215mres://tests/unit/localization/locale_switch_test.gd[0m[38;2;250;235;215m > [0m[38;2;250;235;215mtest_locale_switch_missing_json_returns_false[0m[38;2;34;139;34m PASSED[0m[38;2;100;149;237m 292ms[0m
[38;2;250;235;215m[0m
  [38;2;250;235;215mres://tests/unit/localization/locale_switch_test.gd[0m[38;2;250;235;215m > [0m[38;2;250;235;215mtest_locale_switch_missing_json_active_locale_unchanged[0m[38;2;34;139;34m STARTED[0m[38;2;250;235;215m[0m
WARNING: Localization: unsupported locale: fr
   at: push_warning (core/variant/variant_utility.cpp:1034)
   GDScript backtrace (most recent call first):
       [0] switch_locale (res://autoloads/localization.gd:97)
       [1] test_locale_switch_missing_json_active_locale_unchanged (res://tests/unit/localization/locale_switch_test.gd:191)
       [2] _execute_test_case (res://addons/gdUnit4/src/core/_TestCase.gd:94)
       [3] execute (res://addons/gdUnit4/src/core/_TestCase.gd:39)
       [4] _execute (res://addons/gdUnit4/src/core/execution/stages/single/GdUnitTestCaseSingleTestStage.gd:10)
       [5] execute (res://addons/gdUnit4/src/core/execution/stages/IGdUnitExecutionStage.gd:19)
       [6] _execute (res://addons/gdUnit4/src/core/execution/stages/single/GdUnitTestCaseSingleExecutionStage.gd:17)
       [7] execute (res://addons/gdUnit4/src/core/execution/stages/IGdUnitExecutionStage.gd:19)
       [8] _execute (res://addons/gdUnit4/src/core/execution/stages/GdUnitTestCaseExecutionStage.gd:24)
       [9] execute (res://addons/gdUnit4/src/core/execution/stages/IGdUnitExecutionStage.gd:19)
       [10] _execute (res://addons/gdUnit4/src/core/execution/stages/GdUnitTestSuiteExecutionStage.gd:32)
       [11] execute (res://addons/gdUnit4/src/core/execution/stages/IGdUnitExecutionStage.gd:19)
       [12] _execute (res://addons/gdUnit4/src/core/execution/stages/GdUnitTestCaseExecutionStage.gd:31)
       [13] execute (res://addons/gdUnit4/src/core/execution/stages/IGdUnitExecutionStage.gd:19)
       [14] _execute (res://addons/gdUnit4/src/core/execution/stages/single/GdUnitTestCaseSingleExecutionStage.gd:28)
       [15] execute (res://addons/gdUnit4/src/core/execution/stages/IGdUnitExecutionStage.gd:19)
       [16] _execute (res://addons/gdUnit4/src/core/execution/stages/single/GdUnitTestCaseSingleTestStage.gd:11)
       [17] execute (res://addons/gdUnit4/src/core/_TestCase.gd:40)
       [18] _execute_test_case (res://addons/gdUnit4/src/core/_TestCase.gd:98)
  [38;2;250;235;215mres://tests/unit/localization/locale_switch_test.gd[0m[38;2;250;235;215m > [0m[38;2;250;235;215mtest_locale_switch_missing_json_active_locale_unchanged[0m[38;2;34;139;34m PASSED[0m[38;2;100;149;237m 293ms[0m
[38;2;250;235;215m[0m
  [38;2;250;235;215mres://tests/unit/localization/locale_switch_test.gd[0m[38;2;250;235;215m > [0m[38;2;250;235;215mtest_locale_switch_load_failure_does_not_emit_locale_changed[0m[38;2;34;139;34m STARTED[0m[38;2;250;235;215m[0m
WARNING: Localization: unsupported locale: fr
   at: push_warning (core/variant/variant_utility.cpp:1034)
   GDScript backtrace (most recent call first):
       [0] switch_locale (res://autoloads/localization.gd:97)
       [1] test_locale_switch_load_failure_does_not_emit_locale_changed (res://tests/unit/localization/locale_switch_test.gd:204)
       [2] _execute_test_case (res://addons/gdUnit4/src/core/_TestCase.gd:94)
       [3] execute (res://addons/gdUnit4/src/core/_TestCase.gd:39)
       [4] _execute (res://addons/gdUnit4/src/core/execution/stages/single/GdUnitTestCaseSingleTestStage.gd:10)
       [5] execute (res://addons/gdUnit4/src/core/execution/stages/IGdUnitExecutionStage.gd:19)
       [6] _execute (res://addons/gdUnit4/src/core/execution/stages/single/GdUnitTestCaseSingleExecutionStage.gd:17)
       [7] execute (res://addons/gdUnit4/src/core/execution/stages/IGdUnitExecutionStage.gd:19)
       [8] _execute (res://addons/gdUnit4/src/core/execution/stages/GdUnitTestCaseExecutionStage.gd:24)
       [9] execute (res://addons/gdUnit4/src/core/execution/stages/IGdUnitExecutionStage.gd:19)
       [10] _execute (res://addons/gdUnit4/src/core/execution/stages/GdUnitTestSuiteExecutionStage.gd:32)
       [11] execute (res://addons/gdUnit4/src/core/execution/stages/IGdUnitExecutionStage.gd:19)
       [12] _execute (res://addons/gdUnit4/src/core/execution/stages/GdUnitTestCaseExecutionStage.gd:31)
       [13] execute (res://addons/gdUnit4/src/core/execution/stages/IGdUnitExecutionStage.gd:19)
       [14] _execute (res://addons/gdUnit4/src/core/execution/stages/single/GdUnitTestCaseSingleExecutionStage.gd:28)
       [15] execute (res://addons/gdUnit4/src/core/execution/stages/IGdUnitExecutionStage.gd:19)
       [16] _execute (res://addons/gdUnit4/src/core/execution/stages/single/GdUnitTestCaseSingleTestStage.gd:11)
       [17] execute (res://addons/gdUnit4/src/core/_TestCase.gd:40)
       [18] _execute_test_case (res://addons/gdUnit4/src/core/_TestCase.gd:98)
  [38;2;250;235;215mres://tests/unit/localization/locale_switch_test.gd[0m[38;2;250;235;215m > [0m[38;2;250;235;215mtest_locale_switch_load_failure_does_not_emit_locale_changed[0m[38;2;34;139;34m PASSED[0m[38;2;100;149;237m 292ms[0m
[38;2;250;235;215m[0m
  [38;2;250;235;215mres://tests/unit/localization/locale_switch_test.gd[0m[38;2;250;235;215m > [0m[38;2;250;235;215mtest_locale_switch_valid_switch_emits_locale_changed[0m[38;2;34;139;34m STARTED[0m[38;2;250;235;215m[0m
  [38;2;250;235;215mres://tests/unit/localization/locale_switch_test.gd[0m[38;2;250;235;215m > [0m[38;2;250;235;215mtest_locale_switch_valid_switch_emits_locale_changed[0m[38;2;34;139;34m PASSED[0m[38;2;100;149;237m 288ms[0m
[38;2;250;235;215m[0m
  [38;2;250;235;215mres://tests/unit/localization/locale_switch_test.gd[0m[38;2;250;235;215m > [0m[38;2;250;235;215mtest_locale_switch_valid_switch_updates_active_locale[0m[38;2;34;139;34m STARTED[0m[38;2;250;235;215m[0m
  [38;2;250;235;215mres://tests/unit/localization/locale_switch_test.gd[0m[38;2;250;235;215m > [0m[38;2;250;235;215mtest_locale_switch_valid_switch_updates_active_locale[0m[38;2;34;139;34m PASSED[0m[38;2;100;149;237m 287ms[0m
[38;2;250;235;215m[0m
  [38;2;250;235;215mres://tests/unit/localization/locale_switch_test.gd[0m[38;2;250;235;215m > [0m[38;2;250;235;215mtest_locale_switch_valid_switch_get_text_resolves_from_spanish_table[0m[38;2;34;139;34m STARTED[0m[38;2;250;235;215m[0m
  [38;2;250;235;215mres://tests/unit/localization/locale_switch_test.gd[0m[38;2;250;235;215m > [0m[38;2;250;235;215mtest_locale_switch_valid_switch_get_text_resolves_from_spanish_table[0m[38;2;34;139;34m PASSED[0m[38;2;100;149;237m 290ms[0m
[38;2;250;235;215m[0m
  [38;2;250;235;215mres://tests/unit/localization/locale_switch_test.gd[0m[38;2;250;235;215m > [0m[38;2;250;235;215mtest_locale_switch_valid_switch_english_fallback_still_works[0m[38;2;34;139;34m STARTED[0m[38;2;250;235;215m[0m
WARNING: Localization: key 'UI_NEW_GAME' missing from active locale 'es', falling back to English
   at: push_warning (core/variant/variant_utility.cpp:1034)
   GDScript backtrace (most recent call first):
       [0] get_text (res://autoloads/localization.gd:78)
       [1] test_locale_switch_valid_switch_english_fallback_still_works (res://tests/unit/localization/locale_switch_test.gd:275)
       [2] _execute_test_case (res://addons/gdUnit4/src/core/_TestCase.gd:94)
       [3] execute (res://addons/gdUnit4/src/core/_TestCase.gd:39)
       [4] _execute (res://addons/gdUnit4/src/core/execution/stages/single/GdUnitTestCaseSingleTestStage.gd:10)
       [5] execute (res://addons/gdUnit4/src/core/execution/stages/IGdUnitExecutionStage.gd:19)
       [6] _execute (res://addons/gdUnit4/src/core/execution/stages/single/GdUnitTestCaseSingleExecutionStage.gd:17)
       [7] execute (res://addons/gdUnit4/src/core/execution/stages/IGdUnitExecutionStage.gd:19)
       [8] _execute (res://addons/gdUnit4/src/core/execution/stages/GdUnitTestCaseExecutionStage.gd:24)
       [9] execute (res://addons/gdUnit4/src/core/execution/stages/IGdUnitExecutionStage.gd:19)
       [10] _execute (res://addons/gdUnit4/src/core/execution/stages/GdUnitTestSuiteExecutionStage.gd:32)
       [11] execute (res://addons/gdUnit4/src/core/execution/stages/IGdUnitExecutionStage.gd:19)
       [12] _execute (res://addons/gdUnit4/src/core/execution/stages/GdUnitTestCaseExecutionStage.gd:31)
       [13] execute (res://addons/gdUnit4/src/core/execution/stages/IGdUnitExecutionStage.gd:19)
       [14] _execute (res://addons/gdUnit4/src/core/execution/stages/single/GdUnitTestCaseSingleExecutionStage.gd:28)
       [15] execute (res://addons/gdUnit4/src/core/execution/stages/IGdUnitExecutionStage.gd:19)
       [16] _execute (res://addons/gdUnit4/src/core/execution/stages/single/GdUnitTestCaseSingleTestStage.gd:11)
       [17] execute (res://addons/gdUnit4/src/core/_TestCase.gd:40)
       [18] _execute_test_case (res://addons/gdUnit4/src/core/_TestCase.gd:98)
  [38;2;250;235;215mres://tests/unit/localization/locale_switch_test.gd[0m[38;2;250;235;215m > [0m[38;2;250;235;215mtest_locale_switch_valid_switch_english_fallback_still_works[0m[38;2;34;139;34m PASSED[0m[38;2;100;149;237m 291ms[0m
[38;2;250;235;215m[0m
  [38;2;250;235;215mres://tests/unit/localization/locale_switch_test.gd[0m[38;2;250;235;215m > [0m[38;2;250;235;215mtest_locale_switch_switch_locale_returns_true_on_success[0m[38;2;34;139;34m STARTED[0m[38;2;250;235;215m[0m
  [38;2;250;235;215mres://tests/unit/localization/locale_switch_test.gd[0m[38;2;250;235;215m > [0m[38;2;250;235;215mtest_locale_switch_switch_locale_returns_true_on_success[0m[38;2;34;139;34m PASSED[0m[38;2;100;149;237m 292ms[0m
[38;2;250;235;215m[0m
  [38;2;250;235;215mres://tests/unit/localization/locale_switch_test.gd[0m[38;2;250;235;215m > [0m[38;2;250;235;215mtest_locale_switch_performance_same_locale_noop_under_frame_budget[0m[38;2;34;139;34m STARTED[0m[38;2;250;235;215m[0m
  [38;2;250;235;215mres://tests/unit/localization/locale_switch_test.gd[0m[38;2;250;235;215m > [0m[38;2;250;235;215mtest_locale_switch_performance_same_locale_noop_under_frame_budget[0m[38;2;34;139;34m PASSED[0m[38;2;100;149;237m 291ms[0m
[38;2;250;235;215m[0m
  [38;2;250;235;215mres://tests/unit/localization/locale_switch_test.gd[0m[38;2;250;235;215m > [0m[38;2;250;235;215mtest_locale_switch_performance_unsupported_locale_under_frame_budget[0m[38;2;34;139;34m STARTED[0m[38;2;250;235;215m[0m
WARNING: Localization: unsupported locale: xx
   at: push_warning (core/variant/variant_utility.cpp:1034)
   GDScript backtrace (most recent call first):
       [0] switch_locale (res://autoloads/localization.gd:97)
       [1] test_locale_switch_performance_unsupported_locale_under_frame_budget (res://tests/unit/localization/locale_switch_test.gd:316)
       [2] _execute_test_case (res://addons/gdUnit4/src/core/_TestCase.gd:94)
       [3] execute (res://addons/gdUnit4/src/core/_TestCase.gd:39)
       [4] _execute (res://addons/gdUnit4/src/core/execution/stages/single/GdUnitTestCaseSingleTestStage.gd:10)
       [5] execute (res://addons/gdUnit4/src/core/execution/stages/IGdUnitExecutionStage.gd:19)
       [6] _execute (res://addons/gdUnit4/src/core/execution/stages/single/GdUnitTestCaseSingleExecutionStage.gd:17)
       [7] execute (res://addons/gdUnit4/src/core/execution/stages/IGdUnitExecutionStage.gd:19)
       [8] _execute (res://addons/gdUnit4/src/core/execution/stages/GdUnitTestCaseExecutionStage.gd:24)
       [9] execute (res://addons/gdUnit4/src/core/execution/stages/IGdUnitExecutionStage.gd:19)
       [10] _execute (res://addons/gdUnit4/src/core/execution/stages/GdUnitTestSuiteExecutionStage.gd:32)
       [11] execute (res://addons/gdUnit4/src/core/execution/stages/IGdUnitExecutionStage.gd:19)
       [12] _execute (res://addons/gdUnit4/src/core/execution/stages/GdUnitTestCaseExecutionStage.gd:31)
       [13] execute (res://addons/gdUnit4/src/core/execution/stages/IGdUnitExecutionStage.gd:19)
       [14] _execute (res://addons/gdUnit4/src/core/execution/stages/single/GdUnitTestCaseSingleExecutionStage.gd:28)
       [15] execute (res://addons/gdUnit4/src/core/execution/stages/IGdUnitExecutionStage.gd:19)
       [16] _execute (res://addons/gdUnit4/src/core/execution/stages/single/GdUnitTestCaseSingleTestStage.gd:11)
       [17] execute (res://addons/gdUnit4/src/core/_TestCase.gd:40)
       [18] _execute_test_case (res://addons/gdUnit4/src/core/_TestCase.gd:98)
WARNING: Localization: unsupported locale: xx
   at: push_warning (core/variant/variant_utility.cpp:1034)
   GDScript backtrace (most recent call first):
       [0] switch_locale (res://autoloads/localization.gd:97)
       [1] test_locale_switch_performance_unsupported_locale_under_frame_budget (res://tests/unit/localization/locale_switch_test.gd:316)
       [2] _execute_test_case (res://addons/gdUnit4/src/core/_TestCase.gd:94)
       [3] execute (res://addons/gdUnit4/src/core/_TestCase.gd:39)
       [4] _execute (res://addons/gdUnit4/src/core/execution/stages/single/GdUnitTestCaseSingleTestStage.gd:10)
       [5] execute (res://addons/gdUnit4/src/core/execution/stages/IGdUnitExecutionStage.gd:19)
       [6] _execute (res://addons/gdUnit4/src/core/execution/stages/single/GdUnitTestCaseSingleExecutionStage.gd:17)
       [7] execute (res://addons/gdUnit4/src/core/execution/stages/IGdUnitExecutionStage.gd:19)
       [8] _execute (res://addons/gdUnit4/src/core/execution/stages/GdUnitTestCaseExecutionStage.gd:24)
       [9] execute (res://addons/gdUnit4/src/core/execution/stages/IGdUnitExecutionStage.gd:19)
       [10] _execute (res://addons/gdUnit4/src/core/execution/stages/GdUnitTestSuiteExecutionStage.gd:32)
       [11] execute (res://addons/gdUnit4/src/core/execution/stages/IGdUnitExecutionStage.gd:19)
       [12] _execute (res://addons/gdUnit4/src/core/execution/stages/GdUnitTestCaseExecutionStage.gd:31)
       [13] execute (res://addons/gdUnit4/src/core/execution/stages/IGdUnitExecutionStage.gd:19)
       [14] _execute (res://addons/gdUnit4/src/core/execution/stages/single/GdUnitTestCaseSingleExecutionStage.gd:28)
       [15] execute (res://addons/gdUnit4/src/core/execution/stages/IGdUnitExecutionStage.gd:19)
       [16] _execute (res://addons/gdUnit4/src/core/execution/stages/single/GdUnitTestCaseSingleTestStage.gd:11)
       [17] execute (res://addons/gdUnit4/src/core/_TestCase.gd:40)
       [18] _execute_test_case (res://addons/gdUnit4/src/core/_TestCase.gd:98)
WARNING: Localization: unsupported locale: xx
   at: push_warning (core/variant/variant_utility.cpp:1034)
   GDScript backtrace (most recent call first):
       [0] switch_locale (res://autoloads/localization.gd:97)
       [1] test_locale_switch_performance_unsupported_locale_under_frame_budget (res://tests/unit/localization/locale_switch_test.gd:316)
       [2] _execute_test_case (res://addons/gdUnit4/src/core/_TestCase.gd:94)
       [3] execute (res://addons/gdUnit4/src/core/_TestCase.gd:39)
       [4] _execute (res://addons/gdUnit4/src/core/execution/stages/single/GdUnitTestCaseSingleTestStage.gd:10)
       [5] execute (res://addons/gdUnit4/src/core/execution/stages/IGdUnitExecutionStage.gd:19)
       [6] _execute (res://addons/gdUnit4/src/core/execution/stages/single/GdUnitTestCaseSingleExecutionStage.gd:17)
       [7] execute (res://addons/gdUnit4/src/core/execution/stages/IGdUnitExecutionStage.gd:19)
       [8] _execute (res://addons/gdUnit4/src/core/execution/stages/GdUnitTestCaseExecutionStage.gd:24)
       [9] execute (res://addons/gdUnit4/src/core/execution/stages/IGdUnitExecutionStage.gd:19)
       [10] _execute (res://addons/gdUnit4/src/core/execution/stages/GdUnitTestSuiteExecutionStage.gd:32)
       [11] execute (res://addons/gdUnit4/src/core/execution/stages/IGdUnitExecutionStage.gd:19)
       [12] _execute (res://addons/gdUnit4/src/core/execution/stages/GdUnitTestCaseExecutionStage.gd:31)
       [13] execute (res://addons/gdUnit4/src/core/execution/stages/IGdUnitExecutionStage.gd:19)
       [14] _execute (res://addons/gdUnit4/src/core/execution/stages/single/GdUnitTestCaseSingleExecutionStage.gd:28)
       [15] execute (res://addons/gdUnit4/src/core/execution/stages/IGdUnitExecutionStage.gd:19)
       [16] _execute (res://addons/gdUnit4/src/core/execution/stages/single/GdUnitTestCaseSingleTestStage.gd:11)
       [17] execute (res://addons/gdUnit4/src/core/_TestCase.gd:40)
       [18] _execute_test_case (res://addons/gdUnit4/src/core/_TestCase.gd:98)
WARNING: Localization: unsupported locale: xx
   at: push_warning (core/variant/variant_utility.cpp:1034)
   GDScript backtrace (most recent call first):
       [0] switch_locale (res://autoloads/localization.gd:97)
       [1] test_locale_switch_performance_unsupported_locale_under_frame_budget (res://tests/unit/localization/locale_switch_test.gd:316)
       [2] _execute_test_case (res://addons/gdUnit4/src/core/_TestCase.gd:94)
       [3] execute (res://addons/gdUnit4/src/core/_TestCase.gd:39)
       [4] _execute (res://addons/gdUnit4/src/core/execution/stages/single/GdUnitTestCaseSingleTestStage.gd:10)
       [5] execute (res://addons/gdUnit4/src/core/execution/stages/IGdUnitExecutionStage.gd:19)
       [6] _execute (res://addons/gdUnit4/src/core/execution/stages/single/GdUnitTestCaseSingleExecutionStage.gd:17)
       [7] execute (res://addons/gdUnit4/src/core/execution/stages/IGdUnitExecutionStage.gd:19)
       [8] _execute (res://addons/gdUnit4/src/core/execution/stages/GdUnitTestCaseExecutionStage.gd:24)
       [9] execute (res://addons/gdUnit4/src/core/execution/stages/IGdUnitExecutionStage.gd:19)
       [10] _execute (res://addons/gdUnit4/src/core/execution/stages/GdUnitTestSuiteExecutionStage.gd:32)
       [11] execute (res://addons/gdUnit4/src/core/execution/stages/IGdUnitExecutionStage.gd:19)
       [12] _execute (res://addons/gdUnit4/src/core/execution/stages/GdUnitTestCaseExecutionStage.gd:31)
       [13] execute (res://addons/gdUnit4/src/core/execution/stages/IGdUnitExecutionStage.gd:19)
       [14] _execute (res://addons/gdUnit4/src/core/execution/stages/single/GdUnitTestCaseSingleExecutionStage.gd:28)
       [15] execute (res://addons/gdUnit4/src/core/execution/stages/IGdUnitExecutionStage.gd:19)
       [16] _execute (res://addons/gdUnit4/src/core/execution/stages/single/GdUnitTestCaseSingleTestStage.gd:11)
       [17] execute (res://addons/gdUnit4/src/core/_TestCase.gd:40)
       [18] _execute_test_case (res://addons/gdUnit4/src/core/_TestCase.gd:98)
WARNING: Localization: unsupported locale: xx
   at: push_warning (core/variant/variant_utility.cpp:1034)
   GDScript backtrace (most recent call first):
       [0] switch_locale (res://autoloads/localization.gd:97)
       [1] test_locale_switch_performance_unsupported_locale_under_frame_budget (res://tests/unit/localization/locale_switch_test.gd:316)
       [2] _execute_test_case (res://addons/gdUnit4/src/core/_TestCase.gd:94)
       [3] execute (res://addons/gdUnit4/src/core/_TestCase.gd:39)
       [4] _execute (res://addons/gdUnit4/src/core/execution/stages/single/GdUnitTestCaseSingleTestStage.gd:10)
       [5] execute (res://addons/gdUnit4/src/core/execution/stages/IGdUnitExecutionStage.gd:19)
       [6] _execute (res://addons/gdUnit4/src/core/execution/stages/single/GdUnitTestCaseSingleExecutionStage.gd:17)
       [7] execute (res://addons/gdUnit4/src/core/execution/stages/IGdUnitExecutionStage.gd:19)
       [8] _execute (res://addons/gdUnit4/src/core/execution/stages/GdUnitTestCaseExecutionStage.gd:24)
       [9] execute (res://addons/gdUnit4/src/core/execution/stages/IGdUnitExecutionStage.gd:19)
       [10] _execute (res://addons/gdUnit4/src/core/execution/stages/GdUnitTestSuiteExecutionStage.gd:32)
       [11] execute (res://addons/gdUnit4/src/core/execution/stages/IGdUnitExecutionStage.gd:19)
       [12] _execute (res://addons/gdUnit4/src/core/execution/stages/GdUnitTestCaseExecutionStage.gd:31)
       [13] execute (res://addons/gdUnit4/src/core/execution/stages/IGdUnitExecutionStage.gd:19)
       [14] _execute (res://addons/gdUnit4/src/core/execution/stages/single/GdUnitTestCaseSingleExecutionStage.gd:28)
       [15] execute (res://addons/gdUnit4/src/core/execution/stages/IGdUnitExecutionStage.gd:19)
       [16] _execute (res://addons/gdUnit4/src/core/execution/stages/single/GdUnitTestCaseSingleTestStage.gd:11)
       [17] execute (res://addons/gdUnit4/src/core/_TestCase.gd:40)
       [18] _execute_test_case (res://addons/gdUnit4/src/core/_TestCase.gd:98)
WARNING: Localization: unsupported locale: xx
   at: push_warning (core/variant/variant_utility.cpp:1034)
   GDScript backtrace (most recent call first):
       [0] switch_locale (res://autoloads/localization.gd:97)
       [1] test_locale_switch_performance_unsupported_locale_under_frame_budget (res://tests/unit/localization/locale_switch_test.gd:316)
       [2] _execute_test_case (res://addons/gdUnit4/src/core/_TestCase.gd:94)
       [3] execute (res://addons/gdUnit4/src/core/_TestCase.gd:39)
       [4] _execute (res://addons/gdUnit4/src/core/execution/stages/single/GdUnitTestCaseSingleTestStage.gd:10)
       [5] execute (res://addons/gdUnit4/src/core/execution/stages/IGdUnitExecutionStage.gd:19)
       [6] _execute (res://addons/gdUnit4/src/core/execution/stages/single/GdUnitTestCaseSingleExecutionStage.gd:17)
       [7] execute (res://addons/gdUnit4/src/core/execution/stages/IGdUnitExecutionStage.gd:19)
       [8] _execute (res://addons/gdUnit4/src/core/execution/stages/GdUnitTestCaseExecutionStage.gd:24)
       [9] execute (res://addons/gdUnit4/src/core/execution/stages/IGdUnitExecutionStage.gd:19)
       [10] _execute (res://addons/gdUnit4/src/core/execution/stages/GdUnitTestSuiteExecutionStage.gd:32)
       [11] execute (res://addons/gdUnit4/src/core/execution/stages/IGdUnitExecutionStage.gd:19)
       [12] _execute (res://addons/gdUnit4/src/core/execution/stages/GdUnitTestCaseExecutionStage.gd:31)
       [13] execute (res://addons/gdUnit4/src/core/execution/stages/IGdUnitExecutionStage.gd:19)
       [14] _execute (res://addons/gdUnit4/src/core/execution/stages/single/GdUnitTestCaseSingleExecutionStage.gd:28)
       [15] execute (res://addons/gdUnit4/src/core/execution/stages/IGdUnitExecutionStage.gd:19)
       [16] _execute (res://addons/gdUnit4/src/core/execution/stages/single/GdUnitTestCaseSingleTestStage.gd:11)
       [17] execute (res://addons/gdUnit4/src/core/_TestCase.gd:40)
       [18] _execute_test_case (res://addons/gdUnit4/src/core/_TestCase.gd:98)
WARNING: Localization: unsupported locale: xx
   at: push_warning (core/variant/variant_utility.cpp:1034)
   GDScript backtrace (most recent call first):
       [0] switch_locale (res://autoloads/localization.gd:97)
       [1] test_locale_switch_performance_unsupported_locale_under_frame_budget (res://tests/unit/localization/locale_switch_test.gd:316)
       [2] _execute_test_case (res://addons/gdUnit4/src/core/_TestCase.gd:94)
       [3] execute (res://addons/gdUnit4/src/core/_TestCase.gd:39)
       [4] _execute (res://addons/gdUnit4/src/core/execution/stages/single/GdUnitTestCaseSingleTestStage.gd:10)
       [5] execute (res://addons/gdUnit4/src/core/execution/stages/IGdUnitExecutionStage.gd:19)
       [6] _execute (res://addons/gdUnit4/src/core/execution/stages/single/GdUnitTestCaseSingleExecutionStage.gd:17)
       [7] execute (res://addons/gdUnit4/src/core/execution/stages/IGdUnitExecutionStage.gd:19)
       [8] _execute (res://addons/gdUnit4/src/core/execution/stages/GdUnitTestCaseExecutionStage.gd:24)
       [9] execute (res://addons/gdUnit4/src/core/execution/stages/IGdUnitExecutionStage.gd:19)
       [10] _execute (res://addons/gdUnit4/src/core/execution/stages/GdUnitTestSuiteExecutionStage.gd:32)
       [11] execute (res://addons/gdUnit4/src/core/execution/stages/IGdUnitExecutionStage.gd:19)
       [12] _execute (res://addons/gdUnit4/src/core/execution/stages/GdUnitTestCaseExecutionStage.gd:31)
       [13] execute (res://addons/gdUnit4/src/core/execution/stages/IGdUnitExecutionStage.gd:19)
       [14] _execute (res://addons/gdUnit4/src/core/execution/stages/single/GdUnitTestCaseSingleExecutionStage.gd:28)
       [15] execute (res://addons/gdUnit4/src/core/execution/stages/IGdUnitExecutionStage.gd:19)
       [16] _execute (res://addons/gdUnit4/src/core/execution/stages/single/GdUnitTestCaseSingleTestStage.gd:11)
       [17] execute (res://addons/gdUnit4/src/core/_TestCase.gd:40)
       [18] _execute_test_case (res://addons/gdUnit4/src/core/_TestCase.gd:98)
WARNING: Localization: unsupported locale: xx
   at: push_warning (core/variant/variant_utility.cpp:1034)
   GDScript backtrace (most recent call first):
       [0] switch_locale (res://autoloads/localization.gd:97)
       [1] test_locale_switch_performance_unsupported_locale_under_frame_budget (res://tests/unit/localization/locale_switch_test.gd:316)
       [2] _execute_test_case (res://addons/gdUnit4/src/core/_TestCase.gd:94)
       [3] execute (res://addons/gdUnit4/src/core/_TestCase.gd:39)
       [4] _execute (res://addons/gdUnit4/src/core/execution/stages/single/GdUnitTestCaseSingleTestStage.gd:10)
       [5] execute (res://addons/gdUnit4/src/core/execution/stages/IGdUnitExecutionStage.gd:19)
       [6] _execute (res://addons/gdUnit4/src/core/execution/stages/single/GdUnitTestCaseSingleExecutionStage.gd:17)
       [7] execute (res://addons/gdUnit4/src/core/execution/stages/IGdUnitExecutionStage.gd:19)
       [8] _execute (res://addons/gdUnit4/src/core/execution/stages/GdUnitTestCaseExecutionStage.gd:24)
       [9] execute (res://addons/gdUnit4/src/core/execution/stages/IGdUnitExecutionStage.gd:19)
       [10] _execute (res://addons/gdUnit4/src/core/execution/stages/GdUnitTestSuiteExecutionStage.gd:32)
       [11] execute (res://addons/gdUnit4/src/core/execution/stages/IGdUnitExecutionStage.gd:19)
       [12] _execute (res://addons/gdUnit4/src/core/execution/stages/GdUnitTestCaseExecutionStage.gd:31)
       [13] execute (res://addons/gdUnit4/src/core/execution/stages/IGdUnitExecutionStage.gd:19)
       [14] _execute (res://addons/gdUnit4/src/core/execution/stages/single/GdUnitTestCaseSingleExecutionStage.gd:28)
       [15] execute (res://addons/gdUnit4/src/core/execution/stages/IGdUnitExecutionStage.gd:19)
       [16] _execute (res://addons/gdUnit4/src/core/execution/stages/single/GdUnitTestCaseSingleTestStage.gd:11)
       [17] execute (res://addons/gdUnit4/src/core/_TestCase.gd:40)
       [18] _execute_test_case (res://addons/gdUnit4/src/core/_TestCase.gd:98)
WARNING: Localization: unsupported locale: xx
   at: push_warning (core/variant/variant_utility.cpp:1034)
   GDScript backtrace (most recent call first):
       [0] switch_locale (res://autoloads/localization.gd:97)
       [1] test_locale_switch_performance_unsupported_locale_under_frame_budget (res://tests/unit/localization/locale_switch_test.gd:316)
       [2] _execute_test_case (res://addons/gdUnit4/src/core/_TestCase.gd:94)
       [3] execute (res://addons/gdUnit4/src/core/_TestCase.gd:39)
       [4] _execute (res://addons/gdUnit4/src/core/execution/stages/single/GdUnitTestCaseSingleTestStage.gd:10)
       [5] execute (res://addons/gdUnit4/src/core/execution/stages/IGdUnitExecutionStage.gd:19)
       [6] _execute (res://addons/gdUnit4/src/core/execution/stages/single/GdUnitTestCaseSingleExecutionStage.gd:17)
       [7] execute (res://addons/gdUnit4/src/core/execution/stages/IGdUnitExecutionStage.gd:19)
       [8] _execute (res://addons/gdUnit4/src/core/execution/stages/GdUnitTestCaseExecutionStage.gd:24)
       [9] execute (res://addons/gdUnit4/src/core/execution/stages/IGdUnitExecutionStage.gd:19)
       [10] _execute (res://addons/gdUnit4/src/core/execution/stages/GdUnitTestSuiteExecutionStage.gd:32)
       [11] execute (res://addons/gdUnit4/src/core/execution/stages/IGdUnitExecutionStage.gd:19)
       [12] _execute (res://addons/gdUnit4/src/core/execution/stages/GdUnitTestCaseExecutionStage.gd:31)
       [13] execute (res://addons/gdUnit4/src/core/execution/stages/IGdUnitExecutionStage.gd:19)
       [14] _execute (res://addons/gdUnit4/src/core/execution/stages/single/GdUnitTestCaseSingleExecutionStage.gd:28)
       [15] execute (res://addons/gdUnit4/src/core/execution/stages/IGdUnitExecutionStage.gd:19)
       [16] _execute (res://addons/gdUnit4/src/core/execution/stages/single/GdUnitTestCaseSingleTestStage.gd:11)
       [17] execute (res://addons/gdUnit4/src/core/_TestCase.gd:40)
       [18] _execute_test_case (res://addons/gdUnit4/src/core/_TestCase.gd:98)
WARNING: Localization: unsupported locale: xx
   at: push_warning (core/variant/variant_utility.cpp:1034)
   GDScript backtrace (most recent call first):
       [0] switch_locale (res://autoloads/localization.gd:97)
       [1] test_locale_switch_performance_unsupported_locale_under_frame_budget (res://tests/unit/localization/locale_switch_test.gd:316)
       [2] _execute_test_case (res://addons/gdUnit4/src/core/_TestCase.gd:94)
       [3] execute (res://addons/gdUnit4/src/core/_TestCase.gd:39)
       [4] _execute (res://addons/gdUnit4/src/core/execution/stages/single/GdUnitTestCaseSingleTestStage.gd:10)
       [5] execute (res://addons/gdUnit4/src/core/execution/stages/IGdUnitExecutionStage.gd:19)
       [6] _execute (res://addons/gdUnit4/src/core/execution/stages/single/GdUnitTestCaseSingleExecutionStage.gd:17)
       [7] execute (res://addons/gdUnit4/src/core/execution/stages/IGdUnitExecutionStage.gd:19)
       [8] _execute (res://addons/gdUnit4/src/core/execution/stages/GdUnitTestCaseExecutionStage.gd:24)
       [9] execute (res://addons/gdUnit4/src/core/execution/stages/IGdUnitExecutionStage.gd:19)
       [10] _execute (res://addons/gdUnit4/src/core/execution/stages/GdUnitTestSuiteExecutionStage.gd:32)
       [11] execute (res://addons/gdUnit4/src/core/execution/stages/IGdUnitExecutionStage.gd:19)
       [12] _execute (res://addons/gdUnit4/src/core/execution/stages/GdUnitTestCaseExecutionStage.gd:31)
       [13] execute (res://addons/gdUnit4/src/core/execution/stages/IGdUnitExecutionStage.gd:19)
       [14] _execute (res://addons/gdUnit4/src/core/execution/stages/single/GdUnitTestCaseSingleExecutionStage.gd:28)
       [15] execute (res://addons/gdUnit4/src/core/execution/stages/IGdUnitExecutionStage.gd:19)
       [16] _execute (res://addons/gdUnit4/src/core/execution/stages/single/GdUnitTestCaseSingleTestStage.gd:11)
       [17] execute (res://addons/gdUnit4/src/core/_TestCase.gd:40)
       [18] _execute_test_case (res://addons/gdUnit4/src/core/_TestCase.gd:98)
WARNING: Localization: unsupported locale: xx
   at: push_warning (core/variant/variant_utility.cpp:1034)
   GDScript backtrace (most recent call first):
       [0] switch_locale (res://autoloads/localization.gd:97)
       [1] test_locale_switch_performance_unsupported_locale_under_frame_budget (res://tests/unit/localization/locale_switch_test.gd:316)
       [2] _execute_test_case (res://addons/gdUnit4/src/core/_TestCase.gd:94)
       [3] execute (res://addons/gdUnit4/src/core/_TestCase.gd:39)
       [4] _execute (res://addons/gdUnit4/src/core/execution/stages/single/GdUnitTestCaseSingleTestStage.gd:10)
       [5] execute (res://addons/gdUnit4/src/core/execution/stages/IGdUnitExecutionStage.gd:19)
       [6] _execute (res://addons/gdUnit4/src/core/execution/stages/single/GdUnitTestCaseSingleExecutionStage.gd:17)
       [7] execute (res://addons/gdUnit4/src/core/execution/stages/IGdUnitExecutionStage.gd:19)
       [8] _execute (res://addons/gdUnit4/src/core/execution/stages/GdUnitTestCaseExecutionStage.gd:24)
       [9] execute (res://addons/gdUnit4/src/core/execution/stages/IGdUnitExecutionStage.gd:19)
       [10] _execute (res://addons/gdUnit4/src/core/execution/stages/GdUnitTestSuiteExecutionStage.gd:32)
       [11] execute (res://addons/gdUnit4/src/core/execution/stages/IGdUnitExecutionStage.gd:19)
       [12] _execute (res://addons/gdUnit4/src/core/execution/stages/GdUnitTestCaseExecutionStage.gd:31)
       [13] execute (res://addons/gdUnit4/src/core/execution/stages/IGdUnitExecutionStage.gd:19)
       [14] _execute (res://addons/gdUnit4/src/core/execution/stages/single/GdUnitTestCaseSingleExecutionStage.gd:28)
       [15] execute (res://addons/gdUnit4/src/core/execution/stages/IGdUnitExecutionStage.gd:19)
       [16] _execute (res://addons/gdUnit4/src/core/execution/stages/single/GdUnitTestCaseSingleTestStage.gd:11)
       [17] execute (res://addons/gdUnit4/src/core/_TestCase.gd:40)
       [18] _execute_test_case (res://addons/gdUnit4/src/core/_TestCase.gd:98)
WARNING: Localization: unsupported locale: xx
   at: push_warning (core/variant/variant_utility.cpp:1034)
   GDScript backtrace (most recent call first):
       [0] switch_locale (res://autoloads/localization.gd:97)
       [1] test_locale_switch_performance_unsupported_locale_under_frame_budget (res://tests/unit/localization/locale_switch_test.gd:316)
       [2] _execute_test_case (res://addons/gdUnit4/src/core/_TestCase.gd:94)
       [3] execute (res://addons/gdUnit4/src/core/_TestCase.gd:39)
       [4] _execute (res://addons/gdUnit4/src/core/execution/stages/single/GdUnitTestCaseSingleTestStage.gd:10)
       [5] execute (res://addons/gdUnit4/src/core/execution/stages/IGdUnitExecutionStage.gd:19)
       [6] _execute (res://addons/gdUnit4/src/core/execution/stages/single/GdUnitTestCaseSingleExecutionStage.gd:17)
       [7] execute (res://addons/gdUnit4/src/core/execution/stages/IGdUnitExecutionStage.gd:19)
       [8] _execute (res://addons/gdUnit4/src/core/execution/stages/GdUnitTestCaseExecutionStage.gd:24)
       [9] execute (res://addons/gdUnit4/src/core/execution/stages/IGdUnitExecutionStage.gd:19)
       [10] _execute (res://addons/gdUnit4/src/core/execution/stages/GdUnitTestSuiteExecutionStage.gd:32)
       [11] execute (res://addons/gdUnit4/src/core/execution/stages/IGdUnitExecutionStage.gd:19)
       [12] _execute (res://addons/gdUnit4/src/core/execution/stages/GdUnitTestCaseExecutionStage.gd:31)
       [13] execute (res://addons/gdUnit4/src/core/execution/stages/IGdUnitExecutionStage.gd:19)
       [14] _execute (res://addons/gdUnit4/src/core/execution/stages/single/GdUnitTestCaseSingleExecutionStage.gd:28)
       [15] execute (res://addons/gdUnit4/src/core/execution/stages/IGdUnitExecutionStage.gd:19)
       [16] _execute (res://addons/gdUnit4/src/core/execution/stages/single/GdUnitTestCaseSingleTestStage.gd:11)
       [17] execute (res://addons/gdUnit4/src/core/_TestCase.gd:40)
       [18] _execute_test_case (res://addons/gdUnit4/src/core/_TestCase.gd:98)
WARNING: Localization: unsupported locale: xx
   at: push_warning (core/variant/variant_utility.cpp:1034)
   GDScript backtrace (most recent call first):
       [0] switch_locale (res://autoloads/localization.gd:97)
       [1] test_locale_switch_performance_unsupported_locale_under_frame_budget (res://tests/unit/localization/locale_switch_test.gd:316)
       [2] _execute_test_case (res://addons/gdUnit4/src/core/_TestCase.gd:94)
       [3] execute (res://addons/gdUnit4/src/core/_TestCase.gd:39)
       [4] _execute (res://addons/gdUnit4/src/core/execution/stages/single/GdUnitTestCaseSingleTestStage.gd:10)
       [5] execute (res://addons/gdUnit4/src/core/execution/stages/IGdUnitExecutionStage.gd:19)
       [6] _execute (res://addons/gdUnit4/src/core/execution/stages/single/GdUnitTestCaseSingleExecutionStage.gd:17)
       [7] execute (res://addons/gdUnit4/src/core/execution/stages/IGdUnitExecutionStage.gd:19)
       [8] _execute (res://addons/gdUnit4/src/core/execution/stages/GdUnitTestCaseExecutionStage.gd:24)
       [9] execute (res://addons/gdUnit4/src/core/execution/stages/IGdUnitExecutionStage.gd:19)
       [10] _execute (res://addons/gdUnit4/src/core/execution/stages/GdUnitTestSuiteExecutionStage.gd:32)
       [11] execute (res://addons/gdUnit4/src/core/execution/stages/IGdUnitExecutionStage.gd:19)
       [12] _execute (res://addons/gdUnit4/src/core/execution/stages/GdUnitTestCaseExecutionStage.gd:31)
       [13] execute (res://addons/gdUnit4/src/core/execution/stages/IGdUnitExecutionStage.gd:19)
       [14] _execute (res://addons/gdUnit4/src/core/execution/stages/single/GdUnitTestCaseSingleExecutionStage.gd:28)
       [15] execute (res://addons/gdUnit4/src/core/execution/stages/IGdUnitExecutionStage.gd:19)
       [16] _execute (res://addons/gdUnit4/src/core/execution/stages/single/GdUnitTestCaseSingleTestStage.gd:11)
       [17] execute (res://addons/gdUnit4/src/core/_TestCase.gd:40)
       [18] _execute_test_case (res://addons/gdUnit4/src/core/_TestCase.gd:98)
WARNING: Localization: unsupported locale: xx
   at: push_warning (core/variant/variant_utility.cpp:1034)
   GDScript backtrace (most recent call first):
       [0] switch_locale (res://autoloads/localization.gd:97)
       [1] test_locale_switch_performance_unsupported_locale_under_frame_budget (res://tests/unit/localization/locale_switch_test.gd:316)
       [2] _execute_test_case (res://addons/gdUnit4/src/core/_TestCase.gd:94)
       [3] execute (res://addons/gdUnit4/src/core/_TestCase.gd:39)
       [4] _execute (res://addons/gdUnit4/src/core/execution/stages/single/GdUnitTestCaseSingleTestStage.gd:10)
       [5] execute (res://addons/gdUnit4/src/core/execution/stages/IGdUnitExecutionStage.gd:19)
       [6] _execute (res://addons/gdUnit4/src/core/execution/stages/single/GdUnitTestCaseSingleExecutionStage.gd:17)
       [7] execute (res://addons/gdUnit4/src/core/execution/stages/IGdUnitExecutionStage.gd:19)
       [8] _execute (res://addons/gdUnit4/src/core/execution/stages/GdUnitTestCaseExecutionStage.gd:24)
       [9] execute (res://addons/gdUnit4/src/core/execution/stages/IGdUnitExecutionStage.gd:19)
       [10] _execute (res://addons/gdUnit4/src/core/execution/stages/GdUnitTestSuiteExecutionStage.gd:32)
       [11] execute (res://addons/gdUnit4/src/core/execution/stages/IGdUnitExecutionStage.gd:19)
       [12] _execute (res://addons/gdUnit4/src/core/execution/stages/GdUnitTestCaseExecutionStage.gd:31)
       [13] execute (res://addons/gdUnit4/src/core/execution/stages/IGdUnitExecutionStage.gd:19)
       [14] _execute (res://addons/gdUnit4/src/core/execution/stages/single/GdUnitTestCaseSingleExecutionStage.gd:28)
       [15] execute (res://addons/gdUnit4/src/core/execution/stages/IGdUnitExecutionStage.gd:19)
       [16] _execute (res://addons/gdUnit4/src/core/execution/stages/single/GdUnitTestCaseSingleTestStage.gd:11)
       [17] execute (res://addons/gdUnit4/src/core/_TestCase.gd:40)
       [18] _execute_test_case (res://addons/gdUnit4/src/core/_TestCase.gd:98)
WARNING: Localization: unsupported locale: xx
   at: push_warning (core/variant/variant_utility.cpp:1034)
   GDScript backtrace (most recent call first):
       [0] switch_locale (res://autoloads/localization.gd:97)
       [1] test_locale_switch_performance_unsupported_locale_under_frame_budget (res://tests/unit/localization/locale_switch_test.gd:316)
       [2] _execute_test_case (res://addons/gdUnit4/src/core/_TestCase.gd:94)
       [3] execute (res://addons/gdUnit4/src/core/_TestCase.gd:39)
       [4] _execute (res://addons/gdUnit4/src/core/execution/stages/single/GdUnitTestCaseSingleTestStage.gd:10)
       [5] execute (res://addons/gdUnit4/src/core/execution/stages/IGdUnitExecutionStage.gd:19)
       [6] _execute (res://addons/gdUnit4/src/core/execution/stages/single/GdUnitTestCaseSingleExecutionStage.gd:17)
       [7] execute (res://addons/gdUnit4/src/core/execution/stages/IGdUnitExecutionStage.gd:19)
       [8] _execute (res://addons/gdUnit4/src/core/execution/stages/GdUnitTestCaseExecutionStage.gd:24)
       [9] execute (res://addons/gdUnit4/src/core/execution/stages/IGdUnitExecutionStage.gd:19)
       [10] _execute (res://addons/gdUnit4/src/core/execution/stages/GdUnitTestSuiteExecutionStage.gd:32)
       [11] execute (res://addons/gdUnit4/src/core/execution/stages/IGdUnitExecutionStage.gd:19)
       [12] _execute (res://addons/gdUnit4/src/core/execution/stages/GdUnitTestCaseExecutionStage.gd:31)
       [13] execute (res://addons/gdUnit4/src/core/execution/stages/IGdUnitExecutionStage.gd:19)
       [14] _execute (res://addons/gdUnit4/src/core/execution/stages/single/GdUnitTestCaseSingleExecutionStage.gd:28)
       [15] execute (res://addons/gdUnit4/src/core/execution/stages/IGdUnitExecutionStage.gd:19)
       [16] _execute (res://addons/gdUnit4/src/core/execution/stages/single/GdUnitTestCaseSingleTestStage.gd:11)
       [17] execute (res://addons/gdUnit4/src/core/_TestCase.gd:40)
       [18] _execute_test_case (res://addons/gdUnit4/src/core/_TestCase.gd:98)
WARNING: Localization: unsupported locale: xx
   at: push_warning (core/variant/variant_utility.cpp:1034)
   GDScript backtrace (most recent call first):
       [0] switch_locale (res://autoloads/localization.gd:97)
       [1] test_locale_switch_performance_unsupported_locale_under_frame_budget (res://tests/unit/localization/locale_switch_test.gd:316)
       [2] _execute_test_case (res://addons/gdUnit4/src/core/_TestCase.gd:94)
       [3] execute (res://addons/gdUnit4/src/core/_TestCase.gd:39)
       [4] _execute (res://addons/gdUnit4/src/core/execution/stages/single/GdUnitTestCaseSingleTestStage.gd:10)
       [5] execute (res://addons/gdUnit4/src/core/execution/stages/IGdUnitExecutionStage.gd:19)
       [6] _execute (res://addons/gdUnit4/src/core/execution/stages/single/GdUnitTestCaseSingleExecutionStage.gd:17)
       [7] execute (res://addons/gdUnit4/src/core/execution/stages/IGdUnitExecutionStage.gd:19)
       [8] _execute (res://addons/gdUnit4/src/core/execution/stages/GdUnitTestCaseExecutionStage.gd:24)
       [9] execute (res://addons/gdUnit4/src/core/execution/stages/IGdUnitExecutionStage.gd:19)
       [10] _execute (res://addons/gdUnit4/src/core/execution/stages/GdUnitTestSuiteExecutionStage.gd:32)
       [11] execute (res://addons/gdUnit4/src/core/execution/stages/IGdUnitExecutionStage.gd:19)
       [12] _execute (res://addons/gdUnit4/src/core/execution/stages/GdUnitTestCaseExecutionStage.gd:31)
       [13] execute (res://addons/gdUnit4/src/core/execution/stages/IGdUnitExecutionStage.gd:19)
       [14] _execute (res://addons/gdUnit4/src/core/execution/stages/single/GdUnitTestCaseSingleExecutionStage.gd:28)
       [15] execute (res://addons/gdUnit4/src/core/execution/stages/IGdUnitExecutionStage.gd:19)
       [16] _execute (res://addons/gdUnit4/src/core/execution/stages/single/GdUnitTestCaseSingleTestStage.gd:11)
       [17] execute (res://addons/gdUnit4/src/core/_TestCase.gd:40)
       [18] _execute_test_case (res://addons/gdUnit4/src/core/_TestCase.gd:98)
WARNING: Localization: unsupported locale: xx
   at: push_warning (core/variant/variant_utility.cpp:1034)
   GDScript backtrace (most recent call first):
       [0] switch_locale (res://autoloads/localization.gd:97)
       [1] test_locale_switch_performance_unsupported_locale_under_frame_budget (res://tests/unit/localization/locale_switch_test.gd:316)
       [2] _execute_test_case (res://addons/gdUnit4/src/core/_TestCase.gd:94)
       [3] execute (res://addons/gdUnit4/src/core/_TestCase.gd:39)
       [4] _execute (res://addons/gdUnit4/src/core/execution/stages/single/GdUnitTestCaseSingleTestStage.gd:10)
       [5] execute (res://addons/gdUnit4/src/core/execution/stages/IGdUnitExecutionStage.gd:19)
       [6] _execute (res://addons/gdUnit4/src/core/execution/stages/single/GdUnitTestCaseSingleExecutionStage.gd:17)
       [7] execute (res://addons/gdUnit4/src/core/execution/stages/IGdUnitExecutionStage.gd:19)
       [8] _execute (res://addons/gdUnit4/src/core/execution/stages/GdUnitTestCaseExecutionStage.gd:24)
       [9] execute (res://addons/gdUnit4/src/core/execution/stages/IGdUnitExecutionStage.gd:19)
       [10] _execute (res://addons/gdUnit4/src/core/execution/stages/GdUnitTestSuiteExecutionStage.gd:32)
       [11] execute (res://addons/gdUnit4/src/core/execution/stages/IGdUnitExecutionStage.gd:19)
       [12] _execute (res://addons/gdUnit4/src/core/execution/stages/GdUnitTestCaseExecutionStage.gd:31)
       [13] execute (res://addons/gdUnit4/src/core/execution/stages/IGdUnitExecutionStage.gd:19)
       [14] _execute (res://addons/gdUnit4/src/core/execution/stages/single/GdUnitTestCaseSingleExecutionStage.gd:28)
       [15] execute (res://addons/gdUnit4/src/core/execution/stages/IGdUnitExecutionStage.gd:19)
       [16] _execute (res://addons/gdUnit4/src/core/execution/stages/single/GdUnitTestCaseSingleTestStage.gd:11)
       [17] execute (res://addons/gdUnit4/src/core/_TestCase.gd:40)
       [18] _execute_test_case (res://addons/gdUnit4/src/core/_TestCase.gd:98)
WARNING: Localization: unsupported locale: xx
   at: push_warning (core/variant/variant_utility.cpp:1034)
   GDScript backtrace (most recent call first):
       [0] switch_locale (res://autoloads/localization.gd:97)
       [1] test_locale_switch_performance_unsupported_locale_under_frame_budget (res://tests/unit/localization/locale_switch_test.gd:316)
       [2] _execute_test_case (res://addons/gdUnit4/src/core/_TestCase.gd:94)
       [3] execute (res://addons/gdUnit4/src/core/_TestCase.gd:39)
       [4] _execute (res://addons/gdUnit4/src/core/execution/stages/single/GdUnitTestCaseSingleTestStage.gd:10)
       [5] execute (res://addons/gdUnit4/src/core/execution/stages/IGdUnitExecutionStage.gd:19)
       [6] _execute (res://addons/gdUnit4/src/core/execution/stages/single/GdUnitTestCaseSingleExecutionStage.gd:17)
       [7] execute (res://addons/gdUnit4/src/core/execution/stages/IGdUnitExecutionStage.gd:19)
       [8] _execute (res://addons/gdUnit4/src/core/execution/stages/GdUnitTestCaseExecutionStage.gd:24)
       [9] execute (res://addons/gdUnit4/src/core/execution/stages/IGdUnitExecutionStage.gd:19)
       [10] _execute (res://addons/gdUnit4/src/core/execution/stages/GdUnitTestSuiteExecutionStage.gd:32)
       [11] execute (res://addons/gdUnit4/src/core/execution/stages/IGdUnitExecutionStage.gd:19)
       [12] _execute (res://addons/gdUnit4/src/core/execution/stages/GdUnitTestCaseExecutionStage.gd:31)
       [13] execute (res://addons/gdUnit4/src/core/execution/stages/IGdUnitExecutionStage.gd:19)
       [14] _execute (res://addons/gdUnit4/src/core/execution/stages/single/GdUnitTestCaseSingleExecutionStage.gd:28)
       [15] execute (res://addons/gdUnit4/src/core/execution/stages/IGdUnitExecutionStage.gd:19)
       [16] _execute (res://addons/gdUnit4/src/core/execution/stages/single/GdUnitTestCaseSingleTestStage.gd:11)
       [17] execute (res://addons/gdUnit4/src/core/_TestCase.gd:40)
       [18] _execute_test_case (res://addons/gdUnit4/src/core/_TestCase.gd:98)
WARNING: Localization: unsupported locale: xx
   at: push_warning (core/variant/variant_utility.cpp:1034)
   GDScript backtrace (most recent call first):
       [0] switch_locale (res://autoloads/localization.gd:97)
       [1] test_locale_switch_performance_unsupported_locale_under_frame_budget (res://tests/unit/localization/locale_switch_test.gd:316)
       [2] _execute_test_case (res://addons/gdUnit4/src/core/_TestCase.gd:94)
       [3] execute (res://addons/gdUnit4/src/core/_TestCase.gd:39)
       [4] _execute (res://addons/gdUnit4/src/core/execution/stages/single/GdUnitTestCaseSingleTestStage.gd:10)
       [5] execute (res://addons/gdUnit4/src/core/execution/stages/IGdUnitExecutionStage.gd:19)
       [6] _execute (res://addons/gdUnit4/src/core/execution/stages/single/GdUnitTestCaseSingleExecutionStage.gd:17)
       [7] execute (res://addons/gdUnit4/src/core/execution/stages/IGdUnitExecutionStage.gd:19)
       [8] _execute (res://addons/gdUnit4/src/core/execution/stages/GdUnitTestCaseExecutionStage.gd:24)
       [9] execute (res://addons/gdUnit4/src/core/execution/stages/IGdUnitExecutionStage.gd:19)
       [10] _execute (res://addons/gdUnit4/src/core/execution/stages/GdUnitTestSuiteExecutionStage.gd:32)
       [11] execute (res://addons/gdUnit4/src/core/execution/stages/IGdUnitExecutionStage.gd:19)
       [12] _execute (res://addons/gdUnit4/src/core/execution/stages/GdUnitTestCaseExecutionStage.gd:31)
       [13] execute (res://addons/gdUnit4/src/core/execution/stages/IGdUnitExecutionStage.gd:19)
       [14] _execute (res://addons/gdUnit4/src/core/execution/stages/single/GdUnitTestCaseSingleExecutionStage.gd:28)
       [15] execute (res://addons/gdUnit4/src/core/execution/stages/IGdUnitExecutionStage.gd:19)
       [16] _execute (res://addons/gdUnit4/src/core/execution/stages/single/GdUnitTestCaseSingleTestStage.gd:11)
       [17] execute (res://addons/gdUnit4/src/core/_TestCase.gd:40)
       [18] _execute_test_case (res://addons/gdUnit4/src/core/_TestCase.gd:98)
WARNING: Localization: unsupported locale: xx
   at: push_warning (core/variant/variant_utility.cpp:1034)
   GDScript backtrace (most recent call first):
       [0] switch_locale (res://autoloads/localization.gd:97)
       [1] test_locale_switch_performance_unsupported_locale_under_frame_budget (res://tests/unit/localization/locale_switch_test.gd:316)
       [2] _execute_test_case (res://addons/gdUnit4/src/core/_TestCase.gd:94)
       [3] execute (res://addons/gdUnit4/src/core/_TestCase.gd:39)
       [4] _execute (res://addons/gdUnit4/src/core/execution/stages/single/GdUnitTestCaseSingleTestStage.gd:10)
       [5] execute (res://addons/gdUnit4/src/core/execution/stages/IGdUnitExecutionStage.gd:19)
       [6] _execute (res://addons/gdUnit4/src/core/execution/stages/single/GdUnitTestCaseSingleExecutionStage.gd:17)
       [7] execute (res://addons/gdUnit4/src/core/execution/stages/IGdUnitExecutionStage.gd:19)
       [8] _execute (res://addons/gdUnit4/src/core/execution/stages/GdUnitTestCaseExecutionStage.gd:24)
       [9] execute (res://addons/gdUnit4/src/core/execution/stages/IGdUnitExecutionStage.gd:19)
       [10] _execute (res://addons/gdUnit4/src/core/execution/stages/GdUnitTestSuiteExecutionStage.gd:32)
       [11] execute (res://addons/gdUnit4/src/core/execution/stages/IGdUnitExecutionStage.gd:19)
       [12] _execute (res://addons/gdUnit4/src/core/execution/stages/GdUnitTestCaseExecutionStage.gd:31)
       [13] execute (res://addons/gdUnit4/src/core/execution/stages/IGdUnitExecutionStage.gd:19)
       [14] _execute (res://addons/gdUnit4/src/core/execution/stages/single/GdUnitTestCaseSingleExecutionStage.gd:28)
       [15] execute (res://addons/gdUnit4/src/core/execution/stages/IGdUnitExecutionStage.gd:19)
       [16] _execute (res://addons/gdUnit4/src/core/execution/stages/single/GdUnitTestCaseSingleTestStage.gd:11)
       [17] execute (res://addons/gdUnit4/src/core/_TestCase.gd:40)
       [18] _execute_test_case (res://addons/gdUnit4/src/core/_TestCase.gd:98)
WARNING: Localization: unsupported locale: xx
   at: push_warning (core/variant/variant_utility.cpp:1034)
   GDScript backtrace (most recent call first):
       [0] switch_locale (res://autoloads/localization.gd:97)
       [1] test_locale_switch_performance_unsupported_locale_under_frame_budget (res://tests/unit/localization/locale_switch_test.gd:316)
       [2] _execute_test_case (res://addons/gdUnit4/src/core/_TestCase.gd:94)
       [3] execute (res://addons/gdUnit4/src/core/_TestCase.gd:39)
       [4] _execute (res://addons/gdUnit4/src/core/execution/stages/single/GdUnitTestCaseSingleTestStage.gd:10)
       [5] execute (res://addons/gdUnit4/src/core/execution/stages/IGdUnitExecutionStage.gd:19)
       [6] _execute (res://addons/gdUnit4/src/core/execution/stages/single/GdUnitTestCaseSingleExecutionStage.gd:17)
       [7] execute (res://addons/gdUnit4/src/core/execution/stages/IGdUnitExecutionStage.gd:19)
       [8] _execute (res://addons/gdUnit4/src/core/execution/stages/GdUnitTestCaseExecutionStage.gd:24)
       [9] execute (res://addons/gdUnit4/src/core/execution/stages/IGdUnitExecutionStage.gd:19)
       [10] _execute (res://addons/gdUnit4/src/core/execution/stages/GdUnitTestSuiteExecutionStage.gd:32)
       [11] execute (res://addons/gdUnit4/src/core/execution/stages/IGdUnitExecutionStage.gd:19)
       [12] _execute (res://addons/gdUnit4/src/core/execution/stages/GdUnitTestCaseExecutionStage.gd:31)
       [13] execute (res://addons/gdUnit4/src/core/execution/stages/IGdUnitExecutionStage.gd:19)
       [14] _execute (res://addons/gdUnit4/src/core/execution/stages/single/GdUnitTestCaseSingleExecutionStage.gd:28)
       [15] execute (res://addons/gdUnit4/src/core/execution/stages/IGdUnitExecutionStage.gd:19)
       [16] _execute (res://addons/gdUnit4/src/core/execution/stages/single/GdUnitTestCaseSingleTestStage.gd:11)
       [17] execute (res://addons/gdUnit4/src/core/_TestCase.gd:40)
       [18] _execute_test_case (res://addons/gdUnit4/src/core/_TestCase.gd:98)
WARNING: Localization: unsupported locale: xx
   at: push_warning (core/variant/variant_utility.cpp:1034)
   GDScript backtrace (most recent call first):
       [0] switch_locale (res://autoloads/localization.gd:97)
       [1] test_locale_switch_performance_unsupported_locale_under_frame_budget (res://tests/unit/localization/locale_switch_test.gd:316)
       [2] _execute_test_case (res://addons/gdUnit4/src/core/_TestCase.gd:94)
       [3] execute (res://addons/gdUnit4/src/core/_TestCase.gd:39)
       [4] _execute (res://addons/gdUnit4/src/core/execution/stages/single/GdUnitTestCaseSingleTestStage.gd:10)
       [5] execute (res://addons/gdUnit4/src/core/execution/stages/IGdUnitExecutionStage.gd:19)
       [6] _execute (res://addons/gdUnit4/src/core/execution/stages/single/GdUnitTestCaseSingleExecutionStage.gd:17)
       [7] execute (res://addons/gdUnit4/src/core/execution/stages/IGdUnitExecutionStage.gd:19)
       [8] _execute (res://addons/gdUnit4/src/core/execution/stages/GdUnitTestCaseExecutionStage.gd:24)
       [9] execute (res://addons/gdUnit4/src/core/execution/stages/IGdUnitExecutionStage.gd:19)
       [10] _execute (res://addons/gdUnit4/src/core/execution/stages/GdUnitTestSuiteExecutionStage.gd:32)
       [11] execute (res://addons/gdUnit4/src/core/execution/stages/IGdUnitExecutionStage.gd:19)
       [12] _execute (res://addons/gdUnit4/src/core/execution/stages/GdUnitTestCaseExecutionStage.gd:31)
       [13] execute (res://addons/gdUnit4/src/core/execution/stages/IGdUnitExecutionStage.gd:19)
       [14] _execute (res://addons/gdUnit4/src/core/execution/stages/single/GdUnitTestCaseSingleExecutionStage.gd:28)
       [15] execute (res://addons/gdUnit4/src/core/execution/stages/IGdUnitExecutionStage.gd:19)
       [16] _execute (res://addons/gdUnit4/src/core/execution/stages/single/GdUnitTestCaseSingleTestStage.gd:11)
       [17] execute (res://addons/gdUnit4/src/core/_TestCase.gd:40)
       [18] _execute_test_case (res://addons/gdUnit4/src/core/_TestCase.gd:98)
WARNING: Localization: unsupported locale: xx
   at: push_warning (core/variant/variant_utility.cpp:1034)
   GDScript backtrace (most recent call first):
       [0] switch_locale (res://autoloads/localization.gd:97)
       [1] test_locale_switch_performance_unsupported_locale_under_frame_budget (res://tests/unit/localization/locale_switch_test.gd:316)
       [2] _execute_test_case (res://addons/gdUnit4/src/core/_TestCase.gd:94)
       [3] execute (res://addons/gdUnit4/src/core/_TestCase.gd:39)
       [4] _execute (res://addons/gdUnit4/src/core/execution/stages/single/GdUnitTestCaseSingleTestStage.gd:10)
       [5] execute (res://addons/gdUnit4/src/core/execution/stages/IGdUnitExecutionStage.gd:19)
       [6] _execute (res://addons/gdUnit4/src/core/execution/stages/single/GdUnitTestCaseSingleExecutionStage.gd:17)
       [7] execute (res://addons/gdUnit4/src/core/execution/stages/IGdUnitExecutionStage.gd:19)
       [8] _execute (res://addons/gdUnit4/src/core/execution/stages/GdUnitTestCaseExecutionStage.gd:24)
       [9] execute (res://addons/gdUnit4/src/core/execution/stages/IGdUnitExecutionStage.gd:19)
       [10] _execute (res://addons/gdUnit4/src/core/execution/stages/GdUnitTestSuiteExecutionStage.gd:32)
       [11] execute (res://addons/gdUnit4/src/core/execution/stages/IGdUnitExecutionStage.gd:19)
       [12] _execute (res://addons/gdUnit4/src/core/execution/stages/GdUnitTestCaseExecutionStage.gd:31)
       [13] execute (res://addons/gdUnit4/src/core/execution/stages/IGdUnitExecutionStage.gd:19)
       [14] _execute (res://addons/gdUnit4/src/core/execution/stages/single/GdUnitTestCaseSingleExecutionStage.gd:28)
       [15] execute (res://addons/gdUnit4/src/core/execution/stages/IGdUnitExecutionStage.gd:19)
       [16] _execute (res://addons/gdUnit4/src/core/execution/stages/single/GdUnitTestCaseSingleTestStage.gd:11)
       [17] execute (res://addons/gdUnit4/src/core/_TestCase.gd:40)
       [18] _execute_test_case (res://addons/gdUnit4/src/core/_TestCase.gd:98)
WARNING: Localization: unsupported locale: xx
   at: push_warning (core/variant/variant_utility.cpp:1034)
   GDScript backtrace (most recent call first):
       [0] switch_locale (res://autoloads/localization.gd:97)
       [1] test_locale_switch_performance_unsupported_locale_under_frame_budget (res://tests/unit/localization/locale_switch_test.gd:316)
       [2] _execute_test_case (res://addons/gdUnit4/src/core/_TestCase.gd:94)
       [3] execute (res://addons/gdUnit4/src/core/_TestCase.gd:39)
       [4] _execute (res://addons/gdUnit4/src/core/execution/stages/single/GdUnitTestCaseSingleTestStage.gd:10)
       [5] execute (res://addons/gdUnit4/src/core/execution/stages/IGdUnitExecutionStage.gd:19)
       [6] _execute (res://addons/gdUnit4/src/core/execution/stages/single/GdUnitTestCaseSingleExecutionStage.gd:17)
       [7] execute (res://addons/gdUnit4/src/core/execution/stages/IGdUnitExecutionStage.gd:19)
       [8] _execute (res://addons/gdUnit4/src/core/execution/stages/GdUnitTestCaseExecutionStage.gd:24)
       [9] execute (res://addons/gdUnit4/src/core/execution/stages/IGdUnitExecutionStage.gd:19)
       [10] _execute (res://addons/gdUnit4/src/core/execution/stages/GdUnitTestSuiteExecutionStage.gd:32)
       [11] execute (res://addons/gdUnit4/src/core/execution/stages/IGdUnitExecutionStage.gd:19)
       [12] _execute (res://addons/gdUnit4/src/core/execution/stages/GdUnitTestCaseExecutionStage.gd:31)
       [13] execute (res://addons/gdUnit4/src/core/execution/stages/IGdUnitExecutionStage.gd:19)
       [14] _execute (res://addons/gdUnit4/src/core/execution/stages/single/GdUnitTestCaseSingleExecutionStage.gd:28)
       [15] execute (res://addons/gdUnit4/src/core/execution/stages/IGdUnitExecutionStage.gd:19)
       [16] _execute (res://addons/gdUnit4/src/core/execution/stages/single/GdUnitTestCaseSingleTestStage.gd:11)
       [17] execute (res://addons/gdUnit4/src/core/_TestCase.gd:40)
       [18] _execute_test_case (res://addons/gdUnit4/src/core/_TestCase.gd:98)
WARNING: Localization: unsupported locale: xx
   at: push_warning (core/variant/variant_utility.cpp:1034)
   GDScript backtrace (most recent call first):
       [0] switch_locale (res://autoloads/localization.gd:97)
       [1] test_locale_switch_performance_unsupported_locale_under_frame_budget (res://tests/unit/localization/locale_switch_test.gd:316)
       [2] _execute_test_case (res://addons/gdUnit4/src/core/_TestCase.gd:94)
       [3] execute (res://addons/gdUnit4/src/core/_TestCase.gd:39)
       [4] _execute (res://addons/gdUnit4/src/core/execution/stages/single/GdUnitTestCaseSingleTestStage.gd:10)
       [5] execute (res://addons/gdUnit4/src/core/execution/stages/IGdUnitExecutionStage.gd:19)
       [6] _execute (res://addons/gdUnit4/src/core/execution/stages/single/GdUnitTestCaseSingleExecutionStage.gd:17)
       [7] execute (res://addons/gdUnit4/src/core/execution/stages/IGdUnitExecutionStage.gd:19)
       [8] _execute (res://addons/gdUnit4/src/core/execution/stages/GdUnitTestCaseExecutionStage.gd:24)
       [9] execute (res://addons/gdUnit4/src/core/execution/stages/IGdUnitExecutionStage.gd:19)
       [10] _execute (res://addons/gdUnit4/src/core/execution/stages/GdUnitTestSuiteExecutionStage.gd:32)
       [11] execute (res://addons/gdUnit4/src/core/execution/stages/IGdUnitExecutionStage.gd:19)
       [12] _execute (res://addons/gdUnit4/src/core/execution/stages/GdUnitTestCaseExecutionStage.gd:31)
       [13] execute (res://addons/gdUnit4/src/core/execution/stages/IGdUnitExecutionStage.gd:19)
       [14] _execute (res://addons/gdUnit4/src/core/execution/stages/single/GdUnitTestCaseSingleExecutionStage.gd:28)
       [15] execute (res://addons/gdUnit4/src/core/execution/stages/IGdUnitExecutionStage.gd:19)
       [16] _execute (res://addons/gdUnit4/src/core/execution/stages/single/GdUnitTestCaseSingleTestStage.gd:11)
       [17] execute (res://addons/gdUnit4/src/core/_TestCase.gd:40)
       [18] _execute_test_case (res://addons/gdUnit4/src/core/_TestCase.gd:98)
WARNING: Localization: unsupported locale: xx
   at: push_warning (core/variant/variant_utility.cpp:1034)
   GDScript backtrace (most recent call first):
       [0] switch_locale (res://autoloads/localization.gd:97)
       [1] test_locale_switch_performance_unsupported_locale_under_frame_budget (res://tests/unit/localization/locale_switch_test.gd:316)
       [2] _execute_test_case (res://addons/gdUnit4/src/core/_TestCase.gd:94)
       [3] execute (res://addons/gdUnit4/src/core/_TestCase.gd:39)
       [4] _execute (res://addons/gdUnit4/src/core/execution/stages/single/GdUnitTestCaseSingleTestStage.gd:10)
       [5] execute (res://addons/gdUnit4/src/core/execution/stages/IGdUnitExecutionStage.gd:19)
       [6] _execute (res://addons/gdUnit4/src/core/execution/stages/single/GdUnitTestCaseSingleExecutionStage.gd:17)
       [7] execute (res://addons/gdUnit4/src/core/execution/stages/IGdUnitExecutionStage.gd:19)
       [8] _execute (res://addons/gdUnit4/src/core/execution/stages/GdUnitTestCaseExecutionStage.gd:24)
       [9] execute (res://addons/gdUnit4/src/core/execution/stages/IGdUnitExecutionStage.gd:19)
       [10] _execute (res://addons/gdUnit4/src/core/execution/stages/GdUnitTestSuiteExecutionStage.gd:32)
       [11] execute (res://addons/gdUnit4/src/core/execution/stages/IGdUnitExecutionStage.gd:19)
       [12] _execute (res://addons/gdUnit4/src/core/execution/stages/GdUnitTestCaseExecutionStage.gd:31)
       [13] execute (res://addons/gdUnit4/src/core/execution/stages/IGdUnitExecutionStage.gd:19)
       [14] _execute (res://addons/gdUnit4/src/core/execution/stages/single/GdUnitTestCaseSingleExecutionStage.gd:28)
       [15] execute (res://addons/gdUnit4/src/core/execution/stages/IGdUnitExecutionStage.gd:19)
       [16] _execute (res://addons/gdUnit4/src/core/execution/stages/single/GdUnitTestCaseSingleTestStage.gd:11)
       [17] execute (res://addons/gdUnit4/src/core/_TestCase.gd:40)
       [18] _execute_test_case (res://addons/gdUnit4/src/core/_TestCase.gd:98)
WARNING: Localization: unsupported locale: xx
   at: push_warning (core/variant/variant_utility.cpp:1034)
   GDScript backtrace (most recent call first):
       [0] switch_locale (res://autoloads/localization.gd:97)
       [1] test_locale_switch_performance_unsupported_locale_under_frame_budget (res://tests/unit/localization/locale_switch_test.gd:316)
       [2] _execute_test_case (res://addons/gdUnit4/src/core/_TestCase.gd:94)
       [3] execute (res://addons/gdUnit4/src/core/_TestCase.gd:39)
       [4] _execute (res://addons/gdUnit4/src/core/execution/stages/single/GdUnitTestCaseSingleTestStage.gd:10)
       [5] execute (res://addons/gdUnit4/src/core/execution/stages/IGdUnitExecutionStage.gd:19)
       [6] _execute (res://addons/gdUnit4/src/core/execution/stages/single/GdUnitTestCaseSingleExecutionStage.gd:17)
       [7] execute (res://addons/gdUnit4/src/core/execution/stages/IGdUnitExecutionStage.gd:19)
       [8] _execute (res://addons/gdUnit4/src/core/execution/stages/GdUnitTestCaseExecutionStage.gd:24)
       [9] execute (res://addons/gdUnit4/src/core/execution/stages/IGdUnitExecutionStage.gd:19)
       [10] _execute (res://addons/gdUnit4/src/core/execution/stages/GdUnitTestSuiteExecutionStage.gd:32)
       [11] execute (res://addons/gdUnit4/src/core/execution/stages/IGdUnitExecutionStage.gd:19)
       [12] _execute (res://addons/gdUnit4/src/core/execution/stages/GdUnitTestCaseExecutionStage.gd:31)
       [13] execute (res://addons/gdUnit4/src/core/execution/stages/IGdUnitExecutionStage.gd:19)
       [14] _execute (res://addons/gdUnit4/src/core/execution/stages/single/GdUnitTestCaseSingleExecutionStage.gd:28)
       [15] execute (res://addons/gdUnit4/src/core/execution/stages/IGdUnitExecutionStage.gd:19)
       [16] _execute (res://addons/gdUnit4/src/core/execution/stages/single/GdUnitTestCaseSingleTestStage.gd:11)
       [17] execute (res://addons/gdUnit4/src/core/_TestCase.gd:40)
       [18] _execute_test_case (res://addons/gdUnit4/src/core/_TestCase.gd:98)
WARNING: Localization: unsupported locale: xx
   at: push_warning (core/variant/variant_utility.cpp:1034)
   GDScript backtrace (most recent call first):
       [0] switch_locale (res://autoloads/localization.gd:97)
       [1] test_locale_switch_performance_unsupported_locale_under_frame_budget (res://tests/unit/localization/locale_switch_test.gd:316)
       [2] _execute_test_case (res://addons/gdUnit4/src/core/_TestCase.gd:94)
       [3] execute (res://addons/gdUnit4/src/core/_TestCase.gd:39)
       [4] _execute (res://addons/gdUnit4/src/core/execution/stages/single/GdUnitTestCaseSingleTestStage.gd:10)
       [5] execute (res://addons/gdUnit4/src/core/execution/stages/IGdUnitExecutionStage.gd:19)
       [6] _execute (res://addons/gdUnit4/src/core/execution/stages/single/GdUnitTestCaseSingleExecutionStage.gd:17)
       [7] execute (res://addons/gdUnit4/src/core/execution/stages/IGdUnitExecutionStage.gd:19)
       [8] _execute (res://addons/gdUnit4/src/core/execution/stages/GdUnitTestCaseExecutionStage.gd:24)
       [9] execute (res://addons/gdUnit4/src/core/execution/stages/IGdUnitExecutionStage.gd:19)
       [10] _execute (res://addons/gdUnit4/src/core/execution/stages/GdUnitTestSuiteExecutionStage.gd:32)
       [11] execute (res://addons/gdUnit4/src/core/execution/stages/IGdUnitExecutionStage.gd:19)
       [12] _execute (res://addons/gdUnit4/src/core/execution/stages/GdUnitTestCaseExecutionStage.gd:31)
       [13] execute (res://addons/gdUnit4/src/core/execution/stages/IGdUnitExecutionStage.gd:19)
       [14] _execute (res://addons/gdUnit4/src/core/execution/stages/single/GdUnitTestCaseSingleExecutionStage.gd:28)
       [15] execute (res://addons/gdUnit4/src/core/execution/stages/IGdUnitExecutionStage.gd:19)
       [16] _execute (res://addons/gdUnit4/src/core/execution/stages/single/GdUnitTestCaseSingleTestStage.gd:11)
       [17] execute (res://addons/gdUnit4/src/core/_TestCase.gd:40)
       [18] _execute_test_case (res://addons/gdUnit4/src/core/_TestCase.gd:98)
WARNING: Localization: unsupported locale: xx
   at: push_warning (core/variant/variant_utility.cpp:1034)
   GDScript backtrace (most recent call first):
       [0] switch_locale (res://autoloads/localization.gd:97)
       [1] test_locale_switch_performance_unsupported_locale_under_frame_budget (res://tests/unit/localization/locale_switch_test.gd:316)
       [2] _execute_test_case (res://addons/gdUnit4/src/core/_TestCase.gd:94)
       [3] execute (res://addons/gdUnit4/src/core/_TestCase.gd:39)
       [4] _execute (res://addons/gdUnit4/src/core/execution/stages/single/GdUnitTestCaseSingleTestStage.gd:10)
       [5] execute (res://addons/gdUnit4/src/core/execution/stages/IGdUnitExecutionStage.gd:19)
       [6] _execute (res://addons/gdUnit4/src/core/execution/stages/single/GdUnitTestCaseSingleExecutionStage.gd:17)
       [7] execute (res://addons/gdUnit4/src/core/execution/stages/IGdUnitExecutionStage.gd:19)
       [8] _execute (res://addons/gdUnit4/src/core/execution/stages/GdUnitTestCaseExecutionStage.gd:24)
       [9] execute (res://addons/gdUnit4/src/core/execution/stages/IGdUnitExecutionStage.gd:19)
       [10] _execute (res://addons/gdUnit4/src/core/execution/stages/GdUnitTestSuiteExecutionStage.gd:32)
       [11] execute (res://addons/gdUnit4/src/core/execution/stages/IGdUnitExecutionStage.gd:19)
       [12] _execute (res://addons/gdUnit4/src/core/execution/stages/GdUnitTestCaseExecutionStage.gd:31)
       [13] execute (res://addons/gdUnit4/src/core/execution/stages/IGdUnitExecutionStage.gd:19)
       [14] _execute (res://addons/gdUnit4/src/core/execution/stages/single/GdUnitTestCaseSingleExecutionStage.gd:28)
       [15] execute (res://addons/gdUnit4/src/core/execution/stages/IGdUnitExecutionStage.gd:19)
       [16] _execute (res://addons/gdUnit4/src/core/execution/stages/single/GdUnitTestCaseSingleTestStage.gd:11)
       [17] execute (res://addons/gdUnit4/src/core/_TestCase.gd:40)
       [18] _execute_test_case (res://addons/gdUnit4/src/core/_TestCase.gd:98)
WARNING: Localization: unsupported locale: xx
   at: push_warning (core/variant/variant_utility.cpp:1034)
   GDScript backtrace (most recent call first):
       [0] switch_locale (res://autoloads/localization.gd:97)
       [1] test_locale_switch_performance_unsupported_locale_under_frame_budget (res://tests/unit/localization/locale_switch_test.gd:316)
       [2] _execute_test_case (res://addons/gdUnit4/src/core/_TestCase.gd:94)
       [3] execute (res://addons/gdUnit4/src/core/_TestCase.gd:39)
       [4] _execute (res://addons/gdUnit4/src/core/execution/stages/single/GdUnitTestCaseSingleTestStage.gd:10)
       [5] execute (res://addons/gdUnit4/src/core/execution/stages/IGdUnitExecutionStage.gd:19)
       [6] _execute (res://addons/gdUnit4/src/core/execution/stages/single/GdUnitTestCaseSingleExecutionStage.gd:17)
       [7] execute (res://addons/gdUnit4/src/core/execution/stages/IGdUnitExecutionStage.gd:19)
       [8] _execute (res://addons/gdUnit4/src/core/execution/stages/GdUnitTestCaseExecutionStage.gd:24)
       [9] execute (res://addons/gdUnit4/src/core/execution/stages/IGdUnitExecutionStage.gd:19)
       [10] _execute (res://addons/gdUnit4/src/core/execution/stages/GdUnitTestSuiteExecutionStage.gd:32)
       [11] execute (res://addons/gdUnit4/src/core/execution/stages/IGdUnitExecutionStage.gd:19)
       [12] _execute (res://addons/gdUnit4/src/core/execution/stages/GdUnitTestCaseExecutionStage.gd:31)
       [13] execute (res://addons/gdUnit4/src/core/execution/stages/IGdUnitExecutionStage.gd:19)
       [14] _execute (res://addons/gdUnit4/src/core/execution/stages/single/GdUnitTestCaseSingleExecutionStage.gd:28)
       [15] execute (res://addons/gdUnit4/src/core/execution/stages/IGdUnitExecutionStage.gd:19)
       [16] _execute (res://addons/gdUnit4/src/core/execution/stages/single/GdUnitTestCaseSingleTestStage.gd:11)
       [17] execute (res://addons/gdUnit4/src/core/_TestCase.gd:40)
       [18] _execute_test_case (res://addons/gdUnit4/src/core/_TestCase.gd:98)
WARNING: Localization: unsupported locale: xx
   at: push_warning (core/variant/variant_utility.cpp:1034)
   GDScript backtrace (most recent call first):
       [0] switch_locale (res://autoloads/localization.gd:97)
       [1] test_locale_switch_performance_unsupported_locale_under_frame_budget (res://tests/unit/localization/locale_switch_test.gd:316)
       [2] _execute_test_case (res://addons/gdUnit4/src/core/_TestCase.gd:94)
       [3] execute (res://addons/gdUnit4/src/core/_TestCase.gd:39)
       [4] _execute (res://addons/gdUnit4/src/core/execution/stages/single/GdUnitTestCaseSingleTestStage.gd:10)
       [5] execute (res://addons/gdUnit4/src/core/execution/stages/IGdUnitExecutionStage.gd:19)
       [6] _execute (res://addons/gdUnit4/src/core/execution/stages/single/GdUnitTestCaseSingleExecutionStage.gd:17)
       [7] execute (res://addons/gdUnit4/src/core/execution/stages/IGdUnitExecutionStage.gd:19)
       [8] _execute (res://addons/gdUnit4/src/core/execution/stages/GdUnitTestCaseExecutionStage.gd:24)
       [9] execute (res://addons/gdUnit4/src/core/execution/stages/IGdUnitExecutionStage.gd:19)
       [10] _execute (res://addons/gdUnit4/src/core/execution/stages/GdUnitTestSuiteExecutionStage.gd:32)
       [11] execute (res://addons/gdUnit4/src/core/execution/stages/IGdUnitExecutionStage.gd:19)
       [12] _execute (res://addons/gdUnit4/src/core/execution/stages/GdUnitTestCaseExecutionStage.gd:31)
       [13] execute (res://addons/gdUnit4/src/core/execution/stages/IGdUnitExecutionStage.gd:19)
       [14] _execute (res://addons/gdUnit4/src/core/execution/stages/single/GdUnitTestCaseSingleExecutionStage.gd:28)
       [15] execute (res://addons/gdUnit4/src/core/execution/stages/IGdUnitExecutionStage.gd:19)
       [16] _execute (res://addons/gdUnit4/src/core/execution/stages/single/GdUnitTestCaseSingleTestStage.gd:11)
       [17] execute (res://addons/gdUnit4/src/core/_TestCase.gd:40)
       [18] _execute_test_case (res://addons/gdUnit4/src/core/_TestCase.gd:98)
WARNING: Localization: unsupported locale: xx
   at: push_warning (core/variant/variant_utility.cpp:1034)
   GDScript backtrace (most recent call first):
       [0] switch_locale (res://autoloads/localization.gd:97)
       [1] test_locale_switch_performance_unsupported_locale_under_frame_budget (res://tests/unit/localization/locale_switch_test.gd:316)
       [2] _execute_test_case (res://addons/gdUnit4/src/core/_TestCase.gd:94)
       [3] execute (res://addons/gdUnit4/src/core/_TestCase.gd:39)
       [4] _execute (res://addons/gdUnit4/src/core/execution/stages/single/GdUnitTestCaseSingleTestStage.gd:10)
       [5] execute (res://addons/gdUnit4/src/core/execution/stages/IGdUnitExecutionStage.gd:19)
       [6] _execute (res://addons/gdUnit4/src/core/execution/stages/single/GdUnitTestCaseSingleExecutionStage.gd:17)
       [7] execute (res://addons/gdUnit4/src/core/execution/stages/IGdUnitExecutionStage.gd:19)
       [8] _execute (res://addons/gdUnit4/src/core/execution/stages/GdUnitTestCaseExecutionStage.gd:24)
       [9] execute (res://addons/gdUnit4/src/core/execution/stages/IGdUnitExecutionStage.gd:19)
       [10] _execute (res://addons/gdUnit4/src/core/execution/stages/GdUnitTestSuiteExecutionStage.gd:32)
       [11] execute (res://addons/gdUnit4/src/core/execution/stages/IGdUnitExecutionStage.gd:19)
       [12] _execute (res://addons/gdUnit4/src/core/execution/stages/GdUnitTestCaseExecutionStage.gd:31)
       [13] execute (res://addons/gdUnit4/src/core/execution/stages/IGdUnitExecutionStage.gd:19)
       [14] _execute (res://addons/gdUnit4/src/core/execution/stages/single/GdUnitTestCaseSingleExecutionStage.gd:28)
       [15] execute (res://addons/gdUnit4/src/core/execution/stages/IGdUnitExecutionStage.gd:19)
       [16] _execute (res://addons/gdUnit4/src/core/execution/stages/single/GdUnitTestCaseSingleTestStage.gd:11)
       [17] execute (res://addons/gdUnit4/src/core/_TestCase.gd:40)
       [18] _execute_test_case (res://addons/gdUnit4/src/core/_TestCase.gd:98)
WARNING: Localization: unsupported locale: xx
   at: push_warning (core/variant/variant_utility.cpp:1034)
   GDScript backtrace (most recent call first):
       [0] switch_locale (res://autoloads/localization.gd:97)
       [1] test_locale_switch_performance_unsupported_locale_under_frame_budget (res://tests/unit/localization/locale_switch_test.gd:316)
       [2] _execute_test_case (res://addons/gdUnit4/src/core/_TestCase.gd:94)
       [3] execute (res://addons/gdUnit4/src/core/_TestCase.gd:39)
       [4] _execute (res://addons/gdUnit4/src/core/execution/stages/single/GdUnitTestCaseSingleTestStage.gd:10)
       [5] execute (res://addons/gdUnit4/src/core/execution/stages/IGdUnitExecutionStage.gd:19)
       [6] _execute (res://addons/gdUnit4/src/core/execution/stages/single/GdUnitTestCaseSingleExecutionStage.gd:17)
       [7] execute (res://addons/gdUnit4/src/core/execution/stages/IGdUnitExecutionStage.gd:19)
       [8] _execute (res://addons/gdUnit4/src/core/execution/stages/GdUnitTestCaseExecutionStage.gd:24)
       [9] execute (res://addons/gdUnit4/src/core/execution/stages/IGdUnitExecutionStage.gd:19)
       [10] _execute (res://addons/gdUnit4/src/core/execution/stages/GdUnitTestSuiteExecutionStage.gd:32)
       [11] execute (res://addons/gdUnit4/src/core/execution/stages/IGdUnitExecutionStage.gd:19)
       [12] _execute (res://addons/gdUnit4/src/core/execution/stages/GdUnitTestCaseExecutionStage.gd:31)
       [13] execute (res://addons/gdUnit4/src/core/execution/stages/IGdUnitExecutionStage.gd:19)
       [14] _execute (res://addons/gdUnit4/src/core/execution/stages/single/GdUnitTestCaseSingleExecutionStage.gd:28)
       [15] execute (res://addons/gdUnit4/src/core/execution/stages/IGdUnitExecutionStage.gd:19)
       [16] _execute (res://addons/gdUnit4/src/core/execution/stages/single/GdUnitTestCaseSingleTestStage.gd:11)
       [17] execute (res://addons/gdUnit4/src/core/_TestCase.gd:40)
       [18] _execute_test_case (res://addons/gdUnit4/src/core/_TestCase.gd:98)
WARNING: Localization: unsupported locale: xx
   at: push_warning (core/variant/variant_utility.cpp:1034)
   GDScript backtrace (most recent call first):
       [0] switch_locale (res://autoloads/localization.gd:97)
       [1] test_locale_switch_performance_unsupported_locale_under_frame_budget (res://tests/unit/localization/locale_switch_test.gd:316)
       [2] _execute_test_case (res://addons/gdUnit4/src/core/_TestCase.gd:94)
       [3] execute (res://addons/gdUnit4/src/core/_TestCase.gd:39)
       [4] _execute (res://addons/gdUnit4/src/core/execution/stages/single/GdUnitTestCaseSingleTestStage.gd:10)
       [5] execute (res://addons/gdUnit4/src/core/execution/stages/IGdUnitExecutionStage.gd:19)
       [6] _execute (res://addons/gdUnit4/src/core/execution/stages/single/GdUnitTestCaseSingleExecutionStage.gd:17)
       [7] execute (res://addons/gdUnit4/src/core/execution/stages/IGdUnitExecutionStage.gd:19)
       [8] _execute (res://addons/gdUnit4/src/core/execution/stages/GdUnitTestCaseExecutionStage.gd:24)
       [9] execute (res://addons/gdUnit4/src/core/execution/stages/IGdUnitExecutionStage.gd:19)
       [10] _execute (res://addons/gdUnit4/src/core/execution/stages/GdUnitTestSuiteExecutionStage.gd:32)
       [11] execute (res://addons/gdUnit4/src/core/execution/stages/IGdUnitExecutionStage.gd:19)
       [12] _execute (res://addons/gdUnit4/src/core/execution/stages/GdUnitTestCaseExecutionStage.gd:31)
       [13] execute (res://addons/gdUnit4/src/core/execution/stages/IGdUnitExecutionStage.gd:19)
       [14] _execute (res://addons/gdUnit4/src/core/execution/stages/single/GdUnitTestCaseSingleExecutionStage.gd:28)
       [15] execute (res://addons/gdUnit4/src/core/execution/stages/IGdUnitExecutionStage.gd:19)
       [16] _execute (res://addons/gdUnit4/src/core/execution/stages/single/GdUnitTestCaseSingleTestStage.gd:11)
       [17] execute (res://addons/gdUnit4/src/core/_TestCase.gd:40)
       [18] _execute_test_case (res://addons/gdUnit4/src/core/_TestCase.gd:98)
WARNING: Localization: unsupported locale: xx
   at: push_warning (core/variant/variant_utility.cpp:1034)
   GDScript backtrace (most recent call first):
       [0] switch_locale (res://autoloads/localization.gd:97)
       [1] test_locale_switch_performance_unsupported_locale_under_frame_budget (res://tests/unit/localization/locale_switch_test.gd:316)
       [2] _execute_test_case (res://addons/gdUnit4/src/core/_TestCase.gd:94)
       [3] execute (res://addons/gdUnit4/src/core/_TestCase.gd:39)
       [4] _execute (res://addons/gdUnit4/src/core/execution/stages/single/GdUnitTestCaseSingleTestStage.gd:10)
       [5] execute (res://addons/gdUnit4/src/core/execution/stages/IGdUnitExecutionStage.gd:19)
       [6] _execute (res://addons/gdUnit4/src/core/execution/stages/single/GdUnitTestCaseSingleExecutionStage.gd:17)
       [7] execute (res://addons/gdUnit4/src/core/execution/stages/IGdUnitExecutionStage.gd:19)
       [8] _execute (res://addons/gdUnit4/src/core/execution/stages/GdUnitTestCaseExecutionStage.gd:24)
       [9] execute (res://addons/gdUnit4/src/core/execution/stages/IGdUnitExecutionStage.gd:19)
       [10] _execute (res://addons/gdUnit4/src/core/execution/stages/GdUnitTestSuiteExecutionStage.gd:32)
       [11] execute (res://addons/gdUnit4/src/core/execution/stages/IGdUnitExecutionStage.gd:19)
       [12] _execute (res://addons/gdUnit4/src/core/execution/stages/GdUnitTestCaseExecutionStage.gd:31)
       [13] execute (res://addons/gdUnit4/src/core/execution/stages/IGdUnitExecutionStage.gd:19)
       [14] _execute (res://addons/gdUnit4/src/core/execution/stages/single/GdUnitTestCaseSingleExecutionStage.gd:28)
       [15] execute (res://addons/gdUnit4/src/core/execution/stages/IGdUnitExecutionStage.gd:19)
       [16] _execute (res://addons/gdUnit4/src/core/execution/stages/single/GdUnitTestCaseSingleTestStage.gd:11)
       [17] execute (res://addons/gdUnit4/src/core/_TestCase.gd:40)
       [18] _execute_test_case (res://addons/gdUnit4/src/core/_TestCase.gd:98)
WARNING: Localization: unsupported locale: xx
   at: push_warning (core/variant/variant_utility.cpp:1034)
   GDScript backtrace (most recent call first):
       [0] switch_locale (res://autoloads/localization.gd:97)
       [1] test_locale_switch_performance_unsupported_locale_under_frame_budget (res://tests/unit/localization/locale_switch_test.gd:316)
       [2] _execute_test_case (res://addons/gdUnit4/src/core/_TestCase.gd:94)
       [3] execute (res://addons/gdUnit4/src/core/_TestCase.gd:39)
       [4] _execute (res://addons/gdUnit4/src/core/execution/stages/single/GdUnitTestCaseSingleTestStage.gd:10)
       [5] execute (res://addons/gdUnit4/src/core/execution/stages/IGdUnitExecutionStage.gd:19)
       [6] _execute (res://addons/gdUnit4/src/core/execution/stages/single/GdUnitTestCaseSingleExecutionStage.gd:17)
       [7] execute (res://addons/gdUnit4/src/core/execution/stages/IGdUnitExecutionStage.gd:19)
       [8] _execute (res://addons/gdUnit4/src/core/execution/stages/GdUnitTestCaseExecutionStage.gd:24)
       [9] execute (res://addons/gdUnit4/src/core/execution/stages/IGdUnitExecutionStage.gd:19)
       [10] _execute (res://addons/gdUnit4/src/core/execution/stages/GdUnitTestSuiteExecutionStage.gd:32)
       [11] execute (res://addons/gdUnit4/src/core/execution/stages/IGdUnitExecutionStage.gd:19)
       [12] _execute (res://addons/gdUnit4/src/core/execution/stages/GdUnitTestCaseExecutionStage.gd:31)
       [13] execute (res://addons/gdUnit4/src/core/execution/stages/IGdUnitExecutionStage.gd:19)
       [14] _execute (res://addons/gdUnit4/src/core/execution/stages/single/GdUnitTestCaseSingleExecutionStage.gd:28)
       [15] execute (res://addons/gdUnit4/src/core/execution/stages/IGdUnitExecutionStage.gd:19)
       [16] _execute (res://addons/gdUnit4/src/core/execution/stages/single/GdUnitTestCaseSingleTestStage.gd:11)
       [17] execute (res://addons/gdUnit4/src/core/_TestCase.gd:40)
       [18] _execute_test_case (res://addons/gdUnit4/src/core/_TestCase.gd:98)
WARNING: Localization: unsupported locale: xx
   at: push_warning (core/variant/variant_utility.cpp:1034)
   GDScript backtrace (most recent call first):
       [0] switch_locale (res://autoloads/localization.gd:97)
       [1] test_locale_switch_performance_unsupported_locale_under_frame_budget (res://tests/unit/localization/locale_switch_test.gd:316)
       [2] _execute_test_case (res://addons/gdUnit4/src/core/_TestCase.gd:94)
       [3] execute (res://addons/gdUnit4/src/core/_TestCase.gd:39)
       [4] _execute (res://addons/gdUnit4/src/core/execution/stages/single/GdUnitTestCaseSingleTestStage.gd:10)
       [5] execute (res://addons/gdUnit4/src/core/execution/stages/IGdUnitExecutionStage.gd:19)
       [6] _execute (res://addons/gdUnit4/src/core/execution/stages/single/GdUnitTestCaseSingleExecutionStage.gd:17)
       [7] execute (res://addons/gdUnit4/src/core/execution/stages/IGdUnitExecutionStage.gd:19)
       [8] _execute (res://addons/gdUnit4/src/core/execution/stages/GdUnitTestCaseExecutionStage.gd:24)
       [9] execute (res://addons/gdUnit4/src/core/execution/stages/IGdUnitExecutionStage.gd:19)
       [10] _execute (res://addons/gdUnit4/src/core/execution/stages/GdUnitTestSuiteExecutionStage.gd:32)
       [11] execute (res://addons/gdUnit4/src/core/execution/stages/IGdUnitExecutionStage.gd:19)
       [12] _execute (res://addons/gdUnit4/src/core/execution/stages/GdUnitTestCaseExecutionStage.gd:31)
       [13] execute (res://addons/gdUnit4/src/core/execution/stages/IGdUnitExecutionStage.gd:19)
       [14] _execute (res://addons/gdUnit4/src/core/execution/stages/single/GdUnitTestCaseSingleExecutionStage.gd:28)
       [15] execute (res://addons/gdUnit4/src/core/execution/stages/IGdUnitExecutionStage.gd:19)
       [16] _execute (res://addons/gdUnit4/src/core/execution/stages/single/GdUnitTestCaseSingleTestStage.gd:11)
       [17] execute (res://addons/gdUnit4/src/core/_TestCase.gd:40)
       [18] _execute_test_case (res://addons/gdUnit4/src/core/_TestCase.gd:98)
WARNING: Localization: unsupported locale: xx
   at: push_warning (core/variant/variant_utility.cpp:1034)
   GDScript backtrace (most recent call first):
       [0] switch_locale (res://autoloads/localization.gd:97)
       [1] test_locale_switch_performance_unsupported_locale_under_frame_budget (res://tests/unit/localization/locale_switch_test.gd:316)
       [2] _execute_test_case (res://addons/gdUnit4/src/core/_TestCase.gd:94)
       [3] execute (res://addons/gdUnit4/src/core/_TestCase.gd:39)
       [4] _execute (res://addons/gdUnit4/src/core/execution/stages/single/GdUnitTestCaseSingleTestStage.gd:10)
       [5] execute (res://addons/gdUnit4/src/core/execution/stages/IGdUnitExecutionStage.gd:19)
       [6] _execute (res://addons/gdUnit4/src/core/execution/stages/single/GdUnitTestCaseSingleExecutionStage.gd:17)
       [7] execute (res://addons/gdUnit4/src/core/execution/stages/IGdUnitExecutionStage.gd:19)
       [8] _execute (res://addons/gdUnit4/src/core/execution/stages/GdUnitTestCaseExecutionStage.gd:24)
       [9] execute (res://addons/gdUnit4/src/core/execution/stages/IGdUnitExecutionStage.gd:19)
       [10] _execute (res://addons/gdUnit4/src/core/execution/stages/GdUnitTestSuiteExecutionStage.gd:32)
       [11] execute (res://addons/gdUnit4/src/core/execution/stages/IGdUnitExecutionStage.gd:19)
       [12] _execute (res://addons/gdUnit4/src/core/execution/stages/GdUnitTestCaseExecutionStage.gd:31)
       [13] execute (res://addons/gdUnit4/src/core/execution/stages/IGdUnitExecutionStage.gd:19)
       [14] _execute (res://addons/gdUnit4/src/core/execution/stages/single/GdUnitTestCaseSingleExecutionStage.gd:28)
       [15] execute (res://addons/gdUnit4/src/core/execution/stages/IGdUnitExecutionStage.gd:19)
       [16] _execute (res://addons/gdUnit4/src/core/execution/stages/single/GdUnitTestCaseSingleTestStage.gd:11)
       [17] execute (res://addons/gdUnit4/src/core/_TestCase.gd:40)
       [18] _execute_test_case (res://addons/gdUnit4/src/core/_TestCase.gd:98)
WARNING: Localization: unsupported locale: xx
   at: push_warning (core/variant/variant_utility.cpp:1034)
   GDScript backtrace (most recent call first):
       [0] switch_locale (res://autoloads/localization.gd:97)
       [1] test_locale_switch_performance_unsupported_locale_under_frame_budget (res://tests/unit/localization/locale_switch_test.gd:316)
       [2] _execute_test_case (res://addons/gdUnit4/src/core/_TestCase.gd:94)
       [3] execute (res://addons/gdUnit4/src/core/_TestCase.gd:39)
       [4] _execute (res://addons/gdUnit4/src/core/execution/stages/single/GdUnitTestCaseSingleTestStage.gd:10)
       [5] execute (res://addons/gdUnit4/src/core/execution/stages/IGdUnitExecutionStage.gd:19)
       [6] _execute (res://addons/gdUnit4/src/core/execution/stages/single/GdUnitTestCaseSingleExecutionStage.gd:17)
       [7] execute (res://addons/gdUnit4/src/core/execution/stages/IGdUnitExecutionStage.gd:19)
       [8] _execute (res://addons/gdUnit4/src/core/execution/stages/GdUnitTestCaseExecutionStage.gd:24)
       [9] execute (res://addons/gdUnit4/src/core/execution/stages/IGdUnitExecutionStage.gd:19)
       [10] _execute (res://addons/gdUnit4/src/core/execution/stages/GdUnitTestSuiteExecutionStage.gd:32)
       [11] execute (res://addons/gdUnit4/src/core/execution/stages/IGdUnitExecutionStage.gd:19)
       [12] _execute (res://addons/gdUnit4/src/core/execution/stages/GdUnitTestCaseExecutionStage.gd:31)
       [13] execute (res://addons/gdUnit4/src/core/execution/stages/IGdUnitExecutionStage.gd:19)
       [14] _execute (res://addons/gdUnit4/src/core/execution/stages/single/GdUnitTestCaseSingleExecutionStage.gd:28)
       [15] execute (res://addons/gdUnit4/src/core/execution/stages/IGdUnitExecutionStage.gd:19)
       [16] _execute (res://addons/gdUnit4/src/core/execution/stages/single/GdUnitTestCaseSingleTestStage.gd:11)
       [17] execute (res://addons/gdUnit4/src/core/_TestCase.gd:40)
       [18] _execute_test_case (res://addons/gdUnit4/src/core/_TestCase.gd:98)
WARNING: Localization: unsupported locale: xx
   at: push_warning (core/variant/variant_utility.cpp:1034)
   GDScript backtrace (most recent call first):
       [0] switch_locale (res://autoloads/localization.gd:97)
       [1] test_locale_switch_performance_unsupported_locale_under_frame_budget (res://tests/unit/localization/locale_switch_test.gd:316)
       [2] _execute_test_case (res://addons/gdUnit4/src/core/_TestCase.gd:94)
       [3] execute (res://addons/gdUnit4/src/core/_TestCase.gd:39)
       [4] _execute (res://addons/gdUnit4/src/core/execution/stages/single/GdUnitTestCaseSingleTestStage.gd:10)
       [5] execute (res://addons/gdUnit4/src/core/execution/stages/IGdUnitExecutionStage.gd:19)
       [6] _execute (res://addons/gdUnit4/src/core/execution/stages/single/GdUnitTestCaseSingleExecutionStage.gd:17)
       [7] execute (res://addons/gdUnit4/src/core/execution/stages/IGdUnitExecutionStage.gd:19)
       [8] _execute (res://addons/gdUnit4/src/core/execution/stages/GdUnitTestCaseExecutionStage.gd:24)
       [9] execute (res://addons/gdUnit4/src/core/execution/stages/IGdUnitExecutionStage.gd:19)
       [10] _execute (res://addons/gdUnit4/src/core/execution/stages/GdUnitTestSuiteExecutionStage.gd:32)
       [11] execute (res://addons/gdUnit4/src/core/execution/stages/IGdUnitExecutionStage.gd:19)
       [12] _execute (res://addons/gdUnit4/src/core/execution/stages/GdUnitTestCaseExecutionStage.gd:31)
       [13] execute (res://addons/gdUnit4/src/core/execution/stages/IGdUnitExecutionStage.gd:19)
       [14] _execute (res://addons/gdUnit4/src/core/execution/stages/single/GdUnitTestCaseSingleExecutionStage.gd:28)
       [15] execute (res://addons/gdUnit4/src/core/execution/stages/IGdUnitExecutionStage.gd:19)
       [16] _execute (res://addons/gdUnit4/src/core/execution/stages/single/GdUnitTestCaseSingleTestStage.gd:11)
       [17] execute (res://addons/gdUnit4/src/core/_TestCase.gd:40)
       [18] _execute_test_case (res://addons/gdUnit4/src/core/_TestCase.gd:98)
WARNING: Localization: unsupported locale: xx
   at: push_warning (core/variant/variant_utility.cpp:1034)
   GDScript backtrace (most recent call first):
       [0] switch_locale (res://autoloads/localization.gd:97)
       [1] test_locale_switch_performance_unsupported_locale_under_frame_budget (res://tests/unit/localization/locale_switch_test.gd:316)
       [2] _execute_test_case (res://addons/gdUnit4/src/core/_TestCase.gd:94)
       [3] execute (res://addons/gdUnit4/src/core/_TestCase.gd:39)
       [4] _execute (res://addons/gdUnit4/src/core/execution/stages/single/GdUnitTestCaseSingleTestStage.gd:10)
       [5] execute (res://addons/gdUnit4/src/core/execution/stages/IGdUnitExecutionStage.gd:19)
       [6] _execute (res://addons/gdUnit4/src/core/execution/stages/single/GdUnitTestCaseSingleExecutionStage.gd:17)
       [7] execute (res://addons/gdUnit4/src/core/execution/stages/IGdUnitExecutionStage.gd:19)
       [8] _execute (res://addons/gdUnit4/src/core/execution/stages/GdUnitTestCaseExecutionStage.gd:24)
       [9] execute (res://addons/gdUnit4/src/core/execution/stages/IGdUnitExecutionStage.gd:19)
       [10] _execute (res://addons/gdUnit4/src/core/execution/stages/GdUnitTestSuiteExecutionStage.gd:32)
       [11] execute (res://addons/gdUnit4/src/core/execution/stages/IGdUnitExecutionStage.gd:19)
       [12] _execute (res://addons/gdUnit4/src/core/execution/stages/GdUnitTestCaseExecutionStage.gd:31)
       [13] execute (res://addons/gdUnit4/src/core/execution/stages/IGdUnitExecutionStage.gd:19)
       [14] _execute (res://addons/gdUnit4/src/core/execution/stages/single/GdUnitTestCaseSingleExecutionStage.gd:28)
       [15] execute (res://addons/gdUnit4/src/core/execution/stages/IGdUnitExecutionStage.gd:19)
       [16] _execute (res://addons/gdUnit4/src/core/execution/stages/single/GdUnitTestCaseSingleTestStage.gd:11)
       [17] execute (res://addons/gdUnit4/src/core/_TestCase.gd:40)
       [18] _execute_test_case (res://addons/gdUnit4/src/core/_TestCase.gd:98)
WARNING: Localization: unsupported locale: xx
   at: push_warning (core/variant/variant_utility.cpp:1034)
   GDScript backtrace (most recent call first):
       [0] switch_locale (res://autoloads/localization.gd:97)
       [1] test_locale_switch_performance_unsupported_locale_under_frame_budget (res://tests/unit/localization/locale_switch_test.gd:316)
       [2] _execute_test_case (res://addons/gdUnit4/src/core/_TestCase.gd:94)
       [3] execute (res://addons/gdUnit4/src/core/_TestCase.gd:39)
       [4] _execute (res://addons/gdUnit4/src/core/execution/stages/single/GdUnitTestCaseSingleTestStage.gd:10)
       [5] execute (res://addons/gdUnit4/src/core/execution/stages/IGdUnitExecutionStage.gd:19)
       [6] _execute (res://addons/gdUnit4/src/core/execution/stages/single/GdUnitTestCaseSingleExecutionStage.gd:17)
       [7] execute (res://addons/gdUnit4/src/core/execution/stages/IGdUnitExecutionStage.gd:19)
       [8] _execute (res://addons/gdUnit4/src/core/execution/stages/GdUnitTestCaseExecutionStage.gd:24)
       [9] execute (res://addons/gdUnit4/src/core/execution/stages/IGdUnitExecutionStage.gd:19)
       [10] _execute (res://addons/gdUnit4/src/core/execution/stages/GdUnitTestSuiteExecutionStage.gd:32)
       [11] execute (res://addons/gdUnit4/src/core/execution/stages/IGdUnitExecutionStage.gd:19)
       [12] _execute (res://addons/gdUnit4/src/core/execution/stages/GdUnitTestCaseExecutionStage.gd:31)
       [13] execute (res://addons/gdUnit4/src/core/execution/stages/IGdUnitExecutionStage.gd:19)
       [14] _execute (res://addons/gdUnit4/src/core/execution/stages/single/GdUnitTestCaseSingleExecutionStage.gd:28)
       [15] execute (res://addons/gdUnit4/src/core/execution/stages/IGdUnitExecutionStage.gd:19)
       [16] _execute (res://addons/gdUnit4/src/core/execution/stages/single/GdUnitTestCaseSingleTestStage.gd:11)
       [17] execute (res://addons/gdUnit4/src/core/_TestCase.gd:40)
       [18] _execute_test_case (res://addons/gdUnit4/src/core/_TestCase.gd:98)
WARNING: Localization: unsupported locale: xx
   at: push_warning (core/variant/variant_utility.cpp:1034)
   GDScript backtrace (most recent call first):
       [0] switch_locale (res://autoloads/localization.gd:97)
       [1] test_locale_switch_performance_unsupported_locale_under_frame_budget (res://tests/unit/localization/locale_switch_test.gd:316)
       [2] _execute_test_case (res://addons/gdUnit4/src/core/_TestCase.gd:94)
       [3] execute (res://addons/gdUnit4/src/core/_TestCase.gd:39)
       [4] _execute (res://addons/gdUnit4/src/core/execution/stages/single/GdUnitTestCaseSingleTestStage.gd:10)
       [5] execute (res://addons/gdUnit4/src/core/execution/stages/IGdUnitExecutionStage.gd:19)
       [6] _execute (res://addons/gdUnit4/src/core/execution/stages/single/GdUnitTestCaseSingleExecutionStage.gd:17)
       [7] execute (res://addons/gdUnit4/src/core/execution/stages/IGdUnitExecutionStage.gd:19)
       [8] _execute (res://addons/gdUnit4/src/core/execution/stages/GdUnitTestCaseExecutionStage.gd:24)
       [9] execute (res://addons/gdUnit4/src/core/execution/stages/IGdUnitExecutionStage.gd:19)
       [10] _execute (res://addons/gdUnit4/src/core/execution/stages/GdUnitTestSuiteExecutionStage.gd:32)
       [11] execute (res://addons/gdUnit4/src/core/execution/stages/IGdUnitExecutionStage.gd:19)
       [12] _execute (res://addons/gdUnit4/src/core/execution/stages/GdUnitTestCaseExecutionStage.gd:31)
       [13] execute (res://addons/gdUnit4/src/core/execution/stages/IGdUnitExecutionStage.gd:19)
       [14] _execute (res://addons/gdUnit4/src/core/execution/stages/single/GdUnitTestCaseSingleExecutionStage.gd:28)
       [15] execute (res://addons/gdUnit4/src/core/execution/stages/IGdUnitExecutionStage.gd:19)
       [16] _execute (res://addons/gdUnit4/src/core/execution/stages/single/GdUnitTestCaseSingleTestStage.gd:11)
       [17] execute (res://addons/gdUnit4/src/core/_TestCase.gd:40)
       [18] _execute_test_case (res://addons/gdUnit4/src/core/_TestCase.gd:98)
WARNING: Localization: unsupported locale: xx
   at: push_warning (core/variant/variant_utility.cpp:1034)
   GDScript backtrace (most recent call first):
       [0] switch_locale (res://autoloads/localization.gd:97)
       [1] test_locale_switch_performance_unsupported_locale_under_frame_budget (res://tests/unit/localization/locale_switch_test.gd:316)
       [2] _execute_test_case (res://addons/gdUnit4/src/core/_TestCase.gd:94)
       [3] execute (res://addons/gdUnit4/src/core/_TestCase.gd:39)
       [4] _execute (res://addons/gdUnit4/src/core/execution/stages/single/GdUnitTestCaseSingleTestStage.gd:10)
       [5] execute (res://addons/gdUnit4/src/core/execution/stages/IGdUnitExecutionStage.gd:19)
       [6] _execute (res://addons/gdUnit4/src/core/execution/stages/single/GdUnitTestCaseSingleExecutionStage.gd:17)
       [7] execute (res://addons/gdUnit4/src/core/execution/stages/IGdUnitExecutionStage.gd:19)
       [8] _execute (res://addons/gdUnit4/src/core/execution/stages/GdUnitTestCaseExecutionStage.gd:24)
       [9] execute (res://addons/gdUnit4/src/core/execution/stages/IGdUnitExecutionStage.gd:19)
       [10] _execute (res://addons/gdUnit4/src/core/execution/stages/GdUnitTestSuiteExecutionStage.gd:32)
       [11] execute (res://addons/gdUnit4/src/core/execution/stages/IGdUnitExecutionStage.gd:19)
       [12] _execute (res://addons/gdUnit4/src/core/execution/stages/GdUnitTestCaseExecutionStage.gd:31)
       [13] execute (res://addons/gdUnit4/src/core/execution/stages/IGdUnitExecutionStage.gd:19)
       [14] _execute (res://addons/gdUnit4/src/core/execution/stages/single/GdUnitTestCaseSingleExecutionStage.gd:28)
       [15] execute (res://addons/gdUnit4/src/core/execution/stages/IGdUnitExecutionStage.gd:19)
       [16] _execute (res://addons/gdUnit4/src/core/execution/stages/single/GdUnitTestCaseSingleTestStage.gd:11)
       [17] execute (res://addons/gdUnit4/src/core/_TestCase.gd:40)
       [18] _execute_test_case (res://addons/gdUnit4/src/core/_TestCase.gd:98)
WARNING: Localization: unsupported locale: xx
   at: push_warning (core/variant/variant_utility.cpp:1034)
   GDScript backtrace (most recent call first):
       [0] switch_locale (res://autoloads/localization.gd:97)
       [1] test_locale_switch_performance_unsupported_locale_under_frame_budget (res://tests/unit/localization/locale_switch_test.gd:316)
       [2] _execute_test_case (res://addons/gdUnit4/src/core/_TestCase.gd:94)
       [3] execute (res://addons/gdUnit4/src/core/_TestCase.gd:39)
       [4] _execute (res://addons/gdUnit4/src/core/execution/stages/single/GdUnitTestCaseSingleTestStage.gd:10)
       [5] execute (res://addons/gdUnit4/src/core/execution/stages/IGdUnitExecutionStage.gd:19)
       [6] _execute (res://addons/gdUnit4/src/core/execution/stages/single/GdUnitTestCaseSingleExecutionStage.gd:17)
       [7] execute (res://addons/gdUnit4/src/core/execution/stages/IGdUnitExecutionStage.gd:19)
       [8] _execute (res://addons/gdUnit4/src/core/execution/stages/GdUnitTestCaseExecutionStage.gd:24)
       [9] execute (res://addons/gdUnit4/src/core/execution/stages/IGdUnitExecutionStage.gd:19)
       [10] _execute (res://addons/gdUnit4/src/core/execution/stages/GdUnitTestSuiteExecutionStage.gd:32)
       [11] execute (res://addons/gdUnit4/src/core/execution/stages/IGdUnitExecutionStage.gd:19)
       [12] _execute (res://addons/gdUnit4/src/core/execution/stages/GdUnitTestCaseExecutionStage.gd:31)
       [13] execute (res://addons/gdUnit4/src/core/execution/stages/IGdUnitExecutionStage.gd:19)
       [14] _execute (res://addons/gdUnit4/src/core/execution/stages/single/GdUnitTestCaseSingleExecutionStage.gd:28)
       [15] execute (res://addons/gdUnit4/src/core/execution/stages/IGdUnitExecutionStage.gd:19)
       [16] _execute (res://addons/gdUnit4/src/core/execution/stages/single/GdUnitTestCaseSingleTestStage.gd:11)
       [17] execute (res://addons/gdUnit4/src/core/_TestCase.gd:40)
       [18] _execute_test_case (res://addons/gdUnit4/src/core/_TestCase.gd:98)
WARNING: Localization: unsupported locale: xx
   at: push_warning (core/variant/variant_utility.cpp:1034)
   GDScript backtrace (most recent call first):
       [0] switch_locale (res://autoloads/localization.gd:97)
       [1] test_locale_switch_performance_unsupported_locale_under_frame_budget (res://tests/unit/localization/locale_switch_test.gd:316)
       [2] _execute_test_case (res://addons/gdUnit4/src/core/_TestCase.gd:94)
       [3] execute (res://addons/gdUnit4/src/core/_TestCase.gd:39)
       [4] _execute (res://addons/gdUnit4/src/core/execution/stages/single/GdUnitTestCaseSingleTestStage.gd:10)
       [5] execute (res://addons/gdUnit4/src/core/execution/stages/IGdUnitExecutionStage.gd:19)
       [6] _execute (res://addons/gdUnit4/src/core/execution/stages/single/GdUnitTestCaseSingleExecutionStage.gd:17)
       [7] execute (res://addons/gdUnit4/src/core/execution/stages/IGdUnitExecutionStage.gd:19)
       [8] _execute (res://addons/gdUnit4/src/core/execution/stages/GdUnitTestCaseExecutionStage.gd:24)
       [9] execute (res://addons/gdUnit4/src/core/execution/stages/IGdUnitExecutionStage.gd:19)
       [10] _execute (res://addons/gdUnit4/src/core/execution/stages/GdUnitTestSuiteExecutionStage.gd:32)
       [11] execute (res://addons/gdUnit4/src/core/execution/stages/IGdUnitExecutionStage.gd:19)
       [12] _execute (res://addons/gdUnit4/src/core/execution/stages/GdUnitTestCaseExecutionStage.gd:31)
       [13] execute (res://addons/gdUnit4/src/core/execution/stages/IGdUnitExecutionStage.gd:19)
       [14] _execute (res://addons/gdUnit4/src/core/execution/stages/single/GdUnitTestCaseSingleExecutionStage.gd:28)
       [15] execute (res://addons/gdUnit4/src/core/execution/stages/IGdUnitExecutionStage.gd:19)
       [16] _execute (res://addons/gdUnit4/src/core/execution/stages/single/GdUnitTestCaseSingleTestStage.gd:11)
       [17] execute (res://addons/gdUnit4/src/core/_TestCase.gd:40)
       [18] _execute_test_case (res://addons/gdUnit4/src/core/_TestCase.gd:98)
WARNING: Localization: unsupported locale: xx
   at: push_warning (core/variant/variant_utility.cpp:1034)
   GDScript backtrace (most recent call first):
       [0] switch_locale (res://autoloads/localization.gd:97)
       [1] test_locale_switch_performance_unsupported_locale_under_frame_budget (res://tests/unit/localization/locale_switch_test.gd:316)
       [2] _execute_test_case (res://addons/gdUnit4/src/core/_TestCase.gd:94)
       [3] execute (res://addons/gdUnit4/src/core/_TestCase.gd:39)
       [4] _execute (res://addons/gdUnit4/src/core/execution/stages/single/GdUnitTestCaseSingleTestStage.gd:10)
       [5] execute (res://addons/gdUnit4/src/core/execution/stages/IGdUnitExecutionStage.gd:19)
       [6] _execute (res://addons/gdUnit4/src/core/execution/stages/single/GdUnitTestCaseSingleExecutionStage.gd:17)
       [7] execute (res://addons/gdUnit4/src/core/execution/stages/IGdUnitExecutionStage.gd:19)
       [8] _execute (res://addons/gdUnit4/src/core/execution/stages/GdUnitTestCaseExecutionStage.gd:24)
       [9] execute (res://addons/gdUnit4/src/core/execution/stages/IGdUnitExecutionStage.gd:19)
       [10] _execute (res://addons/gdUnit4/src/core/execution/stages/GdUnitTestSuiteExecutionStage.gd:32)
       [11] execute (res://addons/gdUnit4/src/core/execution/stages/IGdUnitExecutionStage.gd:19)
       [12] _execute (res://addons/gdUnit4/src/core/execution/stages/GdUnitTestCaseExecutionStage.gd:31)
       [13] execute (res://addons/gdUnit4/src/core/execution/stages/IGdUnitExecutionStage.gd:19)
       [14] _execute (res://addons/gdUnit4/src/core/execution/stages/single/GdUnitTestCaseSingleExecutionStage.gd:28)
       [15] execute (res://addons/gdUnit4/src/core/execution/stages/IGdUnitExecutionStage.gd:19)
       [16] _execute (res://addons/gdUnit4/src/core/execution/stages/single/GdUnitTestCaseSingleTestStage.gd:11)
       [17] execute (res://addons/gdUnit4/src/core/_TestCase.gd:40)
       [18] _execute_test_case (res://addons/gdUnit4/src/core/_TestCase.gd:98)
WARNING: Localization: unsupported locale: xx
   at: push_warning (core/variant/variant_utility.cpp:1034)
   GDScript backtrace (most recent call first):
       [0] switch_locale (res://autoloads/localization.gd:97)
       [1] test_locale_switch_performance_unsupported_locale_under_frame_budget (res://tests/unit/localization/locale_switch_test.gd:316)
       [2] _execute_test_case (res://addons/gdUnit4/src/core/_TestCase.gd:94)
       [3] execute (res://addons/gdUnit4/src/core/_TestCase.gd:39)
       [4] _execute (res://addons/gdUnit4/src/core/execution/stages/single/GdUnitTestCaseSingleTestStage.gd:10)
       [5] execute (res://addons/gdUnit4/src/core/execution/stages/IGdUnitExecutionStage.gd:19)
       [6] _execute (res://addons/gdUnit4/src/core/execution/stages/single/GdUnitTestCaseSingleExecutionStage.gd:17)
       [7] execute (res://addons/gdUnit4/src/core/execution/stages/IGdUnitExecutionStage.gd:19)
       [8] _execute (res://addons/gdUnit4/src/core/execution/stages/GdUnitTestCaseExecutionStage.gd:24)
       [9] execute (res://addons/gdUnit4/src/core/execution/stages/IGdUnitExecutionStage.gd:19)
       [10] _execute (res://addons/gdUnit4/src/core/execution/stages/GdUnitTestSuiteExecutionStage.gd:32)
       [11] execute (res://addons/gdUnit4/src/core/execution/stages/IGdUnitExecutionStage.gd:19)
       [12] _execute (res://addons/gdUnit4/src/core/execution/stages/GdUnitTestCaseExecutionStage.gd:31)
       [13] execute (res://addons/gdUnit4/src/core/execution/stages/IGdUnitExecutionStage.gd:19)
       [14] _execute (res://addons/gdUnit4/src/core/execution/stages/single/GdUnitTestCaseSingleExecutionStage.gd:28)
       [15] execute (res://addons/gdUnit4/src/core/execution/stages/IGdUnitExecutionStage.gd:19)
       [16] _execute (res://addons/gdUnit4/src/core/execution/stages/single/GdUnitTestCaseSingleTestStage.gd:11)
       [17] execute (res://addons/gdUnit4/src/core/_TestCase.gd:40)
       [18] _execute_test_case (res://addons/gdUnit4/src/core/_TestCase.gd:98)
WARNING: Localization: unsupported locale: xx
   at: push_warning (core/variant/variant_utility.cpp:1034)
   GDScript backtrace (most recent call first):
       [0] switch_locale (res://autoloads/localization.gd:97)
       [1] test_locale_switch_performance_unsupported_locale_under_frame_budget (res://tests/unit/localization/locale_switch_test.gd:316)
       [2] _execute_test_case (res://addons/gdUnit4/src/core/_TestCase.gd:94)
       [3] execute (res://addons/gdUnit4/src/core/_TestCase.gd:39)
       [4] _execute (res://addons/gdUnit4/src/core/execution/stages/single/GdUnitTestCaseSingleTestStage.gd:10)
       [5] execute (res://addons/gdUnit4/src/core/execution/stages/IGdUnitExecutionStage.gd:19)
       [6] _execute (res://addons/gdUnit4/src/core/execution/stages/single/GdUnitTestCaseSingleExecutionStage.gd:17)
       [7] execute (res://addons/gdUnit4/src/core/execution/stages/IGdUnitExecutionStage.gd:19)
       [8] _execute (res://addons/gdUnit4/src/core/execution/stages/GdUnitTestCaseExecutionStage.gd:24)
       [9] execute (res://addons/gdUnit4/src/core/execution/stages/IGdUnitExecutionStage.gd:19)
       [10] _execute (res://addons/gdUnit4/src/core/execution/stages/GdUnitTestSuiteExecutionStage.gd:32)
       [11] execute (res://addons/gdUnit4/src/core/execution/stages/IGdUnitExecutionStage.gd:19)
       [12] _execute (res://addons/gdUnit4/src/core/execution/stages/GdUnitTestCaseExecutionStage.gd:31)
       [13] execute (res://addons/gdUnit4/src/core/execution/stages/IGdUnitExecutionStage.gd:19)
       [14] _execute (res://addons/gdUnit4/src/core/execution/stages/single/GdUnitTestCaseSingleExecutionStage.gd:28)
       [15] execute (res://addons/gdUnit4/src/core/execution/stages/IGdUnitExecutionStage.gd:19)
       [16] _execute (res://addons/gdUnit4/src/core/execution/stages/single/GdUnitTestCaseSingleTestStage.gd:11)
       [17] execute (res://addons/gdUnit4/src/core/_TestCase.gd:40)
       [18] _execute_test_case (res://addons/gdUnit4/src/core/_TestCase.gd:98)
WARNING: Localization: unsupported locale: xx
   at: push_warning (core/variant/variant_utility.cpp:1034)
   GDScript backtrace (most recent call first):
       [0] switch_locale (res://autoloads/localization.gd:97)
       [1] test_locale_switch_performance_unsupported_locale_under_frame_budget (res://tests/unit/localization/locale_switch_test.gd:316)
       [2] _execute_test_case (res://addons/gdUnit4/src/core/_TestCase.gd:94)
       [3] execute (res://addons/gdUnit4/src/core/_TestCase.gd:39)
       [4] _execute (res://addons/gdUnit4/src/core/execution/stages/single/GdUnitTestCaseSingleTestStage.gd:10)
       [5] execute (res://addons/gdUnit4/src/core/execution/stages/IGdUnitExecutionStage.gd:19)
       [6] _execute (res://addons/gdUnit4/src/core/execution/stages/single/GdUnitTestCaseSingleExecutionStage.gd:17)
       [7] execute (res://addons/gdUnit4/src/core/execution/stages/IGdUnitExecutionStage.gd:19)
       [8] _execute (res://addons/gdUnit4/src/core/execution/stages/GdUnitTestCaseExecutionStage.gd:24)
       [9] execute (res://addons/gdUnit4/src/core/execution/stages/IGdUnitExecutionStage.gd:19)
       [10] _execute (res://addons/gdUnit4/src/core/execution/stages/GdUnitTestSuiteExecutionStage.gd:32)
       [11] execute (res://addons/gdUnit4/src/core/execution/stages/IGdUnitExecutionStage.gd:19)
       [12] _execute (res://addons/gdUnit4/src/core/execution/stages/GdUnitTestCaseExecutionStage.gd:31)
       [13] execute (res://addons/gdUnit4/src/core/execution/stages/IGdUnitExecutionStage.gd:19)
       [14] _execute (res://addons/gdUnit4/src/core/execution/stages/single/GdUnitTestCaseSingleExecutionStage.gd:28)
       [15] execute (res://addons/gdUnit4/src/core/execution/stages/IGdUnitExecutionStage.gd:19)
       [16] _execute (res://addons/gdUnit4/src/core/execution/stages/single/GdUnitTestCaseSingleTestStage.gd:11)
       [17] execute (res://addons/gdUnit4/src/core/_TestCase.gd:40)
       [18] _execute_test_case (res://addons/gdUnit4/src/core/_TestCase.gd:98)
WARNING: Localization: unsupported locale: xx
   at: push_warning (core/variant/variant_utility.cpp:1034)
   GDScript backtrace (most recent call first):
       [0] switch_locale (res://autoloads/localization.gd:97)
       [1] test_locale_switch_performance_unsupported_locale_under_frame_budget (res://tests/unit/localization/locale_switch_test.gd:316)
       [2] _execute_test_case (res://addons/gdUnit4/src/core/_TestCase.gd:94)
       [3] execute (res://addons/gdUnit4/src/core/_TestCase.gd:39)
       [4] _execute (res://addons/gdUnit4/src/core/execution/stages/single/GdUnitTestCaseSingleTestStage.gd:10)
       [5] execute (res://addons/gdUnit4/src/core/execution/stages/IGdUnitExecutionStage.gd:19)
       [6] _execute (res://addons/gdUnit4/src/core/execution/stages/single/GdUnitTestCaseSingleExecutionStage.gd:17)
       [7] execute (res://addons/gdUnit4/src/core/execution/stages/IGdUnitExecutionStage.gd:19)
       [8] _execute (res://addons/gdUnit4/src/core/execution/stages/GdUnitTestCaseExecutionStage.gd:24)
       [9] execute (res://addons/gdUnit4/src/core/execution/stages/IGdUnitExecutionStage.gd:19)
       [10] _execute (res://addons/gdUnit4/src/core/execution/stages/GdUnitTestSuiteExecutionStage.gd:32)
       [11] execute (res://addons/gdUnit4/src/core/execution/stages/IGdUnitExecutionStage.gd:19)
       [12] _execute (res://addons/gdUnit4/src/core/execution/stages/GdUnitTestCaseExecutionStage.gd:31)
       [13] execute (res://addons/gdUnit4/src/core/execution/stages/IGdUnitExecutionStage.gd:19)
       [14] _execute (res://addons/gdUnit4/src/core/execution/stages/single/GdUnitTestCaseSingleExecutionStage.gd:28)
       [15] execute (res://addons/gdUnit4/src/core/execution/stages/IGdUnitExecutionStage.gd:19)
       [16] _execute (res://addons/gdUnit4/src/core/execution/stages/single/GdUnitTestCaseSingleTestStage.gd:11)
       [17] execute (res://addons/gdUnit4/src/core/_TestCase.gd:40)
       [18] _execute_test_case (res://addons/gdUnit4/src/core/_TestCase.gd:98)
WARNING: Localization: unsupported locale: xx
   at: push_warning (core/variant/variant_utility.cpp:1034)
   GDScript backtrace (most recent call first):
       [0] switch_locale (res://autoloads/localization.gd:97)
       [1] test_locale_switch_performance_unsupported_locale_under_frame_budget (res://tests/unit/localization/locale_switch_test.gd:316)
       [2] _execute_test_case (res://addons/gdUnit4/src/core/_TestCase.gd:94)
       [3] execute (res://addons/gdUnit4/src/core/_TestCase.gd:39)
       [4] _execute (res://addons/gdUnit4/src/core/execution/stages/single/GdUnitTestCaseSingleTestStage.gd:10)
       [5] execute (res://addons/gdUnit4/src/core/execution/stages/IGdUnitExecutionStage.gd:19)
       [6] _execute (res://addons/gdUnit4/src/core/execution/stages/single/GdUnitTestCaseSingleExecutionStage.gd:17)
       [7] execute (res://addons/gdUnit4/src/core/execution/stages/IGdUnitExecutionStage.gd:19)
       [8] _execute (res://addons/gdUnit4/src/core/execution/stages/GdUnitTestCaseExecutionStage.gd:24)
       [9] execute (res://addons/gdUnit4/src/core/execution/stages/IGdUnitExecutionStage.gd:19)
       [10] _execute (res://addons/gdUnit4/src/core/execution/stages/GdUnitTestSuiteExecutionStage.gd:32)
       [11] execute (res://addons/gdUnit4/src/core/execution/stages/IGdUnitExecutionStage.gd:19)
       [12] _execute (res://addons/gdUnit4/src/core/execution/stages/GdUnitTestCaseExecutionStage.gd:31)
       [13] execute (res://addons/gdUnit4/src/core/execution/stages/IGdUnitExecutionStage.gd:19)
       [14] _execute (res://addons/gdUnit4/src/core/execution/stages/single/GdUnitTestCaseSingleExecutionStage.gd:28)
       [15] execute (res://addons/gdUnit4/src/core/execution/stages/IGdUnitExecutionStage.gd:19)
       [16] _execute (res://addons/gdUnit4/src/core/execution/stages/single/GdUnitTestCaseSingleTestStage.gd:11)
       [17] execute (res://addons/gdUnit4/src/core/_TestCase.gd:40)
       [18] _execute_test_case (res://addons/gdUnit4/src/core/_TestCase.gd:98)
WARNING: Localization: unsupported locale: xx
   at: push_warning (core/variant/variant_utility.cpp:1034)
   GDScript backtrace (most recent call first):
       [0] switch_locale (res://autoloads/localization.gd:97)
       [1] test_locale_switch_performance_unsupported_locale_under_frame_budget (res://tests/unit/localization/locale_switch_test.gd:316)
       [2] _execute_test_case (res://addons/gdUnit4/src/core/_TestCase.gd:94)
       [3] execute (res://addons/gdUnit4/src/core/_TestCase.gd:39)
       [4] _execute (res://addons/gdUnit4/src/core/execution/stages/single/GdUnitTestCaseSingleTestStage.gd:10)
       [5] execute (res://addons/gdUnit4/src/core/execution/stages/IGdUnitExecutionStage.gd:19)
       [6] _execute (res://addons/gdUnit4/src/core/execution/stages/single/GdUnitTestCaseSingleExecutionStage.gd:17)
       [7] execute (res://addons/gdUnit4/src/core/execution/stages/IGdUnitExecutionStage.gd:19)
       [8] _execute (res://addons/gdUnit4/src/core/execution/stages/GdUnitTestCaseExecutionStage.gd:24)
       [9] execute (res://addons/gdUnit4/src/core/execution/stages/IGdUnitExecutionStage.gd:19)
       [10] _execute (res://addons/gdUnit4/src/core/execution/stages/GdUnitTestSuiteExecutionStage.gd:32)
       [11] execute (res://addons/gdUnit4/src/core/execution/stages/IGdUnitExecutionStage.gd:19)
       [12] _execute (res://addons/gdUnit4/src/core/execution/stages/GdUnitTestCaseExecutionStage.gd:31)
       [13] execute (res://addons/gdUnit4/src/core/execution/stages/IGdUnitExecutionStage.gd:19)
       [14] _execute (res://addons/gdUnit4/src/core/execution/stages/single/GdUnitTestCaseSingleExecutionStage.gd:28)
       [15] execute (res://addons/gdUnit4/src/core/execution/stages/IGdUnitExecutionStage.gd:19)
       [16] _execute (res://addons/gdUnit4/src/core/execution/stages/single/GdUnitTestCaseSingleTestStage.gd:11)
       [17] execute (res://addons/gdUnit4/src/core/_TestCase.gd:40)
       [18] _execute_test_case (res://addons/gdUnit4/src/core/_TestCase.gd:98)
WARNING: Localization: unsupported locale: xx
   at: push_warning (core/variant/variant_utility.cpp:1034)
   GDScript backtrace (most recent call first):
       [0] switch_locale (res://autoloads/localization.gd:97)
       [1] test_locale_switch_performance_unsupported_locale_under_frame_budget (res://tests/unit/localization/locale_switch_test.gd:316)
       [2] _execute_test_case (res://addons/gdUnit4/src/core/_TestCase.gd:94)
       [3] execute (res://addons/gdUnit4/src/core/_TestCase.gd:39)
       [4] _execute (res://addons/gdUnit4/src/core/execution/stages/single/GdUnitTestCaseSingleTestStage.gd:10)
       [5] execute (res://addons/gdUnit4/src/core/execution/stages/IGdUnitExecutionStage.gd:19)
       [6] _execute (res://addons/gdUnit4/src/core/execution/stages/single/GdUnitTestCaseSingleExecutionStage.gd:17)
       [7] execute (res://addons/gdUnit4/src/core/execution/stages/IGdUnitExecutionStage.gd:19)
       [8] _execute (res://addons/gdUnit4/src/core/execution/stages/GdUnitTestCaseExecutionStage.gd:24)
       [9] execute (res://addons/gdUnit4/src/core/execution/stages/IGdUnitExecutionStage.gd:19)
       [10] _execute (res://addons/gdUnit4/src/core/execution/stages/GdUnitTestSuiteExecutionStage.gd:32)
       [11] execute (res://addons/gdUnit4/src/core/execution/stages/IGdUnitExecutionStage.gd:19)
       [12] _execute (res://addons/gdUnit4/src/core/execution/stages/GdUnitTestCaseExecutionStage.gd:31)
       [13] execute (res://addons/gdUnit4/src/core/execution/stages/IGdUnitExecutionStage.gd:19)
       [14] _execute (res://addons/gdUnit4/src/core/execution/stages/single/GdUnitTestCaseSingleExecutionStage.gd:28)
       [15] execute (res://addons/gdUnit4/src/core/execution/stages/IGdUnitExecutionStage.gd:19)
       [16] _execute (res://addons/gdUnit4/src/core/execution/stages/single/GdUnitTestCaseSingleTestStage.gd:11)
       [17] execute (res://addons/gdUnit4/src/core/_TestCase.gd:40)
       [18] _execute_test_case (res://addons/gdUnit4/src/core/_TestCase.gd:98)
WARNING: Localization: unsupported locale: xx
   at: push_warning (core/variant/variant_utility.cpp:1034)
   GDScript backtrace (most recent call first):
       [0] switch_locale (res://autoloads/localization.gd:97)
       [1] test_locale_switch_performance_unsupported_locale_under_frame_budget (res://tests/unit/localization/locale_switch_test.gd:316)
       [2] _execute_test_case (res://addons/gdUnit4/src/core/_TestCase.gd:94)
       [3] execute (res://addons/gdUnit4/src/core/_TestCase.gd:39)
       [4] _execute (res://addons/gdUnit4/src/core/execution/stages/single/GdUnitTestCaseSingleTestStage.gd:10)
       [5] execute (res://addons/gdUnit4/src/core/execution/stages/IGdUnitExecutionStage.gd:19)
       [6] _execute (res://addons/gdUnit4/src/core/execution/stages/single/GdUnitTestCaseSingleExecutionStage.gd:17)
       [7] execute (res://addons/gdUnit4/src/core/execution/stages/IGdUnitExecutionStage.gd:19)
       [8] _execute (res://addons/gdUnit4/src/core/execution/stages/GdUnitTestCaseExecutionStage.gd:24)
       [9] execute (res://addons/gdUnit4/src/core/execution/stages/IGdUnitExecutionStage.gd:19)
       [10] _execute (res://addons/gdUnit4/src/core/execution/stages/GdUnitTestSuiteExecutionStage.gd:32)
       [11] execute (res://addons/gdUnit4/src/core/execution/stages/IGdUnitExecutionStage.gd:19)
       [12] _execute (res://addons/gdUnit4/src/core/execution/stages/GdUnitTestCaseExecutionStage.gd:31)
       [13] execute (res://addons/gdUnit4/src/core/execution/stages/IGdUnitExecutionStage.gd:19)
       [14] _execute (res://addons/gdUnit4/src/core/execution/stages/single/GdUnitTestCaseSingleExecutionStage.gd:28)
       [15] execute (res://addons/gdUnit4/src/core/execution/stages/IGdUnitExecutionStage.gd:19)
       [16] _execute (res://addons/gdUnit4/src/core/execution/stages/single/GdUnitTestCaseSingleTestStage.gd:11)
       [17] execute (res://addons/gdUnit4/src/core/_TestCase.gd:40)
       [18] _execute_test_case (res://addons/gdUnit4/src/core/_TestCase.gd:98)
WARNING: Localization: unsupported locale: xx
   at: push_warning (core/variant/variant_utility.cpp:1034)
   GDScript backtrace (most recent call first):
       [0] switch_locale (res://autoloads/localization.gd:97)
       [1] test_locale_switch_performance_unsupported_locale_under_frame_budget (res://tests/unit/localization/locale_switch_test.gd:316)
       [2] _execute_test_case (res://addons/gdUnit4/src/core/_TestCase.gd:94)
       [3] execute (res://addons/gdUnit4/src/core/_TestCase.gd:39)
       [4] _execute (res://addons/gdUnit4/src/core/execution/stages/single/GdUnitTestCaseSingleTestStage.gd:10)
       [5] execute (res://addons/gdUnit4/src/core/execution/stages/IGdUnitExecutionStage.gd:19)
       [6] _execute (res://addons/gdUnit4/src/core/execution/stages/single/GdUnitTestCaseSingleExecutionStage.gd:17)
       [7] execute (res://addons/gdUnit4/src/core/execution/stages/IGdUnitExecutionStage.gd:19)
       [8] _execute (res://addons/gdUnit4/src/core/execution/stages/GdUnitTestCaseExecutionStage.gd:24)
       [9] execute (res://addons/gdUnit4/src/core/execution/stages/IGdUnitExecutionStage.gd:19)
       [10] _execute (res://addons/gdUnit4/src/core/execution/stages/GdUnitTestSuiteExecutionStage.gd:32)
       [11] execute (res://addons/gdUnit4/src/core/execution/stages/IGdUnitExecutionStage.gd:19)
       [12] _execute (res://addons/gdUnit4/src/core/execution/stages/GdUnitTestCaseExecutionStage.gd:31)
       [13] execute (res://addons/gdUnit4/src/core/execution/stages/IGdUnitExecutionStage.gd:19)
       [14] _execute (res://addons/gdUnit4/src/core/execution/stages/single/GdUnitTestCaseSingleExecutionStage.gd:28)
       [15] execute (res://addons/gdUnit4/src/core/execution/stages/IGdUnitExecutionStage.gd:19)
       [16] _execute (res://addons/gdUnit4/src/core/execution/stages/single/GdUnitTestCaseSingleTestStage.gd:11)
       [17] execute (res://addons/gdUnit4/src/core/_TestCase.gd:40)
       [18] _execute_test_case (res://addons/gdUnit4/src/core/_TestCase.gd:98)
WARNING: Localization: unsupported locale: xx
   at: push_warning (core/variant/variant_utility.cpp:1034)
   GDScript backtrace (most recent call first):
       [0] switch_locale (res://autoloads/localization.gd:97)
       [1] test_locale_switch_performance_unsupported_locale_under_frame_budget (res://tests/unit/localization/locale_switch_test.gd:316)
       [2] _execute_test_case (res://addons/gdUnit4/src/core/_TestCase.gd:94)
       [3] execute (res://addons/gdUnit4/src/core/_TestCase.gd:39)
       [4] _execute (res://addons/gdUnit4/src/core/execution/stages/single/GdUnitTestCaseSingleTestStage.gd:10)
       [5] execute (res://addons/gdUnit4/src/core/execution/stages/IGdUnitExecutionStage.gd:19)
       [6] _execute (res://addons/gdUnit4/src/core/execution/stages/single/GdUnitTestCaseSingleExecutionStage.gd:17)
       [7] execute (res://addons/gdUnit4/src/core/execution/stages/IGdUnitExecutionStage.gd:19)
       [8] _execute (res://addons/gdUnit4/src/core/execution/stages/GdUnitTestCaseExecutionStage.gd:24)
       [9] execute (res://addons/gdUnit4/src/core/execution/stages/IGdUnitExecutionStage.gd:19)
       [10] _execute (res://addons/gdUnit4/src/core/execution/stages/GdUnitTestSuiteExecutionStage.gd:32)
       [11] execute (res://addons/gdUnit4/src/core/execution/stages/IGdUnitExecutionStage.gd:19)
       [12] _execute (res://addons/gdUnit4/src/core/execution/stages/GdUnitTestCaseExecutionStage.gd:31)
       [13] execute (res://addons/gdUnit4/src/core/execution/stages/IGdUnitExecutionStage.gd:19)
       [14] _execute (res://addons/gdUnit4/src/core/execution/stages/single/GdUnitTestCaseSingleExecutionStage.gd:28)
       [15] execute (res://addons/gdUnit4/src/core/execution/stages/IGdUnitExecutionStage.gd:19)
       [16] _execute (res://addons/gdUnit4/src/core/execution/stages/single/GdUnitTestCaseSingleTestStage.gd:11)
       [17] execute (res://addons/gdUnit4/src/core/_TestCase.gd:40)
       [18] _execute_test_case (res://addons/gdUnit4/src/core/_TestCase.gd:98)
WARNING: Localization: unsupported locale: xx
   at: push_warning (core/variant/variant_utility.cpp:1034)
   GDScript backtrace (most recent call first):
       [0] switch_locale (res://autoloads/localization.gd:97)
       [1] test_locale_switch_performance_unsupported_locale_under_frame_budget (res://tests/unit/localization/locale_switch_test.gd:316)
       [2] _execute_test_case (res://addons/gdUnit4/src/core/_TestCase.gd:94)
       [3] execute (res://addons/gdUnit4/src/core/_TestCase.gd:39)
       [4] _execute (res://addons/gdUnit4/src/core/execution/stages/single/GdUnitTestCaseSingleTestStage.gd:10)
       [5] execute (res://addons/gdUnit4/src/core/execution/stages/IGdUnitExecutionStage.gd:19)
       [6] _execute (res://addons/gdUnit4/src/core/execution/stages/single/GdUnitTestCaseSingleExecutionStage.gd:17)
       [7] execute (res://addons/gdUnit4/src/core/execution/stages/IGdUnitExecutionStage.gd:19)
       [8] _execute (res://addons/gdUnit4/src/core/execution/stages/GdUnitTestCaseExecutionStage.gd:24)
       [9] execute (res://addons/gdUnit4/src/core/execution/stages/IGdUnitExecutionStage.gd:19)
       [10] _execute (res://addons/gdUnit4/src/core/execution/stages/GdUnitTestSuiteExecutionStage.gd:32)
       [11] execute (res://addons/gdUnit4/src/core/execution/stages/IGdUnitExecutionStage.gd:19)
       [12] _execute (res://addons/gdUnit4/src/core/execution/stages/GdUnitTestCaseExecutionStage.gd:31)
       [13] execute (res://addons/gdUnit4/src/core/execution/stages/IGdUnitExecutionStage.gd:19)
       [14] _execute (res://addons/gdUnit4/src/core/execution/stages/single/GdUnitTestCaseSingleExecutionStage.gd:28)
       [15] execute (res://addons/gdUnit4/src/core/execution/stages/IGdUnitExecutionStage.gd:19)
       [16] _execute (res://addons/gdUnit4/src/core/execution/stages/single/GdUnitTestCaseSingleTestStage.gd:11)
       [17] execute (res://addons/gdUnit4/src/core/_TestCase.gd:40)
       [18] _execute_test_case (res://addons/gdUnit4/src/core/_TestCase.gd:98)
WARNING: Localization: unsupported locale: xx
   at: push_warning (core/variant/variant_utility.cpp:1034)
   GDScript backtrace (most recent call first):
       [0] switch_locale (res://autoloads/localization.gd:97)
       [1] test_locale_switch_performance_unsupported_locale_under_frame_budget (res://tests/unit/localization/locale_switch_test.gd:316)
       [2] _execute_test_case (res://addons/gdUnit4/src/core/_TestCase.gd:94)
       [3] execute (res://addons/gdUnit4/src/core/_TestCase.gd:39)
       [4] _execute (res://addons/gdUnit4/src/core/execution/stages/single/GdUnitTestCaseSingleTestStage.gd:10)
       [5] execute (res://addons/gdUnit4/src/core/execution/stages/IGdUnitExecutionStage.gd:19)
       [6] _execute (res://addons/gdUnit4/src/core/execution/stages/single/GdUnitTestCaseSingleExecutionStage.gd:17)
       [7] execute (res://addons/gdUnit4/src/core/execution/stages/IGdUnitExecutionStage.gd:19)
       [8] _execute (res://addons/gdUnit4/src/core/execution/stages/GdUnitTestCaseExecutionStage.gd:24)
       [9] execute (res://addons/gdUnit4/src/core/execution/stages/IGdUnitExecutionStage.gd:19)
       [10] _execute (res://addons/gdUnit4/src/core/execution/stages/GdUnitTestSuiteExecutionStage.gd:32)
       [11] execute (res://addons/gdUnit4/src/core/execution/stages/IGdUnitExecutionStage.gd:19)
       [12] _execute (res://addons/gdUnit4/src/core/execution/stages/GdUnitTestCaseExecutionStage.gd:31)
       [13] execute (res://addons/gdUnit4/src/core/execution/stages/IGdUnitExecutionStage.gd:19)
       [14] _execute (res://addons/gdUnit4/src/core/execution/stages/single/GdUnitTestCaseSingleExecutionStage.gd:28)
       [15] execute (res://addons/gdUnit4/src/core/execution/stages/IGdUnitExecutionStage.gd:19)
       [16] _execute (res://addons/gdUnit4/src/core/execution/stages/single/GdUnitTestCaseSingleTestStage.gd:11)
       [17] execute (res://addons/gdUnit4/src/core/_TestCase.gd:40)
       [18] _execute_test_case (res://addons/gdUnit4/src/core/_TestCase.gd:98)
WARNING: Localization: unsupported locale: xx
   at: push_warning (core/variant/variant_utility.cpp:1034)
   GDScript backtrace (most recent call first):
       [0] switch_locale (res://autoloads/localization.gd:97)
       [1] test_locale_switch_performance_unsupported_locale_under_frame_budget (res://tests/unit/localization/locale_switch_test.gd:316)
       [2] _execute_test_case (res://addons/gdUnit4/src/core/_TestCase.gd:94)
       [3] execute (res://addons/gdUnit4/src/core/_TestCase.gd:39)
       [4] _execute (res://addons/gdUnit4/src/core/execution/stages/single/GdUnitTestCaseSingleTestStage.gd:10)
       [5] execute (res://addons/gdUnit4/src/core/execution/stages/IGdUnitExecutionStage.gd:19)
       [6] _execute (res://addons/gdUnit4/src/core/execution/stages/single/GdUnitTestCaseSingleExecutionStage.gd:17)
       [7] execute (res://addons/gdUnit4/src/core/execution/stages/IGdUnitExecutionStage.gd:19)
       [8] _execute (res://addons/gdUnit4/src/core/execution/stages/GdUnitTestCaseExecutionStage.gd:24)
       [9] execute (res://addons/gdUnit4/src/core/execution/stages/IGdUnitExecutionStage.gd:19)
       [10] _execute (res://addons/gdUnit4/src/core/execution/stages/GdUnitTestSuiteExecutionStage.gd:32)
       [11] execute (res://addons/gdUnit4/src/core/execution/stages/IGdUnitExecutionStage.gd:19)
       [12] _execute (res://addons/gdUnit4/src/core/execution/stages/GdUnitTestCaseExecutionStage.gd:31)
       [13] execute (res://addons/gdUnit4/src/core/execution/stages/IGdUnitExecutionStage.gd:19)
       [14] _execute (res://addons/gdUnit4/src/core/execution/stages/single/GdUnitTestCaseSingleExecutionStage.gd:28)
       [15] execute (res://addons/gdUnit4/src/core/execution/stages/IGdUnitExecutionStage.gd:19)
       [16] _execute (res://addons/gdUnit4/src/core/execution/stages/single/GdUnitTestCaseSingleTestStage.gd:11)
       [17] execute (res://addons/gdUnit4/src/core/_TestCase.gd:40)
       [18] _execute_test_case (res://addons/gdUnit4/src/core/_TestCase.gd:98)
WARNING: Localization: unsupported locale: xx
   at: push_warning (core/variant/variant_utility.cpp:1034)
   GDScript backtrace (most recent call first):
       [0] switch_locale (res://autoloads/localization.gd:97)
       [1] test_locale_switch_performance_unsupported_locale_under_frame_budget (res://tests/unit/localization/locale_switch_test.gd:316)
       [2] _execute_test_case (res://addons/gdUnit4/src/core/_TestCase.gd:94)
       [3] execute (res://addons/gdUnit4/src/core/_TestCase.gd:39)
       [4] _execute (res://addons/gdUnit4/src/core/execution/stages/single/GdUnitTestCaseSingleTestStage.gd:10)
       [5] execute (res://addons/gdUnit4/src/core/execution/stages/IGdUnitExecutionStage.gd:19)
       [6] _execute (res://addons/gdUnit4/src/core/execution/stages/single/GdUnitTestCaseSingleExecutionStage.gd:17)
       [7] execute (res://addons/gdUnit4/src/core/execution/stages/IGdUnitExecutionStage.gd:19)
       [8] _execute (res://addons/gdUnit4/src/core/execution/stages/GdUnitTestCaseExecutionStage.gd:24)
       [9] execute (res://addons/gdUnit4/src/core/execution/stages/IGdUnitExecutionStage.gd:19)
       [10] _execute (res://addons/gdUnit4/src/core/execution/stages/GdUnitTestSuiteExecutionStage.gd:32)
       [11] execute (res://addons/gdUnit4/src/core/execution/stages/IGdUnitExecutionStage.gd:19)
       [12] _execute (res://addons/gdUnit4/src/core/execution/stages/GdUnitTestCaseExecutionStage.gd:31)
       [13] execute (res://addons/gdUnit4/src/core/execution/stages/IGdUnitExecutionStage.gd:19)
       [14] _execute (res://addons/gdUnit4/src/core/execution/stages/single/GdUnitTestCaseSingleExecutionStage.gd:28)
       [15] execute (res://addons/gdUnit4/src/core/execution/stages/IGdUnitExecutionStage.gd:19)
       [16] _execute (res://addons/gdUnit4/src/core/execution/stages/single/GdUnitTestCaseSingleTestStage.gd:11)
       [17] execute (res://addons/gdUnit4/src/core/_TestCase.gd:40)
       [18] _execute_test_case (res://addons/gdUnit4/src/core/_TestCase.gd:98)
WARNING: Localization: unsupported locale: xx
   at: push_warning (core/variant/variant_utility.cpp:1034)
   GDScript backtrace (most recent call first):
       [0] switch_locale (res://autoloads/localization.gd:97)
       [1] test_locale_switch_performance_unsupported_locale_under_frame_budget (res://tests/unit/localization/locale_switch_test.gd:316)
       [2] _execute_test_case (res://addons/gdUnit4/src/core/_TestCase.gd:94)
       [3] execute (res://addons/gdUnit4/src/core/_TestCase.gd:39)
       [4] _execute (res://addons/gdUnit4/src/core/execution/stages/single/GdUnitTestCaseSingleTestStage.gd:10)
       [5] execute (res://addons/gdUnit4/src/core/execution/stages/IGdUnitExecutionStage.gd:19)
       [6] _execute (res://addons/gdUnit4/src/core/execution/stages/single/GdUnitTestCaseSingleExecutionStage.gd:17)
       [7] execute (res://addons/gdUnit4/src/core/execution/stages/IGdUnitExecutionStage.gd:19)
       [8] _execute (res://addons/gdUnit4/src/core/execution/stages/GdUnitTestCaseExecutionStage.gd:24)
       [9] execute (res://addons/gdUnit4/src/core/execution/stages/IGdUnitExecutionStage.gd:19)
       [10] _execute (res://addons/gdUnit4/src/core/execution/stages/GdUnitTestSuiteExecutionStage.gd:32)
       [11] execute (res://addons/gdUnit4/src/core/execution/stages/IGdUnitExecutionStage.gd:19)
       [12] _execute (res://addons/gdUnit4/src/core/execution/stages/GdUnitTestCaseExecutionStage.gd:31)
       [13] execute (res://addons/gdUnit4/src/core/execution/stages/IGdUnitExecutionStage.gd:19)
       [14] _execute (res://addons/gdUnit4/src/core/execution/stages/single/GdUnitTestCaseSingleExecutionStage.gd:28)
       [15] execute (res://addons/gdUnit4/src/core/execution/stages/IGdUnitExecutionStage.gd:19)
       [16] _execute (res://addons/gdUnit4/src/core/execution/stages/single/GdUnitTestCaseSingleTestStage.gd:11)
       [17] execute (res://addons/gdUnit4/src/core/_TestCase.gd:40)
       [18] _execute_test_case (res://addons/gdUnit4/src/core/_TestCase.gd:98)
WARNING: Localization: unsupported locale: xx
   at: push_warning (core/variant/variant_utility.cpp:1034)
   GDScript backtrace (most recent call first):
       [0] switch_locale (res://autoloads/localization.gd:97)
       [1] test_locale_switch_performance_unsupported_locale_under_frame_budget (res://tests/unit/localization/locale_switch_test.gd:316)
       [2] _execute_test_case (res://addons/gdUnit4/src/core/_TestCase.gd:94)
       [3] execute (res://addons/gdUnit4/src/core/_TestCase.gd:39)
       [4] _execute (res://addons/gdUnit4/src/core/execution/stages/single/GdUnitTestCaseSingleTestStage.gd:10)
       [5] execute (res://addons/gdUnit4/src/core/execution/stages/IGdUnitExecutionStage.gd:19)
       [6] _execute (res://addons/gdUnit4/src/core/execution/stages/single/GdUnitTestCaseSingleExecutionStage.gd:17)
       [7] execute (res://addons/gdUnit4/src/core/execution/stages/IGdUnitExecutionStage.gd:19)
       [8] _execute (res://addons/gdUnit4/src/core/execution/stages/GdUnitTestCaseExecutionStage.gd:24)
       [9] execute (res://addons/gdUnit4/src/core/execution/stages/IGdUnitExecutionStage.gd:19)
       [10] _execute (res://addons/gdUnit4/src/core/execution/stages/GdUnitTestSuiteExecutionStage.gd:32)
       [11] execute (res://addons/gdUnit4/src/core/execution/stages/IGdUnitExecutionStage.gd:19)
       [12] _execute (res://addons/gdUnit4/src/core/execution/stages/GdUnitTestCaseExecutionStage.gd:31)
       [13] execute (res://addons/gdUnit4/src/core/execution/stages/IGdUnitExecutionStage.gd:19)
       [14] _execute (res://addons/gdUnit4/src/core/execution/stages/single/GdUnitTestCaseSingleExecutionStage.gd:28)
       [15] execute (res://addons/gdUnit4/src/core/execution/stages/IGdUnitExecutionStage.gd:19)
       [16] _execute (res://addons/gdUnit4/src/core/execution/stages/single/GdUnitTestCaseSingleTestStage.gd:11)
       [17] execute (res://addons/gdUnit4/src/core/_TestCase.gd:40)
       [18] _execute_test_case (res://addons/gdUnit4/src/core/_TestCase.gd:98)
WARNING: Localization: unsupported locale: xx
   at: push_warning (core/variant/variant_utility.cpp:1034)
   GDScript backtrace (most recent call first):
       [0] switch_locale (res://autoloads/localization.gd:97)
       [1] test_locale_switch_performance_unsupported_locale_under_frame_budget (res://tests/unit/localization/locale_switch_test.gd:316)
       [2] _execute_test_case (res://addons/gdUnit4/src/core/_TestCase.gd:94)
       [3] execute (res://addons/gdUnit4/src/core/_TestCase.gd:39)
       [4] _execute (res://addons/gdUnit4/src/core/execution/stages/single/GdUnitTestCaseSingleTestStage.gd:10)
       [5] execute (res://addons/gdUnit4/src/core/execution/stages/IGdUnitExecutionStage.gd:19)
       [6] _execute (res://addons/gdUnit4/src/core/execution/stages/single/GdUnitTestCaseSingleExecutionStage.gd:17)
       [7] execute (res://addons/gdUnit4/src/core/execution/stages/IGdUnitExecutionStage.gd:19)
       [8] _execute (res://addons/gdUnit4/src/core/execution/stages/GdUnitTestCaseExecutionStage.gd:24)
       [9] execute (res://addons/gdUnit4/src/core/execution/stages/IGdUnitExecutionStage.gd:19)
       [10] _execute (res://addons/gdUnit4/src/core/execution/stages/GdUnitTestSuiteExecutionStage.gd:32)
       [11] execute (res://addons/gdUnit4/src/core/execution/stages/IGdUnitExecutionStage.gd:19)
       [12] _execute (res://addons/gdUnit4/src/core/execution/stages/GdUnitTestCaseExecutionStage.gd:31)
       [13] execute (res://addons/gdUnit4/src/core/execution/stages/IGdUnitExecutionStage.gd:19)
       [14] _execute (res://addons/gdUnit4/src/core/execution/stages/single/GdUnitTestCaseSingleExecutionStage.gd:28)
       [15] execute (res://addons/gdUnit4/src/core/execution/stages/IGdUnitExecutionStage.gd:19)
       [16] _execute (res://addons/gdUnit4/src/core/execution/stages/single/GdUnitTestCaseSingleTestStage.gd:11)
       [17] execute (res://addons/gdUnit4/src/core/_TestCase.gd:40)
       [18] _execute_test_case (res://addons/gdUnit4/src/core/_TestCase.gd:98)
WARNING: Localization: unsupported locale: xx
   at: push_warning (core/variant/variant_utility.cpp:1034)
   GDScript backtrace (most recent call first):
       [0] switch_locale (res://autoloads/localization.gd:97)
       [1] test_locale_switch_performance_unsupported_locale_under_frame_budget (res://tests/unit/localization/locale_switch_test.gd:316)
       [2] _execute_test_case (res://addons/gdUnit4/src/core/_TestCase.gd:94)
       [3] execute (res://addons/gdUnit4/src/core/_TestCase.gd:39)
       [4] _execute (res://addons/gdUnit4/src/core/execution/stages/single/GdUnitTestCaseSingleTestStage.gd:10)
       [5] execute (res://addons/gdUnit4/src/core/execution/stages/IGdUnitExecutionStage.gd:19)
       [6] _execute (res://addons/gdUnit4/src/core/execution/stages/single/GdUnitTestCaseSingleExecutionStage.gd:17)
       [7] execute (res://addons/gdUnit4/src/core/execution/stages/IGdUnitExecutionStage.gd:19)
       [8] _execute (res://addons/gdUnit4/src/core/execution/stages/GdUnitTestCaseExecutionStage.gd:24)
       [9] execute (res://addons/gdUnit4/src/core/execution/stages/IGdUnitExecutionStage.gd:19)
       [10] _execute (res://addons/gdUnit4/src/core/execution/stages/GdUnitTestSuiteExecutionStage.gd:32)
       [11] execute (res://addons/gdUnit4/src/core/execution/stages/IGdUnitExecutionStage.gd:19)
       [12] _execute (res://addons/gdUnit4/src/core/execution/stages/GdUnitTestCaseExecutionStage.gd:31)
       [13] execute (res://addons/gdUnit4/src/core/execution/stages/IGdUnitExecutionStage.gd:19)
       [14] _execute (res://addons/gdUnit4/src/core/execution/stages/single/GdUnitTestCaseSingleExecutionStage.gd:28)
       [15] execute (res://addons/gdUnit4/src/core/execution/stages/IGdUnitExecutionStage.gd:19)
       [16] _execute (res://addons/gdUnit4/src/core/execution/stages/single/GdUnitTestCaseSingleTestStage.gd:11)
       [17] execute (res://addons/gdUnit4/src/core/_TestCase.gd:40)
       [18] _execute_test_case (res://addons/gdUnit4/src/core/_TestCase.gd:98)
WARNING: Localization: unsupported locale: xx
   at: push_warning (core/variant/variant_utility.cpp:1034)
   GDScript backtrace (most recent call first):
       [0] switch_locale (res://autoloads/localization.gd:97)
       [1] test_locale_switch_performance_unsupported_locale_under_frame_budget (res://tests/unit/localization/locale_switch_test.gd:316)
       [2] _execute_test_case (res://addons/gdUnit4/src/core/_TestCase.gd:94)
       [3] execute (res://addons/gdUnit4/src/core/_TestCase.gd:39)
       [4] _execute (res://addons/gdUnit4/src/core/execution/stages/single/GdUnitTestCaseSingleTestStage.gd:10)
       [5] execute (res://addons/gdUnit4/src/core/execution/stages/IGdUnitExecutionStage.gd:19)
       [6] _execute (res://addons/gdUnit4/src/core/execution/stages/single/GdUnitTestCaseSingleExecutionStage.gd:17)
       [7] execute (res://addons/gdUnit4/src/core/execution/stages/IGdUnitExecutionStage.gd:19)
       [8] _execute (res://addons/gdUnit4/src/core/execution/stages/GdUnitTestCaseExecutionStage.gd:24)
       [9] execute (res://addons/gdUnit4/src/core/execution/stages/IGdUnitExecutionStage.gd:19)
       [10] _execute (res://addons/gdUnit4/src/core/execution/stages/GdUnitTestSuiteExecutionStage.gd:32)
       [11] execute (res://addons/gdUnit4/src/core/execution/stages/IGdUnitExecutionStage.gd:19)
       [12] _execute (res://addons/gdUnit4/src/core/execution/stages/GdUnitTestCaseExecutionStage.gd:31)
       [13] execute (res://addons/gdUnit4/src/core/execution/stages/IGdUnitExecutionStage.gd:19)
       [14] _execute (res://addons/gdUnit4/src/core/execution/stages/single/GdUnitTestCaseSingleExecutionStage.gd:28)
       [15] execute (res://addons/gdUnit4/src/core/execution/stages/IGdUnitExecutionStage.gd:19)
       [16] _execute (res://addons/gdUnit4/src/core/execution/stages/single/GdUnitTestCaseSingleTestStage.gd:11)
       [17] execute (res://addons/gdUnit4/src/core/_TestCase.gd:40)
       [18] _execute_test_case (res://addons/gdUnit4/src/core/_TestCase.gd:98)
WARNING: Localization: unsupported locale: xx
   at: push_warning (core/variant/variant_utility.cpp:1034)
   GDScript backtrace (most recent call first):
       [0] switch_locale (res://autoloads/localization.gd:97)
       [1] test_locale_switch_performance_unsupported_locale_under_frame_budget (res://tests/unit/localization/locale_switch_test.gd:316)
       [2] _execute_test_case (res://addons/gdUnit4/src/core/_TestCase.gd:94)
       [3] execute (res://addons/gdUnit4/src/core/_TestCase.gd:39)
       [4] _execute (res://addons/gdUnit4/src/core/execution/stages/single/GdUnitTestCaseSingleTestStage.gd:10)
       [5] execute (res://addons/gdUnit4/src/core/execution/stages/IGdUnitExecutionStage.gd:19)
       [6] _execute (res://addons/gdUnit4/src/core/execution/stages/single/GdUnitTestCaseSingleExecutionStage.gd:17)
       [7] execute (res://addons/gdUnit4/src/core/execution/stages/IGdUnitExecutionStage.gd:19)
       [8] _execute (res://addons/gdUnit4/src/core/execution/stages/GdUnitTestCaseExecutionStage.gd:24)
       [9] execute (res://addons/gdUnit4/src/core/execution/stages/IGdUnitExecutionStage.gd:19)
       [10] _execute (res://addons/gdUnit4/src/core/execution/stages/GdUnitTestSuiteExecutionStage.gd:32)
       [11] execute (res://addons/gdUnit4/src/core/execution/stages/IGdUnitExecutionStage.gd:19)
       [12] _execute (res://addons/gdUnit4/src/core/execution/stages/GdUnitTestCaseExecutionStage.gd:31)
       [13] execute (res://addons/gdUnit4/src/core/execution/stages/IGdUnitExecutionStage.gd:19)
       [14] _execute (res://addons/gdUnit4/src/core/execution/stages/single/GdUnitTestCaseSingleExecutionStage.gd:28)
       [15] execute (res://addons/gdUnit4/src/core/execution/stages/IGdUnitExecutionStage.gd:19)
       [16] _execute (res://addons/gdUnit4/src/core/execution/stages/single/GdUnitTestCaseSingleTestStage.gd:11)
       [17] execute (res://addons/gdUnit4/src/core/_TestCase.gd:40)
       [18] _execute_test_case (res://addons/gdUnit4/src/core/_TestCase.gd:98)
WARNING: Localization: unsupported locale: xx
   at: push_warning (core/variant/variant_utility.cpp:1034)
   GDScript backtrace (most recent call first):
       [0] switch_locale (res://autoloads/localization.gd:97)
       [1] test_locale_switch_performance_unsupported_locale_under_frame_budget (res://tests/unit/localization/locale_switch_test.gd:316)
       [2] _execute_test_case (res://addons/gdUnit4/src/core/_TestCase.gd:94)
       [3] execute (res://addons/gdUnit4/src/core/_TestCase.gd:39)
       [4] _execute (res://addons/gdUnit4/src/core/execution/stages/single/GdUnitTestCaseSingleTestStage.gd:10)
       [5] execute (res://addons/gdUnit4/src/core/execution/stages/IGdUnitExecutionStage.gd:19)
       [6] _execute (res://addons/gdUnit4/src/core/execution/stages/single/GdUnitTestCaseSingleExecutionStage.gd:17)
       [7] execute (res://addons/gdUnit4/src/core/execution/stages/IGdUnitExecutionStage.gd:19)
       [8] _execute (res://addons/gdUnit4/src/core/execution/stages/GdUnitTestCaseExecutionStage.gd:24)
       [9] execute (res://addons/gdUnit4/src/core/execution/stages/IGdUnitExecutionStage.gd:19)
       [10] _execute (res://addons/gdUnit4/src/core/execution/stages/GdUnitTestSuiteExecutionStage.gd:32)
       [11] execute (res://addons/gdUnit4/src/core/execution/stages/IGdUnitExecutionStage.gd:19)
       [12] _execute (res://addons/gdUnit4/src/core/execution/stages/GdUnitTestCaseExecutionStage.gd:31)
       [13] execute (res://addons/gdUnit4/src/core/execution/stages/IGdUnitExecutionStage.gd:19)
       [14] _execute (res://addons/gdUnit4/src/core/execution/stages/single/GdUnitTestCaseSingleExecutionStage.gd:28)
       [15] execute (res://addons/gdUnit4/src/core/execution/stages/IGdUnitExecutionStage.gd:19)
       [16] _execute (res://addons/gdUnit4/src/core/execution/stages/single/GdUnitTestCaseSingleTestStage.gd:11)
       [17] execute (res://addons/gdUnit4/src/core/_TestCase.gd:40)
       [18] _execute_test_case (res://addons/gdUnit4/src/core/_TestCase.gd:98)
WARNING: Localization: unsupported locale: xx
   at: push_warning (core/variant/variant_utility.cpp:1034)
   GDScript backtrace (most recent call first):
       [0] switch_locale (res://autoloads/localization.gd:97)
       [1] test_locale_switch_performance_unsupported_locale_under_frame_budget (res://tests/unit/localization/locale_switch_test.gd:316)
       [2] _execute_test_case (res://addons/gdUnit4/src/core/_TestCase.gd:94)
       [3] execute (res://addons/gdUnit4/src/core/_TestCase.gd:39)
       [4] _execute (res://addons/gdUnit4/src/core/execution/stages/single/GdUnitTestCaseSingleTestStage.gd:10)
       [5] execute (res://addons/gdUnit4/src/core/execution/stages/IGdUnitExecutionStage.gd:19)
       [6] _execute (res://addons/gdUnit4/src/core/execution/stages/single/GdUnitTestCaseSingleExecutionStage.gd:17)
       [7] execute (res://addons/gdUnit4/src/core/execution/stages/IGdUnitExecutionStage.gd:19)
       [8] _execute (res://addons/gdUnit4/src/core/execution/stages/GdUnitTestCaseExecutionStage.gd:24)
       [9] execute (res://addons/gdUnit4/src/core/execution/stages/IGdUnitExecutionStage.gd:19)
       [10] _execute (res://addons/gdUnit4/src/core/execution/stages/GdUnitTestSuiteExecutionStage.gd:32)
       [11] execute (res://addons/gdUnit4/src/core/execution/stages/IGdUnitExecutionStage.gd:19)
       [12] _execute (res://addons/gdUnit4/src/core/execution/stages/GdUnitTestCaseExecutionStage.gd:31)
       [13] execute (res://addons/gdUnit4/src/core/execution/stages/IGdUnitExecutionStage.gd:19)
       [14] _execute (res://addons/gdUnit4/src/core/execution/stages/single/GdUnitTestCaseSingleExecutionStage.gd:28)
       [15] execute (res://addons/gdUnit4/src/core/execution/stages/IGdUnitExecutionStage.gd:19)
       [16] _execute (res://addons/gdUnit4/src/core/execution/stages/single/GdUnitTestCaseSingleTestStage.gd:11)
       [17] execute (res://addons/gdUnit4/src/core/_TestCase.gd:40)
       [18] _execute_test_case (res://addons/gdUnit4/src/core/_TestCase.gd:98)
WARNING: Localization: unsupported locale: xx
   at: push_warning (core/variant/variant_utility.cpp:1034)
   GDScript backtrace (most recent call first):
       [0] switch_locale (res://autoloads/localization.gd:97)
       [1] test_locale_switch_performance_unsupported_locale_under_frame_budget (res://tests/unit/localization/locale_switch_test.gd:316)
       [2] _execute_test_case (res://addons/gdUnit4/src/core/_TestCase.gd:94)
       [3] execute (res://addons/gdUnit4/src/core/_TestCase.gd:39)
       [4] _execute (res://addons/gdUnit4/src/core/execution/stages/single/GdUnitTestCaseSingleTestStage.gd:10)
       [5] execute (res://addons/gdUnit4/src/core/execution/stages/IGdUnitExecutionStage.gd:19)
       [6] _execute (res://addons/gdUnit4/src/core/execution/stages/single/GdUnitTestCaseSingleExecutionStage.gd:17)
       [7] execute (res://addons/gdUnit4/src/core/execution/stages/IGdUnitExecutionStage.gd:19)
       [8] _execute (res://addons/gdUnit4/src/core/execution/stages/GdUnitTestCaseExecutionStage.gd:24)
       [9] execute (res://addons/gdUnit4/src/core/execution/stages/IGdUnitExecutionStage.gd:19)
       [10] _execute (res://addons/gdUnit4/src/core/execution/stages/GdUnitTestSuiteExecutionStage.gd:32)
       [11] execute (res://addons/gdUnit4/src/core/execution/stages/IGdUnitExecutionStage.gd:19)
       [12] _execute (res://addons/gdUnit4/src/core/execution/stages/GdUnitTestCaseExecutionStage.gd:31)
       [13] execute (res://addons/gdUnit4/src/core/execution/stages/IGdUnitExecutionStage.gd:19)
       [14] _execute (res://addons/gdUnit4/src/core/execution/stages/single/GdUnitTestCaseSingleExecutionStage.gd:28)
       [15] execute (res://addons/gdUnit4/src/core/execution/stages/IGdUnitExecutionStage.gd:19)
       [16] _execute (res://addons/gdUnit4/src/core/execution/stages/single/GdUnitTestCaseSingleTestStage.gd:11)
       [17] execute (res://addons/gdUnit4/src/core/_TestCase.gd:40)
       [18] _execute_test_case (res://addons/gdUnit4/src/core/_TestCase.gd:98)
WARNING: Localization: unsupported locale: xx
   at: push_warning (core/variant/variant_utility.cpp:1034)
   GDScript backtrace (most recent call first):
       [0] switch_locale (res://autoloads/localization.gd:97)
       [1] test_locale_switch_performance_unsupported_locale_under_frame_budget (res://tests/unit/localization/locale_switch_test.gd:316)
       [2] _execute_test_case (res://addons/gdUnit4/src/core/_TestCase.gd:94)
       [3] execute (res://addons/gdUnit4/src/core/_TestCase.gd:39)
       [4] _execute (res://addons/gdUnit4/src/core/execution/stages/single/GdUnitTestCaseSingleTestStage.gd:10)
       [5] execute (res://addons/gdUnit4/src/core/execution/stages/IGdUnitExecutionStage.gd:19)
       [6] _execute (res://addons/gdUnit4/src/core/execution/stages/single/GdUnitTestCaseSingleExecutionStage.gd:17)
       [7] execute (res://addons/gdUnit4/src/core/execution/stages/IGdUnitExecutionStage.gd:19)
       [8] _execute (res://addons/gdUnit4/src/core/execution/stages/GdUnitTestCaseExecutionStage.gd:24)
       [9] execute (res://addons/gdUnit4/src/core/execution/stages/IGdUnitExecutionStage.gd:19)
       [10] _execute (res://addons/gdUnit4/src/core/execution/stages/GdUnitTestSuiteExecutionStage.gd:32)
       [11] execute (res://addons/gdUnit4/src/core/execution/stages/IGdUnitExecutionStage.gd:19)
       [12] _execute (res://addons/gdUnit4/src/core/execution/stages/GdUnitTestCaseExecutionStage.gd:31)
       [13] execute (res://addons/gdUnit4/src/core/execution/stages/IGdUnitExecutionStage.gd:19)
       [14] _execute (res://addons/gdUnit4/src/core/execution/stages/single/GdUnitTestCaseSingleExecutionStage.gd:28)
       [15] execute (res://addons/gdUnit4/src/core/execution/stages/IGdUnitExecutionStage.gd:19)
       [16] _execute (res://addons/gdUnit4/src/core/execution/stages/single/GdUnitTestCaseSingleTestStage.gd:11)
       [17] execute (res://addons/gdUnit4/src/core/_TestCase.gd:40)
       [18] _execute_test_case (res://addons/gdUnit4/src/core/_TestCase.gd:98)
WARNING: Localization: unsupported locale: xx
   at: push_warning (core/variant/variant_utility.cpp:1034)
   GDScript backtrace (most recent call first):
       [0] switch_locale (res://autoloads/localization.gd:97)
       [1] test_locale_switch_performance_unsupported_locale_under_frame_budget (res://tests/unit/localization/locale_switch_test.gd:316)
       [2] _execute_test_case (res://addons/gdUnit4/src/core/_TestCase.gd:94)
       [3] execute (res://addons/gdUnit4/src/core/_TestCase.gd:39)
       [4] _execute (res://addons/gdUnit4/src/core/execution/stages/single/GdUnitTestCaseSingleTestStage.gd:10)
       [5] execute (res://addons/gdUnit4/src/core/execution/stages/IGdUnitExecutionStage.gd:19)
       [6] _execute (res://addons/gdUnit4/src/core/execution/stages/single/GdUnitTestCaseSingleExecutionStage.gd:17)
       [7] execute (res://addons/gdUnit4/src/core/execution/stages/IGdUnitExecutionStage.gd:19)
       [8] _execute (res://addons/gdUnit4/src/core/execution/stages/GdUnitTestCaseExecutionStage.gd:24)
       [9] execute (res://addons/gdUnit4/src/core/execution/stages/IGdUnitExecutionStage.gd:19)
       [10] _execute (res://addons/gdUnit4/src/core/execution/stages/GdUnitTestSuiteExecutionStage.gd:32)
       [11] execute (res://addons/gdUnit4/src/core/execution/stages/IGdUnitExecutionStage.gd:19)
       [12] _execute (res://addons/gdUnit4/src/core/execution/stages/GdUnitTestCaseExecutionStage.gd:31)
       [13] execute (res://addons/gdUnit4/src/core/execution/stages/IGdUnitExecutionStage.gd:19)
       [14] _execute (res://addons/gdUnit4/src/core/execution/stages/single/GdUnitTestCaseSingleExecutionStage.gd:28)
       [15] execute (res://addons/gdUnit4/src/core/execution/stages/IGdUnitExecutionStage.gd:19)
       [16] _execute (res://addons/gdUnit4/src/core/execution/stages/single/GdUnitTestCaseSingleTestStage.gd:11)
       [17] execute (res://addons/gdUnit4/src/core/_TestCase.gd:40)
       [18] _execute_test_case (res://addons/gdUnit4/src/core/_TestCase.gd:98)
WARNING: Localization: unsupported locale: xx
   at: push_warning (core/variant/variant_utility.cpp:1034)
   GDScript backtrace (most recent call first):
       [0] switch_locale (res://autoloads/localization.gd:97)
       [1] test_locale_switch_performance_unsupported_locale_under_frame_budget (res://tests/unit/localization/locale_switch_test.gd:316)
       [2] _execute_test_case (res://addons/gdUnit4/src/core/_TestCase.gd:94)
       [3] execute (res://addons/gdUnit4/src/core/_TestCase.gd:39)
       [4] _execute (res://addons/gdUnit4/src/core/execution/stages/single/GdUnitTestCaseSingleTestStage.gd:10)
       [5] execute (res://addons/gdUnit4/src/core/execution/stages/IGdUnitExecutionStage.gd:19)
       [6] _execute (res://addons/gdUnit4/src/core/execution/stages/single/GdUnitTestCaseSingleExecutionStage.gd:17)
       [7] execute (res://addons/gdUnit4/src/core/execution/stages/IGdUnitExecutionStage.gd:19)
       [8] _execute (res://addons/gdUnit4/src/core/execution/stages/GdUnitTestCaseExecutionStage.gd:24)
       [9] execute (res://addons/gdUnit4/src/core/execution/stages/IGdUnitExecutionStage.gd:19)
       [10] _execute (res://addons/gdUnit4/src/core/execution/stages/GdUnitTestSuiteExecutionStage.gd:32)
       [11] execute (res://addons/gdUnit4/src/core/execution/stages/IGdUnitExecutionStage.gd:19)
       [12] _execute (res://addons/gdUnit4/src/core/execution/stages/GdUnitTestCaseExecutionStage.gd:31)
       [13] execute (res://addons/gdUnit4/src/core/execution/stages/IGdUnitExecutionStage.gd:19)
       [14] _execute (res://addons/gdUnit4/src/core/execution/stages/single/GdUnitTestCaseSingleExecutionStage.gd:28)
       [15] execute (res://addons/gdUnit4/src/core/execution/stages/IGdUnitExecutionStage.gd:19)
       [16] _execute (res://addons/gdUnit4/src/core/execution/stages/single/GdUnitTestCaseSingleTestStage.gd:11)
       [17] execute (res://addons/gdUnit4/src/core/_TestCase.gd:40)
       [18] _execute_test_case (res://addons/gdUnit4/src/core/_TestCase.gd:98)
WARNING: Localization: unsupported locale: xx
   at: push_warning (core/variant/variant_utility.cpp:1034)
   GDScript backtrace (most recent call first):
       [0] switch_locale (res://autoloads/localization.gd:97)
       [1] test_locale_switch_performance_unsupported_locale_under_frame_budget (res://tests/unit/localization/locale_switch_test.gd:316)
       [2] _execute_test_case (res://addons/gdUnit4/src/core/_TestCase.gd:94)
       [3] execute (res://addons/gdUnit4/src/core/_TestCase.gd:39)
       [4] _execute (res://addons/gdUnit4/src/core/execution/stages/single/GdUnitTestCaseSingleTestStage.gd:10)
       [5] execute (res://addons/gdUnit4/src/core/execution/stages/IGdUnitExecutionStage.gd:19)
       [6] _execute (res://addons/gdUnit4/src/core/execution/stages/single/GdUnitTestCaseSingleExecutionStage.gd:17)
       [7] execute (res://addons/gdUnit4/src/core/execution/stages/IGdUnitExecutionStage.gd:19)
       [8] _execute (res://addons/gdUnit4/src/core/execution/stages/GdUnitTestCaseExecutionStage.gd:24)
       [9] execute (res://addons/gdUnit4/src/core/execution/stages/IGdUnitExecutionStage.gd:19)
       [10] _execute (res://addons/gdUnit4/src/core/execution/stages/GdUnitTestSuiteExecutionStage.gd:32)
       [11] execute (res://addons/gdUnit4/src/core/execution/stages/IGdUnitExecutionStage.gd:19)
       [12] _execute (res://addons/gdUnit4/src/core/execution/stages/GdUnitTestCaseExecutionStage.gd:31)
       [13] execute (res://addons/gdUnit4/src/core/execution/stages/IGdUnitExecutionStage.gd:19)
       [14] _execute (res://addons/gdUnit4/src/core/execution/stages/single/GdUnitTestCaseSingleExecutionStage.gd:28)
       [15] execute (res://addons/gdUnit4/src/core/execution/stages/IGdUnitExecutionStage.gd:19)
       [16] _execute (res://addons/gdUnit4/src/core/execution/stages/single/GdUnitTestCaseSingleTestStage.gd:11)
       [17] execute (res://addons/gdUnit4/src/core/_TestCase.gd:40)
       [18] _execute_test_case (res://addons/gdUnit4/src/core/_TestCase.gd:98)
WARNING: Localization: unsupported locale: xx
   at: push_warning (core/variant/variant_utility.cpp:1034)
   GDScript backtrace (most recent call first):
       [0] switch_locale (res://autoloads/localization.gd:97)
       [1] test_locale_switch_performance_unsupported_locale_under_frame_budget (res://tests/unit/localization/locale_switch_test.gd:316)
       [2] _execute_test_case (res://addons/gdUnit4/src/core/_TestCase.gd:94)
       [3] execute (res://addons/gdUnit4/src/core/_TestCase.gd:39)
       [4] _execute (res://addons/gdUnit4/src/core/execution/stages/single/GdUnitTestCaseSingleTestStage.gd:10)
       [5] execute (res://addons/gdUnit4/src/core/execution/stages/IGdUnitExecutionStage.gd:19)
       [6] _execute (res://addons/gdUnit4/src/core/execution/stages/single/GdUnitTestCaseSingleExecutionStage.gd:17)
       [7] execute (res://addons/gdUnit4/src/core/execution/stages/IGdUnitExecutionStage.gd:19)
       [8] _execute (res://addons/gdUnit4/src/core/execution/stages/GdUnitTestCaseExecutionStage.gd:24)
       [9] execute (res://addons/gdUnit4/src/core/execution/stages/IGdUnitExecutionStage.gd:19)
       [10] _execute (res://addons/gdUnit4/src/core/execution/stages/GdUnitTestSuiteExecutionStage.gd:32)
       [11] execute (res://addons/gdUnit4/src/core/execution/stages/IGdUnitExecutionStage.gd:19)
       [12] _execute (res://addons/gdUnit4/src/core/execution/stages/GdUnitTestCaseExecutionStage.gd:31)
       [13] execute (res://addons/gdUnit4/src/core/execution/stages/IGdUnitExecutionStage.gd:19)
       [14] _execute (res://addons/gdUnit4/src/core/execution/stages/single/GdUnitTestCaseSingleExecutionStage.gd:28)
       [15] execute (res://addons/gdUnit4/src/core/execution/stages/IGdUnitExecutionStage.gd:19)
       [16] _execute (res://addons/gdUnit4/src/core/execution/stages/single/GdUnitTestCaseSingleTestStage.gd:11)
       [17] execute (res://addons/gdUnit4/src/core/_TestCase.gd:40)
       [18] _execute_test_case (res://addons/gdUnit4/src/core/_TestCase.gd:98)
WARNING: Localization: unsupported locale: xx
   at: push_warning (core/variant/variant_utility.cpp:1034)
   GDScript backtrace (most recent call first):
       [0] switch_locale (res://autoloads/localization.gd:97)
       [1] test_locale_switch_performance_unsupported_locale_under_frame_budget (res://tests/unit/localization/locale_switch_test.gd:316)
       [2] _execute_test_case (res://addons/gdUnit4/src/core/_TestCase.gd:94)
       [3] execute (res://addons/gdUnit4/src/core/_TestCase.gd:39)
       [4] _execute (res://addons/gdUnit4/src/core/execution/stages/single/GdUnitTestCaseSingleTestStage.gd:10)
       [5] execute (res://addons/gdUnit4/src/core/execution/stages/IGdUnitExecutionStage.gd:19)
       [6] _execute (res://addons/gdUnit4/src/core/execution/stages/single/GdUnitTestCaseSingleExecutionStage.gd:17)
       [7] execute (res://addons/gdUnit4/src/core/execution/stages/IGdUnitExecutionStage.gd:19)
       [8] _execute (res://addons/gdUnit4/src/core/execution/stages/GdUnitTestCaseExecutionStage.gd:24)
       [9] execute (res://addons/gdUnit4/src/core/execution/stages/IGdUnitExecutionStage.gd:19)
       [10] _execute (res://addons/gdUnit4/src/core/execution/stages/GdUnitTestSuiteExecutionStage.gd:32)
       [11] execute (res://addons/gdUnit4/src/core/execution/stages/IGdUnitExecutionStage.gd:19)
       [12] _execute (res://addons/gdUnit4/src/core/execution/stages/GdUnitTestCaseExecutionStage.gd:31)
       [13] execute (res://addons/gdUnit4/src/core/execution/stages/IGdUnitExecutionStage.gd:19)
       [14] _execute (res://addons/gdUnit4/src/core/execution/stages/single/GdUnitTestCaseSingleExecutionStage.gd:28)
       [15] execute (res://addons/gdUnit4/src/core/execution/stages/IGdUnitExecutionStage.gd:19)
       [16] _execute (res://addons/gdUnit4/src/core/execution/stages/single/GdUnitTestCaseSingleTestStage.gd:11)
       [17] execute (res://addons/gdUnit4/src/core/_TestCase.gd:40)
       [18] _execute_test_case (res://addons/gdUnit4/src/core/_TestCase.gd:98)
WARNING: Localization: unsupported locale: xx
   at: push_warning (core/variant/variant_utility.cpp:1034)
   GDScript backtrace (most recent call first):
       [0] switch_locale (res://autoloads/localization.gd:97)
       [1] test_locale_switch_performance_unsupported_locale_under_frame_budget (res://tests/unit/localization/locale_switch_test.gd:316)
       [2] _execute_test_case (res://addons/gdUnit4/src/core/_TestCase.gd:94)
       [3] execute (res://addons/gdUnit4/src/core/_TestCase.gd:39)
       [4] _execute (res://addons/gdUnit4/src/core/execution/stages/single/GdUnitTestCaseSingleTestStage.gd:10)
       [5] execute (res://addons/gdUnit4/src/core/execution/stages/IGdUnitExecutionStage.gd:19)
       [6] _execute (res://addons/gdUnit4/src/core/execution/stages/single/GdUnitTestCaseSingleExecutionStage.gd:17)
       [7] execute (res://addons/gdUnit4/src/core/execution/stages/IGdUnitExecutionStage.gd:19)
       [8] _execute (res://addons/gdUnit4/src/core/execution/stages/GdUnitTestCaseExecutionStage.gd:24)
       [9] execute (res://addons/gdUnit4/src/core/execution/stages/IGdUnitExecutionStage.gd:19)
       [10] _execute (res://addons/gdUnit4/src/core/execution/stages/GdUnitTestSuiteExecutionStage.gd:32)
       [11] execute (res://addons/gdUnit4/src/core/execution/stages/IGdUnitExecutionStage.gd:19)
       [12] _execute (res://addons/gdUnit4/src/core/execution/stages/GdUnitTestCaseExecutionStage.gd:31)
       [13] execute (res://addons/gdUnit4/src/core/execution/stages/IGdUnitExecutionStage.gd:19)
       [14] _execute (res://addons/gdUnit4/src/core/execution/stages/single/GdUnitTestCaseSingleExecutionStage.gd:28)
       [15] execute (res://addons/gdUnit4/src/core/execution/stages/IGdUnitExecutionStage.gd:19)
       [16] _execute (res://addons/gdUnit4/src/core/execution/stages/single/GdUnitTestCaseSingleTestStage.gd:11)
       [17] execute (res://addons/gdUnit4/src/core/_TestCase.gd:40)
       [18] _execute_test_case (res://addons/gdUnit4/src/core/_TestCase.gd:98)
WARNING: Localization: unsupported locale: xx
   at: push_warning (core/variant/variant_utility.cpp:1034)
   GDScript backtrace (most recent call first):
       [0] switch_locale (res://autoloads/localization.gd:97)
       [1] test_locale_switch_performance_unsupported_locale_under_frame_budget (res://tests/unit/localization/locale_switch_test.gd:316)
       [2] _execute_test_case (res://addons/gdUnit4/src/core/_TestCase.gd:94)
       [3] execute (res://addons/gdUnit4/src/core/_TestCase.gd:39)
       [4] _execute (res://addons/gdUnit4/src/core/execution/stages/single/GdUnitTestCaseSingleTestStage.gd:10)
       [5] execute (res://addons/gdUnit4/src/core/execution/stages/IGdUnitExecutionStage.gd:19)
       [6] _execute (res://addons/gdUnit4/src/core/execution/stages/single/GdUnitTestCaseSingleExecutionStage.gd:17)
       [7] execute (res://addons/gdUnit4/src/core/execution/stages/IGdUnitExecutionStage.gd:19)
       [8] _execute (res://addons/gdUnit4/src/core/execution/stages/GdUnitTestCaseExecutionStage.gd:24)
       [9] execute (res://addons/gdUnit4/src/core/execution/stages/IGdUnitExecutionStage.gd:19)
       [10] _execute (res://addons/gdUnit4/src/core/execution/stages/GdUnitTestSuiteExecutionStage.gd:32)
       [11] execute (res://addons/gdUnit4/src/core/execution/stages/IGdUnitExecutionStage.gd:19)
       [12] _execute (res://addons/gdUnit4/src/core/execution/stages/GdUnitTestCaseExecutionStage.gd:31)
       [13] execute (res://addons/gdUnit4/src/core/execution/stages/IGdUnitExecutionStage.gd:19)
       [14] _execute (res://addons/gdUnit4/src/core/execution/stages/single/GdUnitTestCaseSingleExecutionStage.gd:28)
       [15] execute (res://addons/gdUnit4/src/core/execution/stages/IGdUnitExecutionStage.gd:19)
       [16] _execute (res://addons/gdUnit4/src/core/execution/stages/single/GdUnitTestCaseSingleTestStage.gd:11)
       [17] execute (res://addons/gdUnit4/src/core/_TestCase.gd:40)
       [18] _execute_test_case (res://addons/gdUnit4/src/core/_TestCase.gd:98)
WARNING: Localization: unsupported locale: xx
   at: push_warning (core/variant/variant_utility.cpp:1034)
   GDScript backtrace (most recent call first):
       [0] switch_locale (res://autoloads/localization.gd:97)
       [1] test_locale_switch_performance_unsupported_locale_under_frame_budget (res://tests/unit/localization/locale_switch_test.gd:316)
       [2] _execute_test_case (res://addons/gdUnit4/src/core/_TestCase.gd:94)
       [3] execute (res://addons/gdUnit4/src/core/_TestCase.gd:39)
       [4] _execute (res://addons/gdUnit4/src/core/execution/stages/single/GdUnitTestCaseSingleTestStage.gd:10)
       [5] execute (res://addons/gdUnit4/src/core/execution/stages/IGdUnitExecutionStage.gd:19)
       [6] _execute (res://addons/gdUnit4/src/core/execution/stages/single/GdUnitTestCaseSingleExecutionStage.gd:17)
       [7] execute (res://addons/gdUnit4/src/core/execution/stages/IGdUnitExecutionStage.gd:19)
       [8] _execute (res://addons/gdUnit4/src/core/execution/stages/GdUnitTestCaseExecutionStage.gd:24)
       [9] execute (res://addons/gdUnit4/src/core/execution/stages/IGdUnitExecutionStage.gd:19)
       [10] _execute (res://addons/gdUnit4/src/core/execution/stages/GdUnitTestSuiteExecutionStage.gd:32)
       [11] execute (res://addons/gdUnit4/src/core/execution/stages/IGdUnitExecutionStage.gd:19)
       [12] _execute (res://addons/gdUnit4/src/core/execution/stages/GdUnitTestCaseExecutionStage.gd:31)
       [13] execute (res://addons/gdUnit4/src/core/execution/stages/IGdUnitExecutionStage.gd:19)
       [14] _execute (res://addons/gdUnit4/src/core/execution/stages/single/GdUnitTestCaseSingleExecutionStage.gd:28)
       [15] execute (res://addons/gdUnit4/src/core/execution/stages/IGdUnitExecutionStage.gd:19)
       [16] _execute (res://addons/gdUnit4/src/core/execution/stages/single/GdUnitTestCaseSingleTestStage.gd:11)
       [17] execute (res://addons/gdUnit4/src/core/_TestCase.gd:40)
       [18] _execute_test_case (res://addons/gdUnit4/src/core/_TestCase.gd:98)
WARNING: Localization: unsupported locale: xx
   at: push_warning (core/variant/variant_utility.cpp:1034)
   GDScript backtrace (most recent call first):
       [0] switch_locale (res://autoloads/localization.gd:97)
       [1] test_locale_switch_performance_unsupported_locale_under_frame_budget (res://tests/unit/localization/locale_switch_test.gd:316)
       [2] _execute_test_case (res://addons/gdUnit4/src/core/_TestCase.gd:94)
       [3] execute (res://addons/gdUnit4/src/core/_TestCase.gd:39)
       [4] _execute (res://addons/gdUnit4/src/core/execution/stages/single/GdUnitTestCaseSingleTestStage.gd:10)
       [5] execute (res://addons/gdUnit4/src/core/execution/stages/IGdUnitExecutionStage.gd:19)
       [6] _execute (res://addons/gdUnit4/src/core/execution/stages/single/GdUnitTestCaseSingleExecutionStage.gd:17)
       [7] execute (res://addons/gdUnit4/src/core/execution/stages/IGdUnitExecutionStage.gd:19)
       [8] _execute (res://addons/gdUnit4/src/core/execution/stages/GdUnitTestCaseExecutionStage.gd:24)
       [9] execute (res://addons/gdUnit4/src/core/execution/stages/IGdUnitExecutionStage.gd:19)
       [10] _execute (res://addons/gdUnit4/src/core/execution/stages/GdUnitTestSuiteExecutionStage.gd:32)
       [11] execute (res://addons/gdUnit4/src/core/execution/stages/IGdUnitExecutionStage.gd:19)
       [12] _execute (res://addons/gdUnit4/src/core/execution/stages/GdUnitTestCaseExecutionStage.gd:31)
       [13] execute (res://addons/gdUnit4/src/core/execution/stages/IGdUnitExecutionStage.gd:19)
       [14] _execute (res://addons/gdUnit4/src/core/execution/stages/single/GdUnitTestCaseSingleExecutionStage.gd:28)
       [15] execute (res://addons/gdUnit4/src/core/execution/stages/IGdUnitExecutionStage.gd:19)
       [16] _execute (res://addons/gdUnit4/src/core/execution/stages/single/GdUnitTestCaseSingleTestStage.gd:11)
       [17] execute (res://addons/gdUnit4/src/core/_TestCase.gd:40)
       [18] _execute_test_case (res://addons/gdUnit4/src/core/_TestCase.gd:98)
WARNING: Localization: unsupported locale: xx
   at: push_warning (core/variant/variant_utility.cpp:1034)
   GDScript backtrace (most recent call first):
       [0] switch_locale (res://autoloads/localization.gd:97)
       [1] test_locale_switch_performance_unsupported_locale_under_frame_budget (res://tests/unit/localization/locale_switch_test.gd:316)
       [2] _execute_test_case (res://addons/gdUnit4/src/core/_TestCase.gd:94)
       [3] execute (res://addons/gdUnit4/src/core/_TestCase.gd:39)
       [4] _execute (res://addons/gdUnit4/src/core/execution/stages/single/GdUnitTestCaseSingleTestStage.gd:10)
       [5] execute (res://addons/gdUnit4/src/core/execution/stages/IGdUnitExecutionStage.gd:19)
       [6] _execute (res://addons/gdUnit4/src/core/execution/stages/single/GdUnitTestCaseSingleExecutionStage.gd:17)
       [7] execute (res://addons/gdUnit4/src/core/execution/stages/IGdUnitExecutionStage.gd:19)
       [8] _execute (res://addons/gdUnit4/src/core/execution/stages/GdUnitTestCaseExecutionStage.gd:24)
       [9] execute (res://addons/gdUnit4/src/core/execution/stages/IGdUnitExecutionStage.gd:19)
       [10] _execute (res://addons/gdUnit4/src/core/execution/stages/GdUnitTestSuiteExecutionStage.gd:32)
       [11] execute (res://addons/gdUnit4/src/core/execution/stages/IGdUnitExecutionStage.gd:19)
       [12] _execute (res://addons/gdUnit4/src/core/execution/stages/GdUnitTestCaseExecutionStage.gd:31)
       [13] execute (res://addons/gdUnit4/src/core/execution/stages/IGdUnitExecutionStage.gd:19)
       [14] _execute (res://addons/gdUnit4/src/core/execution/stages/single/GdUnitTestCaseSingleExecutionStage.gd:28)
       [15] execute (res://addons/gdUnit4/src/core/execution/stages/IGdUnitExecutionStage.gd:19)
       [16] _execute (res://addons/gdUnit4/src/core/execution/stages/single/GdUnitTestCaseSingleTestStage.gd:11)
       [17] execute (res://addons/gdUnit4/src/core/_TestCase.gd:40)
       [18] _execute_test_case (res://addons/gdUnit4/src/core/_TestCase.gd:98)
WARNING: Localization: unsupported locale: xx
   at: push_warning (core/variant/variant_utility.cpp:1034)
   GDScript backtrace (most recent call first):
       [0] switch_locale (res://autoloads/localization.gd:97)
       [1] test_locale_switch_performance_unsupported_locale_under_frame_budget (res://tests/unit/localization/locale_switch_test.gd:316)
       [2] _execute_test_case (res://addons/gdUnit4/src/core/_TestCase.gd:94)
       [3] execute (res://addons/gdUnit4/src/core/_TestCase.gd:39)
       [4] _execute (res://addons/gdUnit4/src/core/execution/stages/single/GdUnitTestCaseSingleTestStage.gd:10)
       [5] execute (res://addons/gdUnit4/src/core/execution/stages/IGdUnitExecutionStage.gd:19)
       [6] _execute (res://addons/gdUnit4/src/core/execution/stages/single/GdUnitTestCaseSingleExecutionStage.gd:17)
       [7] execute (res://addons/gdUnit4/src/core/execution/stages/IGdUnitExecutionStage.gd:19)
       [8] _execute (res://addons/gdUnit4/src/core/execution/stages/GdUnitTestCaseExecutionStage.gd:24)
       [9] execute (res://addons/gdUnit4/src/core/execution/stages/IGdUnitExecutionStage.gd:19)
       [10] _execute (res://addons/gdUnit4/src/core/execution/stages/GdUnitTestSuiteExecutionStage.gd:32)
       [11] execute (res://addons/gdUnit4/src/core/execution/stages/IGdUnitExecutionStage.gd:19)
       [12] _execute (res://addons/gdUnit4/src/core/execution/stages/GdUnitTestCaseExecutionStage.gd:31)
       [13] execute (res://addons/gdUnit4/src/core/execution/stages/IGdUnitExecutionStage.gd:19)
       [14] _execute (res://addons/gdUnit4/src/core/execution/stages/single/GdUnitTestCaseSingleExecutionStage.gd:28)
       [15] execute (res://addons/gdUnit4/src/core/execution/stages/IGdUnitExecutionStage.gd:19)
       [16] _execute (res://addons/gdUnit4/src/core/execution/stages/single/GdUnitTestCaseSingleTestStage.gd:11)
       [17] execute (res://addons/gdUnit4/src/core/_TestCase.gd:40)
       [18] _execute_test_case (res://addons/gdUnit4/src/core/_TestCase.gd:98)
WARNING: Localization: unsupported locale: xx
   at: push_warning (core/variant/variant_utility.cpp:1034)
   GDScript backtrace (most recent call first):
       [0] switch_locale (res://autoloads/localization.gd:97)
       [1] test_locale_switch_performance_unsupported_locale_under_frame_budget (res://tests/unit/localization/locale_switch_test.gd:316)
       [2] _execute_test_case (res://addons/gdUnit4/src/core/_TestCase.gd:94)
       [3] execute (res://addons/gdUnit4/src/core/_TestCase.gd:39)
       [4] _execute (res://addons/gdUnit4/src/core/execution/stages/single/GdUnitTestCaseSingleTestStage.gd:10)
       [5] execute (res://addons/gdUnit4/src/core/execution/stages/IGdUnitExecutionStage.gd:19)
       [6] _execute (res://addons/gdUnit4/src/core/execution/stages/single/GdUnitTestCaseSingleExecutionStage.gd:17)
       [7] execute (res://addons/gdUnit4/src/core/execution/stages/IGdUnitExecutionStage.gd:19)
       [8] _execute (res://addons/gdUnit4/src/core/execution/stages/GdUnitTestCaseExecutionStage.gd:24)
       [9] execute (res://addons/gdUnit4/src/core/execution/stages/IGdUnitExecutionStage.gd:19)
       [10] _execute (res://addons/gdUnit4/src/core/execution/stages/GdUnitTestSuiteExecutionStage.gd:32)
       [11] execute (res://addons/gdUnit4/src/core/execution/stages/IGdUnitExecutionStage.gd:19)
       [12] _execute (res://addons/gdUnit4/src/core/execution/stages/GdUnitTestCaseExecutionStage.gd:31)
       [13] execute (res://addons/gdUnit4/src/core/execution/stages/IGdUnitExecutionStage.gd:19)
       [14] _execute (res://addons/gdUnit4/src/core/execution/stages/single/GdUnitTestCaseSingleExecutionStage.gd:28)
       [15] execute (res://addons/gdUnit4/src/core/execution/stages/IGdUnitExecutionStage.gd:19)
       [16] _execute (res://addons/gdUnit4/src/core/execution/stages/single/GdUnitTestCaseSingleTestStage.gd:11)
       [17] execute (res://addons/gdUnit4/src/core/_TestCase.gd:40)
       [18] _execute_test_case (res://addons/gdUnit4/src/core/_TestCase.gd:98)
WARNING: Localization: unsupported locale: xx
   at: push_warning (core/variant/variant_utility.cpp:1034)
   GDScript backtrace (most recent call first):
       [0] switch_locale (res://autoloads/localization.gd:97)
       [1] test_locale_switch_performance_unsupported_locale_under_frame_budget (res://tests/unit/localization/locale_switch_test.gd:316)
       [2] _execute_test_case (res://addons/gdUnit4/src/core/_TestCase.gd:94)
       [3] execute (res://addons/gdUnit4/src/core/_TestCase.gd:39)
       [4] _execute (res://addons/gdUnit4/src/core/execution/stages/single/GdUnitTestCaseSingleTestStage.gd:10)
       [5] execute (res://addons/gdUnit4/src/core/execution/stages/IGdUnitExecutionStage.gd:19)
       [6] _execute (res://addons/gdUnit4/src/core/execution/stages/single/GdUnitTestCaseSingleExecutionStage.gd:17)
       [7] execute (res://addons/gdUnit4/src/core/execution/stages/IGdUnitExecutionStage.gd:19)
       [8] _execute (res://addons/gdUnit4/src/core/execution/stages/GdUnitTestCaseExecutionStage.gd:24)
       [9] execute (res://addons/gdUnit4/src/core/execution/stages/IGdUnitExecutionStage.gd:19)
       [10] _execute (res://addons/gdUnit4/src/core/execution/stages/GdUnitTestSuiteExecutionStage.gd:32)
       [11] execute (res://addons/gdUnit4/src/core/execution/stages/IGdUnitExecutionStage.gd:19)
       [12] _execute (res://addons/gdUnit4/src/core/execution/stages/GdUnitTestCaseExecutionStage.gd:31)
       [13] execute (res://addons/gdUnit4/src/core/execution/stages/IGdUnitExecutionStage.gd:19)
       [14] _execute (res://addons/gdUnit4/src/core/execution/stages/single/GdUnitTestCaseSingleExecutionStage.gd:28)
       [15] execute (res://addons/gdUnit4/src/core/execution/stages/IGdUnitExecutionStage.gd:19)
       [16] _execute (res://addons/gdUnit4/src/core/execution/stages/single/GdUnitTestCaseSingleTestStage.gd:11)
       [17] execute (res://addons/gdUnit4/src/core/_TestCase.gd:40)
       [18] _execute_test_case (res://addons/gdUnit4/src/core/_TestCase.gd:98)
WARNING: Localization: unsupported locale: xx
   at: push_warning (core/variant/variant_utility.cpp:1034)
   GDScript backtrace (most recent call first):
       [0] switch_locale (res://autoloads/localization.gd:97)
       [1] test_locale_switch_performance_unsupported_locale_under_frame_budget (res://tests/unit/localization/locale_switch_test.gd:316)
       [2] _execute_test_case (res://addons/gdUnit4/src/core/_TestCase.gd:94)
       [3] execute (res://addons/gdUnit4/src/core/_TestCase.gd:39)
       [4] _execute (res://addons/gdUnit4/src/core/execution/stages/single/GdUnitTestCaseSingleTestStage.gd:10)
       [5] execute (res://addons/gdUnit4/src/core/execution/stages/IGdUnitExecutionStage.gd:19)
       [6] _execute (res://addons/gdUnit4/src/core/execution/stages/single/GdUnitTestCaseSingleExecutionStage.gd:17)
       [7] execute (res://addons/gdUnit4/src/core/execution/stages/IGdUnitExecutionStage.gd:19)
       [8] _execute (res://addons/gdUnit4/src/core/execution/stages/GdUnitTestCaseExecutionStage.gd:24)
       [9] execute (res://addons/gdUnit4/src/core/execution/stages/IGdUnitExecutionStage.gd:19)
       [10] _execute (res://addons/gdUnit4/src/core/execution/stages/GdUnitTestSuiteExecutionStage.gd:32)
       [11] execute (res://addons/gdUnit4/src/core/execution/stages/IGdUnitExecutionStage.gd:19)
       [12] _execute (res://addons/gdUnit4/src/core/execution/stages/GdUnitTestCaseExecutionStage.gd:31)
       [13] execute (res://addons/gdUnit4/src/core/execution/stages/IGdUnitExecutionStage.gd:19)
       [14] _execute (res://addons/gdUnit4/src/core/execution/stages/single/GdUnitTestCaseSingleExecutionStage.gd:28)
       [15] execute (res://addons/gdUnit4/src/core/execution/stages/IGdUnitExecutionStage.gd:19)
       [16] _execute (res://addons/gdUnit4/src/core/execution/stages/single/GdUnitTestCaseSingleTestStage.gd:11)
       [17] execute (res://addons/gdUnit4/src/core/_TestCase.gd:40)
       [18] _execute_test_case (res://addons/gdUnit4/src/core/_TestCase.gd:98)
WARNING: Localization: unsupported locale: xx
   at: push_warning (core/variant/variant_utility.cpp:1034)
   GDScript backtrace (most recent call first):
       [0] switch_locale (res://autoloads/localization.gd:97)
       [1] test_locale_switch_performance_unsupported_locale_under_frame_budget (res://tests/unit/localization/locale_switch_test.gd:316)
       [2] _execute_test_case (res://addons/gdUnit4/src/core/_TestCase.gd:94)
       [3] execute (res://addons/gdUnit4/src/core/_TestCase.gd:39)
       [4] _execute (res://addons/gdUnit4/src/core/execution/stages/single/GdUnitTestCaseSingleTestStage.gd:10)
       [5] execute (res://addons/gdUnit4/src/core/execution/stages/IGdUnitExecutionStage.gd:19)
       [6] _execute (res://addons/gdUnit4/src/core/execution/stages/single/GdUnitTestCaseSingleExecutionStage.gd:17)
       [7] execute (res://addons/gdUnit4/src/core/execution/stages/IGdUnitExecutionStage.gd:19)
       [8] _execute (res://addons/gdUnit4/src/core/execution/stages/GdUnitTestCaseExecutionStage.gd:24)
       [9] execute (res://addons/gdUnit4/src/core/execution/stages/IGdUnitExecutionStage.gd:19)
       [10] _execute (res://addons/gdUnit4/src/core/execution/stages/GdUnitTestSuiteExecutionStage.gd:32)
       [11] execute (res://addons/gdUnit4/src/core/execution/stages/IGdUnitExecutionStage.gd:19)
       [12] _execute (res://addons/gdUnit4/src/core/execution/stages/GdUnitTestCaseExecutionStage.gd:31)
       [13] execute (res://addons/gdUnit4/src/core/execution/stages/IGdUnitExecutionStage.gd:19)
       [14] _execute (res://addons/gdUnit4/src/core/execution/stages/single/GdUnitTestCaseSingleExecutionStage.gd:28)
       [15] execute (res://addons/gdUnit4/src/core/execution/stages/IGdUnitExecutionStage.gd:19)
       [16] _execute (res://addons/gdUnit4/src/core/execution/stages/single/GdUnitTestCaseSingleTestStage.gd:11)
       [17] execute (res://addons/gdUnit4/src/core/_TestCase.gd:40)
       [18] _execute_test_case (res://addons/gdUnit4/src/core/_TestCase.gd:98)
WARNING: Localization: unsupported locale: xx
   at: push_warning (core/variant/variant_utility.cpp:1034)
   GDScript backtrace (most recent call first):
       [0] switch_locale (res://autoloads/localization.gd:97)
       [1] test_locale_switch_performance_unsupported_locale_under_frame_budget (res://tests/unit/localization/locale_switch_test.gd:316)
       [2] _execute_test_case (res://addons/gdUnit4/src/core/_TestCase.gd:94)
       [3] execute (res://addons/gdUnit4/src/core/_TestCase.gd:39)
       [4] _execute (res://addons/gdUnit4/src/core/execution/stages/single/GdUnitTestCaseSingleTestStage.gd:10)
       [5] execute (res://addons/gdUnit4/src/core/execution/stages/IGdUnitExecutionStage.gd:19)
       [6] _execute (res://addons/gdUnit4/src/core/execution/stages/single/GdUnitTestCaseSingleExecutionStage.gd:17)
       [7] execute (res://addons/gdUnit4/src/core/execution/stages/IGdUnitExecutionStage.gd:19)
       [8] _execute (res://addons/gdUnit4/src/core/execution/stages/GdUnitTestCaseExecutionStage.gd:24)
       [9] execute (res://addons/gdUnit4/src/core/execution/stages/IGdUnitExecutionStage.gd:19)
       [10] _execute (res://addons/gdUnit4/src/core/execution/stages/GdUnitTestSuiteExecutionStage.gd:32)
       [11] execute (res://addons/gdUnit4/src/core/execution/stages/IGdUnitExecutionStage.gd:19)
       [12] _execute (res://addons/gdUnit4/src/core/execution/stages/GdUnitTestCaseExecutionStage.gd:31)
       [13] execute (res://addons/gdUnit4/src/core/execution/stages/IGdUnitExecutionStage.gd:19)
       [14] _execute (res://addons/gdUnit4/src/core/execution/stages/single/GdUnitTestCaseSingleExecutionStage.gd:28)
       [15] execute (res://addons/gdUnit4/src/core/execution/stages/IGdUnitExecutionStage.gd:19)
       [16] _execute (res://addons/gdUnit4/src/core/execution/stages/single/GdUnitTestCaseSingleTestStage.gd:11)
       [17] execute (res://addons/gdUnit4/src/core/_TestCase.gd:40)
       [18] _execute_test_case (res://addons/gdUnit4/src/core/_TestCase.gd:98)
WARNING: Localization: unsupported locale: xx
   at: push_warning (core/variant/variant_utility.cpp:1034)
   GDScript backtrace (most recent call first):
       [0] switch_locale (res://autoloads/localization.gd:97)
       [1] test_locale_switch_performance_unsupported_locale_under_frame_budget (res://tests/unit/localization/locale_switch_test.gd:316)
       [2] _execute_test_case (res://addons/gdUnit4/src/core/_TestCase.gd:94)
       [3] execute (res://addons/gdUnit4/src/core/_TestCase.gd:39)
       [4] _execute (res://addons/gdUnit4/src/core/execution/stages/single/GdUnitTestCaseSingleTestStage.gd:10)
       [5] execute (res://addons/gdUnit4/src/core/execution/stages/IGdUnitExecutionStage.gd:19)
       [6] _execute (res://addons/gdUnit4/src/core/execution/stages/single/GdUnitTestCaseSingleExecutionStage.gd:17)
       [7] execute (res://addons/gdUnit4/src/core/execution/stages/IGdUnitExecutionStage.gd:19)
       [8] _execute (res://addons/gdUnit4/src/core/execution/stages/GdUnitTestCaseExecutionStage.gd:24)
       [9] execute (res://addons/gdUnit4/src/core/execution/stages/IGdUnitExecutionStage.gd:19)
       [10] _execute (res://addons/gdUnit4/src/core/execution/stages/GdUnitTestSuiteExecutionStage.gd:32)
       [11] execute (res://addons/gdUnit4/src/core/execution/stages/IGdUnitExecutionStage.gd:19)
       [12] _execute (res://addons/gdUnit4/src/core/execution/stages/GdUnitTestCaseExecutionStage.gd:31)
       [13] execute (res://addons/gdUnit4/src/core/execution/stages/IGdUnitExecutionStage.gd:19)
       [14] _execute (res://addons/gdUnit4/src/core/execution/stages/single/GdUnitTestCaseSingleExecutionStage.gd:28)
       [15] execute (res://addons/gdUnit4/src/core/execution/stages/IGdUnitExecutionStage.gd:19)
       [16] _execute (res://addons/gdUnit4/src/core/execution/stages/single/GdUnitTestCaseSingleTestStage.gd:11)
       [17] execute (res://addons/gdUnit4/src/core/_TestCase.gd:40)
       [18] _execute_test_case (res://addons/gdUnit4/src/core/_TestCase.gd:98)
WARNING: Localization: unsupported locale: xx
   at: push_warning (core/variant/variant_utility.cpp:1034)
   GDScript backtrace (most recent call first):
       [0] switch_locale (res://autoloads/localization.gd:97)
       [1] test_locale_switch_performance_unsupported_locale_under_frame_budget (res://tests/unit/localization/locale_switch_test.gd:316)
       [2] _execute_test_case (res://addons/gdUnit4/src/core/_TestCase.gd:94)
       [3] execute (res://addons/gdUnit4/src/core/_TestCase.gd:39)
       [4] _execute (res://addons/gdUnit4/src/core/execution/stages/single/GdUnitTestCaseSingleTestStage.gd:10)
       [5] execute (res://addons/gdUnit4/src/core/execution/stages/IGdUnitExecutionStage.gd:19)
       [6] _execute (res://addons/gdUnit4/src/core/execution/stages/single/GdUnitTestCaseSingleExecutionStage.gd:17)
       [7] execute (res://addons/gdUnit4/src/core/execution/stages/IGdUnitExecutionStage.gd:19)
       [8] _execute (res://addons/gdUnit4/src/core/execution/stages/GdUnitTestCaseExecutionStage.gd:24)
       [9] execute (res://addons/gdUnit4/src/core/execution/stages/IGdUnitExecutionStage.gd:19)
       [10] _execute (res://addons/gdUnit4/src/core/execution/stages/GdUnitTestSuiteExecutionStage.gd:32)
       [11] execute (res://addons/gdUnit4/src/core/execution/stages/IGdUnitExecutionStage.gd:19)
       [12] _execute (res://addons/gdUnit4/src/core/execution/stages/GdUnitTestCaseExecutionStage.gd:31)
       [13] execute (res://addons/gdUnit4/src/core/execution/stages/IGdUnitExecutionStage.gd:19)
       [14] _execute (res://addons/gdUnit4/src/core/execution/stages/single/GdUnitTestCaseSingleExecutionStage.gd:28)
       [15] execute (res://addons/gdUnit4/src/core/execution/stages/IGdUnitExecutionStage.gd:19)
       [16] _execute (res://addons/gdUnit4/src/core/execution/stages/single/GdUnitTestCaseSingleTestStage.gd:11)
       [17] execute (res://addons/gdUnit4/src/core/_TestCase.gd:40)
       [18] _execute_test_case (res://addons/gdUnit4/src/core/_TestCase.gd:98)
WARNING: Localization: unsupported locale: xx
   at: push_warning (core/variant/variant_utility.cpp:1034)
   GDScript backtrace (most recent call first):
       [0] switch_locale (res://autoloads/localization.gd:97)
       [1] test_locale_switch_performance_unsupported_locale_under_frame_budget (res://tests/unit/localization/locale_switch_test.gd:316)
       [2] _execute_test_case (res://addons/gdUnit4/src/core/_TestCase.gd:94)
       [3] execute (res://addons/gdUnit4/src/core/_TestCase.gd:39)
       [4] _execute (res://addons/gdUnit4/src/core/execution/stages/single/GdUnitTestCaseSingleTestStage.gd:10)
       [5] execute (res://addons/gdUnit4/src/core/execution/stages/IGdUnitExecutionStage.gd:19)
       [6] _execute (res://addons/gdUnit4/src/core/execution/stages/single/GdUnitTestCaseSingleExecutionStage.gd:17)
       [7] execute (res://addons/gdUnit4/src/core/execution/stages/IGdUnitExecutionStage.gd:19)
       [8] _execute (res://addons/gdUnit4/src/core/execution/stages/GdUnitTestCaseExecutionStage.gd:24)
       [9] execute (res://addons/gdUnit4/src/core/execution/stages/IGdUnitExecutionStage.gd:19)
       [10] _execute (res://addons/gdUnit4/src/core/execution/stages/GdUnitTestSuiteExecutionStage.gd:32)
       [11] execute (res://addons/gdUnit4/src/core/execution/stages/IGdUnitExecutionStage.gd:19)
       [12] _execute (res://addons/gdUnit4/src/core/execution/stages/GdUnitTestCaseExecutionStage.gd:31)
       [13] execute (res://addons/gdUnit4/src/core/execution/stages/IGdUnitExecutionStage.gd:19)
       [14] _execute (res://addons/gdUnit4/src/core/execution/stages/single/GdUnitTestCaseSingleExecutionStage.gd:28)
       [15] execute (res://addons/gdUnit4/src/core/execution/stages/IGdUnitExecutionStage.gd:19)
       [16] _execute (res://addons/gdUnit4/src/core/execution/stages/single/GdUnitTestCaseSingleTestStage.gd:11)
       [17] execute (res://addons/gdUnit4/src/core/_TestCase.gd:40)
       [18] _execute_test_case (res://addons/gdUnit4/src/core/_TestCase.gd:98)
WARNING: Localization: unsupported locale: xx
   at: push_warning (core/variant/variant_utility.cpp:1034)
   GDScript backtrace (most recent call first):
       [0] switch_locale (res://autoloads/localization.gd:97)
       [1] test_locale_switch_performance_unsupported_locale_under_frame_budget (res://tests/unit/localization/locale_switch_test.gd:316)
       [2] _execute_test_case (res://addons/gdUnit4/src/core/_TestCase.gd:94)
       [3] execute (res://addons/gdUnit4/src/core/_TestCase.gd:39)
       [4] _execute (res://addons/gdUnit4/src/core/execution/stages/single/GdUnitTestCaseSingleTestStage.gd:10)
       [5] execute (res://addons/gdUnit4/src/core/execution/stages/IGdUnitExecutionStage.gd:19)
       [6] _execute (res://addons/gdUnit4/src/core/execution/stages/single/GdUnitTestCaseSingleExecutionStage.gd:17)
       [7] execute (res://addons/gdUnit4/src/core/execution/stages/IGdUnitExecutionStage.gd:19)
       [8] _execute (res://addons/gdUnit4/src/core/execution/stages/GdUnitTestCaseExecutionStage.gd:24)
       [9] execute (res://addons/gdUnit4/src/core/execution/stages/IGdUnitExecutionStage.gd:19)
       [10] _execute (res://addons/gdUnit4/src/core/execution/stages/GdUnitTestSuiteExecutionStage.gd:32)
       [11] execute (res://addons/gdUnit4/src/core/execution/stages/IGdUnitExecutionStage.gd:19)
       [12] _execute (res://addons/gdUnit4/src/core/execution/stages/GdUnitTestCaseExecutionStage.gd:31)
       [13] execute (res://addons/gdUnit4/src/core/execution/stages/IGdUnitExecutionStage.gd:19)
       [14] _execute (res://addons/gdUnit4/src/core/execution/stages/single/GdUnitTestCaseSingleExecutionStage.gd:28)
       [15] execute (res://addons/gdUnit4/src/core/execution/stages/IGdUnitExecutionStage.gd:19)
       [16] _execute (res://addons/gdUnit4/src/core/execution/stages/single/GdUnitTestCaseSingleTestStage.gd:11)
       [17] execute (res://addons/gdUnit4/src/core/_TestCase.gd:40)
       [18] _execute_test_case (res://addons/gdUnit4/src/core/_TestCase.gd:98)
WARNING: Localization: unsupported locale: xx
   at: push_warning (core/variant/variant_utility.cpp:1034)
   GDScript backtrace (most recent call first):
       [0] switch_locale (res://autoloads/localization.gd:97)
       [1] test_locale_switch_performance_unsupported_locale_under_frame_budget (res://tests/unit/localization/locale_switch_test.gd:316)
       [2] _execute_test_case (res://addons/gdUnit4/src/core/_TestCase.gd:94)
       [3] execute (res://addons/gdUnit4/src/core/_TestCase.gd:39)
       [4] _execute (res://addons/gdUnit4/src/core/execution/stages/single/GdUnitTestCaseSingleTestStage.gd:10)
       [5] execute (res://addons/gdUnit4/src/core/execution/stages/IGdUnitExecutionStage.gd:19)
       [6] _execute (res://addons/gdUnit4/src/core/execution/stages/single/GdUnitTestCaseSingleExecutionStage.gd:17)
       [7] execute (res://addons/gdUnit4/src/core/execution/stages/IGdUnitExecutionStage.gd:19)
       [8] _execute (res://addons/gdUnit4/src/core/execution/stages/GdUnitTestCaseExecutionStage.gd:24)
       [9] execute (res://addons/gdUnit4/src/core/execution/stages/IGdUnitExecutionStage.gd:19)
       [10] _execute (res://addons/gdUnit4/src/core/execution/stages/GdUnitTestSuiteExecutionStage.gd:32)
       [11] execute (res://addons/gdUnit4/src/core/execution/stages/IGdUnitExecutionStage.gd:19)
       [12] _execute (res://addons/gdUnit4/src/core/execution/stages/GdUnitTestCaseExecutionStage.gd:31)
       [13] execute (res://addons/gdUnit4/src/core/execution/stages/IGdUnitExecutionStage.gd:19)
       [14] _execute (res://addons/gdUnit4/src/core/execution/stages/single/GdUnitTestCaseSingleExecutionStage.gd:28)
       [15] execute (res://addons/gdUnit4/src/core/execution/stages/IGdUnitExecutionStage.gd:19)
       [16] _execute (res://addons/gdUnit4/src/core/execution/stages/single/GdUnitTestCaseSingleTestStage.gd:11)
       [17] execute (res://addons/gdUnit4/src/core/_TestCase.gd:40)
       [18] _execute_test_case (res://addons/gdUnit4/src/core/_TestCase.gd:98)
WARNING: Localization: unsupported locale: xx
   at: push_warning (core/variant/variant_utility.cpp:1034)
   GDScript backtrace (most recent call first):
       [0] switch_locale (res://autoloads/localization.gd:97)
       [1] test_locale_switch_performance_unsupported_locale_under_frame_budget (res://tests/unit/localization/locale_switch_test.gd:316)
       [2] _execute_test_case (res://addons/gdUnit4/src/core/_TestCase.gd:94)
       [3] execute (res://addons/gdUnit4/src/core/_TestCase.gd:39)
       [4] _execute (res://addons/gdUnit4/src/core/execution/stages/single/GdUnitTestCaseSingleTestStage.gd:10)
       [5] execute (res://addons/gdUnit4/src/core/execution/stages/IGdUnitExecutionStage.gd:19)
       [6] _execute (res://addons/gdUnit4/src/core/execution/stages/single/GdUnitTestCaseSingleExecutionStage.gd:17)
       [7] execute (res://addons/gdUnit4/src/core/execution/stages/IGdUnitExecutionStage.gd:19)
       [8] _execute (res://addons/gdUnit4/src/core/execution/stages/GdUnitTestCaseExecutionStage.gd:24)
       [9] execute (res://addons/gdUnit4/src/core/execution/stages/IGdUnitExecutionStage.gd:19)
       [10] _execute (res://addons/gdUnit4/src/core/execution/stages/GdUnitTestSuiteExecutionStage.gd:32)
       [11] execute (res://addons/gdUnit4/src/core/execution/stages/IGdUnitExecutionStage.gd:19)
       [12] _execute (res://addons/gdUnit4/src/core/execution/stages/GdUnitTestCaseExecutionStage.gd:31)
       [13] execute (res://addons/gdUnit4/src/core/execution/stages/IGdUnitExecutionStage.gd:19)
       [14] _execute (res://addons/gdUnit4/src/core/execution/stages/single/GdUnitTestCaseSingleExecutionStage.gd:28)
       [15] execute (res://addons/gdUnit4/src/core/execution/stages/IGdUnitExecutionStage.gd:19)
       [16] _execute (res://addons/gdUnit4/src/core/execution/stages/single/GdUnitTestCaseSingleTestStage.gd:11)
       [17] execute (res://addons/gdUnit4/src/core/_TestCase.gd:40)
       [18] _execute_test_case (res://addons/gdUnit4/src/core/_TestCase.gd:98)
WARNING: Localization: unsupported locale: xx
   at: push_warning (core/variant/variant_utility.cpp:1034)
   GDScript backtrace (most recent call first):
       [0] switch_locale (res://autoloads/localization.gd:97)
       [1] test_locale_switch_performance_unsupported_locale_under_frame_budget (res://tests/unit/localization/locale_switch_test.gd:316)
       [2] _execute_test_case (res://addons/gdUnit4/src/core/_TestCase.gd:94)
       [3] execute (res://addons/gdUnit4/src/core/_TestCase.gd:39)
       [4] _execute (res://addons/gdUnit4/src/core/execution/stages/single/GdUnitTestCaseSingleTestStage.gd:10)
       [5] execute (res://addons/gdUnit4/src/core/execution/stages/IGdUnitExecutionStage.gd:19)
       [6] _execute (res://addons/gdUnit4/src/core/execution/stages/single/GdUnitTestCaseSingleExecutionStage.gd:17)
       [7] execute (res://addons/gdUnit4/src/core/execution/stages/IGdUnitExecutionStage.gd:19)
       [8] _execute (res://addons/gdUnit4/src/core/execution/stages/GdUnitTestCaseExecutionStage.gd:24)
       [9] execute (res://addons/gdUnit4/src/core/execution/stages/IGdUnitExecutionStage.gd:19)
       [10] _execute (res://addons/gdUnit4/src/core/execution/stages/GdUnitTestSuiteExecutionStage.gd:32)
       [11] execute (res://addons/gdUnit4/src/core/execution/stages/IGdUnitExecutionStage.gd:19)
       [12] _execute (res://addons/gdUnit4/src/core/execution/stages/GdUnitTestCaseExecutionStage.gd:31)
       [13] execute (res://addons/gdUnit4/src/core/execution/stages/IGdUnitExecutionStage.gd:19)
       [14] _execute (res://addons/gdUnit4/src/core/execution/stages/single/GdUnitTestCaseSingleExecutionStage.gd:28)
       [15] execute (res://addons/gdUnit4/src/core/execution/stages/IGdUnitExecutionStage.gd:19)
       [16] _execute (res://addons/gdUnit4/src/core/execution/stages/single/GdUnitTestCaseSingleTestStage.gd:11)
       [17] execute (res://addons/gdUnit4/src/core/_TestCase.gd:40)
       [18] _execute_test_case (res://addons/gdUnit4/src/core/_TestCase.gd:98)
WARNING: Localization: unsupported locale: xx
   at: push_warning (core/variant/variant_utility.cpp:1034)
   GDScript backtrace (most recent call first):
       [0] switch_locale (res://autoloads/localization.gd:97)
       [1] test_locale_switch_performance_unsupported_locale_under_frame_budget (res://tests/unit/localization/locale_switch_test.gd:316)
       [2] _execute_test_case (res://addons/gdUnit4/src/core/_TestCase.gd:94)
       [3] execute (res://addons/gdUnit4/src/core/_TestCase.gd:39)
       [4] _execute (res://addons/gdUnit4/src/core/execution/stages/single/GdUnitTestCaseSingleTestStage.gd:10)
       [5] execute (res://addons/gdUnit4/src/core/execution/stages/IGdUnitExecutionStage.gd:19)
       [6] _execute (res://addons/gdUnit4/src/core/execution/stages/single/GdUnitTestCaseSingleExecutionStage.gd:17)
       [7] execute (res://addons/gdUnit4/src/core/execution/stages/IGdUnitExecutionStage.gd:19)
       [8] _execute (res://addons/gdUnit4/src/core/execution/stages/GdUnitTestCaseExecutionStage.gd:24)
       [9] execute (res://addons/gdUnit4/src/core/execution/stages/IGdUnitExecutionStage.gd:19)
       [10] _execute (res://addons/gdUnit4/src/core/execution/stages/GdUnitTestSuiteExecutionStage.gd:32)
       [11] execute (res://addons/gdUnit4/src/core/execution/stages/IGdUnitExecutionStage.gd:19)
       [12] _execute (res://addons/gdUnit4/src/core/execution/stages/GdUnitTestCaseExecutionStage.gd:31)
       [13] execute (res://addons/gdUnit4/src/core/execution/stages/IGdUnitExecutionStage.gd:19)
       [14] _execute (res://addons/gdUnit4/src/core/execution/stages/single/GdUnitTestCaseSingleExecutionStage.gd:28)
       [15] execute (res://addons/gdUnit4/src/core/execution/stages/IGdUnitExecutionStage.gd:19)
       [16] _execute (res://addons/gdUnit4/src/core/execution/stages/single/GdUnitTestCaseSingleTestStage.gd:11)
       [17] execute (res://addons/gdUnit4/src/core/_TestCase.gd:40)
       [18] _execute_test_case (res://addons/gdUnit4/src/core/_TestCase.gd:98)
WARNING: Localization: unsupported locale: xx
   at: push_warning (core/variant/variant_utility.cpp:1034)
   GDScript backtrace (most recent call first):
       [0] switch_locale (res://autoloads/localization.gd:97)
       [1] test_locale_switch_performance_unsupported_locale_under_frame_budget (res://tests/unit/localization/locale_switch_test.gd:316)
       [2] _execute_test_case (res://addons/gdUnit4/src/core/_TestCase.gd:94)
       [3] execute (res://addons/gdUnit4/src/core/_TestCase.gd:39)
       [4] _execute (res://addons/gdUnit4/src/core/execution/stages/single/GdUnitTestCaseSingleTestStage.gd:10)
       [5] execute (res://addons/gdUnit4/src/core/execution/stages/IGdUnitExecutionStage.gd:19)
       [6] _execute (res://addons/gdUnit4/src/core/execution/stages/single/GdUnitTestCaseSingleExecutionStage.gd:17)
       [7] execute (res://addons/gdUnit4/src/core/execution/stages/IGdUnitExecutionStage.gd:19)
       [8] _execute (res://addons/gdUnit4/src/core/execution/stages/GdUnitTestCaseExecutionStage.gd:24)
       [9] execute (res://addons/gdUnit4/src/core/execution/stages/IGdUnitExecutionStage.gd:19)
       [10] _execute (res://addons/gdUnit4/src/core/execution/stages/GdUnitTestSuiteExecutionStage.gd:32)
       [11] execute (res://addons/gdUnit4/src/core/execution/stages/IGdUnitExecutionStage.gd:19)
       [12] _execute (res://addons/gdUnit4/src/core/execution/stages/GdUnitTestCaseExecutionStage.gd:31)
       [13] execute (res://addons/gdUnit4/src/core/execution/stages/IGdUnitExecutionStage.gd:19)
       [14] _execute (res://addons/gdUnit4/src/core/execution/stages/single/GdUnitTestCaseSingleExecutionStage.gd:28)
       [15] execute (res://addons/gdUnit4/src/core/execution/stages/IGdUnitExecutionStage.gd:19)
       [16] _execute (res://addons/gdUnit4/src/core/execution/stages/single/GdUnitTestCaseSingleTestStage.gd:11)
       [17] execute (res://addons/gdUnit4/src/core/_TestCase.gd:40)
       [18] _execute_test_case (res://addons/gdUnit4/src/core/_TestCase.gd:98)
WARNING: Localization: unsupported locale: xx
   at: push_warning (core/variant/variant_utility.cpp:1034)
   GDScript backtrace (most recent call first):
       [0] switch_locale (res://autoloads/localization.gd:97)
       [1] test_locale_switch_performance_unsupported_locale_under_frame_budget (res://tests/unit/localization/locale_switch_test.gd:316)
       [2] _execute_test_case (res://addons/gdUnit4/src/core/_TestCase.gd:94)
       [3] execute (res://addons/gdUnit4/src/core/_TestCase.gd:39)
       [4] _execute (res://addons/gdUnit4/src/core/execution/stages/single/GdUnitTestCaseSingleTestStage.gd:10)
       [5] execute (res://addons/gdUnit4/src/core/execution/stages/IGdUnitExecutionStage.gd:19)
       [6] _execute (res://addons/gdUnit4/src/core/execution/stages/single/GdUnitTestCaseSingleExecutionStage.gd:17)
       [7] execute (res://addons/gdUnit4/src/core/execution/stages/IGdUnitExecutionStage.gd:19)
       [8] _execute (res://addons/gdUnit4/src/core/execution/stages/GdUnitTestCaseExecutionStage.gd:24)
       [9] execute (res://addons/gdUnit4/src/core/execution/stages/IGdUnitExecutionStage.gd:19)
       [10] _execute (res://addons/gdUnit4/src/core/execution/stages/GdUnitTestSuiteExecutionStage.gd:32)
       [11] execute (res://addons/gdUnit4/src/core/execution/stages/IGdUnitExecutionStage.gd:19)
       [12] _execute (res://addons/gdUnit4/src/core/execution/stages/GdUnitTestCaseExecutionStage.gd:31)
       [13] execute (res://addons/gdUnit4/src/core/execution/stages/IGdUnitExecutionStage.gd:19)
       [14] _execute (res://addons/gdUnit4/src/core/execution/stages/single/GdUnitTestCaseSingleExecutionStage.gd:28)
       [15] execute (res://addons/gdUnit4/src/core/execution/stages/IGdUnitExecutionStage.gd:19)
       [16] _execute (res://addons/gdUnit4/src/core/execution/stages/single/GdUnitTestCaseSingleTestStage.gd:11)
       [17] execute (res://addons/gdUnit4/src/core/_TestCase.gd:40)
       [18] _execute_test_case (res://addons/gdUnit4/src/core/_TestCase.gd:98)
WARNING: Localization: unsupported locale: xx
   at: push_warning (core/variant/variant_utility.cpp:1034)
   GDScript backtrace (most recent call first):
       [0] switch_locale (res://autoloads/localization.gd:97)
       [1] test_locale_switch_performance_unsupported_locale_under_frame_budget (res://tests/unit/localization/locale_switch_test.gd:316)
       [2] _execute_test_case (res://addons/gdUnit4/src/core/_TestCase.gd:94)
       [3] execute (res://addons/gdUnit4/src/core/_TestCase.gd:39)
       [4] _execute (res://addons/gdUnit4/src/core/execution/stages/single/GdUnitTestCaseSingleTestStage.gd:10)
       [5] execute (res://addons/gdUnit4/src/core/execution/stages/IGdUnitExecutionStage.gd:19)
       [6] _execute (res://addons/gdUnit4/src/core/execution/stages/single/GdUnitTestCaseSingleExecutionStage.gd:17)
       [7] execute (res://addons/gdUnit4/src/core/execution/stages/IGdUnitExecutionStage.gd:19)
       [8] _execute (res://addons/gdUnit4/src/core/execution/stages/GdUnitTestCaseExecutionStage.gd:24)
       [9] execute (res://addons/gdUnit4/src/core/execution/stages/IGdUnitExecutionStage.gd:19)
       [10] _execute (res://addons/gdUnit4/src/core/execution/stages/GdUnitTestSuiteExecutionStage.gd:32)
       [11] execute (res://addons/gdUnit4/src/core/execution/stages/IGdUnitExecutionStage.gd:19)
       [12] _execute (res://addons/gdUnit4/src/core/execution/stages/GdUnitTestCaseExecutionStage.gd:31)
       [13] execute (res://addons/gdUnit4/src/core/execution/stages/IGdUnitExecutionStage.gd:19)
       [14] _execute (res://addons/gdUnit4/src/core/execution/stages/single/GdUnitTestCaseSingleExecutionStage.gd:28)
       [15] execute (res://addons/gdUnit4/src/core/execution/stages/IGdUnitExecutionStage.gd:19)
       [16] _execute (res://addons/gdUnit4/src/core/execution/stages/single/GdUnitTestCaseSingleTestStage.gd:11)
       [17] execute (res://addons/gdUnit4/src/core/_TestCase.gd:40)
       [18] _execute_test_case (res://addons/gdUnit4/src/core/_TestCase.gd:98)
WARNING: Localization: unsupported locale: xx
   at: push_warning (core/variant/variant_utility.cpp:1034)
   GDScript backtrace (most recent call first):
       [0] switch_locale (res://autoloads/localization.gd:97)
       [1] test_locale_switch_performance_unsupported_locale_under_frame_budget (res://tests/unit/localization/locale_switch_test.gd:316)
       [2] _execute_test_case (res://addons/gdUnit4/src/core/_TestCase.gd:94)
       [3] execute (res://addons/gdUnit4/src/core/_TestCase.gd:39)
       [4] _execute (res://addons/gdUnit4/src/core/execution/stages/single/GdUnitTestCaseSingleTestStage.gd:10)
       [5] execute (res://addons/gdUnit4/src/core/execution/stages/IGdUnitExecutionStage.gd:19)
       [6] _execute (res://addons/gdUnit4/src/core/execution/stages/single/GdUnitTestCaseSingleExecutionStage.gd:17)
       [7] execute (res://addons/gdUnit4/src/core/execution/stages/IGdUnitExecutionStage.gd:19)
       [8] _execute (res://addons/gdUnit4/src/core/execution/stages/GdUnitTestCaseExecutionStage.gd:24)
       [9] execute (res://addons/gdUnit4/src/core/execution/stages/IGdUnitExecutionStage.gd:19)
       [10] _execute (res://addons/gdUnit4/src/core/execution/stages/GdUnitTestSuiteExecutionStage.gd:32)
       [11] execute (res://addons/gdUnit4/src/core/execution/stages/IGdUnitExecutionStage.gd:19)
       [12] _execute (res://addons/gdUnit4/src/core/execution/stages/GdUnitTestCaseExecutionStage.gd:31)
       [13] execute (res://addons/gdUnit4/src/core/execution/stages/IGdUnitExecutionStage.gd:19)
       [14] _execute (res://addons/gdUnit4/src/core/execution/stages/single/GdUnitTestCaseSingleExecutionStage.gd:28)
       [15] execute (res://addons/gdUnit4/src/core/execution/stages/IGdUnitExecutionStage.gd:19)
       [16] _execute (res://addons/gdUnit4/src/core/execution/stages/single/GdUnitTestCaseSingleTestStage.gd:11)
       [17] execute (res://addons/gdUnit4/src/core/_TestCase.gd:40)
       [18] _execute_test_case (res://addons/gdUnit4/src/core/_TestCase.gd:98)
WARNING: Localization: unsupported locale: xx
   at: push_warning (core/variant/variant_utility.cpp:1034)
   GDScript backtrace (most recent call first):
       [0] switch_locale (res://autoloads/localization.gd:97)
       [1] test_locale_switch_performance_unsupported_locale_under_frame_budget (res://tests/unit/localization/locale_switch_test.gd:316)
       [2] _execute_test_case (res://addons/gdUnit4/src/core/_TestCase.gd:94)
       [3] execute (res://addons/gdUnit4/src/core/_TestCase.gd:39)
       [4] _execute (res://addons/gdUnit4/src/core/execution/stages/single/GdUnitTestCaseSingleTestStage.gd:10)
       [5] execute (res://addons/gdUnit4/src/core/execution/stages/IGdUnitExecutionStage.gd:19)
       [6] _execute (res://addons/gdUnit4/src/core/execution/stages/single/GdUnitTestCaseSingleExecutionStage.gd:17)
       [7] execute (res://addons/gdUnit4/src/core/execution/stages/IGdUnitExecutionStage.gd:19)
       [8] _execute (res://addons/gdUnit4/src/core/execution/stages/GdUnitTestCaseExecutionStage.gd:24)
       [9] execute (res://addons/gdUnit4/src/core/execution/stages/IGdUnitExecutionStage.gd:19)
       [10] _execute (res://addons/gdUnit4/src/core/execution/stages/GdUnitTestSuiteExecutionStage.gd:32)
       [11] execute (res://addons/gdUnit4/src/core/execution/stages/IGdUnitExecutionStage.gd:19)
       [12] _execute (res://addons/gdUnit4/src/core/execution/stages/GdUnitTestCaseExecutionStage.gd:31)
       [13] execute (res://addons/gdUnit4/src/core/execution/stages/IGdUnitExecutionStage.gd:19)
       [14] _execute (res://addons/gdUnit4/src/core/execution/stages/single/GdUnitTestCaseSingleExecutionStage.gd:28)
       [15] execute (res://addons/gdUnit4/src/core/execution/stages/IGdUnitExecutionStage.gd:19)
       [16] _execute (res://addons/gdUnit4/src/core/execution/stages/single/GdUnitTestCaseSingleTestStage.gd:11)
       [17] execute (res://addons/gdUnit4/src/core/_TestCase.gd:40)
       [18] _execute_test_case (res://addons/gdUnit4/src/core/_TestCase.gd:98)
  [38;2;250;235;215mres://tests/unit/localization/locale_switch_test.gd[0m[38;2;250;235;215m > [0m[38;2;250;235;215mtest_locale_switch_performance_unsupported_locale_under_frame_budget[0m[38;2;34;139;34m PASSED[0m[38;2;100;149;237m 388ms[0m
[38;2;250;235;215m[0m
[38;2;30;144;255mStatistics:[0m[38;2;250;235;215m 18 test cases | 0 errors | 0 failures | 0 flaky | 0 skipped | 0 orphans |[0m[38;2;34;139;34m PASSED[0m[38;2;100;149;237m 5s 722ms[0m
[38;2;250;235;215m[0m
[38;2;250;235;215m[0m
[38;2;0;206;209mRun Test Suite: [0m[38;2;250;235;215mres://tests/unit/localization/localization_load_test.gd[0m
  [38;2;250;235;215mres://tests/unit/localization/localization_load_test.gd[0m[38;2;250;235;215m > [0m[38;2;250;235;215mtest_localization_constants_supported_locales_contains_en[0m[38;2;34;139;34m STARTED[0m[38;2;250;235;215m[0m
  [38;2;250;235;215mres://tests/unit/localization/localization_load_test.gd[0m[38;2;250;235;215m > [0m[38;2;250;235;215mtest_localization_constants_supported_locales_contains_en[0m[38;2;34;139;34m PASSED[0m[38;2;100;149;237m 287ms[0m
[38;2;250;235;215m[0m
  [38;2;250;235;215mres://tests/unit/localization/localization_load_test.gd[0m[38;2;250;235;215m > [0m[38;2;250;235;215mtest_localization_constants_supported_locales_is_typed_string_array[0m[38;2;34;139;34m STARTED[0m[38;2;250;235;215m[0m
  [38;2;250;235;215mres://tests/unit/localization/localization_load_test.gd[0m[38;2;250;235;215m > [0m[38;2;250;235;215mtest_localization_constants_supported_locales_is_typed_string_array[0m[38;2;34;139;34m PASSED[0m[38;2;100;149;237m 286ms[0m
[38;2;250;235;215m[0m
  [38;2;250;235;215mres://tests/unit/localization/localization_load_test.gd[0m[38;2;250;235;215m > [0m[38;2;250;235;215mtest_localization_constants_default_locale_is_en[0m[38;2;34;139;34m STARTED[0m[38;2;250;235;215m[0m
  [38;2;250;235;215mres://tests/unit/localization/localization_load_test.gd[0m[38;2;250;235;215m > [0m[38;2;250;235;215mtest_localization_constants_default_locale_is_en[0m[38;2;34;139;34m PASSED[0m[38;2;100;149;237m 284ms[0m
[38;2;250;235;215m[0m
  [38;2;250;235;215mres://tests/unit/localization/localization_load_test.gd[0m[38;2;250;235;215m > [0m[38;2;250;235;215mtest_localization_constants_default_locale_is_in_supported_locales[0m[38;2;34;139;34m STARTED[0m[38;2;250;235;215m[0m
  [38;2;250;235;215mres://tests/unit/localization/localization_load_test.gd[0m[38;2;250;235;215m > [0m[38;2;250;235;215mtest_localization_constants_default_locale_is_in_supported_locales[0m[38;2;34;139;34m PASSED[0m[38;2;100;149;237m 285ms[0m
[38;2;250;235;215m[0m
  [38;2;250;235;215mres://tests/unit/localization/localization_load_test.gd[0m[38;2;250;235;215m > [0m[38;2;250;235;215mtest_localization_load_english_table_is_not_empty_after_load[0m[38;2;34;139;34m STARTED[0m[38;2;250;235;215m[0m
  [38;2;250;235;215mres://tests/unit/localization/localization_load_test.gd[0m[38;2;250;235;215m > [0m[38;2;250;235;215mtest_localization_load_english_table_is_not_empty_after_load[0m[38;2;34;139;34m PASSED[0m[38;2;100;149;237m 290ms[0m
[38;2;250;235;215m[0m
  [38;2;250;235;215mres://tests/unit/localization/localization_load_test.gd[0m[38;2;250;235;215m > [0m[38;2;250;235;215mtest_localization_load_english_table_ui_new_game_key_present[0m[38;2;34;139;34m STARTED[0m[38;2;250;235;215m[0m
  [38;2;250;235;215mres://tests/unit/localization/localization_load_test.gd[0m[38;2;250;235;215m > [0m[38;2;250;235;215mtest_localization_load_english_table_ui_new_game_key_present[0m[38;2;34;139;34m PASSED[0m[38;2;100;149;237m 289ms[0m
[38;2;250;235;215m[0m
  [38;2;250;235;215mres://tests/unit/localization/localization_load_test.gd[0m[38;2;250;235;215m > [0m[38;2;250;235;215mtest_localization_load_english_table_ui_continue_key_present[0m[38;2;34;139;34m STARTED[0m[38;2;250;235;215m[0m
  [38;2;250;235;215mres://tests/unit/localization/localization_load_test.gd[0m[38;2;250;235;215m > [0m[38;2;250;235;215mtest_localization_load_english_table_ui_continue_key_present[0m[38;2;34;139;34m PASSED[0m[38;2;100;149;237m 289ms[0m
[38;2;250;235;215m[0m
  [38;2;250;235;215mres://tests/unit/localization/localization_load_test.gd[0m[38;2;250;235;215m > [0m[38;2;250;235;215mtest_localization_load_english_table_ui_settings_key_present[0m[38;2;34;139;34m STARTED[0m[38;2;250;235;215m[0m
  [38;2;250;235;215mres://tests/unit/localization/localization_load_test.gd[0m[38;2;250;235;215m > [0m[38;2;250;235;215mtest_localization_load_english_table_ui_settings_key_present[0m[38;2;34;139;34m PASSED[0m[38;2;100;149;237m 299ms[0m
[38;2;250;235;215m[0m
  [38;2;250;235;215mres://tests/unit/localization/localization_load_test.gd[0m[38;2;250;235;215m > [0m[38;2;250;235;215mtest_localization_load_english_table_ui_quit_key_present[0m[38;2;34;139;34m STARTED[0m[38;2;250;235;215m[0m
  [38;2;250;235;215mres://tests/unit/localization/localization_load_test.gd[0m[38;2;250;235;215m > [0m[38;2;250;235;215mtest_localization_load_english_table_ui_quit_key_present[0m[38;2;34;139;34m PASSED[0m[38;2;100;149;237m 291ms[0m
[38;2;250;235;215m[0m
  [38;2;250;235;215mres://tests/unit/localization/localization_load_test.gd[0m[38;2;250;235;215m > [0m[38;2;250;235;215mtest_localization_load_fixture_returns_exact_key_count[0m[38;2;34;139;34m STARTED[0m[38;2;250;235;215m[0m
  [38;2;250;235;215mres://tests/unit/localization/localization_load_test.gd[0m[38;2;250;235;215m > [0m[38;2;250;235;215mtest_localization_load_fixture_returns_exact_key_count[0m[38;2;34;139;34m PASSED[0m[38;2;100;149;237m 285ms[0m
[38;2;250;235;215m[0m
  [38;2;250;235;215mres://tests/unit/localization/localization_load_test.gd[0m[38;2;250;235;215m > [0m[38;2;250;235;215mtest_localization_load_real_en_json_has_expected_key_count[0m[38;2;34;139;34m STARTED[0m[38;2;250;235;215m[0m
  [38;2;250;235;215mres://tests/unit/localization/localization_load_test.gd[0m[38;2;250;235;215m > [0m[38;2;250;235;215mtest_localization_load_real_en_json_has_expected_key_count[0m[38;2;34;139;34m PASSED[0m[38;2;100;149;237m 287ms[0m
[38;2;250;235;215m[0m
  [38;2;250;235;215mres://tests/unit/localization/localization_load_test.gd[0m[38;2;250;235;215m > [0m[38;2;250;235;215mtest_localization_load_missing_path_returns_empty_dict[0m[38;2;34;139;34m STARTED[0m[38;2;250;235;215m[0m
ERROR: Localization: string table not found: res://i18n/zz_nonexistent_locale.json
   at: push_error (core/variant/variant_utility.cpp:1024)
   GDScript backtrace (most recent call first):
       [0] _load_table (res://autoloads/localization.gd:128)
       [1] test_localization_load_missing_path_returns_empty_dict (res://tests/unit/localization/localization_load_test.gd:203)
       [2] _execute_test_case (res://addons/gdUnit4/src/core/_TestCase.gd:94)
       [3] execute (res://addons/gdUnit4/src/core/_TestCase.gd:39)
       [4] _execute (res://addons/gdUnit4/src/core/execution/stages/single/GdUnitTestCaseSingleTestStage.gd:10)
       [5] execute (res://addons/gdUnit4/src/core/execution/stages/IGdUnitExecutionStage.gd:19)
       [6] _execute (res://addons/gdUnit4/src/core/execution/stages/single/GdUnitTestCaseSingleExecutionStage.gd:17)
       [7] execute (res://addons/gdUnit4/src/core/execution/stages/IGdUnitExecutionStage.gd:19)
       [8] _execute (res://addons/gdUnit4/src/core/execution/stages/GdUnitTestCaseExecutionStage.gd:24)
       [9] execute (res://addons/gdUnit4/src/core/execution/stages/IGdUnitExecutionStage.gd:19)
       [10] _execute (res://addons/gdUnit4/src/core/execution/stages/GdUnitTestSuiteExecutionStage.gd:32)
       [11] execute (res://addons/gdUnit4/src/core/execution/stages/IGdUnitExecutionStage.gd:19)
       [12] _execute (res://addons/gdUnit4/src/core/execution/stages/GdUnitTestCaseExecutionStage.gd:31)
       [13] execute (res://addons/gdUnit4/src/core/execution/stages/IGdUnitExecutionStage.gd:19)
       [14] _execute (res://addons/gdUnit4/src/core/execution/stages/single/GdUnitTestCaseSingleExecutionStage.gd:28)
       [15] execute (res://addons/gdUnit4/src/core/execution/stages/IGdUnitExecutionStage.gd:19)
       [16] _execute (res://addons/gdUnit4/src/core/execution/stages/single/GdUnitTestCaseSingleTestStage.gd:11)
       [17] execute (res://addons/gdUnit4/src/core/_TestCase.gd:40)
       [18] _execute_test_case (res://addons/gdUnit4/src/core/_TestCase.gd:98)
  [38;2;250;235;215mres://tests/unit/localization/localization_load_test.gd[0m[38;2;250;235;215m > [0m[38;2;250;235;215mtest_localization_load_missing_path_returns_empty_dict[0m[38;2;34;139;34m PASSED[0m[38;2;100;149;237m 290ms[0m
[38;2;250;235;215m[0m
  [38;2;250;235;215mres://tests/unit/localization/localization_load_test.gd[0m[38;2;250;235;215m > [0m[38;2;250;235;215mtest_localization_load_missing_path_result_is_dictionary_type[0m[38;2;34;139;34m STARTED[0m[38;2;250;235;215m[0m
ERROR: Localization: string table not found: res://i18n/zz_nonexistent_locale.json
   at: push_error (core/variant/variant_utility.cpp:1024)
   GDScript backtrace (most recent call first):
       [0] _load_table (res://autoloads/localization.gd:128)
       [1] test_localization_load_missing_path_result_is_dictionary_type (res://tests/unit/localization/localization_load_test.gd:214)
       [2] _execute_test_case (res://addons/gdUnit4/src/core/_TestCase.gd:94)
       [3] execute (res://addons/gdUnit4/src/core/_TestCase.gd:39)
       [4] _execute (res://addons/gdUnit4/src/core/execution/stages/single/GdUnitTestCaseSingleTestStage.gd:10)
       [5] execute (res://addons/gdUnit4/src/core/execution/stages/IGdUnitExecutionStage.gd:19)
       [6] _execute (res://addons/gdUnit4/src/core/execution/stages/single/GdUnitTestCaseSingleExecutionStage.gd:17)
       [7] execute (res://addons/gdUnit4/src/core/execution/stages/IGdUnitExecutionStage.gd:19)
       [8] _execute (res://addons/gdUnit4/src/core/execution/stages/GdUnitTestCaseExecutionStage.gd:24)
       [9] execute (res://addons/gdUnit4/src/core/execution/stages/IGdUnitExecutionStage.gd:19)
       [10] _execute (res://addons/gdUnit4/src/core/execution/stages/GdUnitTestSuiteExecutionStage.gd:32)
       [11] execute (res://addons/gdUnit4/src/core/execution/stages/IGdUnitExecutionStage.gd:19)
       [12] _execute (res://addons/gdUnit4/src/core/execution/stages/GdUnitTestCaseExecutionStage.gd:31)
       [13] execute (res://addons/gdUnit4/src/core/execution/stages/IGdUnitExecutionStage.gd:19)
       [14] _execute (res://addons/gdUnit4/src/core/execution/stages/single/GdUnitTestCaseSingleExecutionStage.gd:28)
       [15] execute (res://addons/gdUnit4/src/core/execution/stages/IGdUnitExecutionStage.gd:19)
       [16] _execute (res://addons/gdUnit4/src/core/execution/stages/single/GdUnitTestCaseSingleTestStage.gd:11)
       [17] execute (res://addons/gdUnit4/src/core/_TestCase.gd:40)
       [18] _execute_test_case (res://addons/gdUnit4/src/core/_TestCase.gd:98)
  [38;2;250;235;215mres://tests/unit/localization/localization_load_test.gd[0m[38;2;250;235;215m > [0m[38;2;250;235;215mtest_localization_load_missing_path_result_is_dictionary_type[0m[38;2;34;139;34m PASSED[0m[38;2;100;149;237m 291ms[0m
[38;2;250;235;215m[0m
  [38;2;250;235;215mres://tests/unit/localization/localization_load_test.gd[0m[38;2;250;235;215m > [0m[38;2;250;235;215mtest_localization_load_malformed_json_returns_empty_dict[0m[38;2;34;139;34m STARTED[0m[38;2;250;235;215m[0m
  [38;2;250;235;215mres://tests/unit/localization/localization_load_test.gd[0m[38;2;250;235;215m > [0m[38;2;250;235;215mtest_localization_load_malformed_json_returns_empty_dict[0m[38;2;34;139;34m PASSED[0m[38;2;100;149;237m 295ms[0m
[38;2;250;235;215m[0m
  [38;2;250;235;215mres://tests/unit/localization/localization_load_test.gd[0m[38;2;250;235;215m > [0m[38;2;250;235;215mtest_localization_load_non_dict_root_returns_empty_dict[0m[38;2;34;139;34m STARTED[0m[38;2;250;235;215m[0m
  [38;2;250;235;215mres://tests/unit/localization/localization_load_test.gd[0m[38;2;250;235;215m > [0m[38;2;250;235;215mtest_localization_load_non_dict_root_returns_empty_dict[0m[38;2;34;139;34m PASSED[0m[38;2;100;149;237m 293ms[0m
[38;2;250;235;215m[0m
  [38;2;250;235;215mres://tests/unit/localization/localization_load_test.gd[0m[38;2;250;235;215m > [0m[38;2;250;235;215mtest_localization_get_active_locale_returns_default_before_ready[0m[38;2;34;139;34m STARTED[0m[38;2;250;235;215m[0m
  [38;2;250;235;215mres://tests/unit/localization/localization_load_test.gd[0m[38;2;250;235;215m > [0m[38;2;250;235;215mtest_localization_get_active_locale_returns_default_before_ready[0m[38;2;34;139;34m PASSED[0m[38;2;100;149;237m 293ms[0m
[38;2;250;235;215m[0m
[38;2;30;144;255mStatistics:[0m[38;2;250;235;215m 16 test cases | 0 errors | 0 failures | 0 flaky | 0 skipped | 0 orphans |[0m[38;2;34;139;34m PASSED[0m[38;2;100;149;237m 5s 22ms[0m
[38;2;250;235;215m[0m
[38;2;250;235;215m[0m
[38;2;0;206;209mRun Test Suite: [0m[38;2;250;235;215mres://tests/unit/romance_social/mood_state_test.gd[0m
  [38;2;250;235;215mres://tests/unit/romance_social/mood_state_test.gd[0m[38;2;250;235;215m > [0m[38;2;250;235;215mtest_mood_state_talk_from_content_transitions_to_happy[0m[38;2;34;139;34m STARTED[0m[38;2;250;235;215m[0m
  [38;2;250;235;215mres://tests/unit/romance_social/mood_state_test.gd[0m[38;2;250;235;215m > [0m[38;2;250;235;215mtest_mood_state_talk_from_content_transitions_to_happy[0m[38;2;34;139;34m PASSED[0m[38;2;100;149;237m 290ms[0m
[38;2;250;235;215m[0m
  [38;2;250;235;215mres://tests/unit/romance_social/mood_state_test.gd[0m[38;2;250;235;215m > [0m[38;2;250;235;215mtest_mood_state_expired_mood_decays_to_content[0m[38;2;34;139;34m STARTED[0m[38;2;250;235;215m[0m
  [38;2;250;235;215mres://tests/unit/romance_social/mood_state_test.gd[0m[38;2;250;235;215m > [0m[38;2;250;235;215mtest_mood_state_expired_mood_decays_to_content[0m[38;2;34;139;34m PASSED[0m[38;2;100;149;237m 291ms[0m
[38;2;250;235;215m[0m
  [38;2;250;235;215mres://tests/unit/romance_social/mood_state_test.gd[0m[38;2;250;235;215m > [0m[38;2;250;235;215mtest_mood_state_non_expired_mood_is_retained[0m[38;2;34;139;34m STARTED[0m[38;2;250;235;215m[0m
  [38;2;250;235;215mres://tests/unit/romance_social/mood_state_test.gd[0m[38;2;250;235;215m > [0m[38;2;250;235;215mtest_mood_state_non_expired_mood_is_retained[0m[38;2;34;139;34m PASSED[0m[38;2;100;149;237m 287ms[0m
[38;2;250;235;215m[0m
  [38;2;250;235;215mres://tests/unit/romance_social/mood_state_test.gd[0m[38;2;250;235;215m > [0m[38;2;250;235;215mtest_mood_state_priority_excited_beats_happy[0m[38;2;34;139;34m STARTED[0m[38;2;250;235;215m[0m
  [38;2;250;235;215mres://tests/unit/romance_social/mood_state_test.gd[0m[38;2;250;235;215m > [0m[38;2;250;235;215mtest_mood_state_priority_excited_beats_happy[0m[38;2;34;139;34m PASSED[0m[38;2;100;149;237m 294ms[0m
[38;2;250;235;215m[0m
  [38;2;250;235;215mres://tests/unit/romance_social/mood_state_test.gd[0m[38;2;250;235;215m > [0m[38;2;250;235;215mtest_mood_state_priority_annoyed_beats_lonely[0m[38;2;34;139;34m STARTED[0m[38;2;250;235;215m[0m
  [38;2;250;235;215mres://tests/unit/romance_social/mood_state_test.gd[0m[38;2;250;235;215m > [0m[38;2;250;235;215mtest_mood_state_priority_annoyed_beats_lonely[0m[38;2;34;139;34m PASSED[0m[38;2;100;149;237m 290ms[0m
[38;2;250;235;215m[0m
  [38;2;250;235;215mres://tests/unit/romance_social/mood_state_test.gd[0m[38;2;250;235;215m > [0m[38;2;250;235;215mtest_mood_state_priority_happy_beats_annoyed[0m[38;2;34;139;34m STARTED[0m[38;2;250;235;215m[0m
  [38;2;250;235;215mres://tests/unit/romance_social/mood_state_test.gd[0m[38;2;250;235;215m > [0m[38;2;250;235;215mtest_mood_state_priority_happy_beats_annoyed[0m[38;2;34;139;34m PASSED[0m[38;2;100;149;237m 293ms[0m
[38;2;250;235;215m[0m
  [38;2;250;235;215mres://tests/unit/romance_social/mood_state_test.gd[0m[38;2;250;235;215m > [0m[38;2;250;235;215mtest_mood_state_config_contains_mood_durations[0m[38;2;34;139;34m STARTED[0m[38;2;250;235;215m[0m
  [38;2;250;235;215mres://tests/unit/romance_social/mood_state_test.gd[0m[38;2;250;235;215m > [0m[38;2;250;235;215mtest_mood_state_config_contains_mood_durations[0m[38;2;34;139;34m PASSED[0m[38;2;100;149;237m 291ms[0m
[38;2;250;235;215m[0m
  [38;2;250;235;215mres://tests/unit/romance_social/mood_state_test.gd[0m[38;2;250;235;215m > [0m[38;2;250;235;215mtest_mood_state_get_mood_returns_correct_enum_value[0m[38;2;34;139;34m STARTED[0m[38;2;250;235;215m[0m
  [38;2;250;235;215mres://tests/unit/romance_social/mood_state_test.gd[0m[38;2;250;235;215m > [0m[38;2;250;235;215mtest_mood_state_get_mood_returns_correct_enum_value[0m[38;2;34;139;34m PASSED[0m[38;2;100;149;237m 294ms[0m
[38;2;250;235;215m[0m
[38;2;30;144;255mStatistics:[0m[38;2;250;235;215m 8 test cases | 0 errors | 0 failures | 0 flaky | 0 skipped | 0 orphans |[0m[38;2;34;139;34m PASSED[0m[38;2;100;149;237m 2s 669ms[0m
[38;2;250;235;215m[0m
[38;2;250;235;215m[0m
[38;2;0;206;209mRun Test Suite: [0m[38;2;250;235;215mres://tests/unit/romance_social/relationship_gain_test.gd[0m
  [38;2;250;235;215mres://tests/unit/romance_social/relationship_gain_test.gd[0m[38;2;250;235;215m > [0m[38;2;250;235;215mtest_relationship_gain_base_3_streak_5_returns_4[0m[38;2;34;139;34m STARTED[0m[38;2;250;235;215m[0m
  [38;2;250;235;215mres://tests/unit/romance_social/relationship_gain_test.gd[0m[38;2;250;235;215m > [0m[38;2;250;235;215mtest_relationship_gain_base_3_streak_5_returns_4[0m[38;2;34;139;34m PASSED[0m[38;2;100;149;237m 291ms[0m
[38;2;250;235;215m[0m
  [38;2;250;235;215mres://tests/unit/romance_social/relationship_gain_test.gd[0m[38;2;250;235;215m > [0m[38;2;250;235;215mtest_relationship_gain_base_4_streak_5_returns_6[0m[38;2;34;139;34m STARTED[0m[38;2;250;235;215m[0m
  [38;2;250;235;215mres://tests/unit/romance_social/relationship_gain_test.gd[0m[38;2;250;235;215m > [0m[38;2;250;235;215mtest_relationship_gain_base_4_streak_5_returns_6[0m[38;2;34;139;34m PASSED[0m[38;2;100;149;237m 294ms[0m
[38;2;250;235;215m[0m
  [38;2;250;235;215mres://tests/unit/romance_social/relationship_gain_test.gd[0m[38;2;250;235;215m > [0m[38;2;250;235;215mtest_relationship_gain_rl_clamps_at_100_when_overfilling[0m[38;2;34;139;34m STARTED[0m[38;2;250;235;215m[0m
  [38;2;250;235;215mres://tests/unit/romance_social/relationship_gain_test.gd[0m[38;2;250;235;215m > [0m[38;2;250;235;215mtest_relationship_gain_rl_clamps_at_100_when_overfilling[0m[38;2;34;139;34m PASSED[0m[38;2;100;149;237m 290ms[0m
[38;2;250;235;215m[0m
  [38;2;250;235;215mres://tests/unit/romance_social/relationship_gain_test.gd[0m[38;2;250;235;215m > [0m[38;2;250;235;215mtest_relationship_gain_base_rl_zero_returns_zero[0m[38;2;34;139;34m STARTED[0m[38;2;250;235;215m[0m
  [38;2;250;235;215mres://tests/unit/romance_social/relationship_gain_test.gd[0m[38;2;250;235;215m > [0m[38;2;250;235;215mtest_relationship_gain_base_rl_zero_returns_zero[0m[38;2;34;139;34m PASSED[0m[38;2;100;149;237m 290ms[0m
[38;2;250;235;215m[0m
  [38;2;250;235;215mres://tests/unit/romance_social/relationship_gain_test.gd[0m[38;2;250;235;215m > [0m[38;2;250;235;215mtest_relationship_gain_evaluate_all_stages_updates_max_stage_cache[0m[38;2;34;139;34m STARTED[0m[38;2;250;235;215m[0m
  [38;2;250;235;215mres://tests/unit/romance_social/relationship_gain_test.gd[0m[38;2;250;235;215m > [0m[38;2;250;235;215mtest_relationship_gain_evaluate_all_stages_updates_max_stage_cache[0m[38;2;34;139;34m PASSED[0m[38;2;100;149;237m 287ms[0m
[38;2;250;235;215m[0m
[38;2;30;144;255mStatistics:[0m[38;2;250;235;215m 5 test cases | 0 errors | 0 failures | 0 flaky | 0 skipped | 0 orphans |[0m[38;2;34;139;34m PASSED[0m[38;2;100;149;237m 1s 760ms[0m
[38;2;250;235;215m[0m
[38;2;250;235;215m[0m
[38;2;0;206;209mRun Test Suite: [0m[38;2;250;235;215mres://tests/unit/romance_social/streak_system_test.gd[0m
  [38;2;250;235;215mres://tests/unit/romance_social/streak_system_test.gd[0m[38;2;250;235;215m > [0m[38;2;250;235;215mtest_streak_system_gap_one_day_increments_streak[0m[38;2;34;139;34m STARTED[0m[38;2;250;235;215m[0m
  [38;2;250;235;215mres://tests/unit/romance_social/streak_system_test.gd[0m[38;2;250;235;215m > [0m[38;2;250;235;215mtest_streak_system_gap_one_day_increments_streak[0m[38;2;34;139;34m PASSED[0m[38;2;100;149;237m 292ms[0m
[38;2;250;235;215m[0m
  [38;2;250;235;215mres://tests/unit/romance_social/streak_system_test.gd[0m[38;2;250;235;215m > [0m[38;2;250;235;215mtest_streak_system_gap_two_days_resets_streak_to_1[0m[38;2;34;139;34m STARTED[0m[38;2;250;235;215m[0m
  [38;2;250;235;215mres://tests/unit/romance_social/streak_system_test.gd[0m[38;2;250;235;215m > [0m[38;2;250;235;215mtest_streak_system_gap_two_days_resets_streak_to_1[0m[38;2;34;139;34m PASSED[0m[38;2;100;149;237m 291ms[0m
[38;2;250;235;215m[0m
  [38;2;250;235;215mres://tests/unit/romance_social/streak_system_test.gd[0m[38;2;250;235;215m > [0m[38;2;250;235;215mtest_streak_system_gap_exactly_two_resets_to_1[0m[38;2;34;139;34m STARTED[0m[38;2;250;235;215m[0m
  [38;2;250;235;215mres://tests/unit/romance_social/streak_system_test.gd[0m[38;2;250;235;215m > [0m[38;2;250;235;215mtest_streak_system_gap_exactly_two_resets_to_1[0m[38;2;34;139;34m PASSED[0m[38;2;100;149;237m 294ms[0m
[38;2;250;235;215m[0m
  [38;2;250;235;215mres://tests/unit/romance_social/streak_system_test.gd[0m[38;2;250;235;215m > [0m[38;2;250;235;215mtest_streak_system_first_session_no_prior_date_sets_streak_1[0m[38;2;34;139;34m STARTED[0m[38;2;250;235;215m[0m
  [38;2;250;235;215mres://tests/unit/romance_social/streak_system_test.gd[0m[38;2;250;235;215m > [0m[38;2;250;235;215mtest_streak_system_first_session_no_prior_date_sets_streak_1[0m[38;2;34;139;34m PASSED[0m[38;2;100;149;237m 293ms[0m
[38;2;250;235;215m[0m
  [38;2;250;235;215mres://tests/unit/romance_social/streak_system_test.gd[0m[38;2;250;235;215m > [0m[38;2;250;235;215mtest_streak_system_streak_5_multiplier_is_1_point_5[0m[38;2;34;139;34m STARTED[0m[38;2;250;235;215m[0m
  [38;2;250;235;215mres://tests/unit/romance_social/streak_system_test.gd[0m[38;2;250;235;215m > [0m[38;2;250;235;215mtest_streak_system_streak_5_multiplier_is_1_point_5[0m[38;2;34;139;34m PASSED[0m[38;2;100;149;237m 293ms[0m
[38;2;250;235;215m[0m
  [38;2;250;235;215mres://tests/unit/romance_social/streak_system_test.gd[0m[38;2;250;235;215m > [0m[38;2;250;235;215mtest_streak_system_streak_100_multiplier_capped_at_1_point_5[0m[38;2;34;139;34m STARTED[0m[38;2;250;235;215m[0m
  [38;2;250;235;215mres://tests/unit/romance_social/streak_system_test.gd[0m[38;2;250;235;215m > [0m[38;2;250;235;215mtest_streak_system_streak_100_multiplier_capped_at_1_point_5[0m[38;2;34;139;34m PASSED[0m[38;2;100;149;237m 293ms[0m
[38;2;250;235;215m[0m
  [38;2;250;235;215mres://tests/unit/romance_social/streak_system_test.gd[0m[38;2;250;235;215m > [0m[38;2;250;235;215mtest_streak_system_streak_3_multiplier_is_1_point_25[0m[38;2;34;139;34m STARTED[0m[38;2;250;235;215m[0m
  [38;2;250;235;215mres://tests/unit/romance_social/streak_system_test.gd[0m[38;2;250;235;215m > [0m[38;2;250;235;215mtest_streak_system_streak_3_multiplier_is_1_point_25[0m[38;2;34;139;34m PASSED[0m[38;2;100;149;237m 294ms[0m
[38;2;250;235;215m[0m
  [38;2;250;235;215mres://tests/unit/romance_social/streak_system_test.gd[0m[38;2;250;235;215m > [0m[38;2;250;235;215mtest_streak_system_config_contains_streak_multipliers_array[0m[38;2;34;139;34m STARTED[0m[38;2;250;235;215m[0m
  [38;2;250;235;215mres://tests/unit/romance_social/streak_system_test.gd[0m[38;2;250;235;215m > [0m[38;2;250;235;215mtest_streak_system_config_contains_streak_multipliers_array[0m[38;2;34;139;34m PASSED[0m[38;2;100;149;237m 298ms[0m
[38;2;250;235;215m[0m
  [38;2;250;235;215mres://tests/unit/romance_social/streak_system_test.gd[0m[38;2;250;235;215m > [0m[38;2;250;235;215mtest_streak_system_streak_1_multiplier_is_1_point_0[0m[38;2;34;139;34m STARTED[0m[38;2;250;235;215m[0m
  [38;2;250;235;215mres://tests/unit/romance_social/streak_system_test.gd[0m[38;2;250;235;215m > [0m[38;2;250;235;215mtest_streak_system_streak_1_multiplier_is_1_point_0[0m[38;2;34;139;34m PASSED[0m[38;2;100;149;237m 292ms[0m
[38;2;250;235;215m[0m
[38;2;30;144;255mStatistics:[0m[38;2;250;235;215m 9 test cases | 0 errors | 0 failures | 0 flaky | 0 skipped | 0 orphans |[0m[38;2;34;139;34m PASSED[0m[38;2;100;149;237m 2s 975ms[0m
[38;2;250;235;215m[0m
[38;2;250;235;215m[0m
[38;2;0;206;209mRun Test Suite: [0m[38;2;250;235;215mres://tests/unit/romance_social/token_pool_test.gd[0m
  [38;2;250;235;215mres://tests/unit/romance_social/token_pool_test.gd[0m[38;2;250;235;215m > [0m[38;2;250;235;215mtest_token_pool_spend_token_decreases_from_3_to_2[0m[38;2;34;139;34m STARTED[0m[38;2;250;235;215m[0m
  [38;2;250;235;215mres://tests/unit/romance_social/token_pool_test.gd[0m[38;2;250;235;215m > [0m[38;2;250;235;215mtest_token_pool_spend_token_decreases_from_3_to_2[0m[38;2;34;139;34m PASSED[0m[38;2;100;149;237m 291ms[0m
[38;2;250;235;215m[0m
  [38;2;250;235;215mres://tests/unit/romance_social/token_pool_test.gd[0m[38;2;250;235;215m > [0m[38;2;250;235;215mtest_token_pool_spend_token_sets_dirty_flag[0m[38;2;34;139;34m STARTED[0m[38;2;250;235;215m[0m
  [38;2;250;235;215mres://tests/unit/romance_social/token_pool_test.gd[0m[38;2;250;235;215m > [0m[38;2;250;235;215mtest_token_pool_spend_token_sets_dirty_flag[0m[38;2;34;139;34m PASSED[0m[38;2;100;149;237m 290ms[0m
[38;2;250;235;215m[0m
  [38;2;250;235;215mres://tests/unit/romance_social/token_pool_test.gd[0m[38;2;250;235;215m > [0m[38;2;250;235;215mtest_token_pool_spend_token_does_not_go_below_zero[0m[38;2;34;139;34m STARTED[0m[38;2;250;235;215m[0m
  [38;2;250;235;215mres://tests/unit/romance_social/token_pool_test.gd[0m[38;2;250;235;215m > [0m[38;2;250;235;215mtest_token_pool_spend_token_does_not_go_below_zero[0m[38;2;34;139;34m PASSED[0m[38;2;100;149;237m 289ms[0m
[38;2;250;235;215m[0m
  [38;2;250;235;215mres://tests/unit/romance_social/token_pool_test.gd[0m[38;2;250;235;215m > [0m[38;2;250;235;215mtest_token_pool_reset_tokens_restores_to_3[0m[38;2;34;139;34m STARTED[0m[38;2;250;235;215m[0m
  [38;2;250;235;215mres://tests/unit/romance_social/token_pool_test.gd[0m[38;2;250;235;215m > [0m[38;2;250;235;215mtest_token_pool_reset_tokens_restores_to_3[0m[38;2;34;139;34m PASSED[0m[38;2;100;149;237m 290ms[0m
[38;2;250;235;215m[0m
  [38;2;250;235;215mres://tests/unit/romance_social/token_pool_test.gd[0m[38;2;250;235;215m > [0m[38;2;250;235;215mtest_token_pool_get_token_count_returns_3_after_reset[0m[38;2;34;139;34m STARTED[0m[38;2;250;235;215m[0m
  [38;2;250;235;215mres://tests/unit/romance_social/token_pool_test.gd[0m[38;2;250;235;215m > [0m[38;2;250;235;215mtest_token_pool_get_token_count_returns_3_after_reset[0m[38;2;34;139;34m PASSED[0m[38;2;100;149;237m 287ms[0m
[38;2;250;235;215m[0m
  [38;2;250;235;215mres://tests/unit/romance_social/token_pool_test.gd[0m[38;2;250;235;215m > [0m[38;2;250;235;215mtest_token_pool_day_gap_returns_zero_for_same_date[0m[38;2;34;139;34m STARTED[0m[38;2;250;235;215m[0m
  [38;2;250;235;215mres://tests/unit/romance_social/token_pool_test.gd[0m[38;2;250;235;215m > [0m[38;2;250;235;215mtest_token_pool_day_gap_returns_zero_for_same_date[0m[38;2;34;139;34m PASSED[0m[38;2;100;149;237m 291ms[0m
[38;2;250;235;215m[0m
  [38;2;250;235;215mres://tests/unit/romance_social/token_pool_test.gd[0m[38;2;250;235;215m > [0m[38;2;250;235;215mtest_token_pool_day_gap_returns_zero_for_earlier_to_date[0m[38;2;34;139;34m STARTED[0m[38;2;250;235;215m[0m
  [38;2;250;235;215mres://tests/unit/romance_social/token_pool_test.gd[0m[38;2;250;235;215m > [0m[38;2;250;235;215mtest_token_pool_day_gap_returns_zero_for_earlier_to_date[0m[38;2;34;139;34m PASSED[0m[38;2;100;149;237m 290ms[0m
[38;2;250;235;215m[0m
  [38;2;250;235;215mres://tests/unit/romance_social/token_pool_test.gd[0m[38;2;250;235;215m > [0m[38;2;250;235;215mtest_token_pool_day_gap_returns_1_for_consecutive_days[0m[38;2;34;139;34m STARTED[0m[38;2;250;235;215m[0m
  [38;2;250;235;215mres://tests/unit/romance_social/token_pool_test.gd[0m[38;2;250;235;215m > [0m[38;2;250;235;215mtest_token_pool_day_gap_returns_1_for_consecutive_days[0m[38;2;34;139;34m PASSED[0m[38;2;100;149;237m 293ms[0m
[38;2;250;235;215m[0m
[38;2;30;144;255mStatistics:[0m[38;2;250;235;215m 8 test cases | 0 errors | 0 failures | 0 flaky | 0 skipped | 0 orphans |[0m[38;2;34;139;34m PASSED[0m[38;2;100;149;237m 2s 647ms[0m
[38;2;250;235;215m[0m
[38;2;250;235;215m[0m
[38;2;0;206;209mRun Test Suite: [0m[38;2;250;235;215mres://tests/unit/save_system/delete_save_test.gd[0m
  [38;2;250;235;215mres://tests/unit/save_system/delete_save_test.gd[0m[38;2;250;235;215m > [0m[38;2;250;235;215mtest_delete_save_has_save_returns_false_after_delete[0m[38;2;34;139;34m STARTED[0m[38;2;250;235;215m[0m
  [38;2;250;235;215mres://tests/unit/save_system/delete_save_test.gd[0m[38;2;250;235;215m > [0m[38;2;250;235;215mtest_delete_save_has_save_returns_false_after_delete[0m[38;2;34;139;34m PASSED[0m[38;2;100;149;237m 289ms[0m
[38;2;250;235;215m[0m
  [38;2;250;235;215mres://tests/unit/save_system/delete_save_test.gd[0m[38;2;250;235;215m > [0m[38;2;250;235;215mtest_delete_save_save_json_file_does_not_exist_after_delete[0m[38;2;34;139;34m STARTED[0m[38;2;250;235;215m[0m
  [38;2;250;235;215mres://tests/unit/save_system/delete_save_test.gd[0m[38;2;250;235;215m > [0m[38;2;250;235;215mtest_delete_save_save_json_file_does_not_exist_after_delete[0m[38;2;34;139;34m PASSED[0m[38;2;100;149;237m 293ms[0m
[38;2;250;235;215m[0m
  [38;2;250;235;215mres://tests/unit/save_system/delete_save_test.gd[0m[38;2;250;235;215m > [0m[38;2;250;235;215mtest_delete_save_also_removes_tmp_file_if_present[0m[38;2;34;139;34m STARTED[0m[38;2;250;235;215m[0m
  [38;2;250;235;215mres://tests/unit/save_system/delete_save_test.gd[0m[38;2;250;235;215m > [0m[38;2;250;235;215mtest_delete_save_also_removes_tmp_file_if_present[0m[38;2;34;139;34m PASSED[0m[38;2;100;149;237m 290ms[0m
[38;2;250;235;215m[0m
  [38;2;250;235;215mres://tests/unit/save_system/delete_save_test.gd[0m[38;2;250;235;215m > [0m[38;2;250;235;215mtest_delete_save_resets_game_store_gold_to_zero[0m[38;2;34;139;34m STARTED[0m[38;2;250;235;215m[0m
  [38;2;250;235;215mres://tests/unit/save_system/delete_save_test.gd[0m[38;2;250;235;215m > [0m[38;2;250;235;215mtest_delete_save_resets_game_store_gold_to_zero[0m[38;2;34;139;34m PASSED[0m[38;2;100;149;237m 288ms[0m
[38;2;250;235;215m[0m
  [38;2;250;235;215mres://tests/unit/save_system/delete_save_test.gd[0m[38;2;250;235;215m > [0m[38;2;250;235;215mtest_delete_save_resets_game_store_xp_to_zero[0m[38;2;34;139;34m STARTED[0m[38;2;250;235;215m[0m
  [38;2;250;235;215mres://tests/unit/save_system/delete_save_test.gd[0m[38;2;250;235;215m > [0m[38;2;250;235;215mtest_delete_save_resets_game_store_xp_to_zero[0m[38;2;34;139;34m PASSED[0m[38;2;100;149;237m 289ms[0m
[38;2;250;235;215m[0m
  [38;2;250;235;215mres://tests/unit/save_system/delete_save_test.gd[0m[38;2;250;235;215m > [0m[38;2;250;235;215mtest_delete_save_resets_game_store_daily_tokens_to_three[0m[38;2;34;139;34m STARTED[0m[38;2;250;235;215m[0m
  [38;2;250;235;215mres://tests/unit/save_system/delete_save_test.gd[0m[38;2;250;235;215m > [0m[38;2;250;235;215mtest_delete_save_resets_game_store_daily_tokens_to_three[0m[38;2;34;139;34m PASSED[0m[38;2;100;149;237m 293ms[0m
[38;2;250;235;215m[0m
  [38;2;250;235;215mres://tests/unit/save_system/delete_save_test.gd[0m[38;2;250;235;215m > [0m[38;2;250;235;215mtest_delete_save_resets_game_store_streak_to_zero[0m[38;2;34;139;34m STARTED[0m[38;2;250;235;215m[0m
  [38;2;250;235;215mres://tests/unit/save_system/delete_save_test.gd[0m[38;2;250;235;215m > [0m[38;2;250;235;215mtest_delete_save_resets_game_store_streak_to_zero[0m[38;2;34;139;34m PASSED[0m[38;2;100;149;237m 291ms[0m
[38;2;250;235;215m[0m
  [38;2;250;235;215mres://tests/unit/save_system/delete_save_test.gd[0m[38;2;250;235;215m > [0m[38;2;250;235;215mtest_delete_save_resets_game_store_story_flags_to_empty[0m[38;2;34;139;34m STARTED[0m[38;2;250;235;215m[0m
  [38;2;250;235;215mres://tests/unit/save_system/delete_save_test.gd[0m[38;2;250;235;215m > [0m[38;2;250;235;215mtest_delete_save_resets_game_store_story_flags_to_empty[0m[38;2;34;139;34m PASSED[0m[38;2;100;149;237m 291ms[0m
[38;2;250;235;215m[0m
  [38;2;250;235;215mres://tests/unit/save_system/delete_save_test.gd[0m[38;2;250;235;215m > [0m[38;2;250;235;215mtest_delete_save_resets_game_store_last_captain_id_to_empty[0m[38;2;34;139;34m STARTED[0m[38;2;250;235;215m[0m
  [38;2;250;235;215mres://tests/unit/save_system/delete_save_test.gd[0m[38;2;250;235;215m > [0m[38;2;250;235;215mtest_delete_save_resets_game_store_last_captain_id_to_empty[0m[38;2;34;139;34m PASSED[0m[38;2;100;149;237m 292ms[0m
[38;2;250;235;215m[0m
  [38;2;250;235;215mres://tests/unit/save_system/delete_save_test.gd[0m[38;2;250;235;215m > [0m[38;2;250;235;215mtest_delete_save_resets_game_store_combat_buff_to_empty[0m[38;2;34;139;34m STARTED[0m[38;2;250;235;215m[0m
  [38;2;250;235;215mres://tests/unit/save_system/delete_save_test.gd[0m[38;2;250;235;215m > [0m[38;2;250;235;215mtest_delete_save_resets_game_store_combat_buff_to_empty[0m[38;2;34;139;34m PASSED[0m[38;2;100;149;237m 292ms[0m
[38;2;250;235;215m[0m
  [38;2;250;235;215mres://tests/unit/save_system/delete_save_test.gd[0m[38;2;250;235;215m > [0m[38;2;250;235;215mtest_delete_save_resets_settings_store_locale_to_en[0m[38;2;34;139;34m STARTED[0m[38;2;250;235;215m[0m
  [38;2;250;235;215mres://tests/unit/save_system/delete_save_test.gd[0m[38;2;250;235;215m > [0m[38;2;250;235;215mtest_delete_save_resets_settings_store_locale_to_en[0m[38;2;34;139;34m PASSED[0m[38;2;100;149;237m 294ms[0m
[38;2;250;235;215m[0m
  [38;2;250;235;215mres://tests/unit/save_system/delete_save_test.gd[0m[38;2;250;235;215m > [0m[38;2;250;235;215mtest_delete_save_resets_settings_store_master_volume_to_one[0m[38;2;34;139;34m STARTED[0m[38;2;250;235;215m[0m
  [38;2;250;235;215mres://tests/unit/save_system/delete_save_test.gd[0m[38;2;250;235;215m > [0m[38;2;250;235;215mtest_delete_save_resets_settings_store_master_volume_to_one[0m[38;2;34;139;34m PASSED[0m[38;2;100;149;237m 288ms[0m
[38;2;250;235;215m[0m
  [38;2;250;235;215mres://tests/unit/save_system/delete_save_test.gd[0m[38;2;250;235;215m > [0m[38;2;250;235;215mtest_delete_save_resets_settings_store_sfx_volume_to_one[0m[38;2;34;139;34m STARTED[0m[38;2;250;235;215m[0m
  [38;2;250;235;215mres://tests/unit/save_system/delete_save_test.gd[0m[38;2;250;235;215m > [0m[38;2;250;235;215mtest_delete_save_resets_settings_store_sfx_volume_to_one[0m[38;2;34;139;34m PASSED[0m[38;2;100;149;237m 286ms[0m
[38;2;250;235;215m[0m
  [38;2;250;235;215mres://tests/unit/save_system/delete_save_test.gd[0m[38;2;250;235;215m > [0m[38;2;250;235;215mtest_delete_save_resets_settings_store_music_volume_to_one[0m[38;2;34;139;34m STARTED[0m[38;2;250;235;215m[0m
  [38;2;250;235;215mres://tests/unit/save_system/delete_save_test.gd[0m[38;2;250;235;215m > [0m[38;2;250;235;215mtest_delete_save_resets_settings_store_music_volume_to_one[0m[38;2;34;139;34m PASSED[0m[38;2;100;149;237m 287ms[0m
[38;2;250;235;215m[0m
  [38;2;250;235;215mres://tests/unit/save_system/delete_save_test.gd[0m[38;2;250;235;215m > [0m[38;2;250;235;215mtest_delete_save_resets_settings_store_text_speed_to_one[0m[38;2;34;139;34m STARTED[0m[38;2;250;235;215m[0m
  [38;2;250;235;215mres://tests/unit/save_system/delete_save_test.gd[0m[38;2;250;235;215m > [0m[38;2;250;235;215mtest_delete_save_resets_settings_store_text_speed_to_one[0m[38;2;34;139;34m PASSED[0m[38;2;100;149;237m 286ms[0m
[38;2;250;235;215m[0m
  [38;2;250;235;215mres://tests/unit/save_system/delete_save_test.gd[0m[38;2;250;235;215m > [0m[38;2;250;235;215mtest_delete_save_idempotent_no_file_does_not_crash[0m[38;2;34;139;34m STARTED[0m[38;2;250;235;215m[0m
  [38;2;250;235;215mres://tests/unit/save_system/delete_save_test.gd[0m[38;2;250;235;215m > [0m[38;2;250;235;215mtest_delete_save_idempotent_no_file_does_not_crash[0m[38;2;34;139;34m PASSED[0m[38;2;100;149;237m 286ms[0m
[38;2;250;235;215m[0m
  [38;2;250;235;215mres://tests/unit/save_system/delete_save_test.gd[0m[38;2;250;235;215m > [0m[38;2;250;235;215mtest_delete_save_idempotent_called_twice_does_not_crash[0m[38;2;34;139;34m STARTED[0m[38;2;250;235;215m[0m
  [38;2;250;235;215mres://tests/unit/save_system/delete_save_test.gd[0m[38;2;250;235;215m > [0m[38;2;250;235;215mtest_delete_save_idempotent_called_twice_does_not_crash[0m[38;2;34;139;34m PASSED[0m[38;2;100;149;237m 287ms[0m
[38;2;250;235;215m[0m
  [38;2;250;235;215mres://tests/unit/save_system/delete_save_test.gd[0m[38;2;250;235;215m > [0m[38;2;250;235;215mtest_delete_save_idempotent_game_store_still_at_defaults_when_no_file[0m[38;2;34;139;34m STARTED[0m[38;2;250;235;215m[0m
  [38;2;250;235;215mres://tests/unit/save_system/delete_save_test.gd[0m[38;2;250;235;215m > [0m[38;2;250;235;215mtest_delete_save_idempotent_game_store_still_at_defaults_when_no_file[0m[38;2;34;139;34m PASSED[0m[38;2;100;149;237m 289ms[0m
[38;2;250;235;215m[0m
[38;2;30;144;255mStatistics:[0m[38;2;250;235;215m 18 test cases | 0 errors | 0 failures | 0 flaky | 0 skipped | 0 orphans |[0m[38;2;34;139;34m PASSED[0m[38;2;100;149;237m 5s 592ms[0m
[38;2;250;235;215m[0m
[38;2;250;235;215m[0m
[38;2;0;206;209mRun Test Suite: [0m[38;2;250;235;215mres://tests/unit/save_system/load_game_test.gd[0m
  [38;2;250;235;215mres://tests/unit/save_system/load_game_test.gd[0m[38;2;250;235;215m > [0m[38;2;250;235;215mtest_load_game_returns_true_when_valid_save_exists[0m[38;2;34;139;34m STARTED[0m[38;2;250;235;215m[0m
  [38;2;250;235;215mres://tests/unit/save_system/load_game_test.gd[0m[38;2;250;235;215m > [0m[38;2;250;235;215mtest_load_game_returns_true_when_valid_save_exists[0m[38;2;34;139;34m PASSED[0m[38;2;100;149;237m 295ms[0m
[38;2;250;235;215m[0m
  [38;2;250;235;215mres://tests/unit/save_system/load_game_test.gd[0m[38;2;250;235;215m > [0m[38;2;250;235;215mtest_load_game_restores_game_store_gold_after_save[0m[38;2;34;139;34m STARTED[0m[38;2;250;235;215m[0m
  [38;2;250;235;215mres://tests/unit/save_system/load_game_test.gd[0m[38;2;250;235;215m > [0m[38;2;250;235;215mtest_load_game_restores_game_store_gold_after_save[0m[38;2;34;139;34m PASSED[0m[38;2;100;149;237m 296ms[0m
[38;2;250;235;215m[0m
  [38;2;250;235;215mres://tests/unit/save_system/load_game_test.gd[0m[38;2;250;235;215m > [0m[38;2;250;235;215mtest_load_game_restores_game_store_xp_after_save[0m[38;2;34;139;34m STARTED[0m[38;2;250;235;215m[0m
  [38;2;250;235;215mres://tests/unit/save_system/load_game_test.gd[0m[38;2;250;235;215m > [0m[38;2;250;235;215mtest_load_game_restores_game_store_xp_after_save[0m[38;2;34;139;34m PASSED[0m[38;2;100;149;237m 297ms[0m
[38;2;250;235;215m[0m
  [38;2;250;235;215mres://tests/unit/save_system/load_game_test.gd[0m[38;2;250;235;215m > [0m[38;2;250;235;215mtest_load_game_restores_game_store_streak_after_save[0m[38;2;34;139;34m STARTED[0m[38;2;250;235;215m[0m
  [38;2;250;235;215mres://tests/unit/save_system/load_game_test.gd[0m[38;2;250;235;215m > [0m[38;2;250;235;215mtest_load_game_restores_game_store_streak_after_save[0m[38;2;34;139;34m PASSED[0m[38;2;100;149;237m 301ms[0m
[38;2;250;235;215m[0m
  [38;2;250;235;215mres://tests/unit/save_system/load_game_test.gd[0m[38;2;250;235;215m > [0m[38;2;250;235;215mtest_load_game_restores_game_store_daily_tokens_after_save[0m[38;2;34;139;34m STARTED[0m[38;2;250;235;215m[0m
  [38;2;250;235;215mres://tests/unit/save_system/load_game_test.gd[0m[38;2;250;235;215m > [0m[38;2;250;235;215mtest_load_game_restores_game_store_daily_tokens_after_save[0m[38;2;34;139;34m PASSED[0m[38;2;100;149;237m 298ms[0m
[38;2;250;235;215m[0m
  [38;2;250;235;215mres://tests/unit/save_system/load_game_test.gd[0m[38;2;250;235;215m > [0m[38;2;250;235;215mtest_load_game_restores_game_store_last_captain_id_after_save[0m[38;2;34;139;34m STARTED[0m[38;2;250;235;215m[0m
  [38;2;250;235;215mres://tests/unit/save_system/load_game_test.gd[0m[38;2;250;235;215m > [0m[38;2;250;235;215mtest_load_game_restores_game_store_last_captain_id_after_save[0m[38;2;34;139;34m PASSED[0m[38;2;100;149;237m 296ms[0m
[38;2;250;235;215m[0m
  [38;2;250;235;215mres://tests/unit/save_system/load_game_test.gd[0m[38;2;250;235;215m > [0m[38;2;250;235;215mtest_load_game_restores_game_store_story_flags_after_save[0m[38;2;34;139;34m STARTED[0m[38;2;250;235;215m[0m
  [38;2;250;235;215mres://tests/unit/save_system/load_game_test.gd[0m[38;2;250;235;215m > [0m[38;2;250;235;215mtest_load_game_restores_game_store_story_flags_after_save[0m[38;2;34;139;34m PASSED[0m[38;2;100;149;237m 296ms[0m
[38;2;250;235;215m[0m
  [38;2;250;235;215mres://tests/unit/save_system/load_game_test.gd[0m[38;2;250;235;215m > [0m[38;2;250;235;215mtest_load_game_restores_game_store_combat_buff_after_save[0m[38;2;34;139;34m STARTED[0m[38;2;250;235;215m[0m
  [38;2;250;235;215mres://tests/unit/save_system/load_game_test.gd[0m[38;2;250;235;215m > [0m[38;2;250;235;215mtest_load_game_restores_game_store_combat_buff_after_save[0m[38;2;34;139;34m PASSED[0m[38;2;100;149;237m 297ms[0m
[38;2;250;235;215m[0m
  [38;2;250;235;215mres://tests/unit/save_system/load_game_test.gd[0m[38;2;250;235;215m > [0m[38;2;250;235;215mtest_load_game_restores_settings_store_locale_after_save[0m[38;2;34;139;34m STARTED[0m[38;2;250;235;215m[0m
  [38;2;250;235;215mres://tests/unit/save_system/load_game_test.gd[0m[38;2;250;235;215m > [0m[38;2;250;235;215mtest_load_game_restores_settings_store_locale_after_save[0m[38;2;34;139;34m PASSED[0m[38;2;100;149;237m 301ms[0m
[38;2;250;235;215m[0m
  [38;2;250;235;215mres://tests/unit/save_system/load_game_test.gd[0m[38;2;250;235;215m > [0m[38;2;250;235;215mtest_load_game_restores_settings_store_master_volume_after_save[0m[38;2;34;139;34m STARTED[0m[38;2;250;235;215m[0m
  [38;2;250;235;215mres://tests/unit/save_system/load_game_test.gd[0m[38;2;250;235;215m > [0m[38;2;250;235;215mtest_load_game_restores_settings_store_master_volume_after_save[0m[38;2;34;139;34m PASSED[0m[38;2;100;149;237m 294ms[0m
[38;2;250;235;215m[0m
  [38;2;250;235;215mres://tests/unit/save_system/load_game_test.gd[0m[38;2;250;235;215m > [0m[38;2;250;235;215mtest_load_game_does_not_mark_game_store_dirty_after_load[0m[38;2;34;139;34m STARTED[0m[38;2;250;235;215m[0m
  [38;2;250;235;215mres://tests/unit/save_system/load_game_test.gd[0m[38;2;250;235;215m > [0m[38;2;250;235;215mtest_load_game_does_not_mark_game_store_dirty_after_load[0m[38;2;34;139;34m PASSED[0m[38;2;100;149;237m 293ms[0m
[38;2;250;235;215m[0m
  [38;2;250;235;215mres://tests/unit/save_system/load_game_test.gd[0m[38;2;250;235;215m > [0m[38;2;250;235;215mtest_load_game_returns_false_when_no_save_file_exists[0m[38;2;34;139;34m STARTED[0m[38;2;250;235;215m[0m
  [38;2;250;235;215mres://tests/unit/save_system/load_game_test.gd[0m[38;2;250;235;215m > [0m[38;2;250;235;215mtest_load_game_returns_false_when_no_save_file_exists[0m[38;2;34;139;34m PASSED[0m[38;2;100;149;237m 288ms[0m
[38;2;250;235;215m[0m
  [38;2;250;235;215mres://tests/unit/save_system/load_game_test.gd[0m[38;2;250;235;215m > [0m[38;2;250;235;215mtest_load_game_does_not_crash_when_no_save_file_exists[0m[38;2;34;139;34m STARTED[0m[38;2;250;235;215m[0m
  [38;2;250;235;215mres://tests/unit/save_system/load_game_test.gd[0m[38;2;250;235;215m > [0m[38;2;250;235;215mtest_load_game_does_not_crash_when_no_save_file_exists[0m[38;2;34;139;34m PASSED[0m[38;2;100;149;237m 287ms[0m
[38;2;250;235;215m[0m
  [38;2;250;235;215mres://tests/unit/save_system/load_game_test.gd[0m[38;2;250;235;215m > [0m[38;2;250;235;215mtest_load_game_leaves_stores_at_defaults_when_no_file[0m[38;2;34;139;34m STARTED[0m[38;2;250;235;215m[0m
  [38;2;250;235;215mres://tests/unit/save_system/load_game_test.gd[0m[38;2;250;235;215m > [0m[38;2;250;235;215mtest_load_game_leaves_stores_at_defaults_when_no_file[0m[38;2;34;139;34m PASSED[0m[38;2;100;149;237m 294ms[0m
[38;2;250;235;215m[0m
  [38;2;250;235;215mres://tests/unit/save_system/load_game_test.gd[0m[38;2;250;235;215m > [0m[38;2;250;235;215mtest_load_game_returns_false_for_invalid_json[0m[38;2;34;139;34m STARTED[0m[38;2;250;235;215m[0m
ERROR: SaveManager: JSON parse error: Expected 'true', 'false', or 'null', got 'this'
   at: push_error (core/variant/variant_utility.cpp:1024)
   GDScript backtrace (most recent call first):
       [0] load_game (res://autoloads/save_manager.gd:61)
       [1] test_load_game_returns_false_for_invalid_json (res://tests/unit/save_system/load_game_test.gd:229)
       [2] _execute_test_case (res://addons/gdUnit4/src/core/_TestCase.gd:94)
       [3] execute (res://addons/gdUnit4/src/core/_TestCase.gd:39)
       [4] _execute (res://addons/gdUnit4/src/core/execution/stages/single/GdUnitTestCaseSingleTestStage.gd:10)
       [5] execute (res://addons/gdUnit4/src/core/execution/stages/IGdUnitExecutionStage.gd:19)
       [6] _execute (res://addons/gdUnit4/src/core/execution/stages/single/GdUnitTestCaseSingleExecutionStage.gd:17)
       [7] execute (res://addons/gdUnit4/src/core/execution/stages/IGdUnitExecutionStage.gd:19)
       [8] _execute (res://addons/gdUnit4/src/core/execution/stages/GdUnitTestCaseExecutionStage.gd:24)
       [9] execute (res://addons/gdUnit4/src/core/execution/stages/IGdUnitExecutionStage.gd:19)
       [10] _execute (res://addons/gdUnit4/src/core/execution/stages/GdUnitTestSuiteExecutionStage.gd:32)
       [11] execute (res://addons/gdUnit4/src/core/execution/stages/IGdUnitExecutionStage.gd:19)
       [12] _execute (res://addons/gdUnit4/src/core/execution/stages/GdUnitTestCaseExecutionStage.gd:31)
       [13] execute (res://addons/gdUnit4/src/core/execution/stages/IGdUnitExecutionStage.gd:19)
       [14] _execute (res://addons/gdUnit4/src/core/execution/stages/single/GdUnitTestCaseSingleExecutionStage.gd:28)
       [15] execute (res://addons/gdUnit4/src/core/execution/stages/IGdUnitExecutionStage.gd:19)
       [16] _execute (res://addons/gdUnit4/src/core/execution/stages/single/GdUnitTestCaseSingleTestStage.gd:11)
       [17] execute (res://addons/gdUnit4/src/core/_TestCase.gd:40)
       [18] _execute_test_case (res://addons/gdUnit4/src/core/_TestCase.gd:98)
  [38;2;250;235;215mres://tests/unit/save_system/load_game_test.gd[0m[38;2;250;235;215m > [0m[38;2;250;235;215mtest_load_game_returns_false_for_invalid_json[0m[38;2;34;139;34m PASSED[0m[38;2;100;149;237m 288ms[0m
[38;2;250;235;215m[0m
  [38;2;250;235;215mres://tests/unit/save_system/load_game_test.gd[0m[38;2;250;235;215m > [0m[38;2;250;235;215mtest_load_game_does_not_delete_save_file_on_invalid_json[0m[38;2;34;139;34m STARTED[0m[38;2;250;235;215m[0m
ERROR: SaveManager: JSON parse error: Expected 'true', 'false', or 'null', got 'corrupted'
   at: push_error (core/variant/variant_utility.cpp:1024)
   GDScript backtrace (most recent call first):
       [0] load_game (res://autoloads/save_manager.gd:61)
       [1] test_load_game_does_not_delete_save_file_on_invalid_json (res://tests/unit/save_system/load_game_test.gd:239)
       [2] _execute_test_case (res://addons/gdUnit4/src/core/_TestCase.gd:94)
       [3] execute (res://addons/gdUnit4/src/core/_TestCase.gd:39)
       [4] _execute (res://addons/gdUnit4/src/core/execution/stages/single/GdUnitTestCaseSingleTestStage.gd:10)
       [5] execute (res://addons/gdUnit4/src/core/execution/stages/IGdUnitExecutionStage.gd:19)
       [6] _execute (res://addons/gdUnit4/src/core/execution/stages/single/GdUnitTestCaseSingleExecutionStage.gd:17)
       [7] execute (res://addons/gdUnit4/src/core/execution/stages/IGdUnitExecutionStage.gd:19)
       [8] _execute (res://addons/gdUnit4/src/core/execution/stages/GdUnitTestCaseExecutionStage.gd:24)
       [9] execute (res://addons/gdUnit4/src/core/execution/stages/IGdUnitExecutionStage.gd:19)
       [10] _execute (res://addons/gdUnit4/src/core/execution/stages/GdUnitTestSuiteExecutionStage.gd:32)
       [11] execute (res://addons/gdUnit4/src/core/execution/stages/IGdUnitExecutionStage.gd:19)
       [12] _execute (res://addons/gdUnit4/src/core/execution/stages/GdUnitTestCaseExecutionStage.gd:31)
       [13] execute (res://addons/gdUnit4/src/core/execution/stages/IGdUnitExecutionStage.gd:19)
       [14] _execute (res://addons/gdUnit4/src/core/execution/stages/single/GdUnitTestCaseSingleExecutionStage.gd:28)
       [15] execute (res://addons/gdUnit4/src/core/execution/stages/IGdUnitExecutionStage.gd:19)
       [16] _execute (res://addons/gdUnit4/src/core/execution/stages/single/GdUnitTestCaseSingleTestStage.gd:11)
       [17] execute (res://addons/gdUnit4/src/core/_TestCase.gd:40)
       [18] _execute_test_case (res://addons/gdUnit4/src/core/_TestCase.gd:98)
  [38;2;250;235;215mres://tests/unit/save_system/load_game_test.gd[0m[38;2;250;235;215m > [0m[38;2;250;235;215mtest_load_game_does_not_delete_save_file_on_invalid_json[0m[38;2;34;139;34m PASSED[0m[38;2;100;149;237m 290ms[0m
[38;2;250;235;215m[0m
  [38;2;250;235;215mres://tests/unit/save_system/load_game_test.gd[0m[38;2;250;235;215m > [0m[38;2;250;235;215mtest_load_game_returns_false_for_json_array_not_dictionary[0m[38;2;34;139;34m STARTED[0m[38;2;250;235;215m[0m
ERROR: SaveManager: save data is not a Dictionary
   at: push_error (core/variant/variant_utility.cpp:1024)
   GDScript backtrace (most recent call first):
       [0] load_game (res://autoloads/save_manager.gd:65)
       [1] test_load_game_returns_false_for_json_array_not_dictionary (res://tests/unit/save_system/load_game_test.gd:249)
       [2] _execute_test_case (res://addons/gdUnit4/src/core/_TestCase.gd:94)
       [3] execute (res://addons/gdUnit4/src/core/_TestCase.gd:39)
       [4] _execute (res://addons/gdUnit4/src/core/execution/stages/single/GdUnitTestCaseSingleTestStage.gd:10)
       [5] execute (res://addons/gdUnit4/src/core/execution/stages/IGdUnitExecutionStage.gd:19)
       [6] _execute (res://addons/gdUnit4/src/core/execution/stages/single/GdUnitTestCaseSingleExecutionStage.gd:17)
       [7] execute (res://addons/gdUnit4/src/core/execution/stages/IGdUnitExecutionStage.gd:19)
       [8] _execute (res://addons/gdUnit4/src/core/execution/stages/GdUnitTestCaseExecutionStage.gd:24)
       [9] execute (res://addons/gdUnit4/src/core/execution/stages/IGdUnitExecutionStage.gd:19)
       [10] _execute (res://addons/gdUnit4/src/core/execution/stages/GdUnitTestSuiteExecutionStage.gd:32)
       [11] execute (res://addons/gdUnit4/src/core/execution/stages/IGdUnitExecutionStage.gd:19)
       [12] _execute (res://addons/gdUnit4/src/core/execution/stages/GdUnitTestCaseExecutionStage.gd:31)
       [13] execute (res://addons/gdUnit4/src/core/execution/stages/IGdUnitExecutionStage.gd:19)
       [14] _execute (res://addons/gdUnit4/src/core/execution/stages/single/GdUnitTestCaseSingleExecutionStage.gd:28)
       [15] execute (res://addons/gdUnit4/src/core/execution/stages/IGdUnitExecutionStage.gd:19)
       [16] _execute (res://addons/gdUnit4/src/core/execution/stages/single/GdUnitTestCaseSingleTestStage.gd:11)
       [17] execute (res://addons/gdUnit4/src/core/_TestCase.gd:40)
       [18] _execute_test_case (res://addons/gdUnit4/src/core/_TestCase.gd:98)
  [38;2;250;235;215mres://tests/unit/save_system/load_game_test.gd[0m[38;2;250;235;215m > [0m[38;2;250;235;215mtest_load_game_returns_false_for_json_array_not_dictionary[0m[38;2;34;139;34m PASSED[0m[38;2;100;149;237m 291ms[0m
[38;2;250;235;215m[0m
  [38;2;250;235;215mres://tests/unit/save_system/load_game_test.gd[0m[38;2;250;235;215m > [0m[38;2;250;235;215mtest_load_game_does_not_delete_save_file_for_non_dict_json[0m[38;2;34;139;34m STARTED[0m[38;2;250;235;215m[0m
ERROR: SaveManager: save data is not a Dictionary
   at: push_error (core/variant/variant_utility.cpp:1024)
   GDScript backtrace (most recent call first):
       [0] load_game (res://autoloads/save_manager.gd:65)
       [1] test_load_game_does_not_delete_save_file_for_non_dict_json (res://tests/unit/save_system/load_game_test.gd:259)
       [2] _execute_test_case (res://addons/gdUnit4/src/core/_TestCase.gd:94)
       [3] execute (res://addons/gdUnit4/src/core/_TestCase.gd:39)
       [4] _execute (res://addons/gdUnit4/src/core/execution/stages/single/GdUnitTestCaseSingleTestStage.gd:10)
       [5] execute (res://addons/gdUnit4/src/core/execution/stages/IGdUnitExecutionStage.gd:19)
       [6] _execute (res://addons/gdUnit4/src/core/execution/stages/single/GdUnitTestCaseSingleExecutionStage.gd:17)
       [7] execute (res://addons/gdUnit4/src/core/execution/stages/IGdUnitExecutionStage.gd:19)
       [8] _execute (res://addons/gdUnit4/src/core/execution/stages/GdUnitTestCaseExecutionStage.gd:24)
       [9] execute (res://addons/gdUnit4/src/core/execution/stages/IGdUnitExecutionStage.gd:19)
       [10] _execute (res://addons/gdUnit4/src/core/execution/stages/GdUnitTestSuiteExecutionStage.gd:32)
       [11] execute (res://addons/gdUnit4/src/core/execution/stages/IGdUnitExecutionStage.gd:19)
       [12] _execute (res://addons/gdUnit4/src/core/execution/stages/GdUnitTestCaseExecutionStage.gd:31)
       [13] execute (res://addons/gdUnit4/src/core/execution/stages/IGdUnitExecutionStage.gd:19)
       [14] _execute (res://addons/gdUnit4/src/core/execution/stages/single/GdUnitTestCaseSingleExecutionStage.gd:28)
       [15] execute (res://addons/gdUnit4/src/core/execution/stages/IGdUnitExecutionStage.gd:19)
       [16] _execute (res://addons/gdUnit4/src/core/execution/stages/single/GdUnitTestCaseSingleTestStage.gd:11)
       [17] execute (res://addons/gdUnit4/src/core/_TestCase.gd:40)
       [18] _execute_test_case (res://addons/gdUnit4/src/core/_TestCase.gd:98)
  [38;2;250;235;215mres://tests/unit/save_system/load_game_test.gd[0m[38;2;250;235;215m > [0m[38;2;250;235;215mtest_load_game_does_not_delete_save_file_for_non_dict_json[0m[38;2;34;139;34m PASSED[0m[38;2;100;149;237m 292ms[0m
[38;2;250;235;215m[0m
  [38;2;250;235;215mres://tests/unit/save_system/load_game_test.gd[0m[38;2;250;235;215m > [0m[38;2;250;235;215mtest_load_game_leaves_stores_at_defaults_on_invalid_json[0m[38;2;34;139;34m STARTED[0m[38;2;250;235;215m[0m
ERROR: SaveManager: JSON parse error: Expected 'true', 'false', or 'null', got 'not'
   at: push_error (core/variant/variant_utility.cpp:1024)
   GDScript backtrace (most recent call first):
       [0] load_game (res://autoloads/save_manager.gd:61)
       [1] test_load_game_leaves_stores_at_defaults_on_invalid_json (res://tests/unit/save_system/load_game_test.gd:272)
       [2] _execute_test_case (res://addons/gdUnit4/src/core/_TestCase.gd:94)
       [3] execute (res://addons/gdUnit4/src/core/_TestCase.gd:39)
       [4] _execute (res://addons/gdUnit4/src/core/execution/stages/single/GdUnitTestCaseSingleTestStage.gd:10)
       [5] execute (res://addons/gdUnit4/src/core/execution/stages/IGdUnitExecutionStage.gd:19)
       [6] _execute (res://addons/gdUnit4/src/core/execution/stages/single/GdUnitTestCaseSingleExecutionStage.gd:17)
       [7] execute (res://addons/gdUnit4/src/core/execution/stages/IGdUnitExecutionStage.gd:19)
       [8] _execute (res://addons/gdUnit4/src/core/execution/stages/GdUnitTestCaseExecutionStage.gd:24)
       [9] execute (res://addons/gdUnit4/src/core/execution/stages/IGdUnitExecutionStage.gd:19)
       [10] _execute (res://addons/gdUnit4/src/core/execution/stages/GdUnitTestSuiteExecutionStage.gd:32)
       [11] execute (res://addons/gdUnit4/src/core/execution/stages/IGdUnitExecutionStage.gd:19)
       [12] _execute (res://addons/gdUnit4/src/core/execution/stages/GdUnitTestCaseExecutionStage.gd:31)
       [13] execute (res://addons/gdUnit4/src/core/execution/stages/IGdUnitExecutionStage.gd:19)
       [14] _execute (res://addons/gdUnit4/src/core/execution/stages/single/GdUnitTestCaseSingleExecutionStage.gd:28)
       [15] execute (res://addons/gdUnit4/src/core/execution/stages/IGdUnitExecutionStage.gd:19)
       [16] _execute (res://addons/gdUnit4/src/core/execution/stages/single/GdUnitTestCaseSingleTestStage.gd:11)
       [17] execute (res://addons/gdUnit4/src/core/_TestCase.gd:40)
       [18] _execute_test_case (res://addons/gdUnit4/src/core/_TestCase.gd:98)
  [38;2;250;235;215mres://tests/unit/save_system/load_game_test.gd[0m[38;2;250;235;215m > [0m[38;2;250;235;215mtest_load_game_leaves_stores_at_defaults_on_invalid_json[0m[38;2;34;139;34m PASSED[0m[38;2;100;149;237m 291ms[0m
[38;2;250;235;215m[0m
  [38;2;250;235;215mres://tests/unit/save_system/load_game_test.gd[0m[38;2;250;235;215m > [0m[38;2;250;235;215mtest_has_save_returns_false_when_no_file_exists[0m[38;2;34;139;34m STARTED[0m[38;2;250;235;215m[0m
  [38;2;250;235;215mres://tests/unit/save_system/load_game_test.gd[0m[38;2;250;235;215m > [0m[38;2;250;235;215mtest_has_save_returns_false_when_no_file_exists[0m[38;2;34;139;34m PASSED[0m[38;2;100;149;237m 285ms[0m
[38;2;250;235;215m[0m
  [38;2;250;235;215mres://tests/unit/save_system/load_game_test.gd[0m[38;2;250;235;215m > [0m[38;2;250;235;215mtest_has_save_returns_false_after_manual_file_deletion[0m[38;2;34;139;34m STARTED[0m[38;2;250;235;215m[0m
  [38;2;250;235;215mres://tests/unit/save_system/load_game_test.gd[0m[38;2;250;235;215m > [0m[38;2;250;235;215mtest_has_save_returns_false_after_manual_file_deletion[0m[38;2;34;139;34m PASSED[0m[38;2;100;149;237m 291ms[0m
[38;2;250;235;215m[0m
  [38;2;250;235;215mres://tests/unit/save_system/load_game_test.gd[0m[38;2;250;235;215m > [0m[38;2;250;235;215mtest_has_save_returns_true_after_save_game[0m[38;2;34;139;34m STARTED[0m[38;2;250;235;215m[0m
  [38;2;250;235;215mres://tests/unit/save_system/load_game_test.gd[0m[38;2;250;235;215m > [0m[38;2;250;235;215mtest_has_save_returns_true_after_save_game[0m[38;2;34;139;34m PASSED[0m[38;2;100;149;237m 291ms[0m
[38;2;250;235;215m[0m
  [38;2;250;235;215mres://tests/unit/save_system/load_game_test.gd[0m[38;2;250;235;215m > [0m[38;2;250;235;215mtest_has_save_returns_true_after_multiple_saves[0m[38;2;34;139;34m STARTED[0m[38;2;250;235;215m[0m
  [38;2;250;235;215mres://tests/unit/save_system/load_game_test.gd[0m[38;2;250;235;215m > [0m[38;2;250;235;215mtest_has_save_returns_true_after_multiple_saves[0m[38;2;34;139;34m PASSED[0m[38;2;100;149;237m 295ms[0m
[38;2;250;235;215m[0m
[38;2;30;144;255mStatistics:[0m[38;2;250;235;215m 23 test cases | 0 errors | 0 failures | 0 flaky | 0 skipped | 0 orphans |[0m[38;2;34;139;34m PASSED[0m[38;2;100;149;237m 7s 163ms[0m
[38;2;250;235;215m[0m
[38;2;250;235;215m[0m
[38;2;0;206;209mRun Test Suite: [0m[38;2;250;235;215mres://tests/unit/save_system/save_game_atomic_test.gd[0m
  [38;2;250;235;215mres://tests/unit/save_system/save_game_atomic_test.gd[0m[38;2;250;235;215m > [0m[38;2;250;235;215mtest_save_game_atomic_success_creates_save_file[0m[38;2;34;139;34m STARTED[0m[38;2;250;235;215m[0m
  [38;2;250;235;215mres://tests/unit/save_system/save_game_atomic_test.gd[0m[38;2;250;235;215m > [0m[38;2;250;235;215mtest_save_game_atomic_success_creates_save_file[0m[38;2;34;139;34m PASSED[0m[38;2;100;149;237m 291ms[0m
[38;2;250;235;215m[0m
  [38;2;250;235;215mres://tests/unit/save_system/save_game_atomic_test.gd[0m[38;2;250;235;215m > [0m[38;2;250;235;215mtest_save_game_atomic_success_does_not_leave_tmp_file[0m[38;2;34;139;34m STARTED[0m[38;2;250;235;215m[0m
  [38;2;250;235;215mres://tests/unit/save_system/save_game_atomic_test.gd[0m[38;2;250;235;215m > [0m[38;2;250;235;215mtest_save_game_atomic_success_does_not_leave_tmp_file[0m[38;2;34;139;34m PASSED[0m[38;2;100;149;237m 296ms[0m
[38;2;250;235;215m[0m
  [38;2;250;235;215mres://tests/unit/save_system/save_game_atomic_test.gd[0m[38;2;250;235;215m > [0m[38;2;250;235;215mtest_save_game_atomic_returns_true_on_success[0m[38;2;34;139;34m STARTED[0m[38;2;250;235;215m[0m
  [38;2;250;235;215mres://tests/unit/save_system/save_game_atomic_test.gd[0m[38;2;250;235;215m > [0m[38;2;250;235;215mtest_save_game_atomic_returns_true_on_success[0m[38;2;34;139;34m PASSED[0m[38;2;100;149;237m 293ms[0m
[38;2;250;235;215m[0m
  [38;2;250;235;215mres://tests/unit/save_system/save_game_atomic_test.gd[0m[38;2;250;235;215m > [0m[38;2;250;235;215mtest_save_game_atomic_saved_file_is_parseable_json[0m[38;2;34;139;34m STARTED[0m[38;2;250;235;215m[0m
  [38;2;250;235;215mres://tests/unit/save_system/save_game_atomic_test.gd[0m[38;2;250;235;215m > [0m[38;2;250;235;215mtest_save_game_atomic_saved_file_is_parseable_json[0m[38;2;34;139;34m PASSED[0m[38;2;100;149;237m 295ms[0m
[38;2;250;235;215m[0m
  [38;2;250;235;215mres://tests/unit/save_system/save_game_atomic_test.gd[0m[38;2;250;235;215m > [0m[38;2;250;235;215mtest_save_game_atomic_saved_json_has_version_key[0m[38;2;34;139;34m STARTED[0m[38;2;250;235;215m[0m
  [38;2;250;235;215mres://tests/unit/save_system/save_game_atomic_test.gd[0m[38;2;250;235;215m > [0m[38;2;250;235;215mtest_save_game_atomic_saved_json_has_version_key[0m[38;2;34;139;34m PASSED[0m[38;2;100;149;237m 293ms[0m
[38;2;250;235;215m[0m
  [38;2;250;235;215mres://tests/unit/save_system/save_game_atomic_test.gd[0m[38;2;250;235;215m > [0m[38;2;250;235;215mtest_save_game_atomic_saved_json_has_timestamp_key[0m[38;2;34;139;34m STARTED[0m[38;2;250;235;215m[0m
  [38;2;250;235;215mres://tests/unit/save_system/save_game_atomic_test.gd[0m[38;2;250;235;215m > [0m[38;2;250;235;215mtest_save_game_atomic_saved_json_has_timestamp_key[0m[38;2;34;139;34m PASSED[0m[38;2;100;149;237m 295ms[0m
[38;2;250;235;215m[0m
  [38;2;250;235;215mres://tests/unit/save_system/save_game_atomic_test.gd[0m[38;2;250;235;215m > [0m[38;2;250;235;215mtest_save_game_atomic_saved_json_has_game_key[0m[38;2;34;139;34m STARTED[0m[38;2;250;235;215m[0m
  [38;2;250;235;215mres://tests/unit/save_system/save_game_atomic_test.gd[0m[38;2;250;235;215m > [0m[38;2;250;235;215mtest_save_game_atomic_saved_json_has_game_key[0m[38;2;34;139;34m PASSED[0m[38;2;100;149;237m 297ms[0m
[38;2;250;235;215m[0m
  [38;2;250;235;215mres://tests/unit/save_system/save_game_atomic_test.gd[0m[38;2;250;235;215m > [0m[38;2;250;235;215mtest_save_game_atomic_saved_json_has_settings_key[0m[38;2;34;139;34m STARTED[0m[38;2;250;235;215m[0m
  [38;2;250;235;215mres://tests/unit/save_system/save_game_atomic_test.gd[0m[38;2;250;235;215m > [0m[38;2;250;235;215mtest_save_game_atomic_saved_json_has_settings_key[0m[38;2;34;139;34m PASSED[0m[38;2;100;149;237m 290ms[0m
[38;2;250;235;215m[0m
  [38;2;250;235;215mres://tests/unit/save_system/save_game_atomic_test.gd[0m[38;2;250;235;215m > [0m[38;2;250;235;215mtest_save_game_atomic_saved_json_has_exactly_four_top_level_keys[0m[38;2;34;139;34m STARTED[0m[38;2;250;235;215m[0m
  [38;2;250;235;215mres://tests/unit/save_system/save_game_atomic_test.gd[0m[38;2;250;235;215m > [0m[38;2;250;235;215mtest_save_game_atomic_saved_json_has_exactly_four_top_level_keys[0m[38;2;34;139;34m PASSED[0m[38;2;100;149;237m 287ms[0m
[38;2;250;235;215m[0m
  [38;2;250;235;215mres://tests/unit/save_system/save_game_atomic_test.gd[0m[38;2;250;235;215m > [0m[38;2;250;235;215mtest_save_game_atomic_success_result_is_not_false[0m[38;2;34;139;34m STARTED[0m[38;2;250;235;215m[0m
  [38;2;250;235;215mres://tests/unit/save_system/save_game_atomic_test.gd[0m[38;2;250;235;215m > [0m[38;2;250;235;215mtest_save_game_atomic_success_result_is_not_false[0m[38;2;34;139;34m PASSED[0m[38;2;100;149;237m 289ms[0m
[38;2;250;235;215m[0m
  [38;2;250;235;215mres://tests/unit/save_system/save_game_atomic_test.gd[0m[38;2;250;235;215m > [0m[38;2;250;235;215mtest_save_game_atomic_no_tmp_file_after_success_confirms_rename_ran[0m[38;2;34;139;34m STARTED[0m[38;2;250;235;215m[0m
  [38;2;250;235;215mres://tests/unit/save_system/save_game_atomic_test.gd[0m[38;2;250;235;215m > [0m[38;2;250;235;215mtest_save_game_atomic_no_tmp_file_after_success_confirms_rename_ran[0m[38;2;34;139;34m PASSED[0m[38;2;100;149;237m 290ms[0m
[38;2;250;235;215m[0m
  [38;2;250;235;215mres://tests/unit/save_system/save_game_atomic_test.gd[0m[38;2;250;235;215m > [0m[38;2;250;235;215mtest_save_game_atomic_version_equals_save_version_constant[0m[38;2;34;139;34m STARTED[0m[38;2;250;235;215m[0m
  [38;2;250;235;215mres://tests/unit/save_system/save_game_atomic_test.gd[0m[38;2;250;235;215m > [0m[38;2;250;235;215mtest_save_game_atomic_version_equals_save_version_constant[0m[38;2;34;139;34m PASSED[0m[38;2;100;149;237m 292ms[0m
[38;2;250;235;215m[0m
  [38;2;250;235;215mres://tests/unit/save_system/save_game_atomic_test.gd[0m[38;2;250;235;215m > [0m[38;2;250;235;215mtest_save_game_atomic_timestamp_is_greater_than_zero[0m[38;2;34;139;34m STARTED[0m[38;2;250;235;215m[0m
  [38;2;250;235;215mres://tests/unit/save_system/save_game_atomic_test.gd[0m[38;2;250;235;215m > [0m[38;2;250;235;215mtest_save_game_atomic_timestamp_is_greater_than_zero[0m[38;2;34;139;34m PASSED[0m[38;2;100;149;237m 295ms[0m
[38;2;250;235;215m[0m
  [38;2;250;235;215mres://tests/unit/save_system/save_game_atomic_test.gd[0m[38;2;250;235;215m > [0m[38;2;250;235;215mtest_save_game_atomic_timestamp_is_plausible_unix_time[0m[38;2;34;139;34m STARTED[0m[38;2;250;235;215m[0m
  [38;2;250;235;215mres://tests/unit/save_system/save_game_atomic_test.gd[0m[38;2;250;235;215m > [0m[38;2;250;235;215mtest_save_game_atomic_timestamp_is_plausible_unix_time[0m[38;2;34;139;34m PASSED[0m[38;2;100;149;237m 295ms[0m
[38;2;250;235;215m[0m
  [38;2;250;235;215mres://tests/unit/save_system/save_game_atomic_test.gd[0m[38;2;250;235;215m > [0m[38;2;250;235;215mtest_save_game_atomic_game_value_is_a_dictionary[0m[38;2;34;139;34m STARTED[0m[38;2;250;235;215m[0m
  [38;2;250;235;215mres://tests/unit/save_system/save_game_atomic_test.gd[0m[38;2;250;235;215m > [0m[38;2;250;235;215mtest_save_game_atomic_game_value_is_a_dictionary[0m[38;2;34;139;34m PASSED[0m[38;2;100;149;237m 292ms[0m
[38;2;250;235;215m[0m
  [38;2;250;235;215mres://tests/unit/save_system/save_game_atomic_test.gd[0m[38;2;250;235;215m > [0m[38;2;250;235;215mtest_save_game_atomic_settings_value_is_a_dictionary[0m[38;2;34;139;34m STARTED[0m[38;2;250;235;215m[0m
  [38;2;250;235;215mres://tests/unit/save_system/save_game_atomic_test.gd[0m[38;2;250;235;215m > [0m[38;2;250;235;215mtest_save_game_atomic_settings_value_is_a_dictionary[0m[38;2;34;139;34m PASSED[0m[38;2;100;149;237m 293ms[0m
[38;2;250;235;215m[0m
  [38;2;250;235;215mres://tests/unit/save_system/save_game_atomic_test.gd[0m[38;2;250;235;215m > [0m[38;2;250;235;215mtest_save_game_atomic_has_save_returns_true_after_save[0m[38;2;34;139;34m STARTED[0m[38;2;250;235;215m[0m
  [38;2;250;235;215mres://tests/unit/save_system/save_game_atomic_test.gd[0m[38;2;250;235;215m > [0m[38;2;250;235;215mtest_save_game_atomic_has_save_returns_true_after_save[0m[38;2;34;139;34m PASSED[0m[38;2;100;149;237m 294ms[0m
[38;2;250;235;215m[0m
  [38;2;250;235;215mres://tests/unit/save_system/save_game_atomic_test.gd[0m[38;2;250;235;215m > [0m[38;2;250;235;215mtest_save_game_atomic_game_dict_contains_player_gold_key[0m[38;2;34;139;34m STARTED[0m[38;2;250;235;215m[0m
  [38;2;250;235;215mres://tests/unit/save_system/save_game_atomic_test.gd[0m[38;2;250;235;215m > [0m[38;2;250;235;215mtest_save_game_atomic_game_dict_contains_player_gold_key[0m[38;2;34;139;34m PASSED[0m[38;2;100;149;237m 287ms[0m
[38;2;250;235;215m[0m
  [38;2;250;235;215mres://tests/unit/save_system/save_game_atomic_test.gd[0m[38;2;250;235;215m > [0m[38;2;250;235;215mtest_save_game_atomic_settings_dict_contains_locale_key[0m[38;2;34;139;34m STARTED[0m[38;2;250;235;215m[0m
  [38;2;250;235;215mres://tests/unit/save_system/save_game_atomic_test.gd[0m[38;2;250;235;215m > [0m[38;2;250;235;215mtest_save_game_atomic_settings_dict_contains_locale_key[0m[38;2;34;139;34m PASSED[0m[38;2;100;149;237m 290ms[0m
[38;2;250;235;215m[0m
[38;2;30;144;255mStatistics:[0m[38;2;250;235;215m 19 test cases | 0 errors | 0 failures | 0 flaky | 0 skipped | 0 orphans |[0m[38;2;34;139;34m PASSED[0m[38;2;100;149;237m 5s 961ms[0m
[38;2;250;235;215m[0m
[38;2;250;235;215m[0m
[38;2;0;206;209mRun Test Suite: [0m[38;2;250;235;215mres://tests/unit/save_system/save_migration_test.gd[0m
  [38;2;250;235;215mres://tests/unit/save_system/save_migration_test.gd[0m[38;2;250;235;215m > [0m[38;2;250;235;215mtest_migration_load_game_returns_true_for_version_0_save[0m[38;2;34;139;34m STARTED[0m[38;2;250;235;215m[0m
  [38;2;250;235;215mres://tests/unit/save_system/save_migration_test.gd[0m[38;2;250;235;215m > [0m[38;2;250;235;215mtest_migration_load_game_returns_true_for_version_0_save[0m[38;2;34;139;34m PASSED[0m[38;2;100;149;237m 295ms[0m
[38;2;250;235;215m[0m
  [38;2;250;235;215mres://tests/unit/save_system/save_migration_test.gd[0m[38;2;250;235;215m > [0m[38;2;250;235;215mtest_migration_version_0_save_loads_player_gold_correctly[0m[38;2;34;139;34m STARTED[0m[38;2;250;235;215m[0m
  [38;2;250;235;215mres://tests/unit/save_system/save_migration_test.gd[0m[38;2;250;235;215m > [0m[38;2;250;235;215mtest_migration_version_0_save_loads_player_gold_correctly[0m[38;2;34;139;34m PASSED[0m[38;2;100;149;237m 289ms[0m
[38;2;250;235;215m[0m
  [38;2;250;235;215mres://tests/unit/save_system/save_migration_test.gd[0m[38;2;250;235;215m > [0m[38;2;250;235;215mtest_migration_version_0_save_sets_player_xp_to_zero_default[0m[38;2;34;139;34m STARTED[0m[38;2;250;235;215m[0m
  [38;2;250;235;215mres://tests/unit/save_system/save_migration_test.gd[0m[38;2;250;235;215m > [0m[38;2;250;235;215mtest_migration_version_0_save_sets_player_xp_to_zero_default[0m[38;2;34;139;34m PASSED[0m[38;2;100;149;237m 295ms[0m
[38;2;250;235;215m[0m
  [38;2;250;235;215mres://tests/unit/save_system/save_migration_test.gd[0m[38;2;250;235;215m > [0m[38;2;250;235;215mtest_migration_version_0_save_sets_daily_tokens_to_three[0m[38;2;34;139;34m STARTED[0m[38;2;250;235;215m[0m
  [38;2;250;235;215mres://tests/unit/save_system/save_migration_test.gd[0m[38;2;250;235;215m > [0m[38;2;250;235;215mtest_migration_version_0_save_sets_daily_tokens_to_three[0m[38;2;34;139;34m PASSED[0m[38;2;100;149;237m 295ms[0m
[38;2;250;235;215m[0m
  [38;2;250;235;215mres://tests/unit/save_system/save_migration_test.gd[0m[38;2;250;235;215m > [0m[38;2;250;235;215mtest_migration_version_0_save_sets_current_streak_to_zero[0m[38;2;34;139;34m STARTED[0m[38;2;250;235;215m[0m
  [38;2;250;235;215mres://tests/unit/save_system/save_migration_test.gd[0m[38;2;250;235;215m > [0m[38;2;250;235;215mtest_migration_version_0_save_sets_current_streak_to_zero[0m[38;2;34;139;34m PASSED[0m[38;2;100;149;237m 290ms[0m
[38;2;250;235;215m[0m
  [38;2;250;235;215mres://tests/unit/save_system/save_migration_test.gd[0m[38;2;250;235;215m > [0m[38;2;250;235;215mtest_migration_version_0_save_sets_last_captain_id_to_empty[0m[38;2;34;139;34m STARTED[0m[38;2;250;235;215m[0m
  [38;2;250;235;215mres://tests/unit/save_system/save_migration_test.gd[0m[38;2;250;235;215m > [0m[38;2;250;235;215mtest_migration_version_0_save_sets_last_captain_id_to_empty[0m[38;2;34;139;34m PASSED[0m[38;2;100;149;237m 292ms[0m
[38;2;250;235;215m[0m
  [38;2;250;235;215mres://tests/unit/save_system/save_migration_test.gd[0m[38;2;250;235;215m > [0m[38;2;250;235;215mtest_migration_version_0_save_sets_combat_buff_to_empty[0m[38;2;34;139;34m STARTED[0m[38;2;250;235;215m[0m
  [38;2;250;235;215mres://tests/unit/save_system/save_migration_test.gd[0m[38;2;250;235;215m > [0m[38;2;250;235;215mtest_migration_version_0_save_sets_combat_buff_to_empty[0m[38;2;34;139;34m PASSED[0m[38;2;100;149;237m 302ms[0m
[38;2;250;235;215m[0m
  [38;2;250;235;215mres://tests/unit/save_system/save_migration_test.gd[0m[38;2;250;235;215m > [0m[38;2;250;235;215mtest_migration_current_version_save_returns_true[0m[38;2;34;139;34m STARTED[0m[38;2;250;235;215m[0m
  [38;2;250;235;215mres://tests/unit/save_system/save_migration_test.gd[0m[38;2;250;235;215m > [0m[38;2;250;235;215mtest_migration_current_version_save_returns_true[0m[38;2;34;139;34m PASSED[0m[38;2;100;149;237m 297ms[0m
[38;2;250;235;215m[0m
  [38;2;250;235;215mres://tests/unit/save_system/save_migration_test.gd[0m[38;2;250;235;215m > [0m[38;2;250;235;215mtest_migration_current_version_save_preserves_gold[0m[38;2;34;139;34m STARTED[0m[38;2;250;235;215m[0m
  [38;2;250;235;215mres://tests/unit/save_system/save_migration_test.gd[0m[38;2;250;235;215m > [0m[38;2;250;235;215mtest_migration_current_version_save_preserves_gold[0m[38;2;34;139;34m PASSED[0m[38;2;100;149;237m 296ms[0m
[38;2;250;235;215m[0m
  [38;2;250;235;215mres://tests/unit/save_system/save_migration_test.gd[0m[38;2;250;235;215m > [0m[38;2;250;235;215mtest_migration_current_version_save_preserves_xp[0m[38;2;34;139;34m STARTED[0m[38;2;250;235;215m[0m
  [38;2;250;235;215mres://tests/unit/save_system/save_migration_test.gd[0m[38;2;250;235;215m > [0m[38;2;250;235;215mtest_migration_current_version_save_preserves_xp[0m[38;2;34;139;34m PASSED[0m[38;2;100;149;237m 298ms[0m
[38;2;250;235;215m[0m
  [38;2;250;235;215mres://tests/unit/save_system/save_migration_test.gd[0m[38;2;250;235;215m > [0m[38;2;250;235;215mtest_migration_current_version_save_preserves_locale[0m[38;2;34;139;34m STARTED[0m[38;2;250;235;215m[0m
  [38;2;250;235;215mres://tests/unit/save_system/save_migration_test.gd[0m[38;2;250;235;215m > [0m[38;2;250;235;215mtest_migration_current_version_save_preserves_locale[0m[38;2;34;139;34m PASSED[0m[38;2;100;149;237m 297ms[0m
[38;2;250;235;215m[0m
  [38;2;250;235;215mres://tests/unit/save_system/save_migration_test.gd[0m[38;2;250;235;215m > [0m[38;2;250;235;215mtest_migration_current_version_save_preserves_story_flags[0m[38;2;34;139;34m STARTED[0m[38;2;250;235;215m[0m
  [38;2;250;235;215mres://tests/unit/save_system/save_migration_test.gd[0m[38;2;250;235;215m > [0m[38;2;250;235;215mtest_migration_current_version_save_preserves_story_flags[0m[38;2;34;139;34m PASSED[0m[38;2;100;149;237m 297ms[0m
[38;2;250;235;215m[0m
  [38;2;250;235;215mres://tests/unit/save_system/save_migration_test.gd[0m[38;2;250;235;215m > [0m[38;2;250;235;215mtest_migration_v0_to_v1_adds_player_xp_key_to_game_dict[0m[38;2;34;139;34m STARTED[0m[38;2;250;235;215m[0m
  [38;2;250;235;215mres://tests/unit/save_system/save_migration_test.gd[0m[38;2;250;235;215m > [0m[38;2;250;235;215mtest_migration_v0_to_v1_adds_player_xp_key_to_game_dict[0m[38;2;34;139;34m PASSED[0m[38;2;100;149;237m 295ms[0m
[38;2;250;235;215m[0m
  [38;2;250;235;215mres://tests/unit/save_system/save_migration_test.gd[0m[38;2;250;235;215m > [0m[38;2;250;235;215mtest_migration_v0_to_v1_does_not_overwrite_existing_player_xp[0m[38;2;34;139;34m STARTED[0m[38;2;250;235;215m[0m
  [38;2;250;235;215mres://tests/unit/save_system/save_migration_test.gd[0m[38;2;250;235;215m > [0m[38;2;250;235;215mtest_migration_v0_to_v1_does_not_overwrite_existing_player_xp[0m[38;2;34;139;34m PASSED[0m[38;2;100;149;237m 299ms[0m
[38;2;250;235;215m[0m
  [38;2;250;235;215mres://tests/unit/save_system/save_migration_test.gd[0m[38;2;250;235;215m > [0m[38;2;250;235;215mtest_migration_v0_to_v1_adds_daily_tokens_remaining_key[0m[38;2;34;139;34m STARTED[0m[38;2;250;235;215m[0m
  [38;2;250;235;215mres://tests/unit/save_system/save_migration_test.gd[0m[38;2;250;235;215m > [0m[38;2;250;235;215mtest_migration_v0_to_v1_adds_daily_tokens_remaining_key[0m[38;2;34;139;34m PASSED[0m[38;2;100;149;237m 296ms[0m
[38;2;250;235;215m[0m
  [38;2;250;235;215mres://tests/unit/save_system/save_migration_test.gd[0m[38;2;250;235;215m > [0m[38;2;250;235;215mtest_migration_v0_to_v1_adds_current_streak_key[0m[38;2;34;139;34m STARTED[0m[38;2;250;235;215m[0m
  [38;2;250;235;215mres://tests/unit/save_system/save_migration_test.gd[0m[38;2;250;235;215m > [0m[38;2;250;235;215mtest_migration_v0_to_v1_adds_current_streak_key[0m[38;2;34;139;34m PASSED[0m[38;2;100;149;237m 300ms[0m
[38;2;250;235;215m[0m
  [38;2;250;235;215mres://tests/unit/save_system/save_migration_test.gd[0m[38;2;250;235;215m > [0m[38;2;250;235;215mtest_migration_v0_to_v1_adds_last_interaction_date_key[0m[38;2;34;139;34m STARTED[0m[38;2;250;235;215m[0m
  [38;2;250;235;215mres://tests/unit/save_system/save_migration_test.gd[0m[38;2;250;235;215m > [0m[38;2;250;235;215mtest_migration_v0_to_v1_adds_last_interaction_date_key[0m[38;2;34;139;34m PASSED[0m[38;2;100;149;237m 289ms[0m
[38;2;250;235;215m[0m
  [38;2;250;235;215mres://tests/unit/save_system/save_migration_test.gd[0m[38;2;250;235;215m > [0m[38;2;250;235;215mtest_migration_v0_to_v1_adds_active_combat_buff_key[0m[38;2;34;139;34m STARTED[0m[38;2;250;235;215m[0m
  [38;2;250;235;215mres://tests/unit/save_system/save_migration_test.gd[0m[38;2;250;235;215m > [0m[38;2;250;235;215mtest_migration_v0_to_v1_adds_active_combat_buff_key[0m[38;2;34;139;34m PASSED[0m[38;2;100;149;237m 291ms[0m
[38;2;250;235;215m[0m
  [38;2;250;235;215mres://tests/unit/save_system/save_migration_test.gd[0m[38;2;250;235;215m > [0m[38;2;250;235;215mtest_migration_v0_to_v1_adds_last_captain_id_key[0m[38;2;34;139;34m STARTED[0m[38;2;250;235;215m[0m
  [38;2;250;235;215mres://tests/unit/save_system/save_migration_test.gd[0m[38;2;250;235;215m > [0m[38;2;250;235;215mtest_migration_v0_to_v1_adds_last_captain_id_key[0m[38;2;34;139;34m PASSED[0m[38;2;100;149;237m 289ms[0m
[38;2;250;235;215m[0m
  [38;2;250;235;215mres://tests/unit/save_system/save_migration_test.gd[0m[38;2;250;235;215m > [0m[38;2;250;235;215mtest_migration_chain_v0_load_results_in_all_v1_defaults_present[0m[38;2;34;139;34m STARTED[0m[38;2;250;235;215m[0m
  [38;2;250;235;215mres://tests/unit/save_system/save_migration_test.gd[0m[38;2;250;235;215m > [0m[38;2;250;235;215mtest_migration_chain_v0_load_results_in_all_v1_defaults_present[0m[38;2;34;139;34m PASSED[0m[38;2;100;149;237m 295ms[0m
[38;2;250;235;215m[0m
  [38;2;250;235;215mres://tests/unit/save_system/save_migration_test.gd[0m[38;2;250;235;215m > [0m[38;2;250;235;215mtest_migration_chain_v0_load_preserves_gold_through_all_steps[0m[38;2;34;139;34m STARTED[0m[38;2;250;235;215m[0m
  [38;2;250;235;215mres://tests/unit/save_system/save_migration_test.gd[0m[38;2;250;235;215m > [0m[38;2;250;235;215mtest_migration_chain_v0_load_preserves_gold_through_all_steps[0m[38;2;34;139;34m PASSED[0m[38;2;100;149;237m 298ms[0m
[38;2;250;235;215m[0m
[38;2;30;144;255mStatistics:[0m[38;2;250;235;215m 21 test cases | 0 errors | 0 failures | 0 flaky | 0 skipped | 0 orphans |[0m[38;2;34;139;34m PASSED[0m[38;2;100;149;237m 6s 631ms[0m
[38;2;250;235;215m[0m
[38;2;250;235;215m[0m
[38;2;0;206;209mRun Test Suite: [0m[38;2;250;235;215mres://tests/unit/scene_navigation/arrival_context_test.gd[0m
  [38;2;250;235;215mres://tests/unit/scene_navigation/arrival_context_test.gd[0m[38;2;250;235;215m > [0m[38;2;250;235;215mtest_arrival_context_stored_context_is_returned[0m[38;2;34;139;34m STARTED[0m[38;2;250;235;215m[0m
  [38;2;250;235;215mres://tests/unit/scene_navigation/arrival_context_test.gd[0m[38;2;250;235;215m > [0m[38;2;250;235;215mtest_arrival_context_stored_context_is_returned[0m[38;2;34;139;34m PASSED[0m[38;2;100;149;237m 289ms[0m
[38;2;250;235;215m[0m
  [38;2;250;235;215mres://tests/unit/scene_navigation/arrival_context_test.gd[0m[38;2;250;235;215m > [0m[38;2;250;235;215mtest_arrival_context_second_call_returns_empty[0m[38;2;34;139;34m STARTED[0m[38;2;250;235;215m[0m
  [38;2;250;235;215mres://tests/unit/scene_navigation/arrival_context_test.gd[0m[38;2;250;235;215m > [0m[38;2;250;235;215mtest_arrival_context_second_call_returns_empty[0m[38;2;34;139;34m PASSED[0m[38;2;100;149;237m 287ms[0m
[38;2;250;235;215m[0m
  [38;2;250;235;215mres://tests/unit/scene_navigation/arrival_context_test.gd[0m[38;2;250;235;215m > [0m[38;2;250;235;215mtest_arrival_context_new_context_replaces_old_unread_context[0m[38;2;34;139;34m STARTED[0m[38;2;250;235;215m[0m
  [38;2;250;235;215mres://tests/unit/scene_navigation/arrival_context_test.gd[0m[38;2;250;235;215m > [0m[38;2;250;235;215mtest_arrival_context_new_context_replaces_old_unread_context[0m[38;2;34;139;34m PASSED[0m[38;2;100;149;237m 287ms[0m
[38;2;250;235;215m[0m
  [38;2;250;235;215mres://tests/unit/scene_navigation/arrival_context_test.gd[0m[38;2;250;235;215m > [0m[38;2;250;235;215mtest_arrival_context_no_context_argument_returns_empty[0m[38;2;34;139;34m STARTED[0m[38;2;250;235;215m[0m
  [38;2;250;235;215mres://tests/unit/scene_navigation/arrival_context_test.gd[0m[38;2;250;235;215m > [0m[38;2;250;235;215mtest_arrival_context_no_context_argument_returns_empty[0m[38;2;34;139;34m PASSED[0m[38;2;100;149;237m 288ms[0m
[38;2;250;235;215m[0m
[38;2;30;144;255mStatistics:[0m[38;2;250;235;215m 4 test cases | 0 errors | 0 failures | 0 flaky | 0 skipped | 0 orphans |[0m[38;2;34;139;34m PASSED[0m[38;2;100;149;237m 1s 461ms[0m
[38;2;250;235;215m[0m
[38;2;250;235;215m[0m
[38;2;0;206;209mRun Test Suite: [0m[38;2;250;235;215mres://tests/unit/scene_navigation/fade_transition_test.gd[0m
  [38;2;250;235;215mres://tests/unit/scene_navigation/fade_transition_test.gd[0m[38;2;250;235;215m > [0m[38;2;250;235;215mtest_scene_manager_ready_creates_canvas_layer_at_100[0m[38;2;34;139;34m STARTED[0m[38;2;250;235;215m[0m
  [38;2;250;235;215mres://tests/unit/scene_navigation/fade_transition_test.gd[0m[38;2;250;235;215m > [0m[38;2;250;235;215mtest_scene_manager_ready_creates_canvas_layer_at_100[0m[38;2;34;139;34m PASSED[0m[38;2;100;149;237m 297ms[0m
[38;2;250;235;215m[0m
  [38;2;250;235;215mres://tests/unit/scene_navigation/fade_transition_test.gd[0m[38;2;250;235;215m > [0m[38;2;250;235;215mtest_scene_manager_ready_overlay_alpha_is_zero[0m[38;2;34;139;34m STARTED[0m[38;2;250;235;215m[0m
  [38;2;250;235;215mres://tests/unit/scene_navigation/fade_transition_test.gd[0m[38;2;250;235;215m > [0m[38;2;250;235;215mtest_scene_manager_ready_overlay_alpha_is_zero[0m[38;2;34;139;34m PASSED[0m[38;2;100;149;237m 292ms[0m
[38;2;250;235;215m[0m
  [38;2;250;235;215mres://tests/unit/scene_navigation/fade_transition_test.gd[0m[38;2;250;235;215m > [0m[38;2;250;235;215mtest_scene_manager_ready_overlay_mouse_filter_is_ignore[0m[38;2;34;139;34m STARTED[0m[38;2;250;235;215m[0m
  [38;2;250;235;215mres://tests/unit/scene_navigation/fade_transition_test.gd[0m[38;2;250;235;215m > [0m[38;2;250;235;215mtest_scene_manager_ready_overlay_mouse_filter_is_ignore[0m[38;2;34;139;34m PASSED[0m[38;2;100;149;237m 291ms[0m
[38;2;250;235;215m[0m
  [38;2;250;235;215mres://tests/unit/scene_navigation/fade_transition_test.gd[0m[38;2;250;235;215m > [0m[38;2;250;235;215mtest_scene_manager_is_transitioning_starts_false[0m[38;2;34;139;34m STARTED[0m[38;2;250;235;215m[0m
  [38;2;250;235;215mres://tests/unit/scene_navigation/fade_transition_test.gd[0m[38;2;250;235;215m > [0m[38;2;250;235;215mtest_scene_manager_is_transitioning_starts_false[0m[38;2;34;139;34m PASSED[0m[38;2;100;149;237m 288ms[0m
[38;2;250;235;215m[0m
  [38;2;250;235;215mres://tests/unit/scene_navigation/fade_transition_test.gd[0m[38;2;250;235;215m > [0m[38;2;250;235;215mtest_scene_manager_get_arrival_context_returns_empty_by_default[0m[38;2;34;139;34m STARTED[0m[38;2;250;235;215m[0m
  [38;2;250;235;215mres://tests/unit/scene_navigation/fade_transition_test.gd[0m[38;2;250;235;215m > [0m[38;2;250;235;215mtest_scene_manager_get_arrival_context_returns_empty_by_default[0m[38;2;34;139;34m PASSED[0m[38;2;100;149;237m 293ms[0m
[38;2;250;235;215m[0m
  [38;2;250;235;215mres://tests/unit/scene_navigation/fade_transition_test.gd[0m[38;2;250;235;215m > [0m[38;2;250;235;215mtest_scene_manager_get_arrival_context_is_read_once[0m[38;2;34;139;34m STARTED[0m[38;2;250;235;215m[0m
  [38;2;250;235;215mres://tests/unit/scene_navigation/fade_transition_test.gd[0m[38;2;250;235;215m > [0m[38;2;250;235;215mtest_scene_manager_get_arrival_context_is_read_once[0m[38;2;34;139;34m PASSED[0m[38;2;100;149;237m 296ms[0m
[38;2;250;235;215m[0m
  [38;2;250;235;215mres://tests/unit/scene_navigation/fade_transition_test.gd[0m[38;2;250;235;215m > [0m[38;2;250;235;215mtest_scene_manager_change_scene_with_settings_id_does_nothing[0m[38;2;34;139;34m STARTED[0m[38;2;250;235;215m[0m
ERROR: SceneManager.change_scene: SceneId 15 has no registered path (SETTINGS must use open_settings_overlay).
   at: push_error (core/variant/variant_utility.cpp:1024)
   GDScript backtrace (most recent call first):
       [0] change_scene (res://autoloads/scene_manager.gd:156)
       [1] test_scene_manager_change_scene_with_settings_id_does_nothing (res://tests/unit/scene_navigation/fade_transition_test.gd:143)
       [2] _execute_test_case (res://addons/gdUnit4/src/core/_TestCase.gd:94)
       [3] execute (res://addons/gdUnit4/src/core/_TestCase.gd:39)
       [4] _execute (res://addons/gdUnit4/src/core/execution/stages/single/GdUnitTestCaseSingleTestStage.gd:10)
       [5] execute (res://addons/gdUnit4/src/core/execution/stages/IGdUnitExecutionStage.gd:19)
       [6] _execute (res://addons/gdUnit4/src/core/execution/stages/single/GdUnitTestCaseSingleExecutionStage.gd:17)
       [7] execute (res://addons/gdUnit4/src/core/execution/stages/IGdUnitExecutionStage.gd:19)
       [8] _execute (res://addons/gdUnit4/src/core/execution/stages/GdUnitTestCaseExecutionStage.gd:24)
       [9] execute (res://addons/gdUnit4/src/core/execution/stages/IGdUnitExecutionStage.gd:19)
       [10] _execute (res://addons/gdUnit4/src/core/execution/stages/GdUnitTestSuiteExecutionStage.gd:32)
       [11] execute (res://addons/gdUnit4/src/core/execution/stages/IGdUnitExecutionStage.gd:19)
       [12] _execute (res://addons/gdUnit4/src/core/execution/stages/GdUnitTestCaseExecutionStage.gd:31)
       [13] execute (res://addons/gdUnit4/src/core/execution/stages/IGdUnitExecutionStage.gd:19)
       [14] _execute (res://addons/gdUnit4/src/core/execution/stages/single/GdUnitTestCaseSingleExecutionStage.gd:28)
       [15] execute (res://addons/gdUnit4/src/core/execution/stages/IGdUnitExecutionStage.gd:19)
       [16] _execute (res://addons/gdUnit4/src/core/execution/stages/single/GdUnitTestCaseSingleTestStage.gd:11)
       [17] execute (res://addons/gdUnit4/src/core/_TestCase.gd:40)
       [18] _execute_test_case (res://addons/gdUnit4/src/core/_TestCase.gd:98)
  [38;2;250;235;215mres://tests/unit/scene_navigation/fade_transition_test.gd[0m[38;2;250;235;215m > [0m[38;2;250;235;215mtest_scene_manager_change_scene_with_settings_id_does_nothing[0m[38;2;34;139;34m PASSED[0m[38;2;100;149;237m 292ms[0m
[38;2;250;235;215m[0m
  [38;2;250;235;215mres://tests/unit/scene_navigation/fade_transition_test.gd[0m[38;2;250;235;215m > [0m[38;2;250;235;215mtest_scene_manager_change_scene_while_transitioning_is_no_op[0m[38;2;34;139;34m STARTED[0m[38;2;250;235;215m[0m
  [38;2;250;235;215mres://tests/unit/scene_navigation/fade_transition_test.gd[0m[38;2;250;235;215m > [0m[38;2;250;235;215mtest_scene_manager_change_scene_while_transitioning_is_no_op[0m[38;2;34;139;34m PASSED[0m[38;2;100;149;237m 290ms[0m
[38;2;250;235;215m[0m
[38;2;30;144;255mStatistics:[0m[38;2;250;235;215m 8 test cases | 0 errors | 0 failures | 0 flaky | 0 skipped | 0 orphans |[0m[38;2;34;139;34m PASSED[0m[38;2;100;149;237m 2s 676ms[0m
[38;2;250;235;215m[0m
[38;2;250;235;215m[0m
[38;2;0;206;209mRun Test Suite: [0m[38;2;250;235;215mres://tests/unit/scene_navigation/input_blocking_test.gd[0m
  [38;2;250;235;215mres://tests/unit/scene_navigation/input_blocking_test.gd[0m[38;2;250;235;215m > [0m[38;2;250;235;215mtest_input_blocking_overlay_mouse_filter_stop_during_fading_out[0m[38;2;34;139;34m STARTED[0m[38;2;250;235;215m[0m
  [38;2;250;235;215mres://tests/unit/scene_navigation/input_blocking_test.gd[0m[38;2;250;235;215m > [0m[38;2;250;235;215mtest_input_blocking_overlay_mouse_filter_stop_during_fading_out[0m[38;2;34;139;34m PASSED[0m[38;2;100;149;237m 292ms[0m
[38;2;250;235;215m[0m
  [38;2;250;235;215mres://tests/unit/scene_navigation/input_blocking_test.gd[0m[38;2;250;235;215m > [0m[38;2;250;235;215mtest_input_blocking_overlay_mouse_filter_ignore_after_transition[0m[38;2;34;139;34m STARTED[0m[38;2;250;235;215m[0m
  [38;2;250;235;215mres://tests/unit/scene_navigation/input_blocking_test.gd[0m[38;2;250;235;215m > [0m[38;2;250;235;215mtest_input_blocking_overlay_mouse_filter_ignore_after_transition[0m[38;2;34;139;34m PASSED[0m[38;2;100;149;237m 293ms[0m
[38;2;250;235;215m[0m
  [38;2;250;235;215mres://tests/unit/scene_navigation/input_blocking_test.gd[0m[38;2;250;235;215m > [0m[38;2;250;235;215mtest_input_blocking_structural_conditions_block_underlying_scene[0m[38;2;34;139;34m STARTED[0m[38;2;250;235;215m[0m
  [38;2;250;235;215mres://tests/unit/scene_navigation/input_blocking_test.gd[0m[38;2;250;235;215m > [0m[38;2;250;235;215mtest_input_blocking_structural_conditions_block_underlying_scene[0m[38;2;34;139;34m PASSED[0m[38;2;100;149;237m 291ms[0m
[38;2;250;235;215m[0m
  [38;2;250;235;215mres://tests/unit/scene_navigation/input_blocking_test.gd[0m[38;2;250;235;215m > [0m[38;2;250;235;215mtest_input_blocking_instant_transition_restores_mouse_filter_same_frame[0m[38;2;34;139;34m STARTED[0m[38;2;250;235;215m[0m
  [38;2;250;235;215mres://tests/unit/scene_navigation/input_blocking_test.gd[0m[38;2;250;235;215m > [0m[38;2;250;235;215mtest_input_blocking_instant_transition_restores_mouse_filter_same_frame[0m[38;2;34;139;34m PASSED[0m[38;2;100;149;237m 286ms[0m
[38;2;250;235;215m[0m
[38;2;30;144;255mStatistics:[0m[38;2;250;235;215m 4 test cases | 0 errors | 0 failures | 0 flaky | 0 skipped | 0 orphans |[0m[38;2;34;139;34m PASSED[0m[38;2;100;149;237m 1s 473ms[0m
[38;2;250;235;215m[0m
[38;2;250;235;215m[0m
[38;2;0;206;209mRun Test Suite: [0m[38;2;250;235;215mres://tests/unit/scene_navigation/transition_guard_test.gd[0m
  [38;2;250;235;215mres://tests/unit/scene_navigation/transition_guard_test.gd[0m[38;2;250;235;215m > [0m[38;2;250;235;215mtest_scene_manager_transition_guard_idle_to_fading_out_on_change_scene[0m[38;2;34;139;34m STARTED[0m[38;2;250;235;215m[0m
  [38;2;250;235;215mres://tests/unit/scene_navigation/transition_guard_test.gd[0m[38;2;250;235;215m > [0m[38;2;250;235;215mtest_scene_manager_transition_guard_idle_to_fading_out_on_change_scene[0m[38;2;34;139;34m PASSED[0m[38;2;100;149;237m 289ms[0m
[38;2;250;235;215m[0m
  [38;2;250;235;215mres://tests/unit/scene_navigation/transition_guard_test.gd[0m[38;2;250;235;215m > [0m[38;2;250;235;215mtest_scene_manager_transition_guard_second_call_dropped_while_fading_out[0m[38;2;34;139;34m STARTED[0m[38;2;250;235;215m[0m
  [38;2;250;235;215mres://tests/unit/scene_navigation/transition_guard_test.gd[0m[38;2;250;235;215m > [0m[38;2;250;235;215mtest_scene_manager_transition_guard_second_call_dropped_while_fading_out[0m[38;2;34;139;34m PASSED[0m[38;2;100;149;237m 288ms[0m
[38;2;250;235;215m[0m
  [38;2;250;235;215mres://tests/unit/scene_navigation/transition_guard_test.gd[0m[38;2;250;235;215m > [0m[38;2;250;235;215mtest_scene_manager_transition_guard_only_first_call_executes_in_same_frame[0m[38;2;34;139;34m STARTED[0m[38;2;250;235;215m[0m
  [38;2;250;235;215mres://tests/unit/scene_navigation/transition_guard_test.gd[0m[38;2;250;235;215m > [0m[38;2;250;235;215mtest_scene_manager_transition_guard_only_first_call_executes_in_same_frame[0m[38;2;34;139;34m PASSED[0m[38;2;100;149;237m 288ms[0m
[38;2;250;235;215m[0m
  [38;2;250;235;215mres://tests/unit/scene_navigation/transition_guard_test.gd[0m[38;2;250;235;215m > [0m[38;2;250;235;215mtest_scene_manager_transition_guard_is_transitioning_true_during_fading_in[0m[38;2;34;139;34m STARTED[0m[38;2;250;235;215m[0m
  [38;2;250;235;215mres://tests/unit/scene_navigation/transition_guard_test.gd[0m[38;2;250;235;215m > [0m[38;2;250;235;215mtest_scene_manager_transition_guard_is_transitioning_true_during_fading_in[0m[38;2;34;139;34m PASSED[0m[38;2;100;149;237m 291ms[0m
[38;2;250;235;215m[0m
  [38;2;250;235;215mres://tests/unit/scene_navigation/transition_guard_test.gd[0m[38;2;250;235;215m > [0m[38;2;250;235;215mtest_scene_manager_transition_guard_is_transitioning_false_after_scene_changed[0m[38;2;34;139;34m STARTED[0m[38;2;250;235;215m[0m
  [38;2;250;235;215mres://tests/unit/scene_navigation/transition_guard_test.gd[0m[38;2;250;235;215m > [0m[38;2;250;235;215mtest_scene_manager_transition_guard_is_transitioning_false_after_scene_changed[0m[38;2;34;139;34m PASSED[0m[38;2;100;149;237m 290ms[0m
[38;2;250;235;215m[0m
[38;2;30;144;255mStatistics:[0m[38;2;250;235;215m 5 test cases | 0 errors | 0 failures | 0 flaky | 0 skipped | 0 orphans |[0m[38;2;34;139;34m PASSED[0m[38;2;100;149;237m 1s 766ms[0m
[38;2;250;235;215m[0m
[38;2;250;235;215m[0m
[38;2;0;206;209mRun Test Suite: [0m[38;2;250;235;215mres://tests/unit/ui_theme/haptic_manager_test.gd[0m
  [38;2;250;235;215mres://tests/unit/ui_theme/haptic_manager_test.gd[0m[38;2;250;235;215m > [0m[38;2;250;235;215mtest_haptic_manager_light_ms_constant_is_15[0m[38;2;34;139;34m STARTED[0m[38;2;250;235;215m[0m
  [38;2;250;235;215mres://tests/unit/ui_theme/haptic_manager_test.gd[0m[38;2;250;235;215m > [0m[38;2;250;235;215mtest_haptic_manager_light_ms_constant_is_15[0m[38;2;34;139;34m PASSED[0m[38;2;100;149;237m 290ms[0m
[38;2;250;235;215m[0m
  [38;2;250;235;215mres://tests/unit/ui_theme/haptic_manager_test.gd[0m[38;2;250;235;215m > [0m[38;2;250;235;215mtest_haptic_manager_medium_ms_constant_is_30[0m[38;2;34;139;34m STARTED[0m[38;2;250;235;215m[0m
  [38;2;250;235;215mres://tests/unit/ui_theme/haptic_manager_test.gd[0m[38;2;250;235;215m > [0m[38;2;250;235;215mtest_haptic_manager_medium_ms_constant_is_30[0m[38;2;34;139;34m PASSED[0m[38;2;100;149;237m 285ms[0m
[38;2;250;235;215m[0m
  [38;2;250;235;215mres://tests/unit/ui_theme/haptic_manager_test.gd[0m[38;2;250;235;215m > [0m[38;2;250;235;215mtest_haptic_manager_heavy_ms_constant_is_50[0m[38;2;34;139;34m STARTED[0m[38;2;250;235;215m[0m
  [38;2;250;235;215mres://tests/unit/ui_theme/haptic_manager_test.gd[0m[38;2;250;235;215m > [0m[38;2;250;235;215mtest_haptic_manager_heavy_ms_constant_is_50[0m[38;2;34;139;34m PASSED[0m[38;2;100;149;237m 286ms[0m
[38;2;250;235;215m[0m
  [38;2;250;235;215mres://tests/unit/ui_theme/haptic_manager_test.gd[0m[38;2;250;235;215m > [0m[38;2;250;235;215mtest_haptic_manager_light_callable_without_error[0m[38;2;34;139;34m STARTED[0m[38;2;250;235;215m[0m
  [38;2;250;235;215mres://tests/unit/ui_theme/haptic_manager_test.gd[0m[38;2;250;235;215m > [0m[38;2;250;235;215mtest_haptic_manager_light_callable_without_error[0m[38;2;34;139;34m PASSED[0m[38;2;100;149;237m 290ms[0m
[38;2;250;235;215m[0m
  [38;2;250;235;215mres://tests/unit/ui_theme/haptic_manager_test.gd[0m[38;2;250;235;215m > [0m[38;2;250;235;215mtest_haptic_manager_medium_callable_without_error[0m[38;2;34;139;34m STARTED[0m[38;2;250;235;215m[0m
  [38;2;250;235;215mres://tests/unit/ui_theme/haptic_manager_test.gd[0m[38;2;250;235;215m > [0m[38;2;250;235;215mtest_haptic_manager_medium_callable_without_error[0m[38;2;34;139;34m PASSED[0m[38;2;100;149;237m 288ms[0m
[38;2;250;235;215m[0m
  [38;2;250;235;215mres://tests/unit/ui_theme/haptic_manager_test.gd[0m[38;2;250;235;215m > [0m[38;2;250;235;215mtest_haptic_manager_heavy_callable_without_error[0m[38;2;34;139;34m STARTED[0m[38;2;250;235;215m[0m
  [38;2;250;235;215mres://tests/unit/ui_theme/haptic_manager_test.gd[0m[38;2;250;235;215m > [0m[38;2;250;235;215mtest_haptic_manager_heavy_callable_without_error[0m[38;2;34;139;34m PASSED[0m[38;2;100;149;237m 285ms[0m
[38;2;250;235;215m[0m
  [38;2;250;235;215mres://tests/unit/ui_theme/haptic_manager_test.gd[0m[38;2;250;235;215m > [0m[38;2;250;235;215mtest_haptic_manager_constants_ordered_light_lt_medium_lt_heavy[0m[38;2;34;139;34m STARTED[0m[38;2;250;235;215m[0m
  [38;2;250;235;215mres://tests/unit/ui_theme/haptic_manager_test.gd[0m[38;2;250;235;215m > [0m[38;2;250;235;215mtest_haptic_manager_constants_ordered_light_lt_medium_lt_heavy[0m[38;2;34;139;34m PASSED[0m[38;2;100;149;237m 288ms[0m
[38;2;250;235;215m[0m
[38;2;30;144;255mStatistics:[0m[38;2;250;235;215m 7 test cases | 0 errors | 0 failures | 0 flaky | 0 skipped | 0 orphans |[0m[38;2;34;139;34m PASSED[0m[38;2;100;149;237m 2s 337ms[0m
[38;2;250;235;215m[0m
[38;2;250;235;215m[0m
[38;2;30;144;255mOverall Summary:[0m[38;2;255;255;255m 586 test cases | 0 errors | 1 failures | 0 flaky | 0 skipped | 295 orphans |[0m
[38;2;233;150;122mExecuted test suites: (36/36)[0m
[38;2;233;150;122mExecuted test cases : (586/586)[0m
[38;2;233;150;122mTotal execution time: 1min 46s 745ms[0m
[38;2;255;255;255m [0m[38;2;100;149;237mOpen XML Report at: file://C:/Users/walte/Documents/Godot/dark-olympus/src/reports/report_18/results.xml[0m
[38;2;100;149;237mOpen HTML Report at: file://C:/Users/walte/Documents/Godot/dark-olympus/src/reports/report_18/index.html[0m
[38;2;178;34;34mExit code: 100[0m
Finallize .. done
WARNING: ObjectDB instances leaked at exit (run with --verbose for details).
   at: cleanup (core/object/object.cpp:2641)
ERROR: 6 resources still in use at exit (run with --verbose for details).
   at: clear (core/io/resource.cpp:810)
